rp1b-depois-pais-pt-390.png: 390 × 10766; 23 cartões, 23 com leitura
rp1b-depois-pais-pt-768.png: 768 × 7921; 23 cartões, 23 com leitura
rp1b-depois-pais-pt-1024.png: 1024 × 7614; 23 cartões, 23 com leitura
rp1b-depois-pais-pt-1280.png: 1280 × 7056; 23 cartões, 23 com leitura
rp1b-depois-pais-pt-1600.png: 1600 × 7386; 23 cartões, 23 com leitura
rp1b-depois-pais-en-390.png: 390 × 10594; 23 cartões, 23 com leitura
rp1b-depois-pais-en-768.png: 768 × 7876; 23 cartões, 23 com leitura
rp1b-depois-pais-en-1024.png: 1024 × 7465; 23 cartões, 23 com leitura
rp1b-depois-pais-en-1280.png: 1280 × 6885; 23 cartões, 23 com leitura
rp1b-depois-pais-en-1600.png: 1600 × 7318; 23 cartões, 23 com leitura
rp1b-depois-temas-pt-390.png: 390 × 14735; 48 cartões, 48 com leitura
rp1b-depois-temas-pt-768.png: 768 × 9567; 48 cartões, 48 com leitura
rp1b-depois-temas-pt-1024.png: 1024 × 7997; 48 cartões, 48 com leitura
rp1b-depois-temas-pt-1280.png: 1280 × 8026; 48 cartões, 48 com leitura
rp1b-depois-temas-pt-1600.png: 1600 × 7417; 48 cartões, 48 com leitura
rp1b-depois-temas-en-390.png: 390 × 14467; 48 cartões, 48 com leitura
rp1b-depois-temas-en-768.png: 768 × 9387; 48 cartões, 48 com leitura
rp1b-depois-temas-en-1024.png: 1024 × 7876; 48 cartões, 48 com leitura
rp1b-depois-temas-en-1280.png: 1280 × 7741; 48 cartões, 48 com leitura
rp1b-depois-temas-en-1600.png: 1600 × 7313; 48 cartões, 48 com leitura
rp1b-depois-cartao-ipc-energia-em-casa-variacao-homologa-pt-390.png: Em agosto de 2026 os preços da eletricidade, do gás e dos outros combustíveis usados em casa estavam 1,36 % acima dos de há um ano. A variação é maior do que a do mês anterior.
rp1b-depois-cartao-ipc-energia-em-casa-variacao-homologa-pt-768.png: Em agosto de 2026 os preços da eletricidade, do gás e dos outros combustíveis usados em casa estavam 1,36 % acima dos de há um ano. A variação é maior do que a do mês anterior.
rp1b-depois-cartao-ipc-energia-em-casa-variacao-homologa-pt-1024.png: Em agosto de 2026 os preços da eletricidade, do gás e dos outros combustíveis usados em casa estavam 1,36 % acima dos de há um ano. A variação é maior do que a do mês anterior.
rp1b-depois-cartao-ipc-energia-em-casa-variacao-homologa-pt-1280.png: Em agosto de 2026 os preços da eletricidade, do gás e dos outros combustíveis usados em casa estavam 1,36 % acima dos de há um ano. A variação é maior do que a do mês anterior.
rp1b-depois-cartao-ipc-energia-em-casa-variacao-homologa-pt-1600.png: Em agosto de 2026 os preços da eletricidade, do gás e dos outros combustíveis usados em casa estavam 1,36 % acima dos de há um ano. A variação é maior do que a do mês anterior.
rp1b-depois-cartao-ipc-energia-em-casa-variacao-homologa-en-390.png: In August 2026 the prices of electricity, gas and other fuels used at home were 1,36 % above a year earlier. The change is larger than the previous month’s.
rp1b-depois-cartao-ipc-energia-em-casa-variacao-homologa-en-768.png: In August 2026 the prices of electricity, gas and other fuels used at home were 1,36 % above a year earlier. The change is larger than the previous month’s.
rp1b-depois-cartao-ipc-energia-em-casa-variacao-homologa-en-1024.png: In August 2026 the prices of electricity, gas and other fuels used at home were 1,36 % above a year earlier. The change is larger than the previous month’s.
rp1b-depois-cartao-ipc-energia-em-casa-variacao-homologa-en-1280.png: In August 2026 the prices of electricity, gas and other fuels used at home were 1,36 % above a year earlier. The change is larger than the previous month’s.
rp1b-depois-cartao-ipc-energia-em-casa-variacao-homologa-en-1600.png: In August 2026 the prices of electricity, gas and other fuels used at home were 1,36 % above a year earlier. The change is larger than the previous month’s.
rp1b-depois-cartao-ipc-combustiveis-variacao-homologa-pt-390.png: Em agosto de 2026 os preços dos combustíveis e dos lubrificantes para os veículos estavam 23,78 % acima dos de há um ano. A variação é maior do que a do mês anterior.
rp1b-depois-cartao-ipc-combustiveis-variacao-homologa-pt-768.png: Em agosto de 2026 os preços dos combustíveis e dos lubrificantes para os veículos estavam 23,78 % acima dos de há um ano. A variação é maior do que a do mês anterior.
rp1b-depois-cartao-ipc-combustiveis-variacao-homologa-pt-1024.png: Em agosto de 2026 os preços dos combustíveis e dos lubrificantes para os veículos estavam 23,78 % acima dos de há um ano. A variação é maior do que a do mês anterior.
rp1b-depois-cartao-ipc-combustiveis-variacao-homologa-pt-1280.png: Em agosto de 2026 os preços dos combustíveis e dos lubrificantes para os veículos estavam 23,78 % acima dos de há um ano. A variação é maior do que a do mês anterior.
rp1b-depois-cartao-ipc-combustiveis-variacao-homologa-pt-1600.png: Em agosto de 2026 os preços dos combustíveis e dos lubrificantes para os veículos estavam 23,78 % acima dos de há um ano. A variação é maior do que a do mês anterior.
rp1b-depois-cartao-ipc-combustiveis-variacao-homologa-en-390.png: In August 2026 the prices of fuels and lubricants for vehicles were 23,78 % above a year earlier. The change is larger than the previous month’s.
rp1b-depois-cartao-ipc-combustiveis-variacao-homologa-en-768.png: In August 2026 the prices of fuels and lubricants for vehicles were 23,78 % above a year earlier. The change is larger than the previous month’s.
rp1b-depois-cartao-ipc-combustiveis-variacao-homologa-en-1024.png: In August 2026 the prices of fuels and lubricants for vehicles were 23,78 % above a year earlier. The change is larger than the previous month’s.
rp1b-depois-cartao-ipc-combustiveis-variacao-homologa-en-1280.png: In August 2026 the prices of fuels and lubricants for vehicles were 23,78 % above a year earlier. The change is larger than the previous month’s.
rp1b-depois-cartao-ipc-combustiveis-variacao-homologa-en-1600.png: In August 2026 the prices of fuels and lubricants for vehicles were 23,78 % above a year earlier. The change is larger than the previous month’s.
rp1b-depois-cartao-ipc-rendas-variacao-homologa-pt-390.png: Em agosto de 2026 as rendas pagas pelos inquilinos estavam, na medida do índice de preços no consumidor, 5,22 % acima dos de há um ano. A variação é menor do que a do mês anterior.
rp1b-depois-cartao-ipc-rendas-variacao-homologa-pt-768.png: Em agosto de 2026 as rendas pagas pelos inquilinos estavam, na medida do índice de preços no consumidor, 5,22 % acima dos de há um ano. A variação é menor do que a do mês anterior.
rp1b-depois-cartao-ipc-rendas-variacao-homologa-pt-1024.png: Em agosto de 2026 as rendas pagas pelos inquilinos estavam, na medida do índice de preços no consumidor, 5,22 % acima dos de há um ano. A variação é menor do que a do mês anterior.
rp1b-depois-cartao-ipc-rendas-variacao-homologa-pt-1280.png: Em agosto de 2026 as rendas pagas pelos inquilinos estavam, na medida do índice de preços no consumidor, 5,22 % acima dos de há um ano. A variação é menor do que a do mês anterior.
rp1b-depois-cartao-ipc-rendas-variacao-homologa-pt-1600.png: Em agosto de 2026 as rendas pagas pelos inquilinos estavam, na medida do índice de preços no consumidor, 5,22 % acima dos de há um ano. A variação é menor do que a do mês anterior.
rp1b-depois-cartao-ipc-rendas-variacao-homologa-en-390.png: In August 2026 the rents paid by tenants were, on the consumer price index measure, 5,22 % above a year earlier. The change is smaller than the previous month’s.
rp1b-depois-cartao-ipc-rendas-variacao-homologa-en-768.png: In August 2026 the rents paid by tenants were, on the consumer price index measure, 5,22 % above a year earlier. The change is smaller than the previous month’s.
rp1b-depois-cartao-ipc-rendas-variacao-homologa-en-1024.png: In August 2026 the rents paid by tenants were, on the consumer price index measure, 5,22 % above a year earlier. The change is smaller than the previous month’s.
rp1b-depois-cartao-ipc-rendas-variacao-homologa-en-1280.png: In August 2026 the rents paid by tenants were, on the consumer price index measure, 5,22 % above a year earlier. The change is smaller than the previous month’s.
rp1b-depois-cartao-ipc-rendas-variacao-homologa-en-1600.png: In August 2026 the rents paid by tenants were, on the consumer price index measure, 5,22 % above a year earlier. The change is smaller than the previous month’s.
rp1b-depois-cartao-ihpc-variacao-homologa-pt-390.png: Em agosto de 2026 os preços em Portugal estavam, na medida harmonizada que serve para comparar os países da União Europeia, 3,6 % acima dos de há um ano. A subida é maior do que a da média da União Europeia.
rp1b-depois-cartao-ihpc-variacao-homologa-pt-768.png: Em agosto de 2026 os preços em Portugal estavam, na medida harmonizada que serve para comparar os países da União Europeia, 3,6 % acima dos de há um ano. A subida é maior do que a da média da União Europeia.
rp1b-depois-cartao-ihpc-variacao-homologa-pt-1024.png: Em agosto de 2026 os preços em Portugal estavam, na medida harmonizada que serve para comparar os países da União Europeia, 3,6 % acima dos de há um ano. A subida é maior do que a da média da União Europeia.
rp1b-depois-cartao-ihpc-variacao-homologa-pt-1280.png: Em agosto de 2026 os preços em Portugal estavam, na medida harmonizada que serve para comparar os países da União Europeia, 3,6 % acima dos de há um ano. A subida é maior do que a da média da União Europeia.
rp1b-depois-cartao-ihpc-variacao-homologa-pt-1600.png: Em agosto de 2026 os preços em Portugal estavam, na medida harmonizada que serve para comparar os países da União Europeia, 3,6 % acima dos de há um ano. A subida é maior do que a da média da União Europeia.
rp1b-depois-cartao-ihpc-variacao-homologa-en-390.png: In August 2026 prices in Portugal were, on the harmonised measure used to compare the countries of the European Union, 3,6 % above a year earlier. The rise is larger than the European Union average.
rp1b-depois-cartao-ihpc-variacao-homologa-en-768.png: In August 2026 prices in Portugal were, on the harmonised measure used to compare the countries of the European Union, 3,6 % above a year earlier. The rise is larger than the European Union average.
rp1b-depois-cartao-ihpc-variacao-homologa-en-1024.png: In August 2026 prices in Portugal were, on the harmonised measure used to compare the countries of the European Union, 3,6 % above a year earlier. The rise is larger than the European Union average.
rp1b-depois-cartao-ihpc-variacao-homologa-en-1280.png: In August 2026 prices in Portugal were, on the harmonised measure used to compare the countries of the European Union, 3,6 % above a year earlier. The rise is larger than the European Union average.
rp1b-depois-cartao-ihpc-variacao-homologa-en-1600.png: In August 2026 prices in Portugal were, on the harmonised measure used to compare the countries of the European Union, 3,6 % above a year earlier. The rise is larger than the European Union average.
rp1b-depois-cartao-remuneracao-bruta-mensal-media-pt-390.png: No 2.º trimestre de 2026, quem trabalha por conta de outrem ganhou em média 1 835 euros por mês provisório, antes de descontos e contando os subsídios, nos postos de trabalho declarados à Segurança Social e à Caixa Geral de Aposentações; cada pessoa conta tantas vezes quantos os empregos que tem. Mais do que no mesmo trimestre de há um ano.
rp1b-depois-cartao-remuneracao-bruta-mensal-media-pt-768.png: No 2.º trimestre de 2026, quem trabalha por conta de outrem ganhou em média 1 835 euros por mês provisório, antes de descontos e contando os subsídios, nos postos de trabalho declarados à Segurança Social e à Caixa Geral de Aposentações; cada pessoa conta tantas vezes quantos os empregos que tem. Mais do que no mesmo trimestre de há um ano.
rp1b-depois-cartao-remuneracao-bruta-mensal-media-pt-1024.png: No 2.º trimestre de 2026, quem trabalha por conta de outrem ganhou em média 1 835 euros por mês provisório, antes de descontos e contando os subsídios, nos postos de trabalho declarados à Segurança Social e à Caixa Geral de Aposentações; cada pessoa conta tantas vezes quantos os empregos que tem. Mais do que no mesmo trimestre de há um ano.
rp1b-depois-cartao-remuneracao-bruta-mensal-media-pt-1280.png: No 2.º trimestre de 2026, quem trabalha por conta de outrem ganhou em média 1 835 euros por mês provisório, antes de descontos e contando os subsídios, nos postos de trabalho declarados à Segurança Social e à Caixa Geral de Aposentações; cada pessoa conta tantas vezes quantos os empregos que tem. Mais do que no mesmo trimestre de há um ano.
rp1b-depois-cartao-remuneracao-bruta-mensal-media-pt-1600.png: No 2.º trimestre de 2026, quem trabalha por conta de outrem ganhou em média 1 835 euros por mês provisório, antes de descontos e contando os subsídios, nos postos de trabalho declarados à Segurança Social e à Caixa Geral de Aposentações; cada pessoa conta tantas vezes quantos os empregos que tem. Mais do que no mesmo trimestre de há um ano.
rp1b-depois-cartao-remuneracao-bruta-mensal-media-en-390.png: In the 2nd quarter of 2026, employees earned on average 1 835 euros a month provisional, before deductions and including holiday and Christmas pay, in the jobs declared to Social Security and to the civil-service pension fund; each person counts as many times as the jobs they hold. More than in the same quarter a year earlier.
rp1b-depois-cartao-remuneracao-bruta-mensal-media-en-768.png: In the 2nd quarter of 2026, employees earned on average 1 835 euros a month provisional, before deductions and including holiday and Christmas pay, in the jobs declared to Social Security and to the civil-service pension fund; each person counts as many times as the jobs they hold. More than in the same quarter a year earlier.
rp1b-depois-cartao-remuneracao-bruta-mensal-media-en-1024.png: In the 2nd quarter of 2026, employees earned on average 1 835 euros a month provisional, before deductions and including holiday and Christmas pay, in the jobs declared to Social Security and to the civil-service pension fund; each person counts as many times as the jobs they hold. More than in the same quarter a year earlier.
rp1b-depois-cartao-remuneracao-bruta-mensal-media-en-1280.png: In the 2nd quarter of 2026, employees earned on average 1 835 euros a month provisional, before deductions and including holiday and Christmas pay, in the jobs declared to Social Security and to the civil-service pension fund; each person counts as many times as the jobs they hold. More than in the same quarter a year earlier.
rp1b-depois-cartao-remuneracao-bruta-mensal-media-en-1600.png: In the 2nd quarter of 2026, employees earned on average 1 835 euros a month provisional, before deductions and including holiday and Christmas pay, in the jobs declared to Social Security and to the civil-service pension fund; each person counts as many times as the jobs they hold. More than in the same quarter a year earlier.
20 capturas de página, 50 recortes e 6 cópias guardadas; 0 falhas de aceitação, dist de 1819395a994791fdc77bed14a17ab3df844f4d6b.
