antes-pais-pt-390.png: 390 × 9956; 20 cartões, 20 com leitura
antes-pais-pt-768.png: 768 × 7604; 20 cartões, 20 com leitura
antes-pais-pt-1024.png: 1024 × 7005; 20 cartões, 20 com leitura
antes-pais-pt-1280.png: 1280 × 7056; 20 cartões, 20 com leitura
antes-pais-pt-1600.png: 1600 × 6818; 20 cartões, 20 com leitura
antes-pais-en-390.png: 390 × 9824; 20 cartões, 20 com leitura
antes-pais-en-768.png: 768 × 7560; 20 cartões, 20 com leitura
antes-pais-en-1024.png: 1024 × 6918; 20 cartões, 20 com leitura
antes-pais-en-1280.png: 1280 × 6885; 20 cartões, 20 com leitura
antes-pais-en-1600.png: 1600 × 6770; 20 cartões, 20 com leitura
antes-temas-pt-390.png: 390 × 11442; 36 cartões, 36 com leitura
antes-temas-pt-768.png: 768 × 7454; 36 cartões, 36 com leitura
antes-temas-pt-1024.png: 1024 × 6979; 36 cartões, 36 com leitura
antes-temas-pt-1280.png: 1280 × 6870; 36 cartões, 36 com leitura
antes-temas-pt-1600.png: 1600 × 6477; 36 cartões, 36 com leitura
antes-temas-en-390.png: 390 × 11236; 36 cartões, 36 com leitura
antes-temas-en-768.png: 768 × 7336; 36 cartões, 36 com leitura
antes-temas-en-1024.png: 1024 × 6840; 36 cartões, 36 com leitura
antes-temas-en-1280.png: 1280 × 6622; 36 cartões, 36 com leitura
antes-temas-en-1600.png: 1600 × 6356; 36 cartões, 36 com leitura
20 capturas de página, 0 recortes e 6 cópias guardadas; 0 falhas de aceitação, dist de 38d3627894416097de26c52346c595c45a7b2884.
