depois-pais-pt-390.png: 390 × 10787; 23 cartões, 23 com leitura
depois-pais-pt-768.png: 768 × 7941; 23 cartões, 23 com leitura
depois-pais-pt-1024.png: 1024 × 7634; 23 cartões, 23 com leitura
depois-pais-pt-1280.png: 1280 × 7056; 23 cartões, 23 com leitura
depois-pais-pt-1600.png: 1600 × 7406; 23 cartões, 23 com leitura
depois-pais-en-390.png: 390 × 10655; 23 cartões, 23 com leitura
depois-pais-en-768.png: 768 × 7916; 23 cartões, 23 com leitura
depois-pais-en-1024.png: 1024 × 7543; 23 cartões, 23 com leitura
depois-pais-en-1280.png: 1280 × 6885; 23 cartões, 23 com leitura
depois-pais-en-1600.png: 1600 × 7358; 23 cartões, 23 com leitura
depois-temas-pt-390.png: 390 × 13723; 44 cartões, 44 com leitura
depois-temas-pt-768.png: 768 × 9026; 44 cartões, 44 com leitura
depois-temas-pt-1024.png: 1024 × 7689; 44 cartões, 44 com leitura
depois-temas-pt-1280.png: 1280 × 7699; 44 cartões, 44 com leitura
depois-temas-pt-1600.png: 1600 × 7144; 44 cartões, 44 com leitura
depois-temas-en-390.png: 390 × 13513; 44 cartões, 44 com leitura
depois-temas-en-768.png: 768 × 8884; 44 cartões, 44 com leitura
depois-temas-en-1024.png: 1024 × 7585; 44 cartões, 44 com leitura
depois-temas-en-1280.png: 1280 × 7389; 44 cartões, 44 com leitura
depois-temas-en-1600.png: 1600 × 7063; 44 cartões, 44 com leitura
depois-cartao-ipc-variacao-homologa-pt-390.png: Em agosto de 2026 os preços no consumidor estavam, em média, 3,30 % acima dos de há um ano. É a inflação: o INE mede-a num cabaz de bens e serviços que representa o que as famílias compram. A variação é maior do que a do mês anterior.
depois-cartao-ipc-variacao-homologa-pt-1280.png: Em agosto de 2026 os preços no consumidor estavam, em média, 3,30 % acima dos de há um ano. É a inflação: o INE mede-a num cabaz de bens e serviços que representa o que as famílias compram. A variação é maior do que a do mês anterior.
depois-cartao-ipc-variacao-homologa-en-390.png: In August 2026 consumer prices were, on average, 3,30 % above a year earlier. That is inflation: the INE measures it on a basket of goods and services that represents what households buy. The change is larger than the previous month’s.
depois-cartao-ipc-variacao-homologa-en-1280.png: In August 2026 consumer prices were, on average, 3,30 % above a year earlier. That is inflation: the INE measures it on a basket of goods and services that represents what households buy. The change is larger than the previous month’s.
depois-cartao-ipc-variacao-media-12-meses-pt-390.png: Na média dos doze meses até agosto de 2026, os preços no consumidor variaram 2,67 % face aos doze meses anteriores: é a inflação média de um ano, que amortece as subidas e descidas de cada mês. A variação é maior do que a do mês anterior.
depois-cartao-ipc-variacao-media-12-meses-pt-1280.png: Na média dos doze meses até agosto de 2026, os preços no consumidor variaram 2,67 % face aos doze meses anteriores: é a inflação média de um ano, que amortece as subidas e descidas de cada mês. A variação é maior do que a do mês anterior.
depois-cartao-ipc-variacao-media-12-meses-en-390.png: On average over the twelve months to August 2026, consumer prices changed by 2,67 % compared with the previous twelve months: that is the average inflation of a year, which smooths out each month’s rises and falls. The change is larger than the previous month’s.
depois-cartao-ipc-variacao-media-12-meses-en-1280.png: On average over the twelve months to August 2026, consumer prices changed by 2,67 % compared with the previous twelve months: that is the average inflation of a year, which smooths out each month’s rises and falls. The change is larger than the previous month’s.
depois-cartao-ipc-alimentacao-variacao-homologa-pt-390.png: Em agosto de 2026 os preços dos alimentos e das bebidas não alcoólicas estavam 2,14 % acima dos de há um ano. A variação é menor do que a do mês anterior.
depois-cartao-ipc-alimentacao-variacao-homologa-pt-1280.png: Em agosto de 2026 os preços dos alimentos e das bebidas não alcoólicas estavam 2,14 % acima dos de há um ano. A variação é menor do que a do mês anterior.
depois-cartao-ipc-alimentacao-variacao-homologa-en-390.png: In August 2026 the prices of food and non-alcoholic beverages were 2,14 % above a year earlier. The change is smaller than the previous month’s.
depois-cartao-ipc-alimentacao-variacao-homologa-en-1280.png: In August 2026 the prices of food and non-alcoholic beverages were 2,14 % above a year earlier. The change is smaller than the previous month’s.
depois-cartao-ipc-sem-habitacao-variacao-media-12-meses-pt-390.png: Na média dos doze meses até agosto de 2026, os preços no consumidor sem a habitação variaram 2,56 % face aos doze meses anteriores. O valor de agosto serve de referência para a atualização das rendas no ano seguinte. A variação é maior do que a do mês anterior.
depois-cartao-ipc-sem-habitacao-variacao-media-12-meses-pt-1280.png: Na média dos doze meses até agosto de 2026, os preços no consumidor sem a habitação variaram 2,56 % face aos doze meses anteriores. O valor de agosto serve de referência para a atualização das rendas no ano seguinte. A variação é maior do que a do mês anterior.
depois-cartao-ipc-sem-habitacao-variacao-media-12-meses-en-390.png: On average over the twelve months to August 2026, consumer prices excluding housing changed by 2,56 % compared with the previous twelve months. The August value is the reference figure for updating rents in the following year. The change is larger than the previous month’s.
depois-cartao-ipc-sem-habitacao-variacao-media-12-meses-en-1280.png: On average over the twelve months to August 2026, consumer prices excluding housing changed by 2,56 % compared with the previous twelve months. The August value is the reference figure for updating rents in the following year. The change is larger than the previous month’s.
depois-cartao-remuneracao-bruta-mensal-media-pt-390.png: No 2.º trimestre de 2026, quem trabalha por conta de outrem ganhou em média 1 835 euros por mêsprovisório, antes de descontos e contando os subsídios, nos postos de trabalho declarados à Segurança Social e à Caixa Geral de Aposentações; cada pessoa conta tantas vezes quantos os empregos que tem. Mais do que no mesmo trimestre de há um ano.
depois-cartao-remuneracao-bruta-mensal-media-pt-1280.png: No 2.º trimestre de 2026, quem trabalha por conta de outrem ganhou em média 1 835 euros por mêsprovisório, antes de descontos e contando os subsídios, nos postos de trabalho declarados à Segurança Social e à Caixa Geral de Aposentações; cada pessoa conta tantas vezes quantos os empregos que tem. Mais do que no mesmo trimestre de há um ano.
depois-cartao-remuneracao-bruta-mensal-media-en-390.png: In the 2nd quarter of 2026, employees earned on average 1 835 euros a monthprovisional, before deductions and including holiday and Christmas pay, in the jobs declared to Social Security and to the civil-service pension fund; each person counts as many times as the jobs they hold. More than in the same quarter a year earlier.
depois-cartao-remuneracao-bruta-mensal-media-en-1280.png: In the 2nd quarter of 2026, employees earned on average 1 835 euros a monthprovisional, before deductions and including holiday and Christmas pay, in the jobs declared to Social Security and to the civil-service pension fund; each person counts as many times as the jobs they hold. More than in the same quarter a year earlier.
depois-cartao-pensao-media-anual-2025-pt-390.png: Em 2025 o valor das pensões pagas pela Segurança Social foi, em média, de 8 066 euros por pensionista no ano inteiro, contando as pensões pagas de velhice, de invalidez e de sobrevivência. Subiu face a 2024.
depois-cartao-pensao-media-anual-2025-pt-1280.png: Em 2025 o valor das pensões pagas pela Segurança Social foi, em média, de 8 066 euros por pensionista no ano inteiro, contando as pensões pagas de velhice, de invalidez e de sobrevivência. Subiu face a 2024.
depois-cartao-pensao-media-anual-2025-en-390.png: In 2025 the amount of pensions paid by Social Security was, on average, 8 066 euros per pensioner over the whole year, counting old-age, invalidity and survivors’ pensions paid. Up from 2024.
depois-cartao-pensao-media-anual-2025-en-1280.png: In 2025 the amount of pensions paid by Social Security was, on average, 8 066 euros per pensioner over the whole year, counting old-age, invalidity and survivors’ pensions paid. Up from 2024.
depois-cartao-beneficiarios-do-rsi-por-mil-2024-pt-390.png: Em 2024, por cada mil pessoas em idade ativa, 24,22 recebiam o rendimento social de inserção, um apoio da Segurança Social para satisfazer necessidades essenciais e favorecer a inserção laboral, social e comunitária. Menos do que em 2023.
depois-cartao-beneficiarios-do-rsi-por-mil-2024-pt-1280.png: Em 2024, por cada mil pessoas em idade ativa, 24,22 recebiam o rendimento social de inserção, um apoio da Segurança Social para satisfazer necessidades essenciais e favorecer a inserção laboral, social e comunitária. Menos do que em 2023.
depois-cartao-beneficiarios-do-rsi-por-mil-2024-en-390.png: In 2024, for every thousand people of working age, 24,22 received social insertion income, a Social Security benefit to meet essential needs and support integration into employment, society and the community. Fewer than in 2023.
depois-cartao-beneficiarios-do-rsi-por-mil-2024-en-1280.png: In 2024, for every thousand people of working age, 24,22 received social insertion income, a Social Security benefit to meet essential needs and support integration into employment, society and the community. Fewer than in 2023.
depois-cartao-linha-de-risco-de-pobreza-2025-pt-390.png: No inquérito de 2025, uma pessoa que vivesse sozinha estava em risco de pobreza se tivesse menos de 8 679 euros por ano para viver no ano anterior, depois dos impostos e das contribuições sociais e contando as prestações sociais: é a linha que o Eurostat traça a 60 % do rendimento mediano do país, ajustado ao tamanho e à composição de cada família: é o do meio, em que metade da população tem mais e metade tem menos. Subiu face a 2024.
depois-cartao-linha-de-risco-de-pobreza-2025-pt-1280.png: No inquérito de 2025, uma pessoa que vivesse sozinha estava em risco de pobreza se tivesse menos de 8 679 euros por ano para viver no ano anterior, depois dos impostos e das contribuições sociais e contando as prestações sociais: é a linha que o Eurostat traça a 60 % do rendimento mediano do país, ajustado ao tamanho e à composição de cada família: é o do meio, em que metade da população tem mais e metade tem menos. Subiu face a 2024.
depois-cartao-linha-de-risco-de-pobreza-2025-en-390.png: In the survey for 2025, a person living alone was at risk of poverty with less than 8 679 euros a year in the previous year, after taxes and social contributions and including social benefits: that is the line Eurostat draws at 60 % of the country’s median income, adjusted for each household’s size and composition: the one in the middle, where half the population has more and half has less. Up from 2024.
depois-cartao-linha-de-risco-de-pobreza-2025-en-1280.png: In the survey for 2025, a person living alone was at risk of poverty with less than 8 679 euros a year in the previous year, after taxes and social contributions and including social benefits: that is the line Eurostat draws at 60 % of the country’s median income, adjusted for each household’s size and composition: the one in the middle, where half the population has more and half has less. Up from 2024.
20 capturas de página, 32 recortes e 6 cópias guardadas; 0 falhas de aceitação, dist de cb9571eaf7d043f8c91d9486aad34f97dee00e5d.
