GATE  reconcile_test         ok
GATE  attributions_test      ok
GATE  derivations_test       ok
GATE  canaries_test          ok
GATE  verifier_eval_test     ok
GATE  editions_test          ok
GATE  assertions_test        ok
GATE  sweep_test             ok
GATE  prose_test             ok
GATE  describe_test          ok
GATE  prereg_test            ok
GATE  deps_test              ok
GATE  reconferencias_test    ok
GATE  excerpts_test          ok
GATE  http_test              ok
GATE  gate_test              ok
GATE  export_site_rows_test  ok
GATE  export_agenda_test     ok
GATE  eyetext_test           ok
GATE  export_records_test    ok
GATE  voz_test               ok
GATE  export_records_site_test ok
GATE  concelhos_test         ok
GATE  mapa_distritos_test    ok
GATE  dominios_test          FAIL
GATE  dominios_rp1_test      ok
GATE  provas_test            ok
GATE  portao_exportacao_test ok
GATE  http_nome_test         ok
GATE  proveniencia_das_fixtures_test ok
GATE  deps                   ok
GATE  fixtures               ok
GATE  paridade               ok
GATE  nomes exportados       ok
GATE  livros declarados      ok (13 livro(s) em 523 JSON sob content/, 1 exceção(ões) escrita(s), 0 ilegível(eis))
GATE  dataset agua-2026-07   ok
GATE  dataset regional-2026-08 ok
GATE  derivations Onde Está a Água — Technical Source ok
GATE  derivations 03 Regional Economy ok
GATE  derivations 04 Évora Public Money ok
GATE  derivations 06 Évora Economy ok
GATE  derivations 07 Évora Municipal Accounts ok
GATE  derivations 08 Évora Mandates ok
GATE  derivations 09 Évora Pelouros ok
GATE  derivations 10 Housing  ok
GATE  derivations 11 Seguranca Social ok
GATE  derivations 12 Concelhos ok
GATE  derivations 13 Dominios ok
GATE  derivations 14 Évora 2027 ok
GATE  prereg 10 Housing       ok
GATE  prereg 12 Concelhos     ok
GATE  prereg 13 Dominios      ok
GATE  prereg debt: 9 study(ies) with no registration — 03 Regional Economy, Onde Está a Água — Technical Source, 04 Évora Public Money, 06 Évora Economy, 07 Évora Municipal Accounts, 08 Évora Mandates, 09 Évora Pelouros, 14 Évora 2027, 11 Seguranca Social
GATE  (not back-fillable: a registration written after collection certifies nothing)
GATE  regional-economy-2026  ok — orphans 0/0, misattrib 0/0, undeclared 0/0
GATE  onde-esta-a-agua-pt    ok — orphans 457/457, misattrib 4/4, undeclared 7/7
GATE  regional-economy-2026-pt ok — orphans 0/0, misattrib 0/0, undeclared 0/0
GATE  regional-economy-2026-art ok — orphans 0/0, misattrib 0/0, undeclared 0/0
GATE  evora-money-audit-2026 ok — orphans 0/0, misattrib 0/0, undeclared 0/0
GATE  evora-money-audit-2026-html ok — orphans 0/0, misattrib 0/0, undeclared 0/0
GATE  evora-money-audit-2026-pt ok — orphans 0/0, misattrib 0/0, undeclared 0/0
GATE  evora-money-audit-2026-pt-html ok — orphans 0/0, misattrib 0/0, undeclared 0/0
GATE  evora-economy-2026     ok — orphans 0/0, misattrib 0/0, undeclared 0/0
GATE  evora-economy-2026-html ok — orphans 0/0, misattrib 0/0, undeclared 0/0
GATE  evora-accounts-2025    ok — orphans 0/0, misattrib 0/0, undeclared 0/0
GATE  evora-accounts-2025-html ok — orphans 0/0, misattrib 0/0, undeclared 0/0
GATE  evora-accounts-2025-pt ok — orphans 0/0, misattrib 0/0, undeclared 0/0
GATE  evora-accounts-2025-pt-html ok — orphans 0/0, misattrib 0/0, undeclared 0/0
GATE  evora-economy-2026-pt  ok — orphans 0/0, misattrib 0/0, undeclared 0/0
GATE  evora-economy-2026-pt-html ok — orphans 0/0, misattrib 0/0, undeclared 0/0
GATE  evora-economy-2026-pt-art ok — orphans 0/0, misattrib 0/0, undeclared 0/0
GATE  evora-mandates-15y     ok — orphans 0/0, misattrib 0/0, undeclared 0/0
GATE  evora-mandates-15y-html ok — orphans 0/0, misattrib 0/0, undeclared 0/0
GATE  evora-mandates-15y-pt  ok — orphans 0/0, misattrib 0/0, undeclared 0/0
GATE  evora-mandates-15y-pt-html ok — orphans 0/0, misattrib 0/0, undeclared 0/0
GATE  evora-pelouros         ok — orphans 0/0, misattrib 0/0, undeclared 0/0
GATE  evora-pelouros-html    ok — orphans 0/0, misattrib 0/0, undeclared 0/0
GATE  evora-pelouros-pt      ok — orphans 0/0, misattrib 0/0, undeclared 0/0
GATE  evora-pelouros-pt-html ok — orphans 0/0, misattrib 0/0, undeclared 0/0
GATE  housing-h1-survey      ok — orphans 0/0, misattrib 0/0, undeclared 83/83
GATE  housing-sq3            ok — orphans 0/0, misattrib 0/0, undeclared 3/3
GATE  housing-h3-accounting  ok — orphans 0/0, misattrib 0/0, undeclared 4/4
GATE  housing-sq7            ok — orphans 0/0, misattrib 0/0, undeclared 7/7
GATE  concelhos-p1           ok — orphans 17/17, misattrib 18/18, undeclared 10/10
GATE  concelhos-p3           ok — orphans 29/29, misattrib 8/8, undeclared 0/0
GATE  concelhos-p4           ok — orphans 37/37, misattrib 52/52, undeclared 1/1
GATE  dominios-d1            ok — orphans 0/0, misattrib 0/0, undeclared 0/0
GATE  evora-2027-pt          ok — orphans 0/0, misattrib 0/0, undeclared 0/0
GATE  evora-2027-pt-html     ok — orphans 0/0, misattrib 0/0, undeclared 0/0
GATE  evora-2027-en          ok — orphans 0/0, misattrib 0/0, undeclared 0/0
GATE  evora-2027-en-html     ok — orphans 0/0, misattrib 0/0, undeclared 0/0
GATE  penalizacoes-2026-pt-html ok — orphans 0/0, misattrib 2/2, undeclared 0/0
GATE  seguranca-social-relatorio ok — orphans 17/17, misattrib 88/88, undeclared 0/0
GATE  editions regional-en-pt ok
GATE  editions regional-pt-art ok
GATE  editions evora-en-pt   ok
GATE  editions evora-en-html ok
GATE  editions evora-pt-html ok
GATE  editions evora-economy-en-html ok
GATE  editions evora-accounts-en-pt ok
GATE  editions evora-accounts-en-html ok
GATE  editions evora-accounts-pt-html ok
GATE  editions evora-economy-en-pt ok
GATE  editions evora-economy-pt-html ok
GATE  editions evora-economy-pt-art ok
GATE  editions evora-mandates-md-html ok
GATE  editions evora-mandates-en-pt ok
GATE  editions evora-mandates-pt-html ok
GATE  editions evora-pelouros-md-html ok
GATE  editions evora-pelouros-en-pt ok
GATE  editions evora-pelouros-pt-html ok
GATE  editions evora-2027-pt-md-html ok
GATE  editions evora-2027-en-md-html ok
GATE  editions evora-2027-pt-en ok

GATE: FAIL — 1 problem(s); commit blocked
 - dominios_test FAILED:

  --------------------------------------------------------------------
  dominios_test FAILED:
  
  DOMINIOS_TEST: 35 defeito(s) plantado(s) e visto(s) vermelho(s):
    vermelho  o valor de Évora, alterado no ficheiro alojado
    vermelho  o valor de Portugal, alterado no ficheiro alojado
    vermelho  um concelho que desapareceu da resposta do INE
    vermelho  um código geográfico que os 308 do estudo 12 não têm
    vermelho  o nome de um concelho, diferente do que o estudo 12 leu
    vermelho  o rótulo do INE, esvaziado
    vermelho  o rótulo do INE, com o enchimento de uma coluna à volta
    vermelho  uma resposta do INE com dois períodos onde se pediu um
    vermelho  o último ano do saldo, retirado da resposta do Eurostat
    vermelho  a bandeira «p» da disparidade, retirada da resposta
    vermelho  os dois semestres de 2026 da retribuição mínima, retirados
    vermelho  o rótulo do Eurostat, esvaziado
    vermelho  o teto de 5 % que o CFP cita, apagado da sua própria frase
    vermelho  uma linha a mais na página do parecer, que desloca a janela
    vermelho  o valor do parecer, trocado pelo outro número do Quadro 1
    vermelho  o valor do diploma, trocado pelo do ano anterior
    vermelho  a página do diploma, esvaziada
    vermelho  o filtro do nível 5 escrito como sete ALGARISMOS
    vermelho  um excerto com uma palavra que o ficheiro alojado não tem
    vermelho  a dívida da notificação do INE, trocada na página do destaque
    vermelho  a dívida da notificação do INE, trocada no PDF do mesmo destaque
    vermelho  a data que o destaque do INE imprime, trocada
    vermelho  um parágrafo a mais à cabeça do resumo do destaque
    vermelho  um resumo do MANIFEST.sha256, alterado
    vermelho  um ficheiro alojado que desapareceu
    vermelho  um excerto que não é um pedaço do excerto do motor (V3)
    vermelho  uma expressão `check` que não dá o valor publicado (V5)
    vermelho  uma página humana de outro conjunto com os mesmos algarismos (V15)
    vermelho  um localizador cujos algarismos ninguém leu (V7)
    vermelho  uma bandeira declarada sobre um excerto que não acaba nela
    vermelho  um valor que mexeu e uma linha publicada que não o diz (V16)
    vermelho  `--site` a apontar a árvore principal, com a worktree forçada
    vermelho  `--site` com um caminho vazio
    vermelho  um `site_record` absoluto, que escreve fora do sítio
    vermelho  um `site_record` com «..», que sai do sítio
    verde     a deteção da worktree, fora do estrago, é a do disco
    verde     ledger.json: os bytes commitados são os que o construtor produz
    verde     manifest.dominios.json: os bytes commitados são os que o construtor produz
    x B2: 
  
  DOMINIOS_TEST: FAIL — 35 de 35 defeito(s) vistos, 3 prova(s) verde(s), 1 problema(s), a corrida limpa verde antes e depois

An unrunnable or red gate is not evidence of a clean commit (rule 14).
