GATE  reconcile_test         ok
GATE  attributions_test      ok
GATE  derivations_test       ok
GATE  canaries_test          ok
GATE  verifier_eval_test     ok
GATE  editions_test          ok
GATE  assertions_test        ok
GATE  sweep_test             ok
GATE  prose_test             ok
GATE  describe_test          ok
GATE  prereg_test            ok
GATE  deps_test              ok
GATE  reconferencias_test    ok
GATE  excerpts_test          ok
GATE  http_test              ok
GATE  gate_test              ok
GATE  export_site_rows_test  ok
GATE  export_agenda_test     ok
GATE  eyetext_test           ok
GATE  export_records_test    ok
GATE  voz_test               ok
GATE  export_records_site_test ok
GATE  concelhos_test         ok
GATE  mapa_distritos_test    ok
GATE  dominios_test          ok
GATE  dominios_rp1_test      ok
GATE  provas_test            ok
GATE  portao_exportacao_test ok
GATE  http_nome_test         ok
GATE  proveniencia_das_fixtures_test ok
GATE  deps                   ok
GATE  fixtures               ok
GATE  paridade               ok
GATE  nomes exportados       ok
GATE  livros declarados      ok (13 livro(s) em 520 JSON sob content/, 1 exceção(ões) escrita(s), 0 ilegível(eis))
GATE  dataset agua-2026-07   ok
GATE  dataset regional-2026-08 ok
GATE  derivations Onde Está a Água — Technical Source ok
GATE  derivations 03 Regional Economy ok
GATE  derivations 04 Évora Public Money ok
GATE  derivations 06 Évora Economy ok
GATE  derivations 07 Évora Municipal Accounts ok
GATE  derivations 08 Évora Mandates ok
GATE  derivations 09 Évora Pelouros ok
GATE  derivations 10 Housing  ok
GATE  derivations 11 Seguranca Social ok
GATE  derivations 12 Concelhos ok
GATE  derivations 13 Dominios ok
GATE  derivations 14 Évora 2027 ok
GATE  prereg 10 Housing       ok
GATE  prereg 12 Concelhos     ok
GATE  prereg 13 Dominios      ok
GATE  prereg debt: 9 study(ies) with no registration — 03 Regional Economy, Onde Está a Água — Technical Source, 04 Évora Public Money, 06 Évora Economy, 07 Évora Municipal Accounts, 08 Évora Mandates, 09 Évora Pelouros, 14 Évora 2027, 11 Seguranca Social
GATE  (not back-fillable: a registration written after collection certifies nothing)
GATE  regional-economy-2026  ok — orphans 0/0, misattrib 0/0, undeclared 0/0
GATE  onde-esta-a-agua-pt    ok — orphans 457/457, misattrib 4/4, undeclared 7/7
GATE  regional-economy-2026-pt ok — orphans 0/0, misattrib 0/0, undeclared 0/0
GATE  regional-economy-2026-art ok — orphans 0/0, misattrib 0/0, undeclared 0/0
GATE  evora-money-audit-2026 ok — orphans 0/0, misattrib 0/0, undeclared 0/0
GATE  evora-money-audit-2026-html ok — orphans 0/0, misattrib 0/0, undeclared 0/0
GATE  evora-money-audit-2026-pt ok — orphans 0/0, misattrib 0/0, undeclared 0/0
GATE  evora-money-audit-2026-pt-html ok — orphans 0/0, misattrib 0/0, undeclared 0/0
GATE  evora-economy-2026     ok — orphans 0/0, misattrib 0/0, undeclared 0/0
GATE  evora-economy-2026-html ok — orphans 0/0, misattrib 0/0, undeclared 0/0
GATE  evora-accounts-2025    ok — orphans 0/0, misattrib 0/0, undeclared 0/0
GATE  evora-accounts-2025-html ok — orphans 0/0, misattrib 0/0, undeclared 0/0
GATE  evora-accounts-2025-pt ok — orphans 0/0, misattrib 0/0, undeclared 0/0
GATE  evora-accounts-2025-pt-html ok — orphans 0/0, misattrib 0/0, undeclared 0/0
GATE  evora-economy-2026-pt  ok — orphans 0/0, misattrib 0/0, undeclared 0/0
GATE  evora-economy-2026-pt-html ok — orphans 0/0, misattrib 0/0, undeclared 0/0
GATE  evora-economy-2026-pt-art ok — orphans 0/0, misattrib 0/0, undeclared 0/0
GATE  evora-mandates-15y     ok — orphans 0/0, misattrib 0/0, undeclared 0/0
GATE  evora-mandates-15y-html ok — orphans 0/0, misattrib 0/0, undeclared 0/0
GATE  evora-mandates-15y-pt  ok — orphans 0/0, misattrib 0/0, undeclared 0/0
GATE  evora-mandates-15y-pt-html ok — orphans 0/0, misattrib 0/0, undeclared 0/0
GATE  evora-pelouros         ok — orphans 0/0, misattrib 0/0, undeclared 0/0
GATE  evora-pelouros-html    ok — orphans 0/0, misattrib 0/0, undeclared 0/0
GATE  evora-pelouros-pt      ok — orphans 0/0, misattrib 0/0, undeclared 0/0
GATE  evora-pelouros-pt-html ok — orphans 0/0, misattrib 0/0, undeclared 0/0
GATE  housing-h1-survey      ok — orphans 0/0, misattrib 0/0, undeclared 83/83
GATE  housing-sq3            ok — orphans 0/0, misattrib 0/0, undeclared 3/3
GATE  housing-h3-accounting  ok — orphans 0/0, misattrib 0/0, undeclared 4/4
GATE  housing-sq7            ok — orphans 0/0, misattrib 0/0, undeclared 7/7
GATE  concelhos-p1           ok — orphans 17/17, misattrib 18/18, undeclared 10/10
GATE  concelhos-p3           ok — orphans 29/29, misattrib 8/8, undeclared 0/0
GATE  concelhos-p4           ok — orphans 37/37, misattrib 52/52, undeclared 1/1
GATE  dominios-d1            ok — orphans 0/0, misattrib 0/0, undeclared 0/0
GATE  evora-2027-pt          ok — orphans 0/0, misattrib 0/0, undeclared 0/0
GATE  evora-2027-pt-html     ok — orphans 0/0, misattrib 0/0, undeclared 0/0
GATE  evora-2027-en          ok — orphans 0/0, misattrib 0/0, undeclared 0/0
GATE  evora-2027-en-html     ok — orphans 0/0, misattrib 0/0, undeclared 0/0
GATE  penalizacoes-2026-pt-html ok — orphans 0/0, misattrib 2/2, undeclared 0/0
GATE  seguranca-social-relatorio ok — orphans 17/17, misattrib 88/88, undeclared 0/0
GATE  editions regional-en-pt ok
GATE  editions regional-pt-art ok
GATE  editions evora-en-pt   ok
GATE  editions evora-en-html ok
GATE  editions evora-pt-html ok
GATE  editions evora-economy-en-html ok
GATE  editions evora-accounts-en-pt ok
GATE  editions evora-accounts-en-html ok
GATE  editions evora-accounts-pt-html ok
GATE  editions evora-economy-en-pt ok
GATE  editions evora-economy-pt-html ok
GATE  editions evora-economy-pt-art ok
GATE  editions evora-mandates-md-html ok
GATE  editions evora-mandates-en-pt ok
GATE  editions evora-mandates-pt-html ok
GATE  editions evora-pelouros-md-html ok
GATE  editions evora-pelouros-en-pt ok
GATE  editions evora-pelouros-pt-html ok
GATE  editions evora-2027-pt-md-html ok
GATE  editions evora-2027-en-md-html ok
GATE  editions evora-2027-pt-en ok
GATE: PASS
[rp1-2026-09-26 c42dab9] RP1: selar observações nacionais de rendimentos e preços
 75 files changed, 61529 insertions(+), 2 deletions(-)
 create mode 100644 content/13 Dominios/source/rp1/001-ine-0014663-meta.json
 create mode 100644 content/13 Dominios/source/rp1/002-ine-0014666-meta.json
 create mode 100644 content/13 Dominios/source/rp1/003-ine-0014532-meta.json
 create mode 100644 content/13 Dominios/source/rp1/004-ine-0013420-meta.json
 create mode 100644 content/13 Dominios/source/rp1/005-eurostat-prc_hicp_minr.json
 create mode 100644 content/13 Dominios/source/rp1/006-eurostat-ilc_li01.json
 create mode 100644 content/13 Dominios/source/rp1/007-ine-0014663-dados.json
 create mode 100644 content/13 Dominios/source/rp1/008-ine-0014666-dados.json
 create mode 100644 content/13 Dominios/source/rp1/009-ine-0014532-dados.json
 create mode 100644 content/13 Dominios/source/rp1/010-ine-0013420-dados.json
 create mode 100644 content/13 Dominios/source/rp1/011-ine-0014663-minfo.html
 create mode 100644 content/13 Dominios/source/rp1/012-ine-0014666-minfo.html
 create mode 100644 content/13 Dominios/source/rp1/013-ine-0014532-minfo.html
 create mode 100644 content/13 Dominios/source/rp1/014-ine-0013420-minfo.html
 create mode 100644 content/13 Dominios/source/rp1/015-catalogo-remuneracao.html
 create mode 100644 content/13 Dominios/source/rp1/016-ine-0014751-meta.json
 create mode 100644 content/13 Dominios/source/rp1/017-ine-ipc-metodologia.pdf
 create mode 100644 content/13 Dominios/source/rp1/017-ine-ipc-metodologia.txt
 create mode 100644 content/13 Dominios/source/rp1/018-ine-remuneracao-metodologia.pdf
 create mode 100644 content/13 Dominios/source/rp1/018-ine-remuneracao-metodologia.txt
 create mode 100644 content/13 Dominios/source/rp1/019-eurostat-linha-pobreza.html
 create mode 100644 content/13 Dominios/source/rp1/020-ine-0014751-dados.json
 create mode 100644 content/13 Dominios/source/rp1/021-ine-0014751-minfo.html
 create mode 100644 content/13 Dominios/source/rp1/022-catalogo-pesquisa-remuneracao.json
 create mode 100644 content/13 Dominios/source/rp1/023-catalogo-pesquisa-variacao-real.json
 create mode 100644 content/13 Dominios/source/rp1/024-ine-inicio.html
 create mode 100644 content/13 Dominios/source/rp1/025-ine-ipc-agosto-2026.pdf
 create mode 100644 content/13 Dominios/source/rp1/025-ine-ipc-agosto-2026.txt
 create mode 100644 content/13 Dominios/source/rp1/026-eurostat-ilc-metadados.html
 create mode 100644 indicators/out/rp1-2026-09-26/001-ine-0014663-meta.json
 create mode 100644 indicators/out/rp1-2026-09-26/002-ine-0014666-meta.json
 create mode 100644 indicators/out/rp1-2026-09-26/003-ine-0014532-meta.json
 create mode 100644 indicators/out/rp1-2026-09-26/004-ine-0013420-meta.json
 create mode 100644 indicators/out/rp1-2026-09-26/005-eurostat-prc_hicp_minr.json
 create mode 100644 indicators/out/rp1-2026-09-26/006-eurostat-ilc_li01.json
 create mode 100644 indicators/out/rp1-2026-09-26/007-ine-0014663-dados.json
 create mode 100644 indicators/out/rp1-2026-09-26/008-ine-0014666-dados.json
 create mode 100644 indicators/out/rp1-2026-09-26/009-ine-0014532-dados.json
 create mode 100644 indicators/out/rp1-2026-09-26/010-ine-0013420-dados.json
 create mode 100644 indicators/out/rp1-2026-09-26/011-ine-0014663-minfo.html
 create mode 100644 indicators/out/rp1-2026-09-26/012-ine-0014666-minfo.html
 create mode 100644 indicators/out/rp1-2026-09-26/013-ine-0014532-minfo.html
 create mode 100644 indicators/out/rp1-2026-09-26/014-ine-0013420-minfo.html
 create mode 100644 indicators/out/rp1-2026-09-26/015-catalogo-remuneracao.html
 create mode 100644 indicators/out/rp1-2026-09-26/016-ine-0014751-meta.json
 create mode 100644 indicators/out/rp1-2026-09-26/017-ine-ipc-metodologia.pdf
 create mode 100644 indicators/out/rp1-2026-09-26/017-ine-ipc-metodologia.txt
 create mode 100644 indicators/out/rp1-2026-09-26/018-ine-remuneracao-metodologia.pdf
 create mode 100644 indicators/out/rp1-2026-09-26/018-ine-remuneracao-metodologia.txt
 create mode 100644 indicators/out/rp1-2026-09-26/019-eurostat-linha-pobreza.html
 create mode 100644 indicators/out/rp1-2026-09-26/020-ine-0014751-dados.json
 create mode 100644 indicators/out/rp1-2026-09-26/021-ine-0014751-minfo.html
 create mode 100644 indicators/out/rp1-2026-09-26/022-catalogo-pesquisa-remuneracao.json
 create mode 100644 indicators/out/rp1-2026-09-26/023-catalogo-pesquisa-variacao-real.json
 create mode 100644 indicators/out/rp1-2026-09-26/024-ine-inicio.html
 create mode 100644 indicators/out/rp1-2026-09-26/025-ine-ipc-agosto-2026.pdf
 create mode 100644 indicators/out/rp1-2026-09-26/025-ine-ipc-agosto-2026.txt
 create mode 100644 indicators/out/rp1-2026-09-26/026-eurostat-ilc-metadados.html
 create mode 100644 indicators/out/rp1-2026-09-26/alojar.py
 create mode 100644 indicators/out/rp1-2026-09-26/construcao.log
 create mode 100644 indicators/out/rp1-2026-09-26/extracoes.jsonl
 create mode 100644 indicators/out/rp1-2026-09-26/pedidos.jsonl
 create mode 100644 indicators/out/rp1-2026-09-26/pedir.py
 create mode 100755 indicators/out/rp1-2026-09-26/pre-commit
 create mode 100644 indicators/out/rp1-2026-09-26/provas-dominios.log
 create mode 100644 indicators/out/rp1-2026-09-26/travessia.log
 create mode 100644 publisher/dominios_rp1.py
 create mode 100644 publisher/dominios_rp1_test.py
