  B1: 28 páginas pela lista fechada; 7 temas conferidos.

[31m  PORTÃO DA VOZ · 38 problema(s)
[0m
[31m    · [0mfrase com marcador da voz e sem declaração de autorreferência
      marcador(es): complet
      rota: / (e mais 3)
      classe declarada: conteudo
      «Que parte das pessoas dos aos anos completou no máximo o ensino básico e não está em estudos nem em formação?»
[31m    · [0mbloco por classificar em /: «10 câmaras»
[31m    · [0mbloco por classificar em /: «: dentro do valor de referência (acima de − %)»
[31m    · [0mbloco por classificar em /: «: fora do valor de referência (acima de %)»
[31m    · [0mbloco por classificar em /: «: provisório»
[31m    · [0mbloco por classificar em /: «Portugal está fora de 4 dos 13 valores de referência da Comissão Europeia e dentro de 9 : a dívida pública , a posição de investimento internacional , o custo unitário do trabalho e os preços da habitação .»
[31m    · [0mbloco por classificar em /: «concelhos»
[31m    · [0mbloco por classificar em /dominios/economia-e-financas-publicas: «: União Europeia : fora do valor de referência (acima de %)»
[31m    · [0mbloco por classificar em /dominios/economia-e-financas-publicas: «: dentro do valor de referência (acima de − %)»
[31m    · [0mbloco por classificar em /dominios/economia-e-financas-publicas: «: fora do valor de referência (acima de %)»
[31m    · [0mbloco por classificar em /dominios/economia-e-financas-publicas: «: provisório»
[31m    · [0mbloco por classificar em /en: «10 councils»
[31m    · [0mbloco por classificar em /en: «: outside the reference value (above %)»
[31m    · [0mbloco por classificar em /en: «: provisional»
[31m    · [0mbloco por classificar em /en: «: within the reference value (above − %)»
[31m    · [0mbloco por classificar em /en: «Portugal is outside 4 of the 13 reference values of the European Commission and within 9 : government debt , the international investment position , unit labour cost and house prices .»
[31m    · [0mbloco por classificar em /en: «concelhos»
[31m    · [0mbloco por classificar em /en/domains/economia-e-financas-publicas: «: European Union : outside the reference value (above %)»
[31m    · [0mbloco por classificar em /en/domains/economia-e-financas-publicas: «: outside the reference value (above %)»
[31m    · [0mbloco por classificar em /en/domains/economia-e-financas-publicas: «: provisional»
[31m    · [0mbloco por classificar em /en/domains/economia-e-financas-publicas: «: within the reference value (above − %)»
[31m    · [0mbloco por classificar em /en/ledger: «2984 claims · 330 of 2984 calculated · 2767 of 2984 municipality rows»
[31m    · [0mbloco por classificar em /en/themes: «10 councils»
[31m    · [0mbloco por classificar em /en/themes: «concelhos»
[31m    · [0mbloco por classificar em /livro-razao: «2984 afirmações · 330 de 2984 calculadas · 2767 de 2984 linhas de concelhos»
[31m    · [0mbloco por classificar em /temas: «10 câmaras»
[31m    · [0mbloco por classificar em /temas: «concelhos»
[31m    · [0mdesign/especime-v3/INVENTARIO-FRASES.md:930: linha «viva» que não se rende em rota nenhuma. Ou a frase mudou e a linha ficou para trás, ou a rota saiu: nos dois casos a linha sai do ficheiro, ou passa a «retirada» com a razão escrita.
      «2978 afirmações · 330 de 2978 calculadas · 2767 de 2978 linhas de concelhos»
[31m    · [0mdesign/especime-v3/INVENTARIO-FRASES.md:931: linha «viva» que não se rende em rota nenhuma. Ou a frase mudou e a linha ficou para trás, ou a rota saiu: nos dois casos a linha sai do ficheiro, ou passa a «retirada» com a razão escrita.
      «2978 claims · 330 of 2978 calculated · 2767 of 2978 municipality rows»
[31m    · [0mdesign/especime-v3/INVENTARIO-FRASES.md:2928: linha «viva» que não se rende em rota nenhuma. Ou a frase mudou e a linha ficou para trás, ou a rota saiu: nos dois casos a linha sai do ficheiro, ou passa a «retirada» com a razão escrita.
      «acima do valor de referência»
[31m    · [0mdesign/especime-v3/INVENTARIO-FRASES.md:2929: linha «viva» que não se rende em rota nenhuma. Ou a frase mudou e a linha ficou para trás, ou a rota saiu: nos dois casos a linha sai do ficheiro, ou passa a «retirada» com a razão escrita.
      «abaixo do valor de referência»
[31m    · [0mdesign/especime-v3/INVENTARIO-FRASES.md:2930: linha «viva» que não se rende em rota nenhuma. Ou a frase mudou e a linha ficou para trás, ou a rota saiu: nos dois casos a linha sai do ficheiro, ou passa a «retirada» com a razão escrita.
      «entre os valores de referência»
[31m    · [0mdesign/especime-v3/INVENTARIO-FRASES.md:2931: linha «viva» que não se rende em rota nenhuma. Ou a frase mudou e a linha ficou para trás, ou a rota saiu: nos dois casos a linha sai do ficheiro, ou passa a «retirada» com a razão escrita.
      «above the reference value»
[31m    · [0mdesign/especime-v3/INVENTARIO-FRASES.md:2932: linha «viva» que não se rende em rota nenhuma. Ou a frase mudou e a linha ficou para trás, ou a rota saiu: nos dois casos a linha sai do ficheiro, ou passa a «retirada» com a razão escrita.
      «below the reference value»
[31m    · [0mdesign/especime-v3/INVENTARIO-FRASES.md:2933: linha «viva» que não se rende em rota nenhuma. Ou a frase mudou e a linha ficou para trás, ou a rota saiu: nos dois casos a linha sai do ficheiro, ou passa a «retirada» com a razão escrita.
      «between the reference values»
[31m    · [0mdesign/especime-v3/INVENTARIO-FRASES.md:3177: linha «viva» que não se rende em rota nenhuma. Ou a frase mudou e a linha ficou para trás, ou a rota saiu: nos dois casos a linha sai do ficheiro, ou passa a «retirada» com a razão escrita.
      «: União Europeia : fora do valor de referência ( acima de % )»
[31m    · [0mdesign/especime-v3/INVENTARIO-FRASES.md:3178: linha «viva» que não se rende em rota nenhuma. Ou a frase mudou e a linha ficou para trás, ou a rota saiu: nos dois casos a linha sai do ficheiro, ou passa a «retirada» com a razão escrita.
      «: European Union : outside the reference value ( above % )»
[31m    · [0mdesign/especime-v3/INVENTARIO-FRASES.md:240: FRASE RETIRADA QUE VOLTOU A RENDER-SE.
      razão da retirada: o índice dos domínios deixa de falar da cobertura da casa (bloco F1.10, §7.8 e §9.1, 08.09.2026, pela leitura cruzada do inventário das frases): as dezasseis linhas «ainda sem medidas conferidas · vaga» passaram ao Método, à secção «O que se mede a seguir», e «no ar» e «vaga» saem da voz do leitor. O índice lista os domínios com página, cada um com o nome, a contagem das suas medidas e a porta. O Método não é uma rota do inventário (Emenda 15: é a casa do método), e por isso a mesma frase ali não é uma linha deste ficheiro
      «live»

