
  A RÉGUA DO CARTÃO DE UMA MEDIDA · bloco P2

[90m    páginas lidas                    7372[0m
[90m    cartões                          5274 (2637 pt, 2637 en)[0m
[90m    com nome                         5274 de 5274[0m
[90m    com a frase do que medem         4404 de 5274 com frase[0m
[90m    com régua                        796 de 5274 com régua[0m
[90m    linhas sem nome, como linha do livro-razão             48 (42 com a aritmética escrita)[0m
[90m    itens «período anterior», pares conferidos             182[0m
[90m    «Governo Constitucional»         1 pt · 1 en[0m
[90m    legenda da marca                 2 página(s)[0m
[90m    nome na língua da fonte          0 (com a marca «lang»)[0m
[90m    unidade na outra língua          1 (a exceção da I92)[0m
[90m    o marcador em português          4 (a exceção da IDENTIDADE §6)[0m
[90m    valores de régua sem marca própria                    312 (a porta é a do cartão)[0m
[90m    valores de referência, as duas testemunhas comparadas  15[0m
[90m    cartões com veredicto conferido (K15)                 90[0m
[90m    cartões com a média europeia calada (K14)              6[0m
[90m    medidas com nome oficial no recibo                    11[0m
[90m    perguntas com cada pedaço apoiado (K16)               22 (72 pedaços, 85 apoios, 5 origens seladas no motor)[0m
[90m    medidas com grupo etário fixado na linha (K13)         4[0m
[90m      linhas dessas medidas, todas conferidas               12[0m
[90m      delas, na catraca declarada (I132, vazia)           0[0m
[90m    ficheiros do motor               referencias.json sim · nomes.json sim[0m

[31m  2 defeito(s):[0m
    K15 · divida-publica-2025: veredicto em palavras ausente ou diferente; esperado «outside the reference value (above 60 %)» · /en/european-union/
    K15 · divida-publica-2025: veredicto em palavras ausente ou diferente; esperado «fora do valor de referência (acima de 60 %)» · /temas/

