cabeça: 4893eb5d1a2ed07f36af774b28227a0a1bf436ae
estado dos ficheiros seguidos: 0 linha(s)
---
OK ex1-semana-data-trocada: código 1
OK ex1-semana-contagem-trocada: código 1
OK ex1-semana-janela-de-outro-dia: código 1
OK ex1-semana-janela-de-oito-dias: código 1
OK ex1-semana-fora-da-porta: código 1
OK ex1-semana-mudanca-a-mais: código 1
OK ex1-semana-mudanca-em-falta: código 1
OK ex1-unidade-de-outra-linha: código 1
OK ex1-unidade-com-a-marca-de-outra-linha: código 1
OK ex1-explicacao-titulo-com-outro-ano: código 1
OK ex1-explicacao-descricao-mudada: código 1
OK ex1-explicacao-numero-trocado: código 1
OK ex1-f22-barra-fora-de-escala: código 1
OK ex1-f22-valor-trocado: código 1
OK ex1-indice-sem-as-explicacoes: código 1
OK ex1-voz-frase-por-classificar: código 1
OK ex1-voz-ramo-do-sinal-trocado: código 1
OK ex1-voz-porta-da-semana-com-outra-frase: código 1
OK ex1b-rodape-sem-a-porta-das-explicacoes: código 1
OK ex1b-rodape-com-uma-porta-a-mais: código 1
OK ex1b-maiores-ordem-trocada: código 1
OK ex1b-maiores-valor-trocado: código 1
OK ex1b-frase-dos-dois-totais-mudada: código 1
OK ex1b-frases-compostas-num-contentor-flexivel: código 1
OK ex1b-transbordo-a-390: código 1
OK ex1c-semana-forma-contada-como-valor: código 1
OK ex1c-semana-contagem-da-forma-trocada: código 1
OK ex1c-porta-dos-numeros-tirada: código 1
OK ex1c-lado-da-divida-trocado: código 1
OK ex1c-nome-de-um-ministerio-trocado: código 1
OK ex1c-marca-declarada-solta: código 1
OK ex1c-marca-da-semana-solta: código 1
OK ex1c-f22-figura-em-falta: código 1
