  B1: 36 páginas pela lista fechada; 7 temas conferidos.

[31m  PORTÃO DA VOZ · 13 problema(s)
[0m
[31m    · [0mfrase com marcador da voz e sem declaração de autorreferência
      marcador(es): reliab
      rota: /en/european-union
      classe declarada: (por classificar)
      «(low reliability)»
[31m    · [0mbloco por classificar em /en/european-union: «How much credit did companies other than financial companies take on in a year, minus what they repaid and leaving out operations among themselves (the consolidated credit flow of non-financial corporations), as a percentage of the debt they had at the end of the previous year, excluding foreign direct investment from both amounts?»
[31m    · [0mbloco por classificar em /en/european-union: «How much credit did households and non-profit institutions serving them take on in a year, minus what they repaid and leaving out operations among themselves (the consolidated credit flow), as a percentage of the debt they had at the end of the previous year?»
[31m    · [0mbloco por classificar em /en/european-union: «How much do companies other than financial companies owe in loans and debt securities, leaving out what they owe one another (the consolidated debt of non-financial corporations), as a percentage of GDP?»
[31m    · [0mbloco por classificar em /en/european-union: «How much do households and non-profit institutions serving them owe in loans and debt securities, leaving out what they owe one another (consolidated debt), as a percentage of GDP?»
[31m    · [0mbloco por classificar em /en/european-union: «How much has pay per hour of work, at each year’s prices, divided by what an hour of work produces, changed over three years (the nominal unit labour cost index, per hour worked)?»
[31m    · [0mbloco por classificar em /en/european-union: «How much has the part that the country’s exports of goods and services make up of the total exports of OECD countries and of EU countries outside the OECD changed over three years (export performance against advanced economies)?»
[31m    · [0mbloco por classificar em /uniao-europeia: «Quanto crédito contraíram num ano as empresas que não são financeiras, descontado o que reembolsaram e sem contar as operações entre elas (o fluxo de crédito consolidado das sociedades não financeiras), em percentagem da dívida que tinham no fim do ano anterior, excluindo o investimento direto estrangeiro das duas parcelas?»
[31m    · [0mbloco por classificar em /uniao-europeia: «Quanto crédito contraíram num ano as famílias e as instituições sem fim lucrativo ao seu serviço, descontado o que reembolsaram e sem contar as operações entre elas (o fluxo de crédito consolidado), em percentagem da dívida que tinham no fim do ano anterior?»
[31m    · [0mbloco por classificar em /uniao-europeia: «Quanto devem as empresas que não são financeiras, em empréstimos e títulos de dívida, sem contar o que devem umas às outras (a dívida consolidada das sociedades não financeiras), em percentagem do PIB?»
[31m    · [0mbloco por classificar em /uniao-europeia: «Quanto devem as famílias e as instituições sem fim lucrativo ao seu serviço, em empréstimos e títulos de dívida, sem contar o que devem umas às outras (a dívida consolidada), em percentagem do PIB?»
[31m    · [0mbloco por classificar em /uniao-europeia: «Quanto mudou em três anos a parte que as exportações de bens e serviços do país têm no total das exportações dos países da OCDE e dos países da União que não são da OCDE (o desempenho das exportações face às economias avançadas)?»
[31m    · [0mbloco por classificar em /uniao-europeia: «Quanto mudou em três anos a remuneração por hora de trabalho, aos preços de cada ano, a dividir pelo que se produz numa hora de trabalho (o índice nominal do custo unitário do trabalho, por hora trabalhada)?»

