planta: brief-isento-com-um-byte-mudado
ficheiro: design/observatorio/BRIEF-F1.1-porta-da-frente.md
comando: python3 scripts/check-briefs.py
código: 1
mordida esperada: BRIEF-F1\.1-porta-da-frente\.md: o brief mudou desde que foi isento
mordeu: True
sha256 antes: 105b30ceff14fde506fc622a9c9e4f05ea96e206430c6cd7e058e2791f279ec9
sha256 reposto: 105b30ceff14fde506fc622a9c9e4f05ea96e206430c6cd7e058e2791f279ec9

  portão dos briefs · 37 brief(s) em design/observatorio/ · 1 conferido(s) · 33 isento(s) por data (anteriores a 22.09.2026) · 3 isento(s) por nomeação, os 36 presos por sha256 em design/observatorio/medidas/isentos.json
    conferido: BRIEF-M5-as-medicoes-provam-que-veem.md (medidas/BRIEF-M5.json)
      §0 liga «37» a `briefs_ate_22_09_2026`
      §0 liga «34» a `briefs_com_seccao_de_medicoes`
      §0 liga «1» a `briefs_com_guiao_de_medicoes`
      §0 liga «1» a `briefs_conferidos_pelo_portao`
      §0 liga «33» a `briefs_isentos_por_data`
      §0 liga «3» a `briefs_isentos_por_nomeacao`
      §0 liga «0» a `ocorrencias_do_nome_de_quem_responde_em_src_e_public`
      §0 liga «0» a `exportacoes_de_politica_ia_com_o_nome_de_quem_responde`
    isento por nomeação: BRIEF-B1c-o-que-mudou-no-seu-lugar.md · escrito a 22.09.2026 de manhã, antes de esta regra existir (§1.120)
    isento por nomeação: BRIEF-I129-o-grupo-etario-dos-jovens-nem.md · escrito a 22.09.2026 de manhã, antes de esta regra existir (§1.119)
    isento por nomeação: BRIEF-M3b-os-nomes-confirmados-voltam-aos-recibos.md · escrito a 22.09.2026 de manhã, antes de esta regra existir (§1.118)
    chave repetida entre isentos, dita e não fatal: «BRIEF-fatia» · BRIEF-fatia-css-alcance-2026-09-16.md, BRIEF-fatia-dominios-css-2026-09-15.md · fecha o portão no dia em que um deles deixar de ser isento
    apagado antes de contar no §0: codigo 16, enderecos 0, seccoes 4, datas 1, resumos 0, ordinais 0, identificadores 0, anos 0

  O PORTÃO DOS BRIEFS FECHOU · 1 erro(s):
    · design/observatorio/BRIEF-F1.1-porta-da-frente.md: o brief mudou desde que foi isento (sha256 736f15c3b01a… contra 105b30ceff14…).
      Um brief isento está preso pelo resumo: ou se desfaz a mudança, ou se põe a lista em dia com `--escrever-isentos`, num diff que se vê.
