24 folha(s) mudada(s), 0 fora da lista do brief
  · leituras-das-medidas · pib-real-per-capita-2025 .pt[0]
  · leituras-das-medidas · pib-real-per-capita-2025 .en[0]
  · leituras-das-medidas · desempenho-das-exportacoes-2025 .pt[0]
  · leituras-das-medidas · desempenho-das-exportacoes-2025 .en[0]
  · leituras-das-medidas · disparidade-de-emprego-entre-sexos-2025 .pt[0]
  · leituras-das-medidas · disparidade-de-emprego-entre-sexos-2025 .pt[4]
  · leituras-das-medidas · disparidade-de-emprego-entre-sexos-2025 .en[0]
  · leituras-das-medidas · disparidade-de-emprego-entre-sexos-2025 .en[4]
  · definicoes-das-medidas · disparidade-de-emprego-entre-sexos-2025 .origens[0]
  · definicoes-das-medidas · disparidade-de-emprego-entre-sexos-2025 .origens[1]
  · definicoes-das-medidas · disparidade-de-emprego-entre-sexos-2025 .pt[0]
  · definicoes-das-medidas · disparidade-de-emprego-entre-sexos-2025 .pt[1].nl
  · definicoes-das-medidas · disparidade-de-emprego-entre-sexos-2025 .pt[1].motivo
  · definicoes-das-medidas · disparidade-de-emprego-entre-sexos-2025 .pt[2]
  · definicoes-das-medidas · disparidade-de-emprego-entre-sexos-2025 .pt[3].nl
  · definicoes-das-medidas · disparidade-de-emprego-entre-sexos-2025 .pt[3].motivo
  · definicoes-das-medidas · disparidade-de-emprego-entre-sexos-2025 .pt[4]
  · definicoes-das-medidas · disparidade-de-emprego-entre-sexos-2025 .en[0]
  · definicoes-das-medidas · disparidade-de-emprego-entre-sexos-2025 .en[1].nl
  · definicoes-das-medidas · disparidade-de-emprego-entre-sexos-2025 .en[1].motivo
  · definicoes-das-medidas · disparidade-de-emprego-entre-sexos-2025 .en[2]
  · definicoes-das-medidas · disparidade-de-emprego-entre-sexos-2025 .en[3].nl
  · definicoes-das-medidas · disparidade-de-emprego-entre-sexos-2025 .en[3].motivo
  · definicoes-das-medidas · disparidade-de-emprego-entre-sexos-2025 .en[4]
