[90m  prova: 16 estragos plantados, 16 vistos; o cartão são a 0; a régua com as duas comparações de uma medida, a série bienal, a ausência da linha da União e uma chave que não se inventa; as duas testemunhas do valor de referência com um par bom e dois maus; a mesma série com um par que bate e um que não bate; K9 nacional com valor, direção e testemunha plantados; K15 palavras e cor, nas duas línguas, nas quatro formas e na igualdade; K6 com as glosas declaradas e com cada uma das duas trocada; K1 com o nome do limite legal declarado, antigo e reposto nas duas línguas; K13 sobre 4 medidas e 12 linhas com grupo etário, com a declaração em vigor a passar e cinco plantas a morder (o limite trocado, dois algarismos soltos fora do intervalo, uma medida sem definição, a etiqueta a contradizer o filtro e duas linhas da mesma medida com grupos diferentes), mais a catraca vazia nas duas metades; K16 com a declaração em vigor a passar e dez plantas a morder, a primeira o defeito da leitura a frio[0m
{
  "contas": {
    "paginas": 7467,
    "cartoes": 5246,
    "cartoes_pt": 2623,
    "cartoes_en": 2623,
    "com_nome": 5246,
    "com_frase": 5038,
    "com_regua": 780,
    "sem_nome": 0,
    "linhas_sem_nome": 48,
    "linhas_sem_nome_com_conta": 42,
    "regua_periodo_anterior": 166,
    "medidas_com_grupo_etario": 4,
    "linhas_com_grupo_etario": 12,
    "medidas_na_catraca_do_grupo_etario": 0,
    "governo_constitucional_pt": 1,
    "governo_constitucional_en": 1,
    "legenda_da_marca": 2,
    "unidade_noutra_lingua": 1,
    "marcador_em_portugues": 4,
    "nome_noutra_lingua": 0,
    "valores_de_regua_sem_marca": 884,
    "cartoes_da_k14": 4,
    "cartoes_com_uniao_e_ressalva": 4,
    "recibos_com_uniao_e_ressalva": 4,
    "cartoes_com_veredicto": 74,
    "cartoes_com_faixa": 20,
    "cartoes_com_faixa_do_concelho": 2464,
    "faixas_k18": 20,
    "plantas_k18": 20,
    "ressalvas_k18": 4,
    "ordinais_k18": 27,
    "plantas_das_palavras_k18": 8,
    "plantas_dos_empates_k18": 6,
    "ordem_cartoes": 5248,
    "ordem_com_dobra": 5066,
    "ordem_faixa_da_uniao": 42,
    "valores_de_referencia_comparados": 15,
    "testemunhas_discordantes_conferidas": 2,
    "testemunhas_discordantes_plantas": 5,
    "testemunhas_discordantes_plantas_mordidas": 5,
    "testemunhas_discordantes_plantas_nomes": [
      "a discordância sem a data de criação do conjunto",
      "a discordância sem a data de leitura da Comissão",
      "a discordância sem quem manda",
      "a Comissão a dizer outro valor",
      "a discordância escondida"
    ],
    "perguntas_auditadas": 35,
    "pedacos_auditados": 89,
    "apoios_das_perguntas": 117,
    "origens_seladas": 70,
    "leituras_auditadas": 49,
    "leituras_partes": 1159,
    "leituras_apoios": 460,
    "leituras_algarismos_declarados": 28,
    "leituras_origens": 104,
    "leituras_rendidas": 96,
    "leituras_cartoes": 96,
    "leituras_ramos_recontados": 208,
    "leituras_plantas": 18,
    "leituras_plantas_mordidas": 18,
    "ordem_plantas": 7,
    "ordem_plantas_mordidas": 7,
    "medidas_com_nome_oficial": 11
  },
  "erros": [],
  "motor": {
    "referencias": true,
    "nomes": true
  }
}
