
[90m  aritmética · 77 conferência(s): a especificação partilhada com o motor e os estragos plantados num livro-razão de mentira[0m
  [32m✓[0m os quatro empates a meio, a divisão exata e as duas derivações que o float64 aceitava.

[90m  livro-razão · 3009 afirmações[0m

[33m  10 aviso(s):[0m
    [33m·[0m [evora-prr-aprovado-2026.yml] história do endereço: a 2026-08-18, o instantâneo datado conserva o endereço do mesmo conjunto; não é uma mudança de endereço.
    [33m·[0m [evora-prr-aprovado-2026.yml] história do endereço: a 2026-08-20, o instantâneo datado conserva o endereço do mesmo conjunto; não é uma mudança de endereço.
    [33m·[0m [evora-prr-municipio-contratado.yml] história do endereço: a 2026-08-18, o instantâneo datado conserva o endereço do mesmo conjunto; não é uma mudança de endereço.
    [33m·[0m [evora-prr-municipio-contratado.yml] história do endereço: a 2026-08-20, o instantâneo datado conserva o endereço do mesmo conjunto; não é uma mudança de endereço.
    [33m·[0m [evora-prr-pago-2026.yml] história do endereço: a 2026-08-18, o instantâneo datado conserva o endereço do mesmo conjunto; não é uma mudança de endereço.
    [33m·[0m [evora-prr-pago-2026.yml] história do endereço: a 2026-08-20, o instantâneo datado conserva o endereço do mesmo conjunto; não é uma mudança de endereço.
    [33m·[0m [evora-prr-universidade-contratado.yml] história do endereço: a 2026-08-18, o instantâneo datado conserva o endereço do mesmo conjunto; não é uma mudança de endereço.
    [33m·[0m [evora-prr-universidade-contratado.yml] história do endereço: a 2026-08-20, o instantâneo datado conserva o endereço do mesmo conjunto; não é uma mudança de endereço.
    [33m·[0m [evora-prr-vencido-aprovado-2026.yml] história do endereço: a 2026-08-18, o instantâneo datado conserva o endereço do mesmo conjunto; não é uma mudança de endereço.
    [33m·[0m [evora-prr-vencido-aprovado-2026.yml] história do endereço: a 2026-08-20, o instantâneo datado conserva o endereço do mesmo conjunto; não é uma mudança de endereço.

  [32m✓[0m 3009 afirmações válidas · 330 derivadas · 334 com aritmética reavaliada no build · 1896 com o rótulo da fonte

[90m  casas decimais do excerto · 1946 linha(s) lidas pelo número (D1), 117 com excerto composto (D2), 706 sem o número no excerto, 338 derivada(s) fora da regra · 6 planta(s), 6 certa(s)[0m
  [32m✓[0m nenhuma linha sem derivação escreve menos casas decimais do que o excerto da sua fonte.
  [32m✓[0m 0 marcador(es) «[a verificar]» em notas não publicadas, todos datados e dentro do prazo · 5 plantas apanhadas pelo detetor

[33m  Dívida de proveniência: 8 afirmação(ões) com campos "[a verificar]"[0m
[90m    agua-nao-faturada-portugal-2024 → source_url, excerpt[0m
[90m    avisos-pt2030-abertos → source, source_url, access_date, excerpt, document.title, document.edition[0m
[90m    avisos-pt2030-pessoas-singulares → source, source_url, access_date, excerpt, document.title, document.edition[0m
[90m    ciclo-substituicao-condutas → source, source_url, access_date, reference_date, excerpt, document.title, document.edition[0m
[90m    evora-prr-aprovado-2026 → excerpt[0m
[90m    evora-prr-pago-2026 → excerpt[0m
[90m    evora-prr-vencido-aprovado-2026 → excerpt[0m
[90m    saldo-natural-portugal-2025 → source_url, access_date, excerpt, document.title, document.edition[0m
[90m    Isto não impede o build. Impede que se diga que o livro-razão está fechado.[0m

[90m  séries · 10 série(s) de 280 ponto(s), 20 com marca da fonte · 11 planta(s), uma ou mais por regra, vistas a morder[0m
  [32m✓[0m cada série tem os 27 países e a União, cada valor dentro do seu excerto, e as gémeas batem como números.


[90m  amarra das decisões · 113 entrada(s) a partir da §1.38 · 2 texto(s) governado(s) · 2 citação(ões) da constituição conferida(s), de 43 entre «…»[0m
  [32m✓[0m cada texto no ar tem uma decisão registada que o governa, e cada frase que a constituição lhe cita está lá.

[90m  bytes de controlo · 3 de 3 ficheiro(s) sem nenhum · 3 planta(s) vista(s)[0m
  [32m✓[0m os ficheiros desta régua leem-se como texto, do primeiro byte ao último.

