· cartoes_dos_quadros_com_variacao_sob_nome_de_nivel: 0
· cartoes_nacionais_com_variacao_sob_nome_de_nivel: 6
· unidade_da_disparidade_de_emprego: "% da população"
· frase_da_diferenca_em_pontos_percentuais_no_cartao_e_no_recibo: 4
· linhas_sem_derivacao_com_menos_casas_do_que_o_excerto: 0
· plantas_do_portao_das_casas_decimais_que_morderam: 2
· linhas_corrigidas_pelo_mecanismo: 2
· correcoes_publicadas: "7"
· termos_dos_estudos_sem_explicacao: 0
· ocorrencias_brutas_dos_tres_termos: 13
· ficheiros_de_codigo_que_nomeiam_uma_celula_de_linguagem_simples: 0
· desvios_do_formato_dos_numeros: 0
· cartoes_fora_da_ordem: 0
· leituras_dos_cartoes_em_duas_metades: 92
· linhas_de_texto_da_primeira_pagina_que_mudaram: 12
· ressalvas_da_uniao_dentro_da_dobra: 0
· capturas_depois: 40
· cartoes_a_390_com_a_ordem_do_brief: 72
· capturas_da_uniao_com_os_valores_a_uma_so_altura: 10
· linhas_da_dobra_com_um_ponto_de_outro_elemento: 0
· linhas_do_inventario_retiradas: 46
· folhas_mudadas_nas_leituras_e_perguntas: 38
· origem_nova_conferida_contra_os_bytes: 1
· decisoes_citadas_nos_ficheiros_tocados: 51
· simbolos_gastos_ate_ao_relatorio: 1339297
