  B1: 28 páginas pela lista fechada; 7 temas conferidos.

[31m  PORTÃO DA VOZ · 14 problema(s)
[0m
[31m    · [0mB1 lista fechada país: /: «Esta página explica a média europeia.».
[31m    · [0mfrase com marcador da voz e sem declaração de autorreferência
      marcador(es): sta página
      rota: /
      classe declarada: (por classificar)
      «Esta página explica a média europeia.»
[31m    · [0mbloco por classificar em /: «Esta página explica a média europeia.»
[31m    · [0mbloco por classificar em /: «→ % do valor aprovado»
[31m    · [0mbloco por classificar em /: «→ estudos»
[31m    · [0mbloco por classificar em /: «→ euros»
[31m    · [0mbloco por classificar em /: «→ euros · um campo não confirmado contra a fonte, e não uma dúvida sobre o que está publicado»
[31m    · [0mbloco por classificar em /: «→ índice (UE-27 = 100)»
[31m    · [0mbloco por classificar em /en: «→ % of the approved amount»
[31m    · [0mbloco por classificar em /en: «→ euros»
[31m    · [0mbloco por classificar em /en: «→ euros · a field not confirmed against the source, not a doubt about what is published»
[31m    · [0mbloco por classificar em /en: «→ index (EU-27 = 100)»
[31m    · [0mbloco por classificar em /en: «→ studies»
[31m    · [0mFRASE DA CLASSE POR PROVAR EM / · «média europeia» (a média europeia não é linha do livro-razão).
      O F0.9 tirou esta classe da primeira página a 03.09.2026: uma tendência, uma comparação
      contra um valor que a página não tem, um valor de outro período ou uma atribuição sem
      excerto. Ou a frase ganha a linha que a prova e é tipada pelo F3.1, ou não volta.

