> o-estado-do-pais@0.1.0 check:lugar
> node scripts/check-lugar.mjs

  8.4, o que a régua leu: 72 definições (esperadas 72) · 102 origens (esperadas 102)
  item 5, o que a régua leu no Método: pt «selo» ×6 · en «seal» ×6 (chão 1 por edição; a rota do Método está fora da conta da L3, pela medida P9 do brief)
  item 5, o autoteste da L3 nos rótulos das marcas: à vista 1 (esperada 1) · escondido no «.vh» 0 (esperado 0)
  §7.4 e 8.6, o que os dados dizem: estudo 34 · texto 17 · indice 2 · edicoes 34 · linhas 34
check:lugar · 7467 páginas em dist/
  L1 · páginas com dois destinos iguais fora da mobília         2342  (teto 2337) ACIMA DO TETO
      · /agenda · 8 destinos repetidos (ex.: /agenda ×4)
      · /correcoes · 11 destinos repetidos (ex.: /municipios/evora ×25)
      · /distritos/aveiro · 20 destinos repetidos (ex.: /municipios/agueda ×2)
      · /distritos/beja · 15 destinos repetidos (ex.: /municipios/aljustrel ×2)
      · /distritos/braga · 15 destinos repetidos (ex.: /municipios/amares ×2)
      · /distritos/braganca · 13 destinos repetidos (ex.: /municipios/alfandega-da-fe ×2)
  L2 · segundas listas dos concelhos                               0  (teto 0) ok
  L2 · réguas da convergência fora de /regioes                     0  (teto 0) ok
  L2 · sinopses de estudo fora de /estudos                         0  (teto 0) ok
  L3 · palavras fora do vocabulário fechado                        0  (teto 0) ok
  L4 · frases de definição e de hierarquia em falta                0  (teto 0) ok
  L5 · páginas sem caminho no cabeçalho                            0  (teto 0) ok
  L6 · selos que não dizem o publicador                            0  (teto 0) ok
  8.5 · «limiar» sozinho                                           0  (teto 0) ok
  8.8 · «livro-razão» nos menus e nos títulos                      0  (teto 0) ok
  8.13 · valores selados na secção dos domínios de /               0  (teto 0) ok
  8.14 · «Relance» e «Leitura breve» nas páginas do leitor         0  (teto 0) ok
  8.17 · pontos dos 308 na página de um concelho                   0  (teto 0) ok
  8.17 · páginas de concelho sem o mapa da sua unidade             0  (teto 0) ok
  8.11 · leituras de aparelho no cabeçalho                         0  (teto 0) ok
  8.4 · definições de painel fora da declaração                    0  (teto 0) ok
  §7.10 · «[a verificar]» sem definição ao pé do primeiro          0  (teto 0) ok
  §7.10 · valores desenhados sem o seu texto na legenda            0  (teto 0) ok
  §7.4 e 8.6 · estudos fora da forma única                         0  (teto 0) ok
  §7.4 e 8.6, o que a régua leu: estudo 34 · texto 17 · indice 2 · edicoes 34 · linhas 22
  as exceções, e quantas vezes cada uma foi precisa:
      · «peça»     5 · a política de IA copia a POLITICA-DA-AUTONOMIA.md e fica como a fonte a escreveu
      · «trabalho»    19 · «trabalho» no sentido de emprego ou de labor, que não é o nome de um estudo
      · «indicador»     1 · «indicador» a nomear o campo que o publicador dá, e não uma medida da casa

check:lugar · 4 falha(s):
  ✗ B1 cobertura: evora-quinze-anos-cinco-mandatos não é alcançável de /en/studies/evora-quem-governou-a-camara-2009-2025.
  ✗ B1 cobertura: evora-os-pelouros-quem-os-teve-o-que-fizeram não é alcançável de /en/studies/evora-quem-governou-a-camara-2009-2025.
  ✗ §7.4 e 8.6 · a régua viu 22 «linhas» em dist/, e o registo dos estudos diz 34. Uma coleção mais pequena do que os dados é uma família de páginas que desapareceu em silêncio; uma maior é uma segunda apresentação da mesma coisa.
  ✗ L1 · páginas com dois destinos iguais fora da mobília: 2342, acima do teto 2337.
