=== check:indice

> o-estado-do-pais@0.1.0 check:indice
> node tests/livro/indice.mjs --navegador


  A RÉGUA DOS NOMES, DAS DATAS E DO ÍNDICE · 7467 página(s) de [repositorio]/dist

  [32m✓[0m I1 · o nome de uma medida não é o identificador
[90m        20 página(s) · 484 entrada(s) · 432 com nome · 52 sem nome (as derivadas, que não têm fonte nem documento, e as que só têm o marcador por título de documento) · 484 identificador(es) em metadado
        a escada no índice do livro-razão, por edição (242 linhas): 145 pelo nome do cartão · 3 pelo rótulo da fonte · 68 pelo TÍTULO DO DOCUMENTO, que é o nome do papel e não o da medida · 26 sem nome
        1896 rótulo(s) do livro-razão inteiro com um localizador de uma das 4 formas conhecidas[0m
  [32m✓[0m I2 · as datas ISO à vista
[90m        0 data(s) ISO como valor · 0 em prosa por marcar · 922 dentro de texto transcrito (a casa não edita o que transcreve) · 681 em documentos alojados e páginas de leitura (fora do âmbito do brief §2)[0m
  [32m✓[0m I3 · a busca do índice é um formulário, e cobre o livro-razão inteiro
[90m        2 índice(s) com um campo de busca dentro de um <form method="get"> · 6018 entrada(s) nos dois ficheiros do índice da busca, contra 3009 linhas do livro-razão em cada[0m
  [32m✓[0m I4 · a palavra retirada não está no rótulo da contagem
[90m        0 ocorrência(s) no rótulo da contagem das áreas · 20 noutras páginas (o Método, o Sobre e os documentos alojados, que são do bloco F1.10)[0m
  [32m✓[0m I5 · as contagens do índice com denominador
[90m        as duas parcelas dizem de que total saem, nas duas edições[0m
  [31m✗[0m I6 · o marcador com um destino só
[90m        54 ligação(ões) em «pt» e 65 em «en», uma página cada · 98 marcador(es) dentro de um selo (excepção da Emenda 2)[0m
[31m        · /estudos/evora-quem-governou-a-camara-2009-2025/documento: a cadeia do marcador escrita sem a marca ("O nome legal completo do presidente interino é uma pequena q").[0m
[31m        · /estudos/evora-quem-governou-a-camara-2009-2025/documento: a cadeia do marcador escrita sem a marca ("Lacunas das eleições. O nome legal completo do presidente in").[0m
  [32m✓[0m I8 · a página de uma unidade da Carta
[90m        58 página(s), cada uma com a frase do índice, sem uma linha que não seja a da Carta e sem um algarismo fora de origem declarada[0m
  [32m✓[0m I9 · as datas dos trabalhos, e o marcador que resta
[90m        22 linha(s) de trabalho · 2 marcador(es) ao todo, 2 linha(s) com um e nenhuma com dois · 25 edição(ões) com a data do repositório conferida contra o git, 0 sem história · 25 de 25 linha(s) de src/data/datas-de-publicacao.json refeitas do git[0m
  [32m✓[0m I10 · nenhum número novo
[90m        3009 linha(s) citada(s) em 20694 ocorrência(s) · 19 motivo(s) declarado(s)[0m
  [32m✓[0m I3b · a busca filtra o livro-razão inteiro, no navegador
[90m        /livro-razao: 242 entradas no documento · por nome 3 · por concelho 9 · por fonte 50 · sem resultado 0[0m
  [32m✓[0m I7 · sem transbordo a 390 nas páginas de linha
[90m        1 página(s) medida (a do endereço mais longo; a amostra de 60 corre com --amostra-larga)[0m
  [32m✓[0m I11 · o espaço entre o número e a palavra, a 390
[90m        /: 1 par(es) medido(s) para 1 contagem(ns), vão mínimo 4.19px · com o defeito plantado, 1 de 1 apanhada(s) · /en/: 1 par(es) medido(s) para 1 contagem(ns), vão mínimo 4.19px · com o defeito plantado, 1 de 1 apanhada(s)[0m

FALHOU check:indice
