test_api_cadencia_teto_e_vermelho (__main__.Plantas.test_api_cadencia_teto_e_vermelho) ... ok
test_api_exige_o_commit_e_o_fluxo (__main__.Plantas.test_api_exige_o_commit_e_o_fluxo) ... ok
test_cadencia_mensal_com_folga (__main__.Plantas.test_cadencia_mensal_com_folga) ... ok
test_comentario_editorial_conservado (__main__.Plantas.test_comentario_editorial_conservado) ... ok
test_data_autor_path_campos_recusados (__main__.Plantas.test_data_autor_path_campos_recusados) ... ok
test_decisoes_exige_site_e_aceita_ambiente (__main__.Plantas.test_decisoes_exige_site_e_aceita_ambiente) ... ok
test_diff_real_recusa_outro_ficheiro (__main__.Plantas.test_diff_real_recusa_outro_ficheiro) ... ok
test_diff_recusado_nao_publica (__main__.Plantas.test_diff_recusado_nao_publica) ... ok
test_estados_so_dados (__main__.Plantas.test_estados_so_dados) ... ok
test_fluxos_transportam_a_recusa_local (__main__.Plantas.test_fluxos_transportam_a_recusa_local) ... ok
test_limiar_503_avisa_sem_retoma_e_carimba (__main__.Plantas.test_limiar_503_avisa_sem_retoma_e_carimba) ... ok
test_limiar_sem_numeros_avisa_e_carimba (__main__.Plantas.test_limiar_sem_numeros_avisa_e_carimba) ... ok
test_limiar_sem_resposta_retoma_sem_bloquear_carimbo (__main__.Plantas.test_limiar_sem_resposta_retoma_sem_bloquear_carimbo) ... ok
test_main_avancou_fica_no_ramo (__main__.Plantas.test_main_avancou_fica_no_ramo) ... ok
test_painel_calado_persistente_nao_escreve_inacessivel (__main__.Plantas.test_painel_calado_persistente_nao_escreve_inacessivel) ... ok
test_painel_calado_retoma_so_o_anfitriao (__main__.Plantas.test_painel_calado_retoma_so_o_anfitriao) ... ok
test_painel_ensaio_inteiro_quatro_saidas (__main__.Plantas.test_painel_ensaio_inteiro_quatro_saidas) ... ok
test_painel_revisao_abre_issue_e_conserva_valor (__main__.Plantas.test_painel_revisao_abre_issue_e_conserva_valor) ... ok
test_poda_a_mais_e_reordenacao_recusadas (__main__.Plantas.test_poda_a_mais_e_reordenacao_recusadas) ... ok
test_poda_e_reescrita_recusadas (__main__.Plantas.test_poda_e_reescrita_recusadas) ... ok
test_portao_do_motor_vermelho_nao_commita (__main__.Plantas.test_portao_do_motor_vermelho_nao_commita) ... ok
test_portao_local_vermelho_conserva_ramo (__main__.Plantas.test_portao_local_vermelho_conserva_ramo) ... ok
test_portao_vermelho_retém_main_e_abre_issue (__main__.Plantas.test_portao_vermelho_retém_main_e_abre_issue) ... ok
test_quatro_reconferencias_mais_nova_podadas (__main__.Plantas.test_quatro_reconferencias_mais_nova_podadas) ... ok
test_reforma_recusa_ensaio_e_exige_duas_corridas (__main__.Plantas.test_reforma_recusa_ensaio_e_exige_duas_corridas) ... ok
test_reforma_so_ensaio_com_definicoes_sinteticas (__main__.Plantas.test_reforma_so_ensaio_com_definicoes_sinteticas) ... ok
test_relatorio_ilegivel_abre_issue (__main__.Plantas.test_relatorio_ilegivel_abre_issue) ... ok
test_retomadas_so_quando_calados (__main__.Plantas.test_retomadas_so_quando_calados) ... ok
test_segunda_sem_corrida_abre_issue (__main__.Plantas.test_segunda_sem_corrida_abre_issue) ... ok
test_seis_reconferencias_mais_nova_podadas (__main__.Plantas.test_seis_reconferencias_mais_nova_podadas) ... ok
test_sem_segredos_nos_ensaios_e_cron (__main__.Plantas.test_sem_segredos_nos_ensaios_e_cron) ... ok
test_silencio_do_leitor_e_http_sao_distintos (__main__.Plantas.test_silencio_do_leitor_e_http_sao_distintos) ... ok
test_transporte_do_patch_para_outro_runner (__main__.Plantas.test_transporte_do_patch_para_outro_runner) ... ok
test_valor_excerto_endereco_rejeitados (__main__.Plantas.test_valor_excerto_endereco_rejeitados) ... ok
test_varrimento_achado_abre_issue (__main__.Plantas.test_varrimento_achado_abre_issue) ... ok
test_varrimento_leitor_falhado_nao_carimba (__main__.Plantas.test_varrimento_leitor_falhado_nao_carimba) ... ok
test_verde_publica_exatamente_o_sha_conferido (__main__.Plantas.test_verde_publica_exatamente_o_sha_conferido) ... ok
test_vigia_dormente_nao_pede (__main__.Plantas.test_vigia_dormente_nao_pede) ... ok
test_vigia_recusa_ensaio_vermelho_incompleto (__main__.Plantas.test_vigia_recusa_ensaio_vermelho_incompleto) ... ok

----------------------------------------------------------------------
Ran 39 tests in 0.906s

OK
# Painel semanal

Corrida: 123
Estado: inteira
Linhas lidas: 2 de 2
Anfitriões por retomar: nenhum

* limiar: threshold: o limiar respondeu com HTTP 503
# Painel semanal

Corrida: 123
Estado: inteira
Linhas lidas: 2 de 2
Anfitriões por retomar: nenhum

* limiar: threshold: a página do limiar não tem números; conferir a estrutura da página
# Painel semanal

Corrida: 123
Estado: inteira
Linhas lidas: 2 de 2
Anfitriões por retomar: economy-finance.ec.europa.eu

* limiar: threshold: limiar sem resposta neste runner: URLError: <urlopen error sem resposta>
# Painel semanal

Corrida: 123
Estado: inteira
Linhas lidas: 2 de 2
Anfitriões por retomar: nenhum

* limiar: threshold: limiar sem resposta neste runner: URLError: <urlopen error sem resposta>
# Painel semanal

Corrida: 123
Estado: parcial, sem carimbo global
Linhas lidas: 1 de 2
Anfitriões por retomar: calado.invalid

# Painel semanal

Corrida: 123
Estado: parcial, sem carimbo global
Linhas lidas: 1 de 2
Anfitriões por retomar: calado.invalid

# Painel semanal

Corrida: 123
Estado: parcial, sem carimbo global
Linhas lidas: 1 de 2
Anfitriões por retomar: calado.invalid

# Painel semanal

Corrida: 123
Estado: inteira
Linhas lidas: 2 de 2
Anfitriões por retomar: nenhum

# Painel semanal

Corrida: 123
Estado: inteira
Linhas lidas: 2 de 2
Anfitriões por retomar: nenhum

# Painel semanal

Corrida: 123
Estado: inteira
Linhas lidas: 2 de 2
Anfitriões por retomar: nenhum

* a: value: revisão da fonte: carimbo antigo -> novo, valor 10.0 -> 11.0  kind=atualizacao (a fonte foi revista)
* b: value: revisão da fonte: carimbo antigo -> novo, valor 10.0 -> 11.0  kind=atualizacao (a fonte foi revista)
Ensaio: copiaria e conferiria a definição de painel; descarregaria o agente e conservaria a definição no arquivo.
Ensaio: copiaria e conferiria a definição de varrimento; descarregaria o agente e conservaria a definição no arquivo.
Sem alterações. A aplicação exige as provas de duas corridas reais verdes de cada fluxo.
painel: dormente, sem pedidos nem avisos
PASS · 39 conferências das corridas
