OK páginas sem estrago: todas, código 0
OK medida rendida sem tema declarado: E2, código 1
OK medida do país no assunto errado: E3, código 1
OK medida repetida: E3, código 1
OK medida publicada ausente: E1, código 1
OK mudança sem secção: M1, código 1
OK mudança com secção inexistente: M1, código 1
OK lista das mudanças de volta à primeira página: C2, código 1
OK publicação na lista de um lugar: A1, código 1
OK mais mudanças do que o teto: A2, código 1
OK registo sem uma das mudanças do livro: A3, código 1
OK correção que não é uma entrada do livro: C1, código 1
OK valor antigo igual ao novo numa correção: M3, código 1
OK mudança de lugar sem o seu lugar: A1, código 1
OK declaração do lugar contra a derivação: A1, código 1
OK linha de Portugal declarada da União: A1: pib-real-per-capita-2024 é declarado de «uniao-europeia» e deriva de «portugal», código 1
OK agregado da União declarado de Portugal: A1: despesa-em-id-2024-ue é declarado de «portugal» e deriva de «uniao-europeia», código 1
OK pedido de várias geografias declarado de Portugal: A1: ihpc-variacao-homologa-ue está em lugar-das-linhas.mjs e não deriva lugar nenhum, código 1
OK porta do registo apontada a outro lugar: A3, código 1
OK marca de incerteza num título, indice/index.html: A4: , código 1
OK marca de incerteza num título, en/index/index.html: A4: , código 1
OK marca de incerteza num título, correcoes/index.html: A4: , código 1
OK marca de incerteza num título, en/corrections/index.html: A4: , código 1
OK valor anterior errado no índice, indice/index.html: M3: , código 1
OK valor anterior errado no índice, en/index/index.html: M3: , código 1
OK título publicado com palavras trocadas: A4, código 1
OK título português sem língua: A4, código 1
OK texto da mudança alterado: A3, código 1
OK ordem dos estudos trocada: E1, código 1
OK número de um bloco sem recibo: B1, código 1
OK sétima entrada no menu: N1, código 1
OK a porta da União tirada do menu: N1, código 1
OK a página servida já com o escuro: N3, código 1
OK o comando do tema tirado do cabeçalho: N3, código 1
OK o comando do tema servido à vista, sem guião: N3, código 1
OK a guarda do tema a seguir o sistema: N3, código 1
OK o guião adiado do tema tirado: N3, código 1
OK uma folha com o escuro pela preferência do sistema: N3, código 1
OK mudança declarada na língua do código: M4, código 1
OK cartão fora do valor de referência pintado de dentro: T9, código 1
OK lista dos estudos com a ordem trocada: E2, código 1
OK a secção por lugar de volta: E2, código 1
OK bloco com outra data da notificação: B1, código 1
OK ponto final sem ligação inseparável: N2, código 1
OK frase explicativa fora da lista fechada: B1 voz, código 1
OK frase de um bloco alterada: B1 voz, código 1
