antes-pais-pt-390.png: 390 × 7563; 20 cartões, 0 com leitura
antes-pais-pt-768.png: 768 × 5880; 20 cartões, 0 com leitura
antes-pais-pt-1024.png: 1024 × 5360; 20 cartões, 0 com leitura
antes-pais-pt-1280.png: 1280 × 5308; 20 cartões, 0 com leitura
antes-pais-pt-1600.png: 1600 × 5360; 20 cartões, 0 com leitura
antes-pais-en-390.png: 390 × 7574; 20 cartões, 0 com leitura
antes-pais-en-768.png: 768 × 5890; 20 cartões, 0 com leitura
antes-pais-en-1024.png: 1024 × 5367; 20 cartões, 0 com leitura
antes-pais-en-1280.png: 1280 × 5335; 20 cartões, 0 com leitura
antes-pais-en-1600.png: 1600 × 5369; 20 cartões, 0 com leitura
antes-temas-pt-390.png: 390 × 6831; 36 cartões, 0 com leitura
antes-temas-pt-768.png: 768 × 4512; 36 cartões, 0 com leitura
antes-temas-pt-1024.png: 1024 × 4231; 36 cartões, 0 com leitura
antes-temas-pt-1280.png: 1280 × 4052; 36 cartões, 0 com leitura
antes-temas-pt-1600.png: 1600 × 4054; 36 cartões, 0 com leitura
antes-temas-en-390.png: 390 × 6787; 36 cartões, 0 com leitura
antes-temas-en-768.png: 768 × 4469; 36 cartões, 0 com leitura
antes-temas-en-1024.png: 1024 × 4171; 36 cartões, 0 com leitura
antes-temas-en-1280.png: 1280 × 4009; 36 cartões, 0 com leitura
antes-temas-en-1600.png: 1600 × 4000; 36 cartões, 0 com leitura
antes-cartao-saldo-pt-390.png: (sem leitura)
antes-cartao-saldo-pt-1280.png: (sem leitura)
antes-cartao-saldo-en-390.png: (sem leitura)
antes-cartao-saldo-en-1280.png: (sem leitura)
antes-cartao-disparidade-pt-390.png: (sem leitura)
antes-cartao-disparidade-pt-1280.png: (sem leitura)
antes-cartao-disparidade-en-390.png: (sem leitura)
antes-cartao-disparidade-en-1280.png: (sem leitura)
20 capturas de página, 8 recortes e 6 cópias guardadas; 0 falhas de aceitação, dist de f0779f37d71edd3bdc3d3ffd908ad18d50589863.
