depois-pais-pt-390.png: 390 × 9956; 20 cartões, 20 com leitura
depois-pais-pt-768.png: 768 × 7604; 20 cartões, 20 com leitura
depois-pais-pt-1024.png: 1024 × 7005; 20 cartões, 20 com leitura
depois-pais-pt-1280.png: 1280 × 7056; 20 cartões, 20 com leitura
depois-pais-pt-1600.png: 1600 × 6818; 20 cartões, 20 com leitura
depois-pais-en-390.png: 390 × 9824; 20 cartões, 20 com leitura
depois-pais-en-768.png: 768 × 7560; 20 cartões, 20 com leitura
depois-pais-en-1024.png: 1024 × 6918; 20 cartões, 20 com leitura
depois-pais-en-1280.png: 1280 × 6885; 20 cartões, 20 com leitura
depois-pais-en-1600.png: 1600 × 6770; 20 cartões, 20 com leitura
depois-temas-pt-390.png: 390 × 11442; 36 cartões, 36 com leitura
depois-temas-pt-768.png: 768 × 7454; 36 cartões, 36 com leitura
depois-temas-pt-1024.png: 1024 × 6979; 36 cartões, 36 com leitura
depois-temas-pt-1280.png: 1280 × 6870; 36 cartões, 36 com leitura
depois-temas-pt-1600.png: 1600 × 6477; 36 cartões, 36 com leitura
depois-temas-en-390.png: 390 × 11236; 36 cartões, 36 com leitura
depois-temas-en-768.png: 768 × 7336; 36 cartões, 36 com leitura
depois-temas-en-1024.png: 1024 × 6840; 36 cartões, 36 com leitura
depois-temas-en-1280.png: 1280 × 6622; 36 cartões, 36 com leitura
depois-temas-en-1600.png: 1600 × 6356; 36 cartões, 36 com leitura
depois-cartao-saldo-pt-390.png: Em 2025 as administrações públicas (o Estado, as regiões autónomas, as autarquias e a segurança social) receberam mais do que gastaram: um excedente de 0,7 % do PIB, o valor de tudo o que o país produz num ano. O saldo subiu face a 2024. O Pacto de Estabilidade e Crescimento não deixa o défice passar de 3 % do PIB: Portugal cumpre.
depois-cartao-saldo-pt-1280.png: Em 2025 as administrações públicas (o Estado, as regiões autónomas, as autarquias e a segurança social) receberam mais do que gastaram: um excedente de 0,7 % do PIB, o valor de tudo o que o país produz num ano. O saldo subiu face a 2024. O Pacto de Estabilidade e Crescimento não deixa o défice passar de 3 % do PIB: Portugal cumpre.
depois-cartao-saldo-en-390.png: In 2025 general government (the State, the autonomous regions, local authorities and social security) took in more than it spent: a surplus of 0,7 % of GDP, the value of everything the country produces in a year. The balance rose from 2024. The Stability and Growth Pact does not allow the deficit to exceed 3 % of GDP: Portugal complies.
depois-cartao-saldo-en-1280.png: In 2025 general government (the State, the autonomous regions, local authorities and social security) took in more than it spent: a surplus of 0,7 % of GDP, the value of everything the country produces in a year. The balance rose from 2024. The Stability and Growth Pact does not allow the deficit to exceed 3 % of GDP: Portugal complies.
depois-cartao-pib-pt-390.png: É o valor de tudo o que o país produziu no ano, por habitante, descontada a subida dos preços. Subiu face a 2024. Está abaixo da média da União Europeia.
depois-cartao-pib-pt-1280.png: É o valor de tudo o que o país produziu no ano, por habitante, descontada a subida dos preços. Subiu face a 2024. Está abaixo da média da União Europeia.
depois-cartao-pib-en-390.png: It is the value of everything the country produced in the year, per inhabitant, excluding the rise in prices. Up from 2024. Below the European Union average.
depois-cartao-pib-en-1280.png: It is the value of everything the country produced in the year, per inhabitant, excluding the rise in prices. Up from 2024. Below the European Union average.
depois-cartao-fluxo-empresas-pt-390.png: É quanto crédito as empresas contraíram num ano, descontado o que reembolsaram, fora as financeiras e sem contar o investimento direto estrangeiro, em percentagem da dívida que já tinham no fim do ano anterior. Subiu face a 2024. Para a Comissão Europeia, um fluxo acima de 13 % é sinal de possível desequilíbrio: Portugal está abaixo ou no limite.
depois-cartao-fluxo-empresas-pt-1280.png: É quanto crédito as empresas contraíram num ano, descontado o que reembolsaram, fora as financeiras e sem contar o investimento direto estrangeiro, em percentagem da dívida que já tinham no fim do ano anterior. Subiu face a 2024. Para a Comissão Europeia, um fluxo acima de 13 % é sinal de possível desequilíbrio: Portugal está abaixo ou no limite.
depois-cartao-fluxo-empresas-en-390.png: It is how much credit companies took on in a year, minus what they repaid, excluding financial companies and foreign direct investment, as a percentage of the debt they already had at the end of the previous year. Up from 2024. For the European Commission, a flow above 13 % is a sign of a possible imbalance: Portugal is at or below it.
depois-cartao-fluxo-empresas-en-1280.png: It is how much credit companies took on in a year, minus what they repaid, excluding financial companies and foreign direct investment, as a percentage of the debt they already had at the end of the previous year. Up from 2024. For the European Commission, a flow above 13 % is a sign of a possible imbalance: Portugal is at or below it.
depois-cartao-fluxo-familias-pt-390.png: É quanto crédito as famílias e as instituições sem fim lucrativo ao seu serviço contraíram num ano, descontado o que reembolsaram, em percentagem da dívida que já tinham no fim do ano anterior. Subiu face a 2024. Está acima da média da União Europeia. Para a Comissão Europeia, um fluxo acima de 14 % é sinal de possível desequilíbrio: Portugal está abaixo ou no limite.
depois-cartao-fluxo-familias-pt-1280.png: É quanto crédito as famílias e as instituições sem fim lucrativo ao seu serviço contraíram num ano, descontado o que reembolsaram, em percentagem da dívida que já tinham no fim do ano anterior. Subiu face a 2024. Está acima da média da União Europeia. Para a Comissão Europeia, um fluxo acima de 14 % é sinal de possível desequilíbrio: Portugal está abaixo ou no limite.
depois-cartao-fluxo-familias-en-390.png: It is how much credit households and non-profit institutions serving them took on in a year, minus what they repaid, as a percentage of the debt they already had at the end of the previous year. Up from 2024. Above the European Union average. For the European Commission, a flow above 14 % is a sign of a possible imbalance: Portugal is at or below it.
depois-cartao-fluxo-familias-en-1280.png: It is how much credit households and non-profit institutions serving them took on in a year, minus what they repaid, as a percentage of the debt they already had at the end of the previous year. Up from 2024. Above the European Union average. For the European Commission, a flow above 14 % is a sign of a possible imbalance: Portugal is at or below it.
depois-cartao-pobreza-pt-390.png: É a parte da população que está em pelo menos uma de três situações: rendimento abaixo de 60 % do rendimento mediano do país, privação material e social grave, ou viver num agregado onde quase ninguém trabalha; cada pessoa conta uma só vez. O rendimento mediano é o do meio: metade da população tem mais e metade tem menos. Desceu face a 2024. Está abaixo da média da União Europeia.
depois-cartao-pobreza-pt-1280.png: É a parte da população que está em pelo menos uma de três situações: rendimento abaixo de 60 % do rendimento mediano do país, privação material e social grave, ou viver num agregado onde quase ninguém trabalha; cada pessoa conta uma só vez. O rendimento mediano é o do meio: metade da população tem mais e metade tem menos. Desceu face a 2024. Está abaixo da média da União Europeia.
depois-cartao-pobreza-en-390.png: It is the share of the population in at least one of three situations: income below 60 % of the country’s median income, severe material and social deprivation, or living in a household where almost no one works; each person counts only once. The median income is the one in the middle: half the population has more and half has less. Down from 2024. Below the European Union average.
depois-cartao-pobreza-en-1280.png: It is the share of the population in at least one of three situations: income below 60 % of the country’s median income, severe material and social deprivation, or living in a household where almost no one works; each person counts only once. The median income is the one in the middle: half the population has more and half has less. Down from 2024. Below the European Union average.
depois-cartao-creches-pt-390.png: É a parte das crianças com menos de 3 anos que está numa creche ou noutro cuidado formal: um programa planeado por entidades públicas ou privadas reconhecidas, e não o cuidado dado pelos avós, por outros familiares, por amigos ou vizinhos, ou por uma ama profissional. Desceu face a 2024. Está acima da média da União Europeia.
depois-cartao-creches-pt-1280.png: É a parte das crianças com menos de 3 anos que está numa creche ou noutro cuidado formal: um programa planeado por entidades públicas ou privadas reconhecidas, e não o cuidado dado pelos avós, por outros familiares, por amigos ou vizinhos, ou por uma ama profissional. Desceu face a 2024. Está acima da média da União Europeia.
depois-cartao-creches-en-390.png: It is the share of children under 3 who are in a nursery or other formal childcare: a programme planned through public organisations or recognised private bodies, and not care given by grandparents, other relatives, friends or neighbours, or a professional child-minder. Down from 2024. Above the European Union average.
depois-cartao-creches-en-1280.png: It is the share of children under 3 who are in a nursery or other formal childcare: a programme planned through public organisations or recognised private bodies, and not care given by grandparents, other relatives, friends or neighbours, or a professional child-minder. Down from 2024. Above the European Union average.
depois-cartao-sobrecarga-inquilinos-pt-390.png: Entre as pessoas que vivem em casa arrendada a preço de mercado, é a parte cujo agregado gasta mais de 40 % do rendimento disponível com a habitação. O rendimento disponível é o que o agregado recebe, do trabalho, de investimentos e de prestações sociais, depois de pagos os impostos e as contribuições sociais; os apoios à habitação descontam-se do rendimento e do que se gasta com a habitação. Desceu face a 2024. Está acima da média da União Europeia.
depois-cartao-sobrecarga-inquilinos-pt-1280.png: Entre as pessoas que vivem em casa arrendada a preço de mercado, é a parte cujo agregado gasta mais de 40 % do rendimento disponível com a habitação. O rendimento disponível é o que o agregado recebe, do trabalho, de investimentos e de prestações sociais, depois de pagos os impostos e as contribuições sociais; os apoios à habitação descontam-se do rendimento e do que se gasta com a habitação. Desceu face a 2024. Está acima da média da União Europeia.
depois-cartao-sobrecarga-inquilinos-en-390.png: Among people living in a home rented at market price, it is the share whose household spends more than 40 % of its disposable income on housing. Disposable income is what the household receives, from work, investment and social benefits, after the taxes and social contributions it pays; housing allowances are deducted from both the income and the housing costs. Down from 2024. Above the European Union average.
depois-cartao-sobrecarga-inquilinos-en-1280.png: Among people living in a home rented at market price, it is the share whose household spends more than 40 % of its disposable income on housing. Disposable income is what the household receives, from work, investment and social benefits, after the taxes and social contributions it pays; housing allowances are deducted from both the income and the housing costs. Down from 2024. Above the European Union average.
depois-cartao-sobrecarga-total-pt-390.png: No total de todos os regimes de ocupação (casa própria com ou sem crédito, arrendada a preço de mercado ou a renda reduzida ou gratuita), é a parte das pessoas cujo agregado gasta mais de 40 % do rendimento disponível com a habitação. O rendimento disponível é o que o agregado recebe, do trabalho, de investimentos e de prestações sociais, depois de pagos os impostos e as contribuições sociais; os apoios à habitação descontam-se do rendimento e do que se gasta com a habitação. Desceu face a 2024. Este total mistura situações muito diferentes, e a Comissão Europeia diz que deve ler-se com a estrutura por regime de ocupação.
depois-cartao-sobrecarga-total-pt-1280.png: No total de todos os regimes de ocupação (casa própria com ou sem crédito, arrendada a preço de mercado ou a renda reduzida ou gratuita), é a parte das pessoas cujo agregado gasta mais de 40 % do rendimento disponível com a habitação. O rendimento disponível é o que o agregado recebe, do trabalho, de investimentos e de prestações sociais, depois de pagos os impostos e as contribuições sociais; os apoios à habitação descontam-se do rendimento e do que se gasta com a habitação. Desceu face a 2024. Este total mistura situações muito diferentes, e a Comissão Europeia diz que deve ler-se com a estrutura por regime de ocupação.
depois-cartao-sobrecarga-total-en-390.png: Across all tenure statuses (owned with or without a mortgage, rented at market price or at a reduced rent or free), it is the share of people whose household spends more than 40 % of its disposable income on housing. Disposable income is what the household receives, from work, investment and social benefits, after the taxes and social contributions it pays; housing allowances are deducted from both the income and the housing costs. Down from 2024. This total mixes very different situations, and the European Commission says it should be read together with the tenure structure.
depois-cartao-sobrecarga-total-en-1280.png: Across all tenure statuses (owned with or without a mortgage, rented at market price or at a reduced rent or free), it is the share of people whose household spends more than 40 % of its disposable income on housing. Disposable income is what the household receives, from work, investment and social benefits, after the taxes and social contributions it pays; housing allowances are deducted from both the income and the housing costs. Down from 2024. This total mixes very different situations, and the European Commission says it should be read together with the tenure structure.
depois-cartao-investimento-pt-390.png: É o que as empresas, o Estado, as famílias e as instituições sem fim lucrativo que produzem no país compraram num ano, descontado o que venderam, em bens que duram mais de um ano, como edifícios, máquinas e programas informáticos, em percentagem do PIB, o valor de tudo o que o país produz num ano. Subiu face a 2024. Está abaixo da média da União Europeia.
depois-cartao-investimento-pt-1280.png: É o que as empresas, o Estado, as famílias e as instituições sem fim lucrativo que produzem no país compraram num ano, descontado o que venderam, em bens que duram mais de um ano, como edifícios, máquinas e programas informáticos, em percentagem do PIB, o valor de tudo o que o país produz num ano. Subiu face a 2024. Está abaixo da média da União Europeia.
depois-cartao-investimento-en-390.png: It is what companies, the State, households and non-profit institutions that produce in the country acquired in a year, less what they disposed of, in assets that last more than a year, such as buildings, machinery and software, as a percentage of GDP, the value of everything the country produces in a year. Up from 2024. Below the European Union average.
depois-cartao-investimento-en-1280.png: It is what companies, the State, households and non-profit institutions that produce in the country acquired in a year, less what they disposed of, in assets that last more than a year, such as buildings, machinery and software, as a percentage of GDP, the value of everything the country produces in a year. Up from 2024. Below the European Union average.
depois-cartao-atividade-pt-390.png: É quanto mudou em três anos, em pontos percentuais, a parte da população dos 15 aos 64 anos que está ativa: a trabalhar ou à procura de trabalho. Positiva quer dizer que a parte ativa cresceu. A variação em três anos é menor do que a medida em 2024. A variação é maior do que a da União Europeia. Para a Comissão Europeia, uma descida de mais de 0,2 pontos em três anos é sinal de possível desequilíbrio: Portugal está acima desse valor.
depois-cartao-atividade-pt-1280.png: É quanto mudou em três anos, em pontos percentuais, a parte da população dos 15 aos 64 anos que está ativa: a trabalhar ou à procura de trabalho. Positiva quer dizer que a parte ativa cresceu. A variação em três anos é menor do que a medida em 2024. A variação é maior do que a da União Europeia. Para a Comissão Europeia, uma descida de mais de 0,2 pontos em três anos é sinal de possível desequilíbrio: Portugal está acima desse valor.
depois-cartao-atividade-en-390.png: It is how much the share of the population aged 15 to 64 that is active, working or looking for work, changed over three years, in percentage points. Positive means the active share grew. The three-year change is smaller than the one measured in 2024. The change is larger than the European Union’s. For the European Commission, a fall of more than 0,2 points over three years is a sign of a possible imbalance: Portugal is above that value.
depois-cartao-atividade-en-1280.png: It is how much the share of the population aged 15 to 64 that is active, working or looking for work, changed over three years, in percentage points. Positive means the active share grew. The three-year change is smaller than the one measured in 2024. The change is larger than the European Union’s. For the European Commission, a fall of more than 0,2 points over three years is a sign of a possible imbalance: Portugal is above that value.
depois-cartao-disparidade-pt-390.png: Por cada hora de trabalho, as mulheres ganharam em média menos do que os homens, em 2024, nas empresas com 10 ou mais trabalhadores: a diferença, em percentagem do ganho dos homens, foi de 7 %provisório. A diferença encolheu face a 2023.
depois-cartao-disparidade-pt-1280.png: Por cada hora de trabalho, as mulheres ganharam em média menos do que os homens, em 2024, nas empresas com 10 ou mais trabalhadores: a diferença, em percentagem do ganho dos homens, foi de 7 %provisório. A diferença encolheu face a 2023.
depois-cartao-disparidade-en-390.png: Per hour worked, women earned on average less than men, in 2024, in enterprises with 10 or more employees: the gap, as a percentage of men’s earnings, was 7 %provisional. The gap narrowed from 2023.
depois-cartao-disparidade-en-1280.png: Per hour worked, women earned on average less than men, in 2024, in enterprises with 10 or more employees: the gap, as a percentage of men’s earnings, was 7 %provisional. The gap narrowed from 2023.
depois-cartao-camaras-pt-390.png: Uma câmara acima do limite legal deve mais do que a lei lhe permite dever. Em 2024 o número de câmaras acima do limite era 10 em 308, e o número sem valor publicado era 1.
depois-cartao-camaras-pt-1280.png: Uma câmara acima do limite legal deve mais do que a lei lhe permite dever. Em 2024 o número de câmaras acima do limite era 10 em 308, e o número sem valor publicado era 1.
depois-cartao-camaras-en-390.png: A council above the legal limit owes more than the law allows it to owe. In 2024 the number of councils above the limit was 10 out of 308, and the number with no published value was 1.
depois-cartao-camaras-en-1280.png: A council above the legal limit owes more than the law allows it to owe. In 2024 the number of councils above the limit was 10 out of 308, and the number with no published value was 1.
20 capturas de página, 48 recortes e 6 cópias guardadas; 0 falhas de aceitação, dist de c1e155f021864214a2d05625afe6ad4dea60e24f.
