
> o-estado-do-pais@0.1.0 check:indice
> node tests/livro/indice.mjs --navegador


  A RÉGUA DOS NOMES, DAS DATAS E DO ÍNDICE · 7849 página(s) de <sitio>/dist

  ✗ I1 · o nome de uma medida não é o identificador
        20 página(s) · 856 entrada(s) · 732 com nome · 124 sem nome (as derivadas, que não têm fonte nem documento, e as que só têm o marcador por título de documento) · 856 identificador(es) em metadado
        a escada no índice do livro-razão, por edição (428 linhas): 145 pelo nome do cartão · 3 pelo rótulo da fonte · 218 pelo TÍTULO DO DOCUMENTO, que é o nome do papel e não o da medida · 62 sem nome
        1896 rótulo(s) do livro-razão inteiro com um localizador de uma das 4 formas conhecidas
        · /en/ledger: a entrada "despesa-por-funcao-2024-gf01-es" chama-se "General public services" e o nome dela é "General government expenditure by function (COFOG)".
        · /en/ledger: a entrada "despesa-por-funcao-2024-gf01-pt" chama-se "General public services" e o nome dela é "General government expenditure by function (COFOG)".
        · /en/ledger: a entrada "despesa-por-funcao-2024-gf01-ue" chama-se "General public services" e o nome dela é "General government expenditure by function (COFOG)".
        · /en/ledger: a entrada "despesa-por-funcao-2024-gf02-es" chama-se "Defence" e o nome dela é "General government expenditure by function (COFOG)".
        · /en/ledger: a entrada "despesa-por-funcao-2024-gf02-pt" chama-se "Defence" e o nome dela é "General government expenditure by function (COFOG)".
        · /en/ledger: a entrada "despesa-por-funcao-2024-gf02-ue" chama-se "Defence" e o nome dela é "General government expenditure by function (COFOG)".
        · /en/ledger: a entrada "despesa-por-funcao-2024-gf03-es" chama-se "Public order and safety" e o nome dela é "General government expenditure by function (COFOG)".
        · /en/ledger: a entrada "despesa-por-funcao-2024-gf03-pt" chama-se "Public order and safety" e o nome dela é "General government expenditure by function (COFOG)".
        · … e mais 442
  ✓ I2 · as datas ISO à vista
        0 data(s) ISO como valor · 0 em prosa por marcar · 1042 dentro de texto transcrito (a casa não edita o que transcreve) · 693 em documentos alojados e páginas de leitura (fora do âmbito do brief §2)
  ✗ I3 · a busca do índice é um formulário, e cobre o livro-razão inteiro
        2 índice(s) com um campo de busca dentro de um <form method="get"> · 6390 entrada(s) nos dois ficheiros do índice da busca, contra 3195 linhas do livro-razão em cada
        · /dados/livro-indice.en.json: 150 entrada(s) com um nome que não é o da sua linha.
        · /dados/livro-indice.pt.json: 150 entrada(s) com um nome que não é o da sua linha.
  ✓ I4 · a palavra retirada não está no rótulo da contagem
        0 ocorrência(s) no rótulo da contagem das áreas · 20 noutras páginas (o Método, o Sobre e os documentos alojados, que são do bloco F1.10)
  ✓ I5 · as contagens do índice com denominador
        as duas parcelas dizem de que total saem, nas duas edições
  ✓ I6 · o marcador com um destino só
        54 ligação(ões) em «pt» e 65 em «en», uma página cada · 98 marcador(es) dentro de um selo (excepção da Emenda 2) · 2 cadeia(s) dentro de documentos alojados, que são o texto do documento
  ✓ I8 · a página de uma unidade da Carta
        58 página(s), cada uma com a frase do índice, sem uma linha que não seja a da Carta e sem um algarismo fora de origem declarada
  ✓ I9 · as datas dos trabalhos, e o marcador que resta
        22 linha(s) de trabalho · 2 marcador(es) ao todo, 2 linha(s) com um e nenhuma com dois · 25 edição(ões) com a data do repositório conferida contra o git, 0 sem história · 25 de 25 linha(s) de src/data/datas-de-publicacao.json refeitas do git
  ✓ I10 · nenhum número novo
        3195 linha(s) citada(s) em 26964 ocorrência(s) · 19 motivo(s) declarado(s)
  ✓ I3b · a busca filtra o livro-razão inteiro, no navegador
        /livro-razao: 428 entradas no documento · por nome 3 · por concelho 9 · por fonte 50 · sem resultado 0
  ✓ I7 · sem transbordo a 390 nas páginas de linha
        1 página(s) medida (a do endereço mais longo; a amostra de 60 corre com --amostra-larga)
  ✓ I11 · o espaço entre o número e a palavra, a 390
        /lugares/: 1 par(es) medido(s) para 1 contagem(ns), vão mínimo 2.8px · com o defeito plantado, 1 de 1 apanhada(s) · /en/places/: 1 par(es) medido(s) para 1 contagem(ns), vão mínimo 2.8px · com o defeito plantado, 1 de 1 apanhada(s)

