mapa l.80 src/i18n/strings.mjs:4545 -> 4557
mapa l.317 src/i18n/strings.mjs:4138 -> 4150
mapa l.406 scripts/check-formas.mjs:711 -> 720
mapa l.408 scripts/check-formas.mjs:1551 -> 1560
mapa l.448 src/i18n/strings.mjs:4484 -> 4496
mapa l.448 src/i18n/strings.mjs:3162 -> 3168
mapa l.463 scripts/check-formas.mjs:731 -> 740
mapa l.468 scripts/check-formas.mjs:1542 -> 1551
mapa l.645 src/i18n/strings.mjs:2326 -> 2332
mapa l.683 src/lib/explicacoes.mjs:371 -> 384
mapa l.683 src/data/explicacoes/dinheiro-do-estado-2026.mjs:239 -> 253
mapa l.696 src/lib/explicacoes.mjs:63 -> 66
mapa l.696 src/data/explicacoes/dinheiro-do-estado-2026.mjs:57 -> 61
mapa l.696 src/lib/explicacoes.mjs:183 -> 186
mapa l.697 src/data/explicacoes/dinheiro-do-estado-2026.mjs:162 -> 166
mapa l.697 src/lib/explicacoes.mjs:302 -> 315
mapa l.697 src/data/explicacoes/dinheiro-do-estado-2026.mjs:235 -> 246
mapa l.698 tests/explicacoes/explicacao.mjs:30 -> 37
mapa l.698 tests/explicacoes/explicacao.mjs:456 -> 501
mapa l.698 tests/explicacoes/explicacao.mjs:349 -> 361
20 referência(s) postas em dia
