
[90m  correções de UX · bloco A · 30 réguas[0m

  [32mpassa[0m  A2 · o território por uma porta só, «Lugares», com as três camadas lá, e nenhum destino de telemóvel à parte · 390 pt
[90m         menu com 6 porta(s) · «Lugares» lá está (/lugares/) · em «Lugares»: 9 regiões, 29 distritos e ilhas, 308 concelhos na pesquisa · 0 linha(s) de comando na página (o F1.1 tirou-a) · 0 destino(s) do telemóvel[0m
  [32mpassa[0m  A4 · REVOGADA em parte (Emenda 20c) · o mapa rende-se a 390 em «Lugares» e a pesquisa fica à vista · 390 pt
[90m         svg 281px (a Emenda 20c manda rendê-lo; a 18 mandava-o fora) · 0 ponto(s) com caixa, que é o que saiu com a Emenda 20a · pesquisa à vista true · depois do título true · antes do mapa true · rótulo «Concelho» · a contagem dos 308 à vista true, a 406.5px da pesquisa[0m
  [32mpassa[0m  A1 · a busca do concelho inteira no primeiro ecrã de «Lugares», sem gesto, e o campo recebe o foco · 390 pt
[90m         topo 375.3, fundo 419.3 de 664 (dentro: true) · foco «pesquisa-concelho» · 1 formulário(s) com destino · endereço «»[0m
  [31mfalha[0m  A9 · nenhum texto abaixo de 12px na rota home · 390 pt
[90m         11.5px span.pp-escala-ponta «0» · 11.5px span.pp-escala-ponta «100» · 11.5px span.pp-escala-ponta «0» · 11.5px span.pp-escala-ponta «10» · 11.5px span.pp-escala-ponta «0» · 11.5px span.pp-escala-ponta «10»[0m
  [32mpassa[0m  A10 · a área efetiva do selo já é 44px, e não se mexeu · 390 pt
[90m         21 selos · mínimo 52.5×44.0 de área efetiva (a caixa do elemento mede 52×14) · os que ficam abaixo de 44: nenhum[0m
  [31mfalha[0m  A10 · zero alvos efetivos abaixo de 44px fora da mobília e do mapa, e zero áreas sobrepostas · 390 pt
[90m         71 alvos · 11 abaixo de 44 fora da mobília e do mapa (summary «Os números deste bloco» 143.9×40, a «Ver os números dos preços » 203.8×24.4, summary «Os números deste bloco» 143.9×40, a «Ver os números da habitaçã» 218.3×24.4, summary «Os números deste bloco» 143.9×40, a «Ver os números do emprego » 212.4×24.4) · 8 pares sobrepostos (a.src-chip«fonte · Eurostat» × a.src-chip«fonte · Eurostat» | a.src-chip«fonte · Estrutura de Missã» × a.src-chip«fonte · Estrutura de Missã» | a.src-chip«fonte · Estrutura de Missã» × a.src-chip«fonte · calculado») · medidos ao lado, na manchete, que é prosa: 0 de 0 (nenhum) · exceção medida na mobília: a 42.6×44, a 39.6×44 · medidas ao lado, no mapa: 0 de 0 áreas abaixo de 44 pela caixa, que é a medida errada para uma forma côncava (I82; os alvos das 29 são mapa-distritos.mjs M1 e M2)[0m
  [32mpassa[0m  A7 · a cabeça e o primeiro título do conteúdo começam antes de 40% do ecrã · 390 pt
[90m         cabeça 128.8px · primeiro título do conteúdo a 216.8px · 40% = 265.6px · marca em 1 linha(s) · 0 leitura(s) de aparelho no cabeçalho (o item 8.11 exige 0) · tema à vista na fila da marca true, no menu false[0m
  [31mfalha[0m  A8 · nenhuma banda de cor uniforme acima de 48px dentro do <main>, fora do desenho do mapa · 390 pt
[90m         maior banda no main: 64px em y=4828 (era 97px em y=824) · 234 bandas julgadas · dentro da caixa do mapa, medida e não julgada (o mar dentro do viewBox): nenhuma · fora do main, na composição da mobília e do pé: 71px@6548, 54px@101 · página 6844px[0m
  [32mpassa[0m  A2 · o território por uma porta só, «Lugares», com as três camadas lá, e nenhum destino de telemóvel à parte · 390 en
[90m         menu com 6 porta(s) · «Lugares» lá está (/en/places/) · em «Lugares»: 9 regiões, 29 distritos e ilhas, 308 concelhos na pesquisa · 0 linha(s) de comando na página (o F1.1 tirou-a) · 0 destino(s) do telemóvel[0m
  [32mpassa[0m  A4 · REVOGADA em parte (Emenda 20c) · o mapa rende-se a 390 em «Lugares» e a pesquisa fica à vista · 390 en
[90m         svg 281px (a Emenda 20c manda rendê-lo; a 18 mandava-o fora) · 0 ponto(s) com caixa, que é o que saiu com a Emenda 20a · pesquisa à vista true · depois do título true · antes do mapa true · rótulo «Municipality» · a contagem dos 308 à vista true, a 406.5px da pesquisa[0m
  [32mpassa[0m  A1 · a busca do concelho inteira no primeiro ecrã de «Lugares», sem gesto, e o campo recebe o foco · 390 en
[90m         topo 375.3, fundo 419.3 de 664 (dentro: true) · foco «pesquisa-concelho» · 1 formulário(s) com destino · endereço «»[0m
  [31mfalha[0m  A9 · nenhum texto abaixo de 12px na rota home · 390 en
[90m         11.5px span.pp-escala-ponta «0» · 11.5px span.pp-escala-ponta «100» · 11.5px span.pp-escala-ponta «0» · 11.5px span.pp-escala-ponta «10» · 11.5px span.pp-escala-ponta «0» · 11.5px span.pp-escala-ponta «10»[0m
  [32mpassa[0m  A10 · a área efetiva do selo já é 44px, e não se mexeu · 390 en
[90m         21 selos · mínimo 61.0×44.0 de área efetiva (a caixa do elemento mede 52×14) · os que ficam abaixo de 44: nenhum[0m
  [31mfalha[0m  A10 · zero alvos efetivos abaixo de 44px fora da mobília e do mapa, e zero áreas sobrepostas · 390 en
[90m         71 alvos · 12 abaixo de 44 fora da mobília e do mapa (summary «The figures in this block» 143.1×40, a «See the price figures →» 158.6×24.4, summary «The figures in this block» 143.1×40, a «See the housing figures →» 179.6×24.4, summary «The figures in this block» 143.1×40, a «See the employment figures» 210.8×24.4) · 10 pares sobrepostos (a.src-chip«source · Eurostat» × a.src-chip«source · Eurostat» | a.src-chip«source · Estrutura de Miss» × a.src-chip«source · calculated» | a.prova-valor«4» × a.prova-valor«13») · medidos ao lado, na manchete, que é prosa: 0 de 0 (nenhum) · exceção medida na mobília: a 43.7×44 · medidas ao lado, no mapa: 0 de 0 áreas abaixo de 44 pela caixa, que é a medida errada para uma forma côncava (I82; os alvos das 29 são mapa-distritos.mjs M1 e M2)[0m
  [32mpassa[0m  A7 · a cabeça e o primeiro título do conteúdo começam antes de 40% do ecrã · 390 en
[90m         cabeça 128.8px · primeiro título do conteúdo a 216.8px · 40% = 265.6px · marca em 1 linha(s) · 0 leitura(s) de aparelho no cabeçalho (o item 8.11 exige 0) · tema à vista na fila da marca true, no menu false[0m
  [31mfalha[0m  A8 · nenhuma banda de cor uniforme acima de 48px dentro do <main>, fora do desenho do mapa · 390 en
[90m         maior banda no main: 64px em y=4703 (era 97px em y=824) · 220 bandas julgadas · dentro da caixa do mapa, medida e não julgada (o mar dentro do viewBox): nenhuma · fora do main, na composição da mobília e do pé: 73px@6448, 54px@101 · página 6770px[0m
  [32mpassa[0m  A5 · uma unidade com página é uma porta com nome, e nenhuma área fica fora de uma porta · 1280 pt
[90m         29 áreas · 29 portas, 0 área(s) fora de uma porta · 0 sem nome acessível · 0 destino(s) fora de «/distritos/» · a primeira: «Aveiro» → /distritos/aveiro · cursor pointer[0m
  [32mpassa[0m  A5 · o leitor de teclado chega à porta do mapa · 1280 pt
[90m         posição 14 de 1333 alvos focáveis · foco em «uni-porta» → /distritos/aveiro[0m
  [32mpassa[0m  A6 · RETIRADA (Emenda 20a) · o nome de uma área é uma cadeia da Carta, sem composição · 1280 pt
[90m         0 leituras e 0 pontos em «Lugares» · 29 nomes de área, 0 vazios, 0 compostos · o primeiro: «Aveiro»[0m
  [32mpassa[0m  C1 · o mapa nunca desaparece ao mudar de estado · 1280 pt
[90m         #unidade=evora: grid, hidden=false · #unidade=faro: grid, hidden=false · (país): grid, hidden=false[0m
  [32mpassa[0m  A3 · a régua da convergência não se rende em / e as chaves da prova ficam · 1280 pt
[90m         #convergencia false · banda false · porta do telemóvel false · 92 chaves da prova reconferidas pelo portão[0m
  [31mfalha[0m  A8 · nenhuma banda de cor uniforme acima de 48px dentro do <main>, fora do desenho do mapa · 1280 pt
[90m         maior banda no main: 99px em y=3139 (era 125px em y=1043) · fora do main: 107px@4564, 61px@154, 54px@45 · página 4789px[0m
  [31mfalha[0m  A8 · o mesmo no concelho, e os quatro primeiros valores dos cartões dentro do primeiro ecrã · 1280 pt
[90m         maior banda no main: 113px em y=2062 (era 86px, o ar da secção) · 4 de 4 valores do relance (na cartões) dentro dos 800px, o primeiro a 703px (era 582 nas peças) · cartão 660..1003px (era 545..908)[0m
  [32mpassa[0m  A5 · uma unidade com página é uma porta com nome, e nenhuma área fica fora de uma porta · 1280 en
[90m         29 áreas · 29 portas, 0 área(s) fora de uma porta · 0 sem nome acessível · 0 destino(s) fora de «/en/districts/» · a primeira: «Aveiro» → /en/districts/aveiro · cursor pointer[0m
  [32mpassa[0m  A5 · o leitor de teclado chega à porta do mapa · 1280 en
[90m         posição 14 de 1333 alvos focáveis · foco em «uni-porta» → /en/districts/aveiro[0m
  [32mpassa[0m  A6 · RETIRADA (Emenda 20a) · o nome de uma área é uma cadeia da Carta, sem composição · 1280 en
[90m         0 leituras e 0 pontos em «Lugares» · 29 nomes de área, 0 vazios, 0 compostos · o primeiro: «Aveiro»[0m
  [32mpassa[0m  C1 · o mapa nunca desaparece ao mudar de estado · 1280 en
[90m         #unidade=evora: grid, hidden=false · #unidade=faro: grid, hidden=false · (país): grid, hidden=false[0m
  [32mpassa[0m  A3 · a régua da convergência não se rende em / e as chaves da prova ficam · 1280 en
[90m         #convergencia false · banda false · porta do telemóvel false · 92 chaves da prova reconferidas pelo portão[0m
  [31mfalha[0m  A8 · nenhuma banda de cor uniforme acima de 48px dentro do <main>, fora do desenho do mapa · 1280 en
[90m         maior banda no main: 99px em y=3153 (era 125px em y=1043) · fora do main: 108px@4625, 61px@154, 54px@45 · página 4850px[0m
  [31mfalha[0m  A8 · o mesmo no concelho, e os quatro primeiros valores dos cartões dentro do primeiro ecrã · 1280 en
[90m         maior banda no main: 113px em y=2062 (era 86px, o ar da secção) · 4 de 4 valores do relance (na cartões) dentro dos 800px, o primeiro a 703px (era 582 nas peças) · cartão 660..1003px (era 545..908)[0m

[31m  10 de 30 réguas falham.[0m

