
  [32m✓[0m L1·pt · uma lista só, com as mesmas 29 unidades do desenho, depois do mapa no documento
[90m      29 ligações, 29 slugs na gaveta e 29 no mapa, 29 destinos distintos · ordem do documento: mapa antes dos nomes[0m
  [32m✓[0m L1·en · uma lista só, com as mesmas 29 unidades do desenho, depois do mapa no documento
[90m      29 ligações, 29 slugs na gaveta e 29 no mapa, 29 destinos distintos · ordem do documento: mapa antes dos nomes[0m
  [32m✓[0m L4·pt·320 · nenhuma unidade sem nome à vista: a gaveta aberta e os 29 nomes
[90m      gaveta à vista e aberta · 29 nome(s), 0 escondido(s)[0m
  [32m✓[0m L4·pt·360 · nenhuma unidade sem nome à vista: a gaveta aberta e os 29 nomes
[90m      gaveta à vista e aberta · 29 nome(s), 0 escondido(s)[0m
  [32m✓[0m L4·pt·390 · nenhuma unidade sem nome à vista: a gaveta aberta e os 29 nomes
[90m      gaveta à vista e aberta · 29 nome(s), 0 escondido(s)[0m
  [32m✓[0m L4·pt·430 · nenhuma unidade sem nome à vista: a gaveta aberta e os 29 nomes
[90m      gaveta à vista e aberta · 29 nome(s), 0 escondido(s)[0m
  [32m✓[0m L4·pt·768 · nenhuma unidade sem nome à vista: a gaveta aberta e os 29 nomes
[90m      gaveta à vista e aberta · 29 nome(s), 0 escondido(s)[0m
  [32m✓[0m L4·pt·1024 · nenhuma unidade sem nome à vista: a gaveta aberta e os 29 nomes
[90m      gaveta à vista e aberta · 29 nome(s), 0 escondido(s)[0m
  [32m✓[0m L4·pt·1280 · nenhuma unidade sem nome à vista: a gaveta aberta e os 29 nomes
[90m      gaveta à vista e aberta · 29 nome(s), 0 escondido(s)[0m
  [32m✓[0m L4·pt·1440 · nenhuma unidade sem nome à vista: a gaveta aberta e os 29 nomes
[90m      gaveta à vista e aberta · 29 nome(s), 0 escondido(s)[0m
  [32m✓[0m L4·en·320 · nenhuma unidade sem nome à vista: a gaveta aberta e os 29 nomes
[90m      gaveta à vista e aberta · 29 nome(s), 0 escondido(s)[0m
  [32m✓[0m L4·en·360 · nenhuma unidade sem nome à vista: a gaveta aberta e os 29 nomes
[90m      gaveta à vista e aberta · 29 nome(s), 0 escondido(s)[0m
  [32m✓[0m L4·en·390 · nenhuma unidade sem nome à vista: a gaveta aberta e os 29 nomes
[90m      gaveta à vista e aberta · 29 nome(s), 0 escondido(s)[0m
  [32m✓[0m L4·en·430 · nenhuma unidade sem nome à vista: a gaveta aberta e os 29 nomes
[90m      gaveta à vista e aberta · 29 nome(s), 0 escondido(s)[0m
  [32m✓[0m L4·en·768 · nenhuma unidade sem nome à vista: a gaveta aberta e os 29 nomes
[90m      gaveta à vista e aberta · 29 nome(s), 0 escondido(s)[0m
  [32m✓[0m L4·en·1024 · nenhuma unidade sem nome à vista: a gaveta aberta e os 29 nomes
[90m      gaveta à vista e aberta · 29 nome(s), 0 escondido(s)[0m
  [32m✓[0m L4·en·1280 · nenhuma unidade sem nome à vista: a gaveta aberta e os 29 nomes
[90m      gaveta à vista e aberta · 29 nome(s), 0 escondido(s)[0m
  [32m✓[0m L4·en·1440 · nenhuma unidade sem nome à vista: a gaveta aberta e os 29 nomes
[90m      gaveta à vista e aberta · 29 nome(s), 0 escondido(s)[0m
  [32m✓[0m L5·pt·320 · cada nome é um alvo de 44 px de altura, e nenhum se interseta
[90m      29/29 à vista · o mais baixo 44.0 px · 0 sob 44 de altura, 0 interseção(ões)[0m
  [32m✓[0m L5·pt·360 · cada nome é um alvo de 44 px de altura, e nenhum se interseta
[90m      29/29 à vista · o mais baixo 44.0 px · 0 sob 44 de altura, 0 interseção(ões)[0m
  [32m✓[0m L5·pt·390 · cada nome é um alvo de 44 px de altura, e nenhum se interseta
[90m      29/29 à vista · o mais baixo 44.0 px · 0 sob 44 de altura, 0 interseção(ões)[0m
  [32m✓[0m L5·pt·430 · cada nome é um alvo de 44 px de altura, e nenhum se interseta
[90m      29/29 à vista · o mais baixo 44.0 px · 0 sob 44 de altura, 0 interseção(ões)[0m
  [32m✓[0m L5·pt·768 · cada nome é um alvo de 44 px de altura, e nenhum se interseta
[90m      29/29 à vista · o mais baixo 44.0 px · 0 sob 44 de altura, 0 interseção(ões)[0m
  [32m✓[0m L5·pt·1024 · cada nome é um alvo de 44 px de altura, e nenhum se interseta
[90m      29/29 à vista · o mais baixo 44.0 px · 0 sob 44 de altura, 0 interseção(ões)[0m
  [32m✓[0m L5·pt·1280 · cada nome é um alvo de 44 px de altura, e nenhum se interseta
[90m      29/29 à vista · o mais baixo 44.0 px · 0 sob 44 de altura, 0 interseção(ões)[0m
  [32m✓[0m L5·pt·1440 · cada nome é um alvo de 44 px de altura, e nenhum se interseta
[90m      29/29 à vista · o mais baixo 44.0 px · 0 sob 44 de altura, 0 interseção(ões)[0m
  [32m✓[0m L5·en·320 · cada nome é um alvo de 44 px de altura, e nenhum se interseta
[90m      29/29 à vista · o mais baixo 44.0 px · 0 sob 44 de altura, 0 interseção(ões)[0m
  [32m✓[0m L5·en·360 · cada nome é um alvo de 44 px de altura, e nenhum se interseta
[90m      29/29 à vista · o mais baixo 44.0 px · 0 sob 44 de altura, 0 interseção(ões)[0m
  [32m✓[0m L5·en·390 · cada nome é um alvo de 44 px de altura, e nenhum se interseta
[90m      29/29 à vista · o mais baixo 44.0 px · 0 sob 44 de altura, 0 interseção(ões)[0m
  [32m✓[0m L5·en·430 · cada nome é um alvo de 44 px de altura, e nenhum se interseta
[90m      29/29 à vista · o mais baixo 44.0 px · 0 sob 44 de altura, 0 interseção(ões)[0m
  [32m✓[0m L5·en·768 · cada nome é um alvo de 44 px de altura, e nenhum se interseta
[90m      29/29 à vista · o mais baixo 44.0 px · 0 sob 44 de altura, 0 interseção(ões)[0m
  [32m✓[0m L5·en·1024 · cada nome é um alvo de 44 px de altura, e nenhum se interseta
[90m      29/29 à vista · o mais baixo 44.0 px · 0 sob 44 de altura, 0 interseção(ões)[0m
  [32m✓[0m L5·en·1280 · cada nome é um alvo de 44 px de altura, e nenhum se interseta
[90m      29/29 à vista · o mais baixo 44.0 px · 0 sob 44 de altura, 0 interseção(ões)[0m
  [32m✓[0m L5·en·1440 · cada nome é um alvo de 44 px de altura, e nenhum se interseta
[90m      29/29 à vista · o mais baixo 44.0 px · 0 sob 44 de altura, 0 interseção(ões)[0m
  [32m✓[0m L10·pt·320 · sem pontuação entre os nomes: nenhum «::before» nem «::after» com conteúdo
[90m      0 pseudo-elementos com conteúdo nas duas gavetas[0m
  [32m✓[0m L10·pt·360 · sem pontuação entre os nomes: nenhum «::before» nem «::after» com conteúdo
[90m      0 pseudo-elementos com conteúdo nas duas gavetas[0m
  [32m✓[0m L10·pt·390 · sem pontuação entre os nomes: nenhum «::before» nem «::after» com conteúdo
[90m      0 pseudo-elementos com conteúdo nas duas gavetas[0m
  [32m✓[0m L10·pt·430 · sem pontuação entre os nomes: nenhum «::before» nem «::after» com conteúdo
[90m      0 pseudo-elementos com conteúdo nas duas gavetas[0m
  [32m✓[0m L10·pt·768 · sem pontuação entre os nomes: nenhum «::before» nem «::after» com conteúdo
[90m      0 pseudo-elementos com conteúdo nas duas gavetas[0m
  [32m✓[0m L10·pt·1024 · sem pontuação entre os nomes: nenhum «::before» nem «::after» com conteúdo
[90m      0 pseudo-elementos com conteúdo nas duas gavetas[0m
  [32m✓[0m L10·pt·1280 · sem pontuação entre os nomes: nenhum «::before» nem «::after» com conteúdo
[90m      0 pseudo-elementos com conteúdo nas duas gavetas[0m
  [32m✓[0m L10·pt·1440 · sem pontuação entre os nomes: nenhum «::before» nem «::after» com conteúdo
[90m      0 pseudo-elementos com conteúdo nas duas gavetas[0m
  [32m✓[0m L10·en·320 · sem pontuação entre os nomes: nenhum «::before» nem «::after» com conteúdo
[90m      0 pseudo-elementos com conteúdo nas duas gavetas[0m
  [32m✓[0m L10·en·360 · sem pontuação entre os nomes: nenhum «::before» nem «::after» com conteúdo
[90m      0 pseudo-elementos com conteúdo nas duas gavetas[0m
  [32m✓[0m L10·en·390 · sem pontuação entre os nomes: nenhum «::before» nem «::after» com conteúdo
[90m      0 pseudo-elementos com conteúdo nas duas gavetas[0m
  [32m✓[0m L10·en·430 · sem pontuação entre os nomes: nenhum «::before» nem «::after» com conteúdo
[90m      0 pseudo-elementos com conteúdo nas duas gavetas[0m
  [32m✓[0m L10·en·768 · sem pontuação entre os nomes: nenhum «::before» nem «::after» com conteúdo
[90m      0 pseudo-elementos com conteúdo nas duas gavetas[0m
  [32m✓[0m L10·en·1024 · sem pontuação entre os nomes: nenhum «::before» nem «::after» com conteúdo
[90m      0 pseudo-elementos com conteúdo nas duas gavetas[0m
  [32m✓[0m L10·en·1280 · sem pontuação entre os nomes: nenhum «::before» nem «::after» com conteúdo
[90m      0 pseudo-elementos com conteúdo nas duas gavetas[0m
  [32m✓[0m L10·en·1440 · sem pontuação entre os nomes: nenhum «::before» nem «::after» com conteúdo
[90m      0 pseudo-elementos com conteúdo nas duas gavetas[0m

[32m  50 células, todas verdes.
[0m
