  passa  estado inicial · RETIRADA (PP1) · a primeira página não tem estado, e abre com os cinco blocos de «O que se passa»
         0 raiz(es) de estado · 5 bloco(s) de «O que se passa» · âmbito null · densidade null
  passa  8.15 · RETIRADA (B1, peça 3; PP1) · o título da primeira página é a marca, sem algarismo nem valor selado
         1 <h1> · «O Estado do País» · marca true · 0 valor(es) selado(s)
  passa  2l · a manchete da União leva as duas contagens da Emenda 16
         Portugal falha 4 valores de referência do Procedimento dos Desequilíbrios Macroeconómicos e cumpre 9. · painel_fora_do_limiar + painel_dentro_do_limiar
  passa  a área de leitura da União com 13 leituras do Procedimento e 21 ao todo (Emenda 16)
         13 do Procedimento · 21 ao todo
  passa  8.16 · a primeira página não tem leitura nenhuma dos painéis
         em /: 0 leitura(s), marca «null»
  passa  ordem do teclado · «O que se passa» → as portas por assunto → os estudos recentes
         blocos 10 · portas por assunto 62 · estudos 70 · 101 paragens
  passa  mudança · estado de defeito · país
         / · null
  passa  mudança · âmbito → modo concelho
         /?ambito=municipio · null
  passa  a página não tem comando de estado nenhum
         0 linha(s) de comando · 0 comando(s) de âmbito · 0 de densidade
  passa  `?densidade=leitura` já não muda nada em `/` (itens 8.14 e 8.16)
         sem o estado: 0 leitura(s), 0 aberta(s) · com o estado: 0 leitura(s), 0 aberta(s) · bloco «null» nos dois
  passa  para trás, cinco vezes
         cada passo repôs o seu estado
  passa  para a frente
         /?ambito=municipio
  passa  recarga em cada estado
         / → null · /?ambito=municipio → null
  passa  uma leitura abre só a sua
         1 abertas · toque no cartão «divida-publica-2025»
  passa  ordem do teclado com uma leitura aberta · faixa → o <summary> dela → rodapé
         «divida-publica-2025» aberta: true · faixa 34 · <summary> 79 · rodapé 86 · 94 paragens
  passa  8.12 e 8.14 · em repouso nenhuma leitura aberta e nenhum cabeçalho de painel à vista
         0 de 21 abertas · marca da área «sim» · linha de instrução: fora da página · 0 de 2 cabeçalhos de painel à vista
  passa  valor inválido · ambito=lisboa
         a página é a mesma que sem o valor (o mesmo texto), e o valor não é ecoado
  passa  valor inválido · densidade=fundo
         a página é a mesma que sem o valor (o mesmo texto), e o valor não é ecoado
  passa  valor inválido · ambito com injecção
         a página é a mesma que sem o valor (o mesmo texto), e o valor não é ecoado
  passa  valor inválido · o plural de um valor válido
         a página é a mesma que sem o valor (o mesmo texto), e o valor não é ecoado
  passa  valor inválido · o prefixo sem concelho
         a página é a mesma que sem o valor (o mesmo texto), e o valor não é ecoado
  passa  valor inválido · ambito de 2 000 caracteres
         a página é a mesma que sem o valor (o mesmo texto), e o valor não é ecoado
  passa  edição pt · RETIRADA (PP1) · um endereço com consulta dá a página da sua edição
         lang «pt-PT»
  passa  edição pt · RETIRADA (B1, peça 3) · a troca de língua do rodapé leva à primeira página da outra edição
         /en
  passa  edição en · RETIRADA (PP1) · um endereço com consulta dá a página da sua edição
         lang «en»
  passa  edição en · RETIRADA (B1, peça 3) · a troca de língua do rodapé leva à primeira página da outra edição
         /
  falha  largura 320 · sem transbordo horizontal
         scrollWidth − clientWidth = 2
  passa  largura 390 · sem transbordo horizontal
         scrollWidth − clientWidth = 0
  passa  largura 768 · sem transbordo horizontal
         scrollWidth − clientWidth = 0
  passa  largura 1024 · sem transbordo horizontal
         scrollWidth − clientWidth = 0
  passa  largura 1280 · sem transbordo horizontal
         scrollWidth − clientWidth = 0
  passa  tema claro · papel e tinta
         papel rgb(246, 247, 244) · tinta rgb(23, 25, 27)
  passa  tema claro · o contorno do marcador é a tinta do tema
         contorno rgb(23, 25, 27)
  passa  tema escuro · papel e tinta
         papel rgb(21, 23, 26) · tinta rgb(236, 238, 234)
  passa  tema escuro · o contorno do marcador é a tinta do tema
         contorno rgb(236, 238, 234)
  passa  movimento reduzido · a leitura não tem transição
         transition-duration 1e-05s
  passa  o selo de cada leitura é alvo de 44×44
         21 de 21 selos de leitura em 21 cartão(ões) · mínimo 52.5×44
  passa  nenhum selo dentro de outro alvo
         0 aninhados em 21
  passa  nenhum par de áreas de toque sobrepostas na leitura
         0 pares em 21 leitura(s) abertas uma a uma
  passa  cada leitura tem o seu selo e uma porta por origem declarada (09.09.2026, no lugar do «selo maior»)
         21 de 21 leitura(s) abertas · 59 bloco(s) de origem · 0 sem selo · 0 sem origem · 0 com um bloco de origem que não tem uma porta · 0 com uma porta abaixo de 44px
  passa  sem JavaScript · /
         completo e correcto: 5 bloco(s) de «O que se passa», 8 porta(s) por assunto, 0 leituras de painel, transbordo 0
  passa  sem JavaScript · nenhuma nota de mecânica · /
         nota no documento: false
  passa  sem JavaScript · /?ambito=regiao:alentejo
         completo e correcto: 5 bloco(s) de «O que se passa», 8 porta(s) por assunto, 0 leituras de painel, transbordo 0
  passa  sem JavaScript · nenhuma nota de mecânica · /?ambito=regiao:alentejo
         nota no documento: false
  passa  sem JavaScript · /?ambito=municipio:beja
         completo e correcto: 5 bloco(s) de «O que se passa», 8 porta(s) por assunto, 0 leituras de painel, transbordo 0
  passa  sem JavaScript · nenhuma nota de mecânica · /?ambito=municipio:beja
         nota no documento: false
  passa  sem JavaScript · /?ambito=municipio
         completo e correcto: 5 bloco(s) de «O que se passa», 8 porta(s) por assunto, 0 leituras de painel, transbordo 0
  passa  sem JavaScript · nenhuma nota de mecânica · /?ambito=municipio
         nota no documento: false
  passa  sem JavaScript · /uniao-europeia
         completo e correcto: 21 leituras, 0 valores, 21 selos
  passa  sem JavaScript · nenhuma nota de mecânica · /uniao-europeia
         nota no documento: false
  passa  2l · a data da reconferência saiu da primeira página e do cabeçalho, e vive dentro do painel
         em / : 0 na página, 0 no cabeçalho · em /uniao-europeia: 1 leitura(s) dentro de #painel, marca «data-de-atualizacao», texto «28.09.2026», 0 âncora(s)
  passa  2l · Emenda 17 (acerto 4 do P1) · por baixo do mapa uma só linha, a da Carta, e o número com o seu selo no lugar do nome
         «Direção-Geral do Território · Carta Administrativa Oficial de Portugal (CAOP) 2025 · CC BY 4.0» · ficha em 2 linha(s) · número no lugar do nome «municipios-portugal-caop-2025», selo true · camada de aparelho 0 · citação na página 0
  passa  2l · RETIRADA (Emenda 20a) · as dicas descreviam o mapa de pontos, que saiu; o mapa de «Lugares» é descrito pela menção da Carta, sem gesto nenhum
         0 dicas no documento · aria-describedby «mapa-legenda» (a legenda: true) · 29 áreas e 0 pontos no mapa de «Lugares»
  passa  largura 768 · a régua de uma leitura aberta tem largura de régua
         13 régua(s) em 13 leitura(s) com limiar, abertas uma a uma · a mais estreita 686px · transbordo 0
  passa  largura 1280 · a régua de uma leitura aberta tem largura de régua
         13 régua(s) em 13 leitura(s) com limiar, abertas uma a uma · a mais estreita 715px · transbordo 0
  passa  largura 1280 · a pesquisa com a caixa vazia não mostra nada, e um resultado com e sem página
         caixa vazia: 0 resultado(s) · a lista distingue: false · com «beja» escrito: Beja (porta true, «null»)
  passa  largura 390 · a pesquisa com a caixa vazia não mostra nada, e um resultado com e sem página
         caixa vazia: 0 resultado(s) · a lista distingue: false · com «beja» escrito: Beja (porta true, «null»)
  passa  2m · o mapa vive em «Lugares», inteiro e um só nos dois estados, e a primeira página e a do concelho não têm mapa
         país: inteiro (nível pais), 430px numa coluna de 430px, 1 mapa, ficha true, texto de cartão 0 · Évora crescida: inteiro (nível unidade), 430px numa coluna de 430px, 1 mapa, ficha true, texto de cartão 0 · a primeira página: 0 mapa(s) · /municipios/evora: 0 mapa(s)
  passa  o rótulo da unidade segue uma regra só nos 308 (ISSUES I18): o nome da Carta, com a porta da sua página
         Beja «Beja → /distritos/beja» · Horta «Ilha do Faial → /distritos/ilha-do-faial» · Lagoa «Ilha de São Miguel → /distritos/ilha-de-sao-miguel» · Évora «Évora → /distritos/evora»
  falha  ISSUES I20 · 3 estados × 5 larguras sem transbordo, e o rótulo dentro da régua
         14 de 15 a zero · 65 rótulo(s) de régua medidos · pais-relance@320:2 · pais-relance@390:0 · pais-relance@768:0 · pais-relance@1024:0 · pais-relance@1280:0 · pesquisa-aberta@320:0 · pesquisa-aberta@390:0 · pesquisa-aberta@768:0 · pesquisa-aberta@1024:0 · pesquisa-aberta@1280:0 · uniao-europeia@320:0 · uniao-europeia@390:0 · uniao-europeia@768:0 · uniao-europeia@1024:0 · uniao-europeia@1280:0
  falha  2i·1 · a primeira página não tem região, e um endereço antigo leva à página dela
         0 cabeças e 0 painéis de região · índice das regiões → null (no menu: false) · banda e pastilhas fora da página (0 pontos, 0 pastilhas) · destinos /, /, /
  passa  2i·2 · a palavra do provisório segue a edição, nas duas
         pt {"(dado provisório)":10} · en {"(provisional data)":10}
  passa  2j·a · RETIRADA (item 8.17b) · as áreas da unidade são iguais e nenhuma vem cheia (Emendas 3 e 10)
         em /distritos/evora: 0 ponto(s) e 14 <path> de área · enchimento none · contorno rgb(23, 25, 27)|1px · 14 com porta
  passa  2j·a · RETIRADA em parte (peça 2 do B1) · o anel do concelho saiu com o mapa da página dele; as 29 áreas de «Lugares» são uma só
         «Lugares»: 0 pontos, 29 áreas com 1 estilo (none|rgb(23, 25, 27)|1px)
  passa  2l · Emenda 15 · a neutralidade e a cobertura saíram do mapa, em todas as posturas
         «Lugares» · inteiro (inteiro): 0 neutras, 0 de cobertura · «Lugares» · Évora crescida (inteiro): 0 neutras, 0 de cobertura · distrito de Évora (unidade): 0 neutras, 0 de cobertura · distrito de Évora · 390 (unidade): 0 neutras, 0 de cobertura · «Lugares» · 390 (inteiro): 0 neutras, 0 de cobertura
  passa  2i·3d · RETIRADA (Emenda 20c) · o mapa de «Lugares» rende-se nas duas larguras, com as 29 áreas e sem pontos
         320: tela 281px · 390: tela 281px · 430: tela 281px · 3/3 à largura da janela · 29 áreas com caixa, 0 pontos, 0 leituras, 0 nomes nas listas · 1280: tela 430px, 29 áreas · os alvos das 29 passaram a mapa-distritos.mjs M1 e M2, medidos pela área inscrita
  passa  2i·5 · o espaço age na leitura e não rola a página, e o que activa é um comando a sério
         um toque num cartão → 1 de 21 aberta(s); espaço no resumo dela → 0 · a janela passou de 6522 para 5681 px, e o esperado era 5681 (o teto da rolagem depois de fechar é 5681: 841 px são a página a encurtar, 0 são a tecla) · o comando da leitura é <summary> · ligações com papel de botão: 0
  passa  2i·5 · o que submete a busca de «Lugares» é um botão a sério
         o botão da busca é «button type=submit» · ligações com papel de botão: 0
  passa  2i·5 · nenhuma régua com papel de imagem e sem nome acessível
         13 réguas · 13 com aria-hidden · 0 com role="img" sem nome · 0 com conteúdo focável dentro
  passa  2j · Emenda 12 · claro por defeito, com o sistema em escuro e sem escolha
         pt: data-theme null · papel rgb(246, 247, 244) · guardado null · light:true dark:false · en: data-theme null · papel rgb(246, 247, 244) · guardado null · light:true dark:false
  passa  2j · Emenda 12 · a escolha do tema persiste, nas duas edições
         pt: carregou rgb(21, 23, 26) (dark) · recarga rgb(21, 23, 26) · /metodo rgb(21, 23, 26) · voltou a claro rgb(246, 247, 244) (light) · en: carregou rgb(21, 23, 26) (dark) · recarga rgb(21, 23, 26) · /en/method rgb(21, 23, 26) · voltou a claro rgb(246, 247, 244) (light)
  passa  2j · Emenda 12 · sem JavaScript o controlo do tema não se vê, e a página é clara
         existe true · hidden true · altura 0 · data-theme null
  passa  2j · Emenda 13 · a fila de estados saiu da cabeça, e as contagens ficaram
         0 filas em / e 0 em /uniao-europeia · chaves da prova na manchete: painel_fora_do_limiar, painel_dentro_do_limiar · 13 marcadores em 13 cartões pintados e 13 palavras de estado na faixa
  passa  2j · as leituras sem caixas, separadas por fios de 1px
         13 leituras · 0 com moldura · 0 sem o fio de 1px
  passa  2j · os algarismos do valor têm tecto de 56px e crescem sem saltos
         320: 30.0px (menor 30.0, 21 algarismo(s)) · 390: 30.0px (menor 30.0, 21 algarismo(s)) · 768: 30.0px (menor 30.0, 21 algarismo(s)) · 1024: 40.0px (menor 40.0, 21 algarismo(s)) · 1280: 40.0px (menor 40.0, 21 algarismo(s))
  passa  2k · as divulgações por irmão: aria-controls resolve e aria-expanded acompanha, e a navegação está à vista sem «Menu» (B1, peça 3)
         pt: 390 · 0 divulgação(ões) por irmão · menu sem comando true, à vista true · 1280 · comando à vista:false navegação à vista:true · en: 390 · 0 divulgação(ões) por irmão · menu sem comando true, à vista true · 1280 · comando à vista:false navegação à vista:true
  passa  2l · a banda desenha duas referências, e os dois algarismos vão marcados
         saldo-da-balanca-corrente-2025: 2 referências em 2 posições · «valor de referência da Comissão −4/+6 %» · taxa-de-cambio-efectiva-real-2025: 2 referências em 2 posições · «valor de referência da Comissão −3/+3 %»
  passa  2l · Emenda 16 · o Painel Social tem oito leituras, sem cor, sem o valor repetido e com o selo fora de outro alvo
         8 leituras, todas com selo (2 acrescentam a porta para o domínio) · 0 valores (o valor vive no cartão da faixa) · selo 52.5×44px · aninhados 0 · marcadores 0
  passa  Emenda 14 · um concelho sem estudos rende as suas medidas e mais nada
         /municipios/agueda: 8 cartões, as mesmas medidas que Évora true (8 em Évora), cada um com a sua leitura true (0 sem valor) · secções de trabalho 0 (Évora 7) · peças que saíram 0
  passa  2l · Emenda 17 · o texto à esquerda e o mapa à direita, de 1024 para cima
         1024 pt: 477.281px 430px · mapa a 553px (430px) · transbordo 0 · 1024 en: 477.281px 430px · mapa a 553px (430px) · transbordo 0 · 1180 pt: 621.891px 430px · mapa a 706px (430px) · transbordo 0 · 1180 en: 621.891px 430px · mapa a 706px (430px) · transbordo 0 · 1280 pt: 618.484px 430px · mapa a 756px (430px) · transbordo 0 · 1280 en: 618.484px 430px · mapa a 756px (430px) · transbordo 0
  passa  2l · as chaves novas da prova: a página e o portão dizem o mesmo
         fora 4/4 · dentro 9/9 · total 13 · social 8
  passa  2l · Emenda 15 · zero frases de autorreferência em todas as rotas medidas
         1396 rotas medidas · autorreferência > 0 em 0 · por classificar em 0 rota(s) · /: conteúdo 43 · navegação 9 · autorreferência 0 · /en: conteúdo 43 · navegação 10 · autorreferência 0
  passa  2m · o mapa enche a sua coluna em «Lugares», e a legenda fica fora do desenho
         1024 pt: coluna 430 · mapa 430×567 em x=553 · legenda em x=553 y=903.2, cruza o desenho: false · transbordo 0 · 1024 en: coluna 430 · mapa 430×567 em x=553 · legenda em x=553 y=903.2, cruza o desenho: false · transbordo 0 · 1180 pt: coluna 430 · mapa 430×567 em x=706 · legenda em x=706 y=907.7, cruza o desenho: false · transbordo 0 · 1180 en: coluna 430 · mapa 430×567 em x=706 · legenda em x=706 y=907.7, cruza o desenho: false · transbordo 0 · 1280 pt: coluna 430 · mapa 430×567 em x=756 · legenda em x=756 y=907.9, cruza o desenho: false · transbordo 0 · 1280 en: coluna 430 · mapa 430×567 em x=756 · legenda em x=756 y=907.9, cruza o desenho: false · transbordo 0 · 1440 pt: coluna 430 · mapa 430×567 em x=836 · legenda em x=836 y=907.9, cruza o desenho: false · transbordo 0 · 1440 en: coluna 430 · mapa 430×567 em x=836 · legenda em x=836 y=907.9, cruza o desenho: false · transbordo 0
  passa  2m · a busca aberta em «Lugares» está à vista, e o mapa fica onde estava
         1024 pt: /lugares/ · fila aberta true com 1 resultado(s), busca à vista true · mapa 430 em x=553 na coluna de 430 (em repouso 430 em x=553) · caixa das 29 áreas 411.1×528.3 → 411.1×528.3 · transbordo 0 · 1024 en: /en/places/ · fila aberta true com 1 resultado(s), busca à vista true · mapa 430 em x=553 na coluna de 430 (em repouso 430 em x=553) · caixa das 29 áreas 411.1×528.3 → 411.1×528.3 · transbordo 0 · 1280 pt: /lugares/ · fila aberta true com 1 resultado(s), busca à vista true · mapa 430 em x=756 na coluna de 430 (em repouso 430 em x=756) · caixa das 29 áreas 411.1×528.3 → 411.1×528.3 · transbordo 0 · 1280 en: /en/places/ · fila aberta true com 1 resultado(s), busca à vista true · mapa 430 em x=756 na coluna de 430 (em repouso 430 em x=756) · caixa das 29 áreas 411.1×528.3 → 411.1×528.3 · transbordo 0 · 1440 pt: /lugares/ · fila aberta true com 1 resultado(s), busca à vista true · mapa 430 em x=836 na coluna de 430 (em repouso 430 em x=836) · caixa das 29 áreas 411.1×528.3 → 411.1×528.3 · transbordo 0 · 1440 en: /en/places/ · fila aberta true com 1 resultado(s), busca à vista true · mapa 430 em x=836 na coluna de 430 (em repouso 430 em x=836) · caixa das 29 áreas 411.1×528.3 → 411.1×528.3 · transbordo 0
  passa  Emenda 19e · RETIRADA (Emenda 20a, ISSUES I70 fechada) · a densidade dos pontos deixou de ser uma pergunta do mapa, que vive em «Lugares»
         0 pontos e 29 áreas na coluna de 430px, 29 ligações · o maior lado da CAIXA das áreas vai de 1.91px a 226.01px, e o alvo já não se mede pela caixa: quantas chegam aos 44 px de área inscrita é mapa-distritos.mjs M1 e M2 (I82)
  passa  2m · o Escape da pesquisa limpa a caixa, e não há mais nenhum Escape na página
         com «beja» a fila abriu: true · depois do Escape: caixa «», fila fechada true · endereço «/lugares/» · 0 comandos de fechar no documento
  passa  2m · RETIRADA (Emenda 20a) · o anel de leitura era do mapa de pontos, que saiu; o mapa de «Lugares» não o cria
         0 anéis e 0 caixas de leitura no documento · 0 pontos · o enchimento das 29 áreas é none · em «Lugares»
  passa  2m · a lede nomeia as medidas que o painel marca fora, pela ordem do painel, nas duas edições
         pt: manchete 4 · lista de 4: «dívida pública | posição de investimento internacional | variação em três anos do custo unitário do trabalho | variação anual dos preços da habitação» · esperados dos cartões fora e dos nomes em frase declarados: «dívida pública | posição de investimento internacional | variação em três anos do custo unitário do trabalho | variação anual dos preços da habitação» · cartões com o nome declarado true · ano 2025, em todas as unidades dos cartões: true · lede «Fora do valor de referência da Comissão: dívida pública, posição de investimento internacional, variação em três anos do custo unitário do trabalho e variação anual dos preços da habitação, em 2025.» · en: manchete 4 · lista de 4: «government debt | net international investment position | three-year change in unit labour cost | annual change in house prices» · esperados dos cartões fora e dos nomes em frase declarados: «government debt | net international investment position | three-year change in unit labour cost | annual change in house prices» · cartões com o nome declarado true · ano 2025, em todas as unidades dos cartões: true · lede «Outside the Commission reference value: government debt, net international investment position, three-year change in unit labour cost and annual change in house prices, in 2025.»
  passa  a língua de um título citado, e a porta da outra edição no rodapé
         7467 páginas · 6209 títulos citados, 115 com lang · 0 sem a marca que precisam · 0 a repetir a língua da página · 7442 portas de rodapé, 0 sem língua

[90m  matriz de aceitação · 89 células[0m

  [32mpassa[0m  estado inicial · RETIRADA (PP1) · a primeira página não tem estado, e abre com os cinco blocos de «O que se passa»
[90m         0 raiz(es) de estado · 5 bloco(s) de «O que se passa» · âmbito null · densidade null[0m
  [32mpassa[0m  8.15 · RETIRADA (B1, peça 3; PP1) · o título da primeira página é a marca, sem algarismo nem valor selado
[90m         1 <h1> · «O Estado do País» · marca true · 0 valor(es) selado(s)[0m
  [32mpassa[0m  2l · a manchete da União leva as duas contagens da Emenda 16
[90m         Portugal falha 4 valores de referência do Procedimento dos Desequilíbrios Macroeconómicos e cumpre 9. · painel_fora_do_limiar + painel_dentro_do_limiar[0m
  [32mpassa[0m  a área de leitura da União com 13 leituras do Procedimento e 21 ao todo (Emenda 16)
[90m         13 do Procedimento · 21 ao todo[0m
  [32mpassa[0m  8.16 · a primeira página não tem leitura nenhuma dos painéis
[90m         em /: 0 leitura(s), marca «null»[0m
  [32mpassa[0m  ordem do teclado · «O que se passa» → as portas por assunto → os estudos recentes
[90m         blocos 10 · portas por assunto 62 · estudos 70 · 101 paragens[0m
  [32mpassa[0m  mudança · estado de defeito · país
[90m         / · null[0m
  [32mpassa[0m  mudança · âmbito → modo concelho
[90m         /?ambito=municipio · null[0m
  [32mpassa[0m  a página não tem comando de estado nenhum
[90m         0 linha(s) de comando · 0 comando(s) de âmbito · 0 de densidade[0m
  [32mpassa[0m  `?densidade=leitura` já não muda nada em `/` (itens 8.14 e 8.16)
[90m         sem o estado: 0 leitura(s), 0 aberta(s) · com o estado: 0 leitura(s), 0 aberta(s) · bloco «null» nos dois[0m
  [32mpassa[0m  para trás, cinco vezes
[90m         cada passo repôs o seu estado[0m
  [32mpassa[0m  para a frente
[90m         /?ambito=municipio[0m
  [32mpassa[0m  recarga em cada estado
[90m         / → null · /?ambito=municipio → null[0m
  [32mpassa[0m  uma leitura abre só a sua
[90m         1 abertas · toque no cartão «divida-publica-2025»[0m
  [32mpassa[0m  ordem do teclado com uma leitura aberta · faixa → o <summary> dela → rodapé
[90m         «divida-publica-2025» aberta: true · faixa 34 · <summary> 79 · rodapé 86 · 94 paragens[0m
  [32mpassa[0m  8.12 e 8.14 · em repouso nenhuma leitura aberta e nenhum cabeçalho de painel à vista
[90m         0 de 21 abertas · marca da área «sim» · linha de instrução: fora da página · 0 de 2 cabeçalhos de painel à vista[0m
  [32mpassa[0m  valor inválido · ambito=lisboa
[90m         a página é a mesma que sem o valor (o mesmo texto), e o valor não é ecoado[0m
  [32mpassa[0m  valor inválido · densidade=fundo
[90m         a página é a mesma que sem o valor (o mesmo texto), e o valor não é ecoado[0m
  [32mpassa[0m  valor inválido · ambito com injecção
[90m         a página é a mesma que sem o valor (o mesmo texto), e o valor não é ecoado[0m
  [32mpassa[0m  valor inválido · o plural de um valor válido
[90m         a página é a mesma que sem o valor (o mesmo texto), e o valor não é ecoado[0m
  [32mpassa[0m  valor inválido · o prefixo sem concelho
[90m         a página é a mesma que sem o valor (o mesmo texto), e o valor não é ecoado[0m
  [32mpassa[0m  valor inválido · ambito de 2 000 caracteres
[90m         a página é a mesma que sem o valor (o mesmo texto), e o valor não é ecoado[0m
  [32mpassa[0m  edição pt · RETIRADA (PP1) · um endereço com consulta dá a página da sua edição
[90m         lang «pt-PT»[0m
  [32mpassa[0m  edição pt · RETIRADA (B1, peça 3) · a troca de língua do rodapé leva à primeira página da outra edição
[90m         /en[0m
  [32mpassa[0m  edição en · RETIRADA (PP1) · um endereço com consulta dá a página da sua edição
[90m         lang «en»[0m
  [32mpassa[0m  edição en · RETIRADA (B1, peça 3) · a troca de língua do rodapé leva à primeira página da outra edição
[90m         /[0m
  [31mfalha[0m  largura 320 · sem transbordo horizontal
[90m         scrollWidth − clientWidth = 2[0m
  [32mpassa[0m  largura 390 · sem transbordo horizontal
[90m         scrollWidth − clientWidth = 0[0m
  [32mpassa[0m  largura 768 · sem transbordo horizontal
[90m         scrollWidth − clientWidth = 0[0m
  [32mpassa[0m  largura 1024 · sem transbordo horizontal
[90m         scrollWidth − clientWidth = 0[0m
  [32mpassa[0m  largura 1280 · sem transbordo horizontal
[90m         scrollWidth − clientWidth = 0[0m
  [32mpassa[0m  tema claro · papel e tinta
[90m         papel rgb(246, 247, 244) · tinta rgb(23, 25, 27)[0m
  [32mpassa[0m  tema claro · o contorno do marcador é a tinta do tema
[90m         contorno rgb(23, 25, 27)[0m
  [32mpassa[0m  tema escuro · papel e tinta
[90m         papel rgb(21, 23, 26) · tinta rgb(236, 238, 234)[0m
  [32mpassa[0m  tema escuro · o contorno do marcador é a tinta do tema
[90m         contorno rgb(236, 238, 234)[0m
  [32mpassa[0m  movimento reduzido · a leitura não tem transição
[90m         transition-duration 1e-05s[0m
  [32mpassa[0m  o selo de cada leitura é alvo de 44×44
[90m         21 de 21 selos de leitura em 21 cartão(ões) · mínimo 52.5×44[0m
  [32mpassa[0m  nenhum selo dentro de outro alvo
[90m         0 aninhados em 21[0m
  [32mpassa[0m  nenhum par de áreas de toque sobrepostas na leitura
[90m         0 pares em 21 leitura(s) abertas uma a uma[0m
  [32mpassa[0m  cada leitura tem o seu selo e uma porta por origem declarada (09.09.2026, no lugar do «selo maior»)
[90m         21 de 21 leitura(s) abertas · 59 bloco(s) de origem · 0 sem selo · 0 sem origem · 0 com um bloco de origem que não tem uma porta · 0 com uma porta abaixo de 44px[0m
  [32mpassa[0m  sem JavaScript · /
[90m         completo e correcto: 5 bloco(s) de «O que se passa», 8 porta(s) por assunto, 0 leituras de painel, transbordo 0[0m
  [32mpassa[0m  sem JavaScript · nenhuma nota de mecânica · /
[90m         nota no documento: false[0m
  [32mpassa[0m  sem JavaScript · /?ambito=regiao:alentejo
[90m         completo e correcto: 5 bloco(s) de «O que se passa», 8 porta(s) por assunto, 0 leituras de painel, transbordo 0[0m
  [32mpassa[0m  sem JavaScript · nenhuma nota de mecânica · /?ambito=regiao:alentejo
[90m         nota no documento: false[0m
  [32mpassa[0m  sem JavaScript · /?ambito=municipio:beja
[90m         completo e correcto: 5 bloco(s) de «O que se passa», 8 porta(s) por assunto, 0 leituras de painel, transbordo 0[0m
  [32mpassa[0m  sem JavaScript · nenhuma nota de mecânica · /?ambito=municipio:beja
[90m         nota no documento: false[0m
  [32mpassa[0m  sem JavaScript · /?ambito=municipio
[90m         completo e correcto: 5 bloco(s) de «O que se passa», 8 porta(s) por assunto, 0 leituras de painel, transbordo 0[0m
  [32mpassa[0m  sem JavaScript · nenhuma nota de mecânica · /?ambito=municipio
[90m         nota no documento: false[0m
  [32mpassa[0m  sem JavaScript · /uniao-europeia
[90m         completo e correcto: 21 leituras, 0 valores, 21 selos[0m
  [32mpassa[0m  sem JavaScript · nenhuma nota de mecânica · /uniao-europeia
[90m         nota no documento: false[0m
  [32mpassa[0m  2l · a data da reconferência saiu da primeira página e do cabeçalho, e vive dentro do painel
[90m         em / : 0 na página, 0 no cabeçalho · em /uniao-europeia: 1 leitura(s) dentro de #painel, marca «data-de-atualizacao», texto «28.09.2026», 0 âncora(s)[0m
  [32mpassa[0m  2l · Emenda 17 (acerto 4 do P1) · por baixo do mapa uma só linha, a da Carta, e o número com o seu selo no lugar do nome
[90m         «Direção-Geral do Território · Carta Administrativa Oficial de Portugal (CAOP) 2025 · CC BY 4.0» · ficha em 2 linha(s) · número no lugar do nome «municipios-portugal-caop-2025», selo true · camada de aparelho 0 · citação na página 0[0m
  [32mpassa[0m  2l · RETIRADA (Emenda 20a) · as dicas descreviam o mapa de pontos, que saiu; o mapa de «Lugares» é descrito pela menção da Carta, sem gesto nenhum
[90m         0 dicas no documento · aria-describedby «mapa-legenda» (a legenda: true) · 29 áreas e 0 pontos no mapa de «Lugares»[0m
  [32mpassa[0m  largura 768 · a régua de uma leitura aberta tem largura de régua
[90m         13 régua(s) em 13 leitura(s) com limiar, abertas uma a uma · a mais estreita 686px · transbordo 0[0m
  [32mpassa[0m  largura 1280 · a régua de uma leitura aberta tem largura de régua
[90m         13 régua(s) em 13 leitura(s) com limiar, abertas uma a uma · a mais estreita 715px · transbordo 0[0m
  [32mpassa[0m  largura 1280 · a pesquisa com a caixa vazia não mostra nada, e um resultado com e sem página
[90m         caixa vazia: 0 resultado(s) · a lista distingue: false · com «beja» escrito: Beja (porta true, «null»)[0m
  [32mpassa[0m  largura 390 · a pesquisa com a caixa vazia não mostra nada, e um resultado com e sem página
[90m         caixa vazia: 0 resultado(s) · a lista distingue: false · com «beja» escrito: Beja (porta true, «null»)[0m
  [32mpassa[0m  2m · o mapa vive em «Lugares», inteiro e um só nos dois estados, e a primeira página e a do concelho não têm mapa
[90m         país: inteiro (nível pais), 430px numa coluna de 430px, 1 mapa, ficha true, texto de cartão 0 · Évora crescida: inteiro (nível unidade), 430px numa coluna de 430px, 1 mapa, ficha true, texto de cartão 0 · a primeira página: 0 mapa(s) · /municipios/evora: 0 mapa(s)[0m
  [32mpassa[0m  o rótulo da unidade segue uma regra só nos 308 (ISSUES I18): o nome da Carta, com a porta da sua página
[90m         Beja «Beja → /distritos/beja» · Horta «Ilha do Faial → /distritos/ilha-do-faial» · Lagoa «Ilha de São Miguel → /distritos/ilha-de-sao-miguel» · Évora «Évora → /distritos/evora»[0m
  [31mfalha[0m  ISSUES I20 · 3 estados × 5 larguras sem transbordo, e o rótulo dentro da régua
[90m         14 de 15 a zero · 65 rótulo(s) de régua medidos · pais-relance@320:2 · pais-relance@390:0 · pais-relance@768:0 · pais-relance@1024:0 · pais-relance@1280:0 · pesquisa-aberta@320:0 · pesquisa-aberta@390:0 · pesquisa-aberta@768:0 · pesquisa-aberta@1024:0 · pesquisa-aberta@1280:0 · uniao-europeia@320:0 · uniao-europeia@390:0 · uniao-europeia@768:0 · uniao-europeia@1024:0 · uniao-europeia@1280:0[0m
  [31mfalha[0m  2i·1 · a primeira página não tem região, e um endereço antigo leva à página dela
[90m         0 cabeças e 0 painéis de região · índice das regiões → null (no menu: false) · banda e pastilhas fora da página (0 pontos, 0 pastilhas) · destinos /, /, /[0m
  [32mpassa[0m  2i·2 · a palavra do provisório segue a edição, nas duas
[90m         pt {"(dado provisório)":10} · en {"(provisional data)":10}[0m
  [32mpassa[0m  2j·a · RETIRADA (item 8.17b) · as áreas da unidade são iguais e nenhuma vem cheia (Emendas 3 e 10)
[90m         em /distritos/evora: 0 ponto(s) e 14 <path> de área · enchimento none · contorno rgb(23, 25, 27)|1px · 14 com porta[0m
  [32mpassa[0m  2j·a · RETIRADA em parte (peça 2 do B1) · o anel do concelho saiu com o mapa da página dele; as 29 áreas de «Lugares» são uma só
[90m         «Lugares»: 0 pontos, 29 áreas com 1 estilo (none|rgb(23, 25, 27)|1px)[0m
  [32mpassa[0m  2l · Emenda 15 · a neutralidade e a cobertura saíram do mapa, em todas as posturas
[90m         «Lugares» · inteiro (inteiro): 0 neutras, 0 de cobertura · «Lugares» · Évora crescida (inteiro): 0 neutras, 0 de cobertura · distrito de Évora (unidade): 0 neutras, 0 de cobertura · distrito de Évora · 390 (unidade): 0 neutras, 0 de cobertura · «Lugares» · 390 (inteiro): 0 neutras, 0 de cobertura[0m
  [32mpassa[0m  2i·3d · RETIRADA (Emenda 20c) · o mapa de «Lugares» rende-se nas duas larguras, com as 29 áreas e sem pontos
[90m         320: tela 281px · 390: tela 281px · 430: tela 281px · 3/3 à largura da janela · 29 áreas com caixa, 0 pontos, 0 leituras, 0 nomes nas listas · 1280: tela 430px, 29 áreas · os alvos das 29 passaram a mapa-distritos.mjs M1 e M2, medidos pela área inscrita[0m
  [32mpassa[0m  2i·5 · o espaço age na leitura e não rola a página, e o que activa é um comando a sério
[90m         um toque num cartão → 1 de 21 aberta(s); espaço no resumo dela → 0 · a janela passou de 6522 para 5681 px, e o esperado era 5681 (o teto da rolagem depois de fechar é 5681: 841 px são a página a encurtar, 0 são a tecla) · o comando da leitura é <summary> · ligações com papel de botão: 0[0m
  [32mpassa[0m  2i·5 · o que submete a busca de «Lugares» é um botão a sério
[90m         o botão da busca é «button type=submit» · ligações com papel de botão: 0[0m
  [32mpassa[0m  2i·5 · nenhuma régua com papel de imagem e sem nome acessível
[90m         13 réguas · 13 com aria-hidden · 0 com role="img" sem nome · 0 com conteúdo focável dentro[0m
  [32mpassa[0m  2j · Emenda 12 · claro por defeito, com o sistema em escuro e sem escolha
[90m         pt: data-theme null · papel rgb(246, 247, 244) · guardado null · light:true dark:false · en: data-theme null · papel rgb(246, 247, 244) · guardado null · light:true dark:false[0m
  [32mpassa[0m  2j · Emenda 12 · a escolha do tema persiste, nas duas edições
[90m         pt: carregou rgb(21, 23, 26) (dark) · recarga rgb(21, 23, 26) · /metodo rgb(21, 23, 26) · voltou a claro rgb(246, 247, 244) (light) · en: carregou rgb(21, 23, 26) (dark) · recarga rgb(21, 23, 26) · /en/method rgb(21, 23, 26) · voltou a claro rgb(246, 247, 244) (light)[0m
  [32mpassa[0m  2j · Emenda 12 · sem JavaScript o controlo do tema não se vê, e a página é clara
[90m         existe true · hidden true · altura 0 · data-theme null[0m
  [32mpassa[0m  2j · Emenda 13 · a fila de estados saiu da cabeça, e as contagens ficaram
[90m         0 filas em / e 0 em /uniao-europeia · chaves da prova na manchete: painel_fora_do_limiar, painel_dentro_do_limiar · 13 marcadores em 13 cartões pintados e 13 palavras de estado na faixa[0m
  [32mpassa[0m  2j · as leituras sem caixas, separadas por fios de 1px
[90m         13 leituras · 0 com moldura · 0 sem o fio de 1px[0m
  [32mpassa[0m  2j · os algarismos do valor têm tecto de 56px e crescem sem saltos
[90m         320: 30.0px (menor 30.0, 21 algarismo(s)) · 390: 30.0px (menor 30.0, 21 algarismo(s)) · 768: 30.0px (menor 30.0, 21 algarismo(s)) · 1024: 40.0px (menor 40.0, 21 algarismo(s)) · 1280: 40.0px (menor 40.0, 21 algarismo(s))[0m
  [32mpassa[0m  2k · as divulgações por irmão: aria-controls resolve e aria-expanded acompanha, e a navegação está à vista sem «Menu» (B1, peça 3)
[90m         pt: 390 · 0 divulgação(ões) por irmão · menu sem comando true, à vista true · 1280 · comando à vista:false navegação à vista:true · en: 390 · 0 divulgação(ões) por irmão · menu sem comando true, à vista true · 1280 · comando à vista:false navegação à vista:true[0m
  [32mpassa[0m  2l · a banda desenha duas referências, e os dois algarismos vão marcados
[90m         saldo-da-balanca-corrente-2025: 2 referências em 2 posições · «valor de referência da Comissão −4/+6 %» · taxa-de-cambio-efectiva-real-2025: 2 referências em 2 posições · «valor de referência da Comissão −3/+3 %»[0m
  [32mpassa[0m  2l · Emenda 16 · o Painel Social tem oito leituras, sem cor, sem o valor repetido e com o selo fora de outro alvo
[90m         8 leituras, todas com selo (2 acrescentam a porta para o domínio) · 0 valores (o valor vive no cartão da faixa) · selo 52.5×44px · aninhados 0 · marcadores 0[0m
  [32mpassa[0m  Emenda 14 · um concelho sem estudos rende as suas medidas e mais nada
[90m         /municipios/agueda: 8 cartões, as mesmas medidas que Évora true (8 em Évora), cada um com a sua leitura true (0 sem valor) · secções de trabalho 0 (Évora 7) · peças que saíram 0[0m
  [32mpassa[0m  2l · Emenda 17 · o texto à esquerda e o mapa à direita, de 1024 para cima
[90m         1024 pt: 477.281px 430px · mapa a 553px (430px) · transbordo 0 · 1024 en: 477.281px 430px · mapa a 553px (430px) · transbordo 0 · 1180 pt: 621.891px 430px · mapa a 706px (430px) · transbordo 0 · 1180 en: 621.891px 430px · mapa a 706px (430px) · transbordo 0 · 1280 pt: 618.484px 430px · mapa a 756px (430px) · transbordo 0 · 1280 en: 618.484px 430px · mapa a 756px (430px) · transbordo 0[0m
  [32mpassa[0m  2l · as chaves novas da prova: a página e o portão dizem o mesmo
[90m         fora 4/4 · dentro 9/9 · total 13 · social 8[0m
  [32mpassa[0m  2l · Emenda 15 · zero frases de autorreferência em todas as rotas medidas
[90m         1396 rotas medidas · autorreferência > 0 em 0 · por classificar em 0 rota(s) · /: conteúdo 43 · navegação 9 · autorreferência 0 · /en: conteúdo 43 · navegação 10 · autorreferência 0[0m
  [32mpassa[0m  2m · o mapa enche a sua coluna em «Lugares», e a legenda fica fora do desenho
[90m         1024 pt: coluna 430 · mapa 430×567 em x=553 · legenda em x=553 y=903.2, cruza o desenho: false · transbordo 0 · 1024 en: coluna 430 · mapa 430×567 em x=553 · legenda em x=553 y=903.2, cruza o desenho: false · transbordo 0 · 1180 pt: coluna 430 · mapa 430×567 em x=706 · legenda em x=706 y=907.7, cruza o desenho: false · transbordo 0 · 1180 en: coluna 430 · mapa 430×567 em x=706 · legenda em x=706 y=907.7, cruza o desenho: false · transbordo 0 · 1280 pt: coluna 430 · mapa 430×567 em x=756 · legenda em x=756 y=907.9, cruza o desenho: false · transbordo 0 · 1280 en: coluna 430 · mapa 430×567 em x=756 · legenda em x=756 y=907.9, cruza o desenho: false · transbordo 0 · 1440 pt: coluna 430 · mapa 430×567 em x=836 · legenda em x=836 y=907.9, cruza o desenho: false · transbordo 0 · 1440 en: coluna 430 · mapa 430×567 em x=836 · legenda em x=836 y=907.9, cruza o desenho: false · transbordo 0[0m
  [32mpassa[0m  2m · a busca aberta em «Lugares» está à vista, e o mapa fica onde estava
[90m         1024 pt: /lugares/ · fila aberta true com 1 resultado(s), busca à vista true · mapa 430 em x=553 na coluna de 430 (em repouso 430 em x=553) · caixa das 29 áreas 411.1×528.3 → 411.1×528.3 · transbordo 0 · 1024 en: /en/places/ · fila aberta true com 1 resultado(s), busca à vista true · mapa 430 em x=553 na coluna de 430 (em repouso 430 em x=553) · caixa das 29 áreas 411.1×528.3 → 411.1×528.3 · transbordo 0 · 1280 pt: /lugares/ · fila aberta true com 1 resultado(s), busca à vista true · mapa 430 em x=756 na coluna de 430 (em repouso 430 em x=756) · caixa das 29 áreas 411.1×528.3 → 411.1×528.3 · transbordo 0 · 1280 en: /en/places/ · fila aberta true com 1 resultado(s), busca à vista true · mapa 430 em x=756 na coluna de 430 (em repouso 430 em x=756) · caixa das 29 áreas 411.1×528.3 → 411.1×528.3 · transbordo 0 · 1440 pt: /lugares/ · fila aberta true com 1 resultado(s), busca à vista true · mapa 430 em x=836 na coluna de 430 (em repouso 430 em x=836) · caixa das 29 áreas 411.1×528.3 → 411.1×528.3 · transbordo 0 · 1440 en: /en/places/ · fila aberta true com 1 resultado(s), busca à vista true · mapa 430 em x=836 na coluna de 430 (em repouso 430 em x=836) · caixa das 29 áreas 411.1×528.3 → 411.1×528.3 · transbordo 0[0m
  [32mpassa[0m  Emenda 19e · RETIRADA (Emenda 20a, ISSUES I70 fechada) · a densidade dos pontos deixou de ser uma pergunta do mapa, que vive em «Lugares»
[90m         0 pontos e 29 áreas na coluna de 430px, 29 ligações · o maior lado da CAIXA das áreas vai de 1.91px a 226.01px, e o alvo já não se mede pela caixa: quantas chegam aos 44 px de área inscrita é mapa-distritos.mjs M1 e M2 (I82)[0m
  [32mpassa[0m  2m · o Escape da pesquisa limpa a caixa, e não há mais nenhum Escape na página
[90m         com «beja» a fila abriu: true · depois do Escape: caixa «», fila fechada true · endereço «/lugares/» · 0 comandos de fechar no documento[0m
  [32mpassa[0m  2m · RETIRADA (Emenda 20a) · o anel de leitura era do mapa de pontos, que saiu; o mapa de «Lugares» não o cria
[90m         0 anéis e 0 caixas de leitura no documento · 0 pontos · o enchimento das 29 áreas é none · em «Lugares»[0m
  [32mpassa[0m  2m · a lede nomeia as medidas que o painel marca fora, pela ordem do painel, nas duas edições
[90m         pt: manchete 4 · lista de 4: «dívida pública | posição de investimento internacional | variação em três anos do custo unitário do trabalho | variação anual dos preços da habitação» · esperados dos cartões fora e dos nomes em frase declarados: «dívida pública | posição de investimento internacional | variação em três anos do custo unitário do trabalho | variação anual dos preços da habitação» · cartões com o nome declarado true · ano 2025, em todas as unidades dos cartões: true · lede «Fora do valor de referência da Comissão: dívida pública, posição de investimento internacional, variação em três anos do custo unitário do trabalho e variação anual dos preços da habitação, em 2025.» · en: manchete 4 · lista de 4: «government debt | net international investment position | three-year change in unit labour cost | annual change in house prices» · esperados dos cartões fora e dos nomes em frase declarados: «government debt | net international investment position | three-year change in unit labour cost | annual change in house prices» · cartões com o nome declarado true · ano 2025, em todas as unidades dos cartões: true · lede «Outside the Commission reference value: government debt, net international investment position, three-year change in unit labour cost and annual change in house prices, in 2025.»[0m
  [32mpassa[0m  a língua de um título citado, e a porta da outra edição no rodapé
[90m         7467 páginas · 6209 títulos citados, 115 com lang · 0 sem a marca que precisam · 0 a repetir a língua da página · 7442 portas de rodapé, 0 sem língua[0m

[31m  3 de 89 células falham.[0m

