
[90m  correções de UX · passo C · itens C2 e C4 · 12 réguas[0m

  [32mpassa[0m  C4 · sem guião a pesquisa não procura, e os 308 resultados vêm do servidor numa lista escondida · pt
[90m         bloco presente, formulário para «/lugares/» · lista com hidden: true · 308 resultados, 308 com a porta da sua página · a página cita /js/municipios.js: true[0m
  [32mpassa[0m  C4 · a lista por distritos é a gaveta dos 29 distritos e ilhas da Carta · pt
[90m         29 portas na gaveta, 29 para páginas de distrito ou ilha[0m
  [32mpassa[0m  C4 · sem guião a pesquisa não procura, e os 308 resultados vêm do servidor numa lista escondida · en
[90m         bloco presente, formulário para «/en/places/» · lista com hidden: true · 308 resultados, 308 com a porta da sua página · a página cita /js/municipios.js: true[0m
  [32mpassa[0m  C4 · a lista por distritos é a gaveta dos 29 distritos e ilhas da Carta · en
[90m         29 portas na gaveta, 29 para páginas de distrito ou ilha[0m
  [32mpassa[0m  C2 · o índice de metodo cabe no primeiro ecrã, com 44px de alvo e sem sobreposições · 390 pt
[90m         11 de 12 entradas dentro dos 664px (antes do bloco B: 10) · índice 375.3px (antes do bloco B: 349.5px; o tecto é 399.5px) · alvos abaixo de 44px: 0 (o menor mede 62.3×44.0) · pares sobrepostos: 0[0m
  [32mpassa[0m  C2 · o índice de metodo cabe no primeiro ecrã, com 44px de alvo e sem sobreposições · 390 en
[90m         10 de 12 entradas dentro dos 664px (antes do bloco B: 10) · índice 397.8px (antes do bloco B: 349.5px; o tecto é 399.5px) · alvos abaixo de 44px: 0 (o menor mede 79.7×44.0) · pares sobrepostos: 0[0m
  [32mpassa[0m  C2 · o índice de agenda cabe no primeiro ecrã, com 44px de alvo e sem sobreposições · 390 pt
[90m         5 de 5 entradas dentro dos 664px (antes do bloco B: 5) · índice 199.8px (antes do bloco B: 190px; o tecto é 240.0px) · alvos abaixo de 44px: 0 (o menor mede 62.6×44.0) · pares sobrepostos: 0[0m
  [32mpassa[0m  C2 · o índice de agenda cabe no primeiro ecrã, com 44px de alvo e sem sobreposições · 390 en
[90m         5 de 5 entradas dentro dos 664px (antes do bloco B: 5) · índice 199.8px (antes do bloco B: 190px; o tecto é 240.0px) · alvos abaixo de 44px: 0 (o menor mede 71.7×44.0) · pares sobrepostos: 0[0m
  [32mpassa[0m  C4 · o campo de pesquisa está dentro do primeiro ecrã · 390 pt
[90m         campo a 356.3px de 664, 234.5×44px, dentro true[0m
  [32mpassa[0m  C4 · escrever um nome acende o concelho, e é porta se e só se tem página · 390 pt
[90m         a lista distingue: false · «evora» → 1 resultado(s): Évora [sem etiqueta] → /municipios/evora · «beja» → 1 resultado(s): Beja [sem etiqueta] → /municipios/beja[0m
  [32mpassa[0m  C4 · o campo de pesquisa está dentro do primeiro ecrã · 390 en
[90m         campo a 356.3px de 664, 255.8×44px, dentro true[0m
  [32mpassa[0m  C4 · escrever um nome acende o concelho, e é porta se e só se tem página · 390 en
[90m         a lista distingue: false · «evora» → 1 resultado(s): Évora [sem etiqueta] → /en/municipalities/evora · «beja» → 1 resultado(s): Beja [sem etiqueta] → /en/municipalities/beja[0m

[32m  12 de 12 réguas passam.[0m

