cabeça: 090dd5dc401b736c105b7f21972515060959ee2a
estado dos ficheiros seguidos: 0 linha(s)
---

> o-estado-do-pais@0.1.0 check:alvos
> node tests/acessibilidade/alvos.mjs


[90m  a régua dos alvos · 72 rotas × 5 larguras · dist: dist[0m

  [32m✓[0m H1  [90m0 nó(s) em violação (0 graves) em 72 rotas × 2 larguras · nenhuma violação[0m
  [32m✓[0m H2  [90mfichas de concelho: 3220 medidas, 0 sem o alvo (nenhum) · a folha: 56 bloco(s) @media com tecto, 0 com uma regra de 44 px que acaba antes de 1024 · faixa 641 a 1023: 20393 alvos medidos, 12787 deles com 44 px a 390, 52 sem eles na faixa · destes, 0 são caixas e falham (nenhum), 38 são selos dentro de leitura ou sinopse em prosa corrida, cuja área de 44 px cruzaria a linha vizinha do mesmo parágrafo (6× a.src-chip «source · Estrutura de Missão Recup» · 61.9×44.7 de toque (caixa 61×18.6); 5× a.src-chip «source · calculated» · 61.9×44.7 de toque (caixa 61×19); 3× a.src-chip «fonte · INE» · não medido (caixa 52.5×17.4); 3× a.src-chip «source · Entidade Orçamental» · 61.9×27.5 de toque (caixa 61×19)) e 0 são áreas de desenho, cujo alvo é a rede de nomes por baixo do mapa (nenhum), 9 estão numa página de leitura, que o brief põe fora deste bloco (3× a «A economia de Évora e o dinheiro p» · 88×22.3 de toque (caixa 437.4×45.5); 3× a «The economy of Évora and the publi» · 88×22.3 de toque (caixa 434.8×68); 2× a.texto-ligacao «Kohesio, via the EU Cohesion Open » · 88×18.2 de toque (caixa 248.4×36.6); 1× a.texto-ligacao «Kohesio, via the EU Cohesion Open » · 88×18.4 de toque (caixa 248.4×36.6)) e 5 quebram de linha dentro de uma frase, que é a dispensa que a WCAG 2.5.5 escreve para um alvo em linha (2× a «Alert Mechanism Report and Macroec» · 88×23.5 de toque (caixa 528.8×45.5); 1× a «Alert Mechanism Report and Macroec» · 88×23.7 de toque (caixa 528.8×45.5); 1× a «Entre 30.09.2026 e 06.10.2026, 90 » · 88×55.7 de toque (caixa 514.6×82.3); 1× a «Between 30.09.2026 and 06.10.2026,» · 88×55.7 de toque (caixa 524.2×82.3)) · 5962 não medido(s)[0m
  [32m✓[0m H3  [90m7906 página(s) do dist/: 0 sem título único · nas rotas medidas: 0 de 360 passagens[0m
  [32m✓[0m H14  [90m360 passagens de todas as famílias com o rótulo de IA no topo: 0 sem linha única, corpo de 12 px ou posição antes do título[0m
  [32m✓[0m H4  [90m7906 página(s) do dist/: 7881 com a porta dentro do <footer>, 0 fora dele (0 dentro de um <main>, que não conta), 25 sem porta (os documentos alojados) · nas rotas medidas: 0 fora do <footer> ou de um <nav> com nome, 0 dentro de um <main>[0m
  [32m✓[0m H5  [90m16 caixa(s) com deslocamento horizontal medidas, 0 sem teclado, nome ou papel[0m
  [32m✓[0m H6  [90mprimeira página, a 1280: 26 alvo(s) da I105 medidos, 0 abaixo de 32 px (nenhum)[0m
  [32m✓[0m H7  [90m20 algarismo(s) de manchete medidos · 0 em manchetes de uma linha citada, 0 sem os 44 px (nenhum) · 20 em manchetes de várias, 0 sem a largura ou sem a caixa de linha (nenhum) · 0 com uma porta de OUTRA linha dentro da sua área (nenhum)[0m
  [32m✓[0m H8  [90mcartões: 1720 registo(s), 860 da edição inglesa, 856 com unidade · 0 desenharam uma cadeia diferente da que a tabela manda · 6 ficam em português por decisão da tabela («avisos» em 4: sem inglês do organismo: as duas linhas têm fonte e documento «[a verificar]»; «factor» em 2: é o nome que o relatório citado dá ao número, e não uma unidade de contagem) · páginas inglesas: 2515 unidade(s) rendida(s), 0 diferentes do que a tabela manda[0m
  [32m✓[0m H9  [90m3951 página(s) inglesas lidas: 944 com um nome de diploma, 3007 sem nenhum, 3 documento(s) alojado(s) fora da conta · 949 nome(s): 944 com lang="pt-PT", 5 dentro de uma transcrição da fonte (marca-se inteira, na língua da fonte: não é deste bloco), 0 sem marca[0m
  [32m✓[0m H13  [90m/lugares nas duas edições e nas 5 larguras: 10 passagem(ns) · portas de concelho por página: 308 (esperado 308, fora das duas tabelas com uma porta por linha) · dentro da lista agrupada: 308[0m
  [32m✓[0m H15  [90mpt@390: vazio 0 · «mour» 2 à vista, Mourão à vista · Enter com vários fica · «xyzq» 0 à vista, frase à vista, Enter fica · «mourao» 1 à vista, Enter abre Mourão || pt@1280: vazio 0 · «mour» 2 à vista, Mourão à vista · Enter com vários fica · «xyzq» 0 à vista, frase à vista, Enter fica · «mourao» 1 à vista, Enter abre Mourão || en@390: vazio 0 · «mour» 2 à vista, Mourão à vista · Enter com vários fica · «xyzq» 0 à vista, frase à vista, Enter fica · «mourao» 1 à vista, Enter abre Mourão || en@1280: vazio 0 · «mour» 2 à vista, Mourão à vista · Enter com vários fica · «xyzq» 0 à vista, frase à vista, Enter fica · «mourao» 1 à vista, Enter abre Mourão[0m
  [32m✓[0m H16  [90m7906 página(s) do dist/: 7881 com a porta das sugestões dentro do <footer>, 0 fora dele, 0 com mais de uma, 25 sem ela (e 25 sem a das correções; 0 página(s) sem a das sugestões e com a das correções, 0 sem a das correções e com a das sugestões) · nas rotas medidas: 360 de 360 passagens com uma porta no seu marco; 72 porta(s) a 390 e 72 a partir de 1024, 0 sem o alvo (nenhum) · o botão do formulário: 10 medição(ões), 0 abaixo de 44 px (nenhum) · o campo armadilhado: 10 medição(ões), 0 à vista, no teclado ou na árvore de acessibilidade[0m
  [32m✓[0m H10  [90maria-expanded no dist/: 0 ocorrência(s) em 0 página(s) · ausência medida em todas as páginas próprias · conhecido positivo obrigatório: 1 ocorrência(s), recusado · Método: 10 passagem(ns), 0 sem título[0m

[32m  todas as células verdes.[0m

