depois-temas-pt-390.png: 390 × 15033, 0 valores colados à unidade.
depois-temas-pt-768.png: 768 × 9772, 0 valores colados à unidade.
depois-temas-pt-1024.png: 1024 × 8294, 0 valores colados à unidade.
depois-temas-pt-1280.png: 1280 × 8258, 0 valores colados à unidade.
depois-temas-pt-1600.png: 1600 × 7607, 0 valores colados à unidade.
depois-temas-en-390.png: 390 × 14785, 0 valores colados à unidade.
depois-temas-en-768.png: 768 × 9619, 0 valores colados à unidade.
depois-temas-en-1024.png: 1024 × 8135, 0 valores colados à unidade.
depois-temas-en-1280.png: 1280 × 7944, 0 valores colados à unidade.
depois-temas-en-1600.png: 1600 × 7508, 0 valores colados à unidade.
depois-evora-pt-390.png: 390 × 8601, 0 valores colados à unidade.
depois-evora-pt-768.png: 768 × 6191, 0 valores colados à unidade.
depois-evora-pt-1024.png: 1024 × 6033, 0 valores colados à unidade.
depois-evora-pt-1280.png: 1280 × 6218, 0 valores colados à unidade.
depois-evora-pt-1600.png: 1600 × 6123, 0 valores colados à unidade.
depois-evora-en-390.png: 390 × 8676, 0 valores colados à unidade.
depois-evora-en-768.png: 768 × 6262, 0 valores colados à unidade.
depois-evora-en-1024.png: 1024 × 6131, 0 valores colados à unidade.
depois-evora-en-1280.png: 1280 × 6301, 0 valores colados à unidade.
depois-evora-en-1600.png: 1600 × 6205, 0 valores colados à unidade.
depois-recibo-credito-malparado-2024-pt-390.png: 390 × 2520, 0 valores colados à unidade.
depois-recibo-credito-malparado-2024-pt-768.png: 768 × 2267, 0 valores colados à unidade.
depois-recibo-credito-malparado-2024-pt-1024.png: 1024 × 1445, 0 valores colados à unidade.
depois-recibo-credito-malparado-2024-pt-1280.png: 1280 × 1480, 0 valores colados à unidade.
depois-recibo-credito-malparado-2024-pt-1600.png: 1600 × 1487, 0 valores colados à unidade.
depois-recibo-credito-malparado-2024-en-390.png: 390 × 2606, 0 valores colados à unidade.
depois-recibo-credito-malparado-2024-en-768.png: 768 × 2267, 0 valores colados à unidade.
depois-recibo-credito-malparado-2024-en-1024.png: 1024 × 1452, 0 valores colados à unidade.
depois-recibo-credito-malparado-2024-en-1280.png: 1280 × 1502, 0 valores colados à unidade.
depois-recibo-credito-malparado-2024-en-1600.png: 1600 × 1508, 0 valores colados à unidade.
depois-recibo-credito-malparado-2025-pt-390.png: 390 × 2640, 0 valores colados à unidade.
depois-recibo-credito-malparado-2025-pt-768.png: 768 × 2360, 0 valores colados à unidade.
depois-recibo-credito-malparado-2025-pt-1024.png: 1024 × 1515, 0 valores colados à unidade.
depois-recibo-credito-malparado-2025-pt-1280.png: 1280 × 1569, 0 valores colados à unidade.
depois-recibo-credito-malparado-2025-pt-1600.png: 1600 × 1576, 0 valores colados à unidade.
depois-recibo-credito-malparado-2025-en-390.png: 390 × 2726, 0 valores colados à unidade.
depois-recibo-credito-malparado-2025-en-768.png: 768 × 2360, 0 valores colados à unidade.
depois-recibo-credito-malparado-2025-en-1024.png: 1024 × 1553, 0 valores colados à unidade.
depois-recibo-credito-malparado-2025-en-1280.png: 1280 × 1606, 0 valores colados à unidade.
depois-recibo-credito-malparado-2025-en-1600.png: 1600 × 1613, 0 valores colados à unidade.
depois-recibo-custo-unitario-do-trabalho-2024-pt-390.png: 390 × 2448, 0 valores colados à unidade.
depois-recibo-custo-unitario-do-trabalho-2024-pt-768.png: 768 × 2218, 0 valores colados à unidade.
depois-recibo-custo-unitario-do-trabalho-2024-pt-1024.png: 1024 × 1426, 0 valores colados à unidade.
depois-recibo-custo-unitario-do-trabalho-2024-pt-1280.png: 1280 × 1465, 0 valores colados à unidade.
depois-recibo-custo-unitario-do-trabalho-2024-pt-1600.png: 1600 × 1471, 0 valores colados à unidade.
depois-recibo-custo-unitario-do-trabalho-2024-en-390.png: 390 × 2534, 0 valores colados à unidade.
depois-recibo-custo-unitario-do-trabalho-2024-en-768.png: 768 × 2218, 0 valores colados à unidade.
depois-recibo-custo-unitario-do-trabalho-2024-en-1024.png: 1024 × 1452, 0 valores colados à unidade.
depois-recibo-custo-unitario-do-trabalho-2024-en-1280.png: 1280 × 1502, 0 valores colados à unidade.
depois-recibo-custo-unitario-do-trabalho-2024-en-1600.png: 1600 × 1508, 0 valores colados à unidade.
depois-recibo-custo-unitario-do-trabalho-2025-pt-390.png: 390 × 2611, 0 valores colados à unidade.
depois-recibo-custo-unitario-do-trabalho-2025-pt-768.png: 768 × 2340, 0 valores colados à unidade.
depois-recibo-custo-unitario-do-trabalho-2025-pt-1024.png: 1024 × 1544, 0 valores colados à unidade.
depois-recibo-custo-unitario-do-trabalho-2025-pt-1280.png: 1280 × 1598, 0 valores colados à unidade.
depois-recibo-custo-unitario-do-trabalho-2025-pt-1600.png: 1600 × 1605, 0 valores colados à unidade.
depois-recibo-custo-unitario-do-trabalho-2025-en-390.png: 390 × 2698, 0 valores colados à unidade.
depois-recibo-custo-unitario-do-trabalho-2025-en-768.png: 768 × 2340, 0 valores colados à unidade.
depois-recibo-custo-unitario-do-trabalho-2025-en-1024.png: 1024 × 1582, 0 valores colados à unidade.
depois-recibo-custo-unitario-do-trabalho-2025-en-1280.png: 1280 × 1635, 0 valores colados à unidade.
depois-recibo-custo-unitario-do-trabalho-2025-en-1600.png: 1600 × 1642, 0 valores colados à unidade.
depois-recibo-despesa-em-id-2024-ue-pt-390.png: 390 × 2525, 0 valores colados à unidade.
depois-recibo-despesa-em-id-2024-ue-pt-768.png: 768 × 2242, 0 valores colados à unidade.
depois-recibo-despesa-em-id-2024-ue-pt-1024.png: 1024 × 1445, 0 valores colados à unidade.
depois-recibo-despesa-em-id-2024-ue-pt-1280.png: 1280 × 1488, 0 valores colados à unidade.
depois-recibo-despesa-em-id-2024-ue-pt-1600.png: 1600 × 1494, 0 valores colados à unidade.
depois-recibo-despesa-em-id-2024-ue-en-390.png: 390 × 2612, 0 valores colados à unidade.
depois-recibo-despesa-em-id-2024-ue-en-768.png: 768 × 2242, 0 valores colados à unidade.
depois-recibo-despesa-em-id-2024-ue-en-1024.png: 1024 × 1475, 0 valores colados à unidade.
depois-recibo-despesa-em-id-2024-ue-en-1280.png: 1280 × 1525, 0 valores colados à unidade.
depois-recibo-despesa-em-id-2024-ue-en-1600.png: 1600 × 1532, 0 valores colados à unidade.
depois-recibo-divida-das-empresas-2024-pt-390.png: 390 × 2502, 0 valores colados à unidade.
depois-recibo-divida-das-empresas-2024-pt-768.png: 768 × 2242, 0 valores colados à unidade.
depois-recibo-divida-das-empresas-2024-pt-1024.png: 1024 × 1445, 0 valores colados à unidade.
depois-recibo-divida-das-empresas-2024-pt-1280.png: 1280 × 1480, 0 valores colados à unidade.
depois-recibo-divida-das-empresas-2024-pt-1600.png: 1600 × 1487, 0 valores colados à unidade.
depois-recibo-divida-das-empresas-2024-en-390.png: 390 × 2588, 0 valores colados à unidade.
depois-recibo-divida-das-empresas-2024-en-768.png: 768 × 2242, 0 valores colados à unidade.
depois-recibo-divida-das-empresas-2024-en-1024.png: 1024 × 1452, 0 valores colados à unidade.
depois-recibo-divida-das-empresas-2024-en-1280.png: 1280 × 1502, 0 valores colados à unidade.
depois-recibo-divida-das-empresas-2024-en-1600.png: 1600 × 1508, 0 valores colados à unidade.
depois-recibo-divida-das-empresas-2025-pt-390.png: 390 × 2665, 0 valores colados à unidade.
depois-recibo-divida-das-empresas-2025-pt-768.png: 768 × 2363, 0 valores colados à unidade.
depois-recibo-divida-das-empresas-2025-pt-1024.png: 1024 × 1544, 0 valores colados à unidade.
depois-recibo-divida-das-empresas-2025-pt-1280.png: 1280 × 1598, 0 valores colados à unidade.
depois-recibo-divida-das-empresas-2025-pt-1600.png: 1600 × 1605, 0 valores colados à unidade.
depois-recibo-divida-das-empresas-2025-en-390.png: 390 × 2752, 0 valores colados à unidade.
depois-recibo-divida-das-empresas-2025-en-768.png: 768 × 2363, 0 valores colados à unidade.
depois-recibo-divida-das-empresas-2025-en-1024.png: 1024 × 1582, 0 valores colados à unidade.
depois-recibo-divida-das-empresas-2025-en-1280.png: 1280 × 1635, 0 valores colados à unidade.
depois-recibo-divida-das-empresas-2025-en-1600.png: 1600 × 1642, 0 valores colados à unidade.
depois-recibo-divida-das-empresas-2025-ue-pt-390.png: 390 × 2525, 0 valores colados à unidade.
depois-recibo-divida-das-empresas-2025-ue-pt-768.png: 768 × 2242, 0 valores colados à unidade.
depois-recibo-divida-das-empresas-2025-ue-pt-1024.png: 1024 × 1445, 0 valores colados à unidade.
depois-recibo-divida-das-empresas-2025-ue-pt-1280.png: 1280 × 1488, 0 valores colados à unidade.
depois-recibo-divida-das-empresas-2025-ue-pt-1600.png: 1600 × 1494, 0 valores colados à unidade.
depois-recibo-divida-das-empresas-2025-ue-en-390.png: 390 × 2612, 0 valores colados à unidade.
depois-recibo-divida-das-empresas-2025-ue-en-768.png: 768 × 2242, 0 valores colados à unidade.
depois-recibo-divida-das-empresas-2025-ue-en-1024.png: 1024 × 1475, 0 valores colados à unidade.
depois-recibo-divida-das-empresas-2025-ue-en-1280.png: 1280 × 1525, 0 valores colados à unidade.
depois-recibo-divida-das-empresas-2025-ue-en-1600.png: 1600 × 1532, 0 valores colados à unidade.
depois-recibo-divida-das-familias-2024-pt-390.png: 390 × 2520, 0 valores colados à unidade.
depois-recibo-divida-das-familias-2024-pt-768.png: 768 × 2269, 0 valores colados à unidade.
depois-recibo-divida-das-familias-2024-pt-1024.png: 1024 × 1445, 0 valores colados à unidade.
depois-recibo-divida-das-familias-2024-pt-1280.png: 1280 × 1488, 0 valores colados à unidade.
depois-recibo-divida-das-familias-2024-pt-1600.png: 1600 × 1494, 0 valores colados à unidade.
depois-recibo-divida-das-familias-2024-en-390.png: 390 × 2606, 0 valores colados à unidade.
depois-recibo-divida-das-familias-2024-en-768.png: 768 × 2269, 0 valores colados à unidade.
depois-recibo-divida-das-familias-2024-en-1024.png: 1024 × 1475, 0 valores colados à unidade.
depois-recibo-divida-das-familias-2024-en-1280.png: 1280 × 1525, 0 valores colados à unidade.
depois-recibo-divida-das-familias-2024-en-1600.png: 1600 × 1532, 0 valores colados à unidade.
depois-recibo-divida-das-familias-2025-pt-390.png: 390 × 2665, 0 valores colados à unidade.
depois-recibo-divida-das-familias-2025-pt-768.png: 768 × 2391, 0 valores colados à unidade.
depois-recibo-divida-das-familias-2025-pt-1024.png: 1024 × 1567, 0 valores colados à unidade.
depois-recibo-divida-das-familias-2025-pt-1280.png: 1280 × 1622, 0 valores colados à unidade.
depois-recibo-divida-das-familias-2025-pt-1600.png: 1600 × 1628, 0 valores colados à unidade.
depois-recibo-divida-das-familias-2025-en-390.png: 390 × 2752, 0 valores colados à unidade.
depois-recibo-divida-das-familias-2025-en-768.png: 768 × 2391, 0 valores colados à unidade.
depois-recibo-divida-das-familias-2025-en-1024.png: 1024 × 1606, 0 valores colados à unidade.
depois-recibo-divida-das-familias-2025-en-1280.png: 1280 × 1659, 0 valores colados à unidade.
depois-recibo-divida-das-familias-2025-en-1600.png: 1600 × 1665, 0 valores colados à unidade.
depois-recibo-divida-das-familias-2025-ue-pt-390.png: 390 × 2900, 0 valores colados à unidade.
depois-recibo-divida-das-familias-2025-ue-pt-768.png: 768 × 2528, 0 valores colados à unidade.
depois-recibo-divida-das-familias-2025-ue-pt-1024.png: 1024 × 1725, 0 valores colados à unidade.
depois-recibo-divida-das-familias-2025-ue-pt-1280.png: 1280 × 1775, 0 valores colados à unidade.
depois-recibo-divida-das-familias-2025-ue-pt-1600.png: 1600 × 1782, 0 valores colados à unidade.
depois-recibo-divida-das-familias-2025-ue-en-390.png: 390 × 2945, 0 valores colados à unidade.
depois-recibo-divida-das-familias-2025-ue-en-768.png: 768 × 2528, 0 valores colados à unidade.
depois-recibo-divida-das-familias-2025-ue-en-1024.png: 1024 × 1744, 0 valores colados à unidade.
depois-recibo-divida-das-familias-2025-ue-en-1280.png: 1280 × 1794, 0 valores colados à unidade.
depois-recibo-divida-das-familias-2025-ue-en-1600.png: 1600 × 1800, 0 valores colados à unidade.
depois-recibo-evora-indice-de-divida-2024-pt-390.png: 390 × 1985, 0 valores colados à unidade.
depois-recibo-evora-indice-de-divida-2024-pt-768.png: 768 × 1835, 0 valores colados à unidade.
depois-recibo-evora-indice-de-divida-2024-pt-1024.png: 1024 × 1373, 0 valores colados à unidade.
depois-recibo-evora-indice-de-divida-2024-pt-1280.png: 1280 × 1418, 0 valores colados à unidade.
depois-recibo-evora-indice-de-divida-2024-pt-1600.png: 1600 × 1424, 0 valores colados à unidade.
depois-recibo-evora-indice-de-divida-2024-en-390.png: 390 × 2033, 0 valores colados à unidade.
depois-recibo-evora-indice-de-divida-2024-en-768.png: 768 × 1835, 0 valores colados à unidade.
depois-recibo-evora-indice-de-divida-2024-en-1024.png: 1024 × 1374, 0 valores colados à unidade.
depois-recibo-evora-indice-de-divida-2024-en-1280.png: 1280 × 1418, 0 valores colados à unidade.
depois-recibo-evora-indice-de-divida-2024-en-1600.png: 1600 × 1424, 0 valores colados à unidade.
depois-recibo-evora-prazo-medio-de-pagamento-2025-12-pt-390.png: 390 × 2619, 0 valores colados à unidade.
depois-recibo-evora-prazo-medio-de-pagamento-2025-12-pt-768.png: 768 × 2297, 0 valores colados à unidade.
depois-recibo-evora-prazo-medio-de-pagamento-2025-12-pt-1024.png: 1024 × 1656, 0 valores colados à unidade.
depois-recibo-evora-prazo-medio-de-pagamento-2025-12-pt-1280.png: 1280 × 1691, 0 valores colados à unidade.
depois-recibo-evora-prazo-medio-de-pagamento-2025-12-pt-1600.png: 1600 × 1698, 0 valores colados à unidade.
depois-recibo-evora-prazo-medio-de-pagamento-2025-12-en-390.png: 390 × 2610, 0 valores colados à unidade.
depois-recibo-evora-prazo-medio-de-pagamento-2025-12-en-768.png: 768 × 2297, 0 valores colados à unidade.
depois-recibo-evora-prazo-medio-de-pagamento-2025-12-en-1024.png: 1024 × 1657, 0 valores colados à unidade.
depois-recibo-evora-prazo-medio-de-pagamento-2025-12-en-1280.png: 1280 × 1691, 0 valores colados à unidade.
depois-recibo-evora-prazo-medio-de-pagamento-2025-12-en-1600.png: 1600 × 1698, 0 valores colados à unidade.
depois-recibo-fluxo-de-credito-as-familias-2025-ue-pt-390.png: 390 × 2560, 0 valores colados à unidade.
depois-recibo-fluxo-de-credito-as-familias-2025-ue-pt-768.png: 768 × 2296, 0 valores colados à unidade.
depois-recibo-fluxo-de-credito-as-familias-2025-ue-pt-1024.png: 1024 × 1464, 0 valores colados à unidade.
depois-recibo-fluxo-de-credito-as-familias-2025-ue-pt-1280.png: 1280 × 1499, 0 valores colados à unidade.
depois-recibo-fluxo-de-credito-as-familias-2025-ue-pt-1600.png: 1600 × 1505, 0 valores colados à unidade.
depois-recibo-fluxo-de-credito-as-familias-2025-ue-en-390.png: 390 × 2647, 0 valores colados à unidade.
depois-recibo-fluxo-de-credito-as-familias-2025-ue-en-768.png: 768 × 2314, 0 valores colados à unidade.
depois-recibo-fluxo-de-credito-as-familias-2025-ue-en-1024.png: 1024 × 1475, 0 valores colados à unidade.
depois-recibo-fluxo-de-credito-as-familias-2025-ue-en-1280.png: 1280 × 1525, 0 valores colados à unidade.
depois-recibo-fluxo-de-credito-as-familias-2025-ue-en-1600.png: 1600 × 1532, 0 valores colados à unidade.
depois-recibo-formacao-bruta-de-capital-fixo-2024-pt-390.png: 390 × 2471, 0 valores colados à unidade.
depois-recibo-formacao-bruta-de-capital-fixo-2024-pt-768.png: 768 × 2242, 0 valores colados à unidade.
depois-recibo-formacao-bruta-de-capital-fixo-2024-pt-1024.png: 1024 × 1426, 0 valores colados à unidade.
depois-recibo-formacao-bruta-de-capital-fixo-2024-pt-1280.png: 1280 × 1465, 0 valores colados à unidade.
depois-recibo-formacao-bruta-de-capital-fixo-2024-pt-1600.png: 1600 × 1471, 0 valores colados à unidade.
depois-recibo-formacao-bruta-de-capital-fixo-2024-en-390.png: 390 × 2558, 0 valores colados à unidade.
depois-recibo-formacao-bruta-de-capital-fixo-2024-en-768.png: 768 × 2242, 0 valores colados à unidade.
depois-recibo-formacao-bruta-de-capital-fixo-2024-en-1024.png: 1024 × 1452, 0 valores colados à unidade.
depois-recibo-formacao-bruta-de-capital-fixo-2024-en-1280.png: 1280 × 1502, 0 valores colados à unidade.
depois-recibo-formacao-bruta-de-capital-fixo-2024-en-1600.png: 1600 × 1508, 0 valores colados à unidade.
depois-recibo-formacao-bruta-de-capital-fixo-2025-pt-390.png: 390 × 2759, 0 valores colados à unidade.
depois-recibo-formacao-bruta-de-capital-fixo-2025-pt-768.png: 768 × 2451, 0 valores colados à unidade.
depois-recibo-formacao-bruta-de-capital-fixo-2025-pt-1024.png: 1024 × 1544, 0 valores colados à unidade.
depois-recibo-formacao-bruta-de-capital-fixo-2025-pt-1280.png: 1280 × 1598, 0 valores colados à unidade.
depois-recibo-formacao-bruta-de-capital-fixo-2025-pt-1600.png: 1600 × 1605, 0 valores colados à unidade.
depois-recibo-formacao-bruta-de-capital-fixo-2025-en-390.png: 390 × 2846, 0 valores colados à unidade.
depois-recibo-formacao-bruta-de-capital-fixo-2025-en-768.png: 768 × 2451, 0 valores colados à unidade.
depois-recibo-formacao-bruta-de-capital-fixo-2025-en-1024.png: 1024 × 1582, 0 valores colados à unidade.
depois-recibo-formacao-bruta-de-capital-fixo-2025-en-1280.png: 1280 × 1635, 0 valores colados à unidade.
depois-recibo-formacao-bruta-de-capital-fixo-2025-en-1600.png: 1600 × 1642, 0 valores colados à unidade.
depois-recibo-ihpc-variacao-homologa-pt-390.png: 390 × 3260, 0 valores colados à unidade.
depois-recibo-ihpc-variacao-homologa-pt-768.png: 768 × 2865, 0 valores colados à unidade.
depois-recibo-ihpc-variacao-homologa-pt-1024.png: 1024 × 1995, 0 valores colados à unidade.
depois-recibo-ihpc-variacao-homologa-pt-1280.png: 1280 × 2053, 0 valores colados à unidade.
depois-recibo-ihpc-variacao-homologa-pt-1600.png: 1600 × 2059, 0 valores colados à unidade.
depois-recibo-ihpc-variacao-homologa-en-390.png: 390 × 3326, 0 valores colados à unidade.
depois-recibo-ihpc-variacao-homologa-en-768.png: 768 × 2865, 0 valores colados à unidade.
depois-recibo-ihpc-variacao-homologa-en-1024.png: 1024 × 1996, 0 valores colados à unidade.
depois-recibo-ihpc-variacao-homologa-en-1280.png: 1280 × 2053, 0 valores colados à unidade.
depois-recibo-ihpc-variacao-homologa-en-1600.png: 1600 × 2059, 0 valores colados à unidade.
depois-recibo-indice-de-divida-limite-legal-pt-390.png: 390 × 4050, 0 valores colados à unidade.
depois-recibo-indice-de-divida-limite-legal-pt-768.png: 768 × 3241, 0 valores colados à unidade.
depois-recibo-indice-de-divida-limite-legal-pt-1024.png: 1024 × 2669, 0 valores colados à unidade.
depois-recibo-indice-de-divida-limite-legal-pt-1280.png: 1280 × 2717, 0 valores colados à unidade.
depois-recibo-indice-de-divida-limite-legal-pt-1600.png: 1600 × 2723, 0 valores colados à unidade.
depois-recibo-indice-de-divida-limite-legal-en-390.png: 390 × 3946, 0 valores colados à unidade.
depois-recibo-indice-de-divida-limite-legal-en-768.png: 768 × 3241, 0 valores colados à unidade.
depois-recibo-indice-de-divida-limite-legal-en-1024.png: 1024 × 2670, 0 valores colados à unidade.
depois-recibo-indice-de-divida-limite-legal-en-1280.png: 1280 × 2717, 0 valores colados à unidade.
depois-recibo-indice-de-divida-limite-legal-en-1600.png: 1600 × 2723, 0 valores colados à unidade.
depois-recibo-ipc-variacao-homologa-pt-390.png: 390 × 3108, 0 valores colados à unidade.
depois-recibo-ipc-variacao-homologa-pt-768.png: 768 × 2787, 0 valores colados à unidade.
depois-recibo-ipc-variacao-homologa-pt-1024.png: 1024 × 1769, 0 valores colados à unidade.
depois-recibo-ipc-variacao-homologa-pt-1280.png: 1280 × 1819, 0 valores colados à unidade.
depois-recibo-ipc-variacao-homologa-pt-1600.png: 1600 × 1825, 0 valores colados à unidade.
depois-recibo-ipc-variacao-homologa-en-390.png: 390 × 3156, 0 valores colados à unidade.
depois-recibo-ipc-variacao-homologa-en-768.png: 768 × 2787, 0 valores colados à unidade.
depois-recibo-ipc-variacao-homologa-en-1024.png: 1024 × 1770, 0 valores colados à unidade.
depois-recibo-ipc-variacao-homologa-en-1280.png: 1280 × 1819, 0 valores colados à unidade.
depois-recibo-ipc-variacao-homologa-en-1600.png: 1600 × 1825, 0 valores colados à unidade.
depois-recibo-licencas-de-construcao-2024-pt-390.png: 390 × 2488, 0 valores colados à unidade.
depois-recibo-licencas-de-construcao-2024-pt-768.png: 768 × 2239, 0 valores colados à unidade.
depois-recibo-licencas-de-construcao-2024-pt-1024.png: 1024 × 1426, 0 valores colados à unidade.
depois-recibo-licencas-de-construcao-2024-pt-1280.png: 1280 × 1465, 0 valores colados à unidade.
depois-recibo-licencas-de-construcao-2024-pt-1600.png: 1600 × 1471, 0 valores colados à unidade.
depois-recibo-licencas-de-construcao-2024-en-390.png: 390 × 2575, 0 valores colados à unidade.
depois-recibo-licencas-de-construcao-2024-en-768.png: 768 × 2239, 0 valores colados à unidade.
depois-recibo-licencas-de-construcao-2024-en-1024.png: 1024 × 1452, 0 valores colados à unidade.
depois-recibo-licencas-de-construcao-2024-en-1280.png: 1280 × 1502, 0 valores colados à unidade.
depois-recibo-licencas-de-construcao-2024-en-1600.png: 1600 × 1508, 0 valores colados à unidade.
depois-recibo-licencas-de-construcao-2025-pt-390.png: 390 × 2652, 0 valores colados à unidade.
depois-recibo-licencas-de-construcao-2025-pt-768.png: 768 × 2361, 0 valores colados à unidade.
depois-recibo-licencas-de-construcao-2025-pt-1024.png: 1024 × 1544, 0 valores colados à unidade.
depois-recibo-licencas-de-construcao-2025-pt-1280.png: 1280 × 1598, 0 valores colados à unidade.
depois-recibo-licencas-de-construcao-2025-pt-1600.png: 1600 × 1605, 0 valores colados à unidade.
depois-recibo-licencas-de-construcao-2025-en-390.png: 390 × 2738, 0 valores colados à unidade.
depois-recibo-licencas-de-construcao-2025-en-768.png: 768 × 2361, 0 valores colados à unidade.
depois-recibo-licencas-de-construcao-2025-en-1024.png: 1024 × 1582, 0 valores colados à unidade.
depois-recibo-licencas-de-construcao-2025-en-1280.png: 1280 × 1635, 0 valores colados à unidade.
depois-recibo-licencas-de-construcao-2025-en-1600.png: 1600 × 1642, 0 valores colados à unidade.
depois-recibo-pib-real-per-capita-2024-pt-390.png: 390 × 2483, 0 valores colados à unidade.
depois-recibo-pib-real-per-capita-2024-pt-768.png: 768 × 2206, 0 valores colados à unidade.
depois-recibo-pib-real-per-capita-2024-pt-1024.png: 1024 × 1444, 0 valores colados à unidade.
depois-recibo-pib-real-per-capita-2024-pt-1280.png: 1280 × 1479, 0 valores colados à unidade.
depois-recibo-pib-real-per-capita-2024-pt-1600.png: 1600 × 1486, 0 valores colados à unidade.
depois-recibo-pib-real-per-capita-2024-en-390.png: 390 × 2550, 0 valores colados à unidade.
depois-recibo-pib-real-per-capita-2024-en-768.png: 768 × 2206, 0 valores colados à unidade.
depois-recibo-pib-real-per-capita-2024-en-1024.png: 1024 × 1445, 0 valores colados à unidade.
depois-recibo-pib-real-per-capita-2024-en-1280.png: 1280 × 1492, 0 valores colados à unidade.
depois-recibo-pib-real-per-capita-2024-en-1600.png: 1600 × 1499, 0 valores colados à unidade.
depois-recibo-pib-real-per-capita-2025-pt-390.png: 390 × 2665, 0 valores colados à unidade.
depois-recibo-pib-real-per-capita-2025-pt-768.png: 768 × 2328, 0 valores colados à unidade.
depois-recibo-pib-real-per-capita-2025-pt-1024.png: 1024 × 1553, 0 valores colados à unidade.
depois-recibo-pib-real-per-capita-2025-pt-1280.png: 1280 × 1607, 0 valores colados à unidade.
depois-recibo-pib-real-per-capita-2025-pt-1600.png: 1600 × 1614, 0 valores colados à unidade.
depois-recibo-pib-real-per-capita-2025-en-390.png: 390 × 2732, 0 valores colados à unidade.
depois-recibo-pib-real-per-capita-2025-en-768.png: 768 × 2328, 0 valores colados à unidade.
depois-recibo-pib-real-per-capita-2025-en-1024.png: 1024 × 1573, 0 valores colados à unidade.
depois-recibo-pib-real-per-capita-2025-en-1280.png: 1280 × 1626, 0 valores colados à unidade.
depois-recibo-pib-real-per-capita-2025-en-1600.png: 1600 × 1632, 0 valores colados à unidade.
depois-recibo-pib-real-per-capita-2025-ue-pt-390.png: 390 × 2389, 0 valores colados à unidade.
depois-recibo-pib-real-per-capita-2025-ue-pt-768.png: 768 × 2114, 0 valores colados à unidade.
depois-recibo-pib-real-per-capita-2025-ue-pt-1024.png: 1024 × 1405, 0 valores colados à unidade.
depois-recibo-pib-real-per-capita-2025-ue-pt-1280.png: 1280 × 1456, 0 valores colados à unidade.
depois-recibo-pib-real-per-capita-2025-ue-pt-1600.png: 1600 × 1462, 0 valores colados à unidade.
depois-recibo-pib-real-per-capita-2025-ue-en-390.png: 390 × 2456, 0 valores colados à unidade.
depois-recibo-pib-real-per-capita-2025-ue-en-768.png: 768 × 2114, 0 valores colados à unidade.
depois-recibo-pib-real-per-capita-2025-ue-en-1024.png: 1024 × 1424, 0 valores colados à unidade.
depois-recibo-pib-real-per-capita-2025-ue-en-1280.png: 1280 × 1474, 0 valores colados à unidade.
depois-recibo-pib-real-per-capita-2025-ue-en-1600.png: 1600 × 1481, 0 valores colados à unidade.
depois-recibo-taxa-de-cambio-efectiva-real-2025-pt-390.png: 390 × 2565, 0 valores colados à unidade.
depois-recibo-taxa-de-cambio-efectiva-real-2025-pt-768.png: 768 × 2263, 0 valores colados à unidade.
depois-recibo-taxa-de-cambio-efectiva-real-2025-pt-1024.png: 1024 × 1544, 0 valores colados à unidade.
depois-recibo-taxa-de-cambio-efectiva-real-2025-pt-1280.png: 1280 × 1598, 0 valores colados à unidade.
depois-recibo-taxa-de-cambio-efectiva-real-2025-pt-1600.png: 1600 × 1605, 0 valores colados à unidade.
depois-recibo-taxa-de-cambio-efectiva-real-2025-en-390.png: 390 × 2651, 0 valores colados à unidade.
depois-recibo-taxa-de-cambio-efectiva-real-2025-en-768.png: 768 × 2263, 0 valores colados à unidade.
depois-recibo-taxa-de-cambio-efectiva-real-2025-en-1024.png: 1024 × 1582, 0 valores colados à unidade.
depois-recibo-taxa-de-cambio-efectiva-real-2025-en-1280.png: 1280 × 1635, 0 valores colados à unidade.
depois-recibo-taxa-de-cambio-efectiva-real-2025-en-1600.png: 1600 × 1642, 0 valores colados à unidade.
270 capturas de página, 140 recortes e 57 cópias; 0 falhas de aceitação.
