  B1: 28 páginas pela lista fechada; 7 temas conferidos.

[31m  PORTÃO DA VOZ · 625 problema(s)
[0m
[31m    · [0mbloco por classificar em /: «: (dado provisório) União Europeia :»
[31m    · [0mbloco por classificar em /correcoes: «33 revisões de proveniência»
[31m    · [0mbloco por classificar em /dominios/economia-e-financas-publicas: «: (dado provisório) União Europeia :»
[31m    · [0mbloco por classificar em /en: «: (provisional data) European Union :»
[31m    · [0mbloco por classificar em /en/corrections: «33 provenance revisions»
[31m    · [0mbloco por classificar em /en/domains/economia-e-financas-publicas: «: (provisional data) European Union :»
[31m    · [0mbloco por classificar em /en/municipalities/abrantes: «Debt as a percentage of the average net current revenue collected in the previous three years; the law allows one and a half times that average.»
[31m    · [0mbloco por classificar em /en/municipalities/agueda: «Debt as a percentage of the average net current revenue collected in the previous three years; the law allows one and a half times that average.»
[31m    · [0mbloco por classificar em /en/municipalities/aguiar-da-beira: «Debt as a percentage of the average net current revenue collected in the previous three years; the law allows one and a half times that average.»
[31m    · [0mbloco por classificar em /en/municipalities/alandroal: «Debt as a percentage of the average net current revenue collected in the previous three years; the law allows one and a half times that average.»
[31m    · [0mbloco por classificar em /en/municipalities/albergaria-a-velha: «Debt as a percentage of the average net current revenue collected in the previous three years; the law allows one and a half times that average.»
[31m    · [0mbloco por classificar em /en/municipalities/albufeira: «Debt as a percentage of the average net current revenue collected in the previous three years; the law allows one and a half times that average.»
[31m    · [0mbloco por classificar em /en/municipalities/alcacer-do-sal: «Debt as a percentage of the average net current revenue collected in the previous three years; the law allows one and a half times that average.»
[31m    · [0mbloco por classificar em /en/municipalities/alcanena: «Debt as a percentage of the average net current revenue collected in the previous three years; the law allows one and a half times that average.»
[31m    · [0mbloco por classificar em /en/municipalities/alcobaca: «Debt as a percentage of the average net current revenue collected in the previous three years; the law allows one and a half times that average.»
[31m    · [0mbloco por classificar em /en/municipalities/alcochete: «Debt as a percentage of the average net current revenue collected in the previous three years; the law allows one and a half times that average.»
[31m    · [0mbloco por classificar em /en/municipalities/alcoutim: «Debt as a percentage of the average net current revenue collected in the previous three years; the law allows one and a half times that average.»
[31m    · [0mbloco por classificar em /en/municipalities/alenquer: «Debt as a percentage of the average net current revenue collected in the previous three years; the law allows one and a half times that average.»
[31m    · [0mbloco por classificar em /en/municipalities/alfandega-da-fe: «Debt as a percentage of the average net current revenue collected in the previous three years; the law allows one and a half times that average.»
[31m    · [0mbloco por classificar em /en/municipalities/alijo: «Debt as a percentage of the average net current revenue collected in the previous three years; the law allows one and a half times that average.»
[31m    · [0mbloco por classificar em /en/municipalities/aljezur: «Debt as a percentage of the average net current revenue collected in the previous three years; the law allows one and a half times that average.»
[31m    · [0mbloco por classificar em /en/municipalities/aljustrel: «Debt as a percentage of the average net current revenue collected in the previous three years; the law allows one and a half times that average.»
[31m    · [0mbloco por classificar em /en/municipalities/almada: «Debt as a percentage of the average net current revenue collected in the previous three years; the law allows one and a half times that average.»
[31m    · [0mbloco por classificar em /en/municipalities/almeida: «Debt as a percentage of the average net current revenue collected in the previous three years; the law allows one and a half times that average.»
[31m    · [0mbloco por classificar em /en/municipalities/almeirim: «Debt as a percentage of the average net current revenue collected in the previous three years; the law allows one and a half times that average.»
[31m    · [0mbloco por classificar em /en/municipalities/almodovar: «Debt as a percentage of the average net current revenue collected in the previous three years; the law allows one and a half times that average.»
[31m    · [0mbloco por classificar em /en/municipalities/alpiarca: «Debt as a percentage of the average net current revenue collected in the previous three years; the law allows one and a half times that average.»
[31m    · [0mbloco por classificar em /en/municipalities/alter-do-chao: «Debt as a percentage of the average net current revenue collected in the previous three years; the law allows one and a half times that average.»
[31m    · [0mbloco por classificar em /en/municipalities/alvaiazere: «Debt as a percentage of the average net current revenue collected in the previous three years; the law allows one and a half times that average.»
[31m    · [0mbloco por classificar em /en/municipalities/alvito: «Debt as a percentage of the average net current revenue collected in the previous three years; the law allows one and a half times that average.»
[31m    · [0mbloco por classificar em /en/municipalities/amadora: «Debt as a percentage of the average net current revenue collected in the previous three years; the law allows one and a half times that average.»
[31m    · [0mbloco por classificar em /en/municipalities/amarante: «Debt as a percentage of the average net current revenue collected in the previous three years; the law allows one and a half times that average.»
[31m    · [0mbloco por classificar em /en/municipalities/amares: «Debt as a percentage of the average net current revenue collected in the previous three years; the law allows one and a half times that average.»
[31m    · [0mbloco por classificar em /en/municipalities/anadia: «Debt as a percentage of the average net current revenue collected in the previous three years; the law allows one and a half times that average.»
[31m    · [0mbloco por classificar em /en/municipalities/angra-do-heroismo: «Debt as a percentage of the average net current revenue collected in the previous three years; the law allows one and a half times that average.»
[31m    · [0mbloco por classificar em /en/municipalities/ansiao: «Debt as a percentage of the average net current revenue collected in the previous three years; the law allows one and a half times that average.»
[31m    · [0mbloco por classificar em /en/municipalities/arcos-de-valdevez: «Debt as a percentage of the average net current revenue collected in the previous three years; the law allows one and a half times that average.»
[31m    · [0mbloco por classificar em /en/municipalities/arganil: «Debt as a percentage of the average net current revenue collected in the previous three years; the law allows one and a half times that average.»
[31m    · [0mbloco por classificar em /en/municipalities/armamar: «Debt as a percentage of the average net current revenue collected in the previous three years; the law allows one and a half times that average.»
[31m    · [0mbloco por classificar em /en/municipalities/arouca: «Debt as a percentage of the average net current revenue collected in the previous three years; the law allows one and a half times that average.»
[90m    … e mais 585[0m

