achado 1 (feito): 4 de 4 campo(s) mudaram
achado 2 (feito): 2 de 4 campo(s) mudaram
achado 3 (feito): 2 de 4 campo(s) mudaram
achado 4 (parado): 0 de 6 campo(s) mudaram
achado 5 (feito): 4 de 4 campo(s) mudaram
achado 6 (feito_em_parte): 4 de 6 campo(s) mudaram
achado 7 (feito): 6 de 8 campo(s) mudaram
achado 8 (feito): 0 de 0 campo(s) mudaram
achado 9 (feito_em_parte): 14 de 16 campo(s) mudaram
achado 10 (feito_em_parte): 2 de 8 campo(s) mudaram
achado 11 (por_verificar): 0 de 8 campo(s) mudaram
achado 12 (feito): 4 de 4 campo(s) mudaram
achado 13 (feito): 6 de 8 campo(s) mudaram
achado 14 (feito_em_parte): 6 de 8 campo(s) mudaram
achado 15 (feito): 4 de 4 campo(s) mudaram
achado 16 (feito): 6 de 6 campo(s) mudaram
achado 17 (feito): 8 de 8 campo(s) mudaram
achado 18 (feito): 8 de 10 campo(s) mudaram
achado 19 (recusado): 0 de 2 campo(s) mudaram
achado 20 (feito): 8 de 8 campo(s) mudaram
achado 21 (feito): 2 de 2 campo(s) mudaram
achado 22 (feito): 4 de 4 campo(s) mudaram
achado 23 (feito): 6 de 6 campo(s) mudaram
achado 24 (feito_em_parte): 2 de 10 campo(s) mudaram
achado 25 (feito_em_parte): 4 de 6 campo(s) mudaram
achado 26 (feito): 2 de 2 campo(s) mudaram
achado 27 (feito): 4 de 4 campo(s) mudaram
conhecido-positivo: {"achado_1_mudou":true,"achado_4_nao_mudou":true}
