achado 1 (feito): 4 de 4 campo(s) mudaram desde o início do bloco, 0 na R2-b
achado 2 (feito): 2 de 4 campo(s) mudaram desde o início do bloco, 2 na R2-b
achado 3 (feito): 2 de 4 campo(s) mudaram desde o início do bloco, 0 na R2-b
achado 4 (feito): 10 de 10 campo(s) mudaram desde o início do bloco, 10 na R2-b
achado 5 (feito): 4 de 4 campo(s) mudaram desde o início do bloco, 0 na R2-b
achado 6 (feito_em_parte): 4 de 6 campo(s) mudaram desde o início do bloco, 0 na R2-b
achado 7 (feito): 6 de 8 campo(s) mudaram desde o início do bloco, 0 na R2-b
achado 8 (feito): 0 de 0 campo(s) mudaram desde o início do bloco, 0 na R2-b
achado 9 (feito_em_parte): 14 de 16 campo(s) mudaram desde o início do bloco, 0 na R2-b
achado 10 (feito): 4 de 10 campo(s) mudaram desde o início do bloco, 2 na R2-b
achado 11 (feito_em_parte): 2 de 10 campo(s) mudaram desde o início do bloco, 2 na R2-b
achado 12 (feito): 4 de 4 campo(s) mudaram desde o início do bloco, 0 na R2-b
achado 13 (feito): 6 de 8 campo(s) mudaram desde o início do bloco, 0 na R2-b
achado 14 (feito): 8 de 8 campo(s) mudaram desde o início do bloco, 2 na R2-b
achado 15 (feito): 4 de 4 campo(s) mudaram desde o início do bloco, 0 na R2-b
achado 16 (feito): 6 de 6 campo(s) mudaram desde o início do bloco, 0 na R2-b
achado 17 (feito): 8 de 8 campo(s) mudaram desde o início do bloco, 0 na R2-b
achado 18 (feito): 8 de 10 campo(s) mudaram desde o início do bloco, 0 na R2-b
achado 19 (recusado): 0 de 2 campo(s) mudaram desde o início do bloco, 0 na R2-b
achado 20 (feito): 8 de 8 campo(s) mudaram desde o início do bloco, 0 na R2-b
achado 21 (feito): 2 de 2 campo(s) mudaram desde o início do bloco, 0 na R2-b
achado 22 (feito): 4 de 4 campo(s) mudaram desde o início do bloco, 0 na R2-b
achado 23 (feito): 6 de 6 campo(s) mudaram desde o início do bloco, 0 na R2-b
achado 24 (feito_em_parte): 2 de 10 campo(s) mudaram desde o início do bloco, 0 na R2-b
achado 25 (feito): 6 de 6 campo(s) mudaram desde o início do bloco, 2 na R2-b
achado 26 (feito): 2 de 2 campo(s) mudaram desde o início do bloco, 0 na R2-b
achado 27 (feito): 4 de 4 campo(s) mudaram desde o início do bloco, 0 na R2-b
R2-b · os nomes das variações (feito): 8 de 8 campo(s) mudaram desde o início do bloco, 8 na R2-b
R2-b · as faixas dos 27 (feito): 8 de 8 campo(s) mudaram desde o início do bloco, 6 na R2-b
R2-b · a ressalva do salário mínimo (feito): 2 de 2 campo(s) mudaram desde o início do bloco, 2 na R2-b
conhecido-positivo: {"achado_4_mudou_na_r2b":true,"achado_19_nao_mudou":true}
