R2-b: uniao-cartao, pt, 390 px: Quota de Portugal nas exportações das economias avançadas (quota de mercado das exportações)8,2fonte · EurostatVariação em três anos, em per.
R2-b: uniao-cartao, pt, 1280 px: Quota de Portugal nas exportações das economias avançadas (quota de mercado das exportações)8,2fonte · EurostatVariação em três anos, em per.
R2-b: uniao-cartao, en, 390 px: Portugal’s share of advanced economies’ exports (export market share)8,2source · EurostatThree-year change, as a percentage · 2025within the.
R2-b: uniao-cartao, en, 1280 px: Portugal’s share of advanced economies’ exports (export market share)8,2source · EurostatThree-year change, as a percentage · 2025within the.
R2-b: uniao-faixa, pt, 390 px: Preços da habitaçãoQuanto mudaram num ano os preços de transação das casas compradas pelas famílias?% de variação anual média · 2025Portugal.
R2-b: uniao-faixa, pt, 1280 px: Preços da habitaçãoQuanto mudaram num ano os preços de transação das casas compradas pelas famílias?% de variação anual média · 2025Portugal.
R2-b: uniao-faixa, en, 390 px: House pricesHow much have the transaction prices of homes purchased by households changed in a year?average annual % change · 2025PortugalEU.
R2-b: uniao-faixa, en, 1280 px: House pricesHow much have the transaction prices of homes purchased by households changed in a year?average annual % change · 2025PortugalEU.
R2-b: estado, pt, 390 px: Quota de Portugal nas exportações das economias avançadas (quota de mercado das exportações)8,2 % de variação em três anosem 2025fonte · Eur.
R2-b: estado, pt, 1280 px: Quota de Portugal nas exportações das economias avançadas (quota de mercado das exportações)8,2 % de variação em três anosem 2025fonte · Eur.
R2-b: estado, en, 390 px: Portugal’s share of advanced economies’ exports (export market share)8,2 % change over three yearsin 2025source · Eurostat The three-year ch.
R2-b: estado, en, 1280 px: Portugal’s share of advanced economies’ exports (export market share)8,2 % change over three yearsin 2025source · Eurostat The three-year ch.
R2-b: area-vab, pt, 390 px: Peso das quatro maiores empresas no valor acrescentado, em Évora21,5 % do VAB empresarialem 2024fonte · INEO que é este númeroO valor acresc.
R2-b: area-vab, pt, 1280 px: Peso das quatro maiores empresas no valor acrescentado, em Évora21,5 % do VAB empresarialem 2024fonte · INEO que é este númeroO valor acresc.
R2-b: area-vab, en, 390 px: Share of the four largest companies in gross value added, in Évora21,5 % of gross value added by enterprisesin 2024source · INEWhat this num.
R2-b: area-vab, en, 1280 px: Share of the four largest companies in gross value added, in Évora21,5 % of gross value added by enterprisesin 2024source · INEWhat this num.
R2-b: area-ppc, pt, 390 px: Produto interno bruto por habitante nos Açores73 índice (UE-27 = 100) (dado provisório)em 2024fonte · EurostatO que é este númeroO produto p.
R2-b: area-ppc, pt, 1280 px: Produto interno bruto por habitante nos Açores73 índice (UE-27 = 100) (dado provisório)em 2024fonte · EurostatO que é este númeroO produto p.
R2-b: area-ppc, en, 390 px: Gross domestic product per inhabitant in the Azores73 index (EU-27 = 100) (provisional data)in 2024source · EurostatWhat this number isOutpu.
R2-b: area-ppc, en, 1280 px: Gross domestic product per inhabitant in the Azores73 index (EU-27 = 100) (provisional data)in 2024source · EurostatWhat this number isOutpu.
R2-b: area-reexpressa, pt, 390 px: Dívida do início do mandato, reexpressa95 082 509,86 eurosem outubro de 2013fonte · Município de ÉvoraO que é este númeroReexpressa quer diz.
R2-b: area-reexpressa, pt, 1280 px: Dívida do início do mandato, reexpressa95 082 509,86 eurosem outubro de 2013fonte · Município de ÉvoraO que é este númeroReexpressa quer diz.
R2-b: area-reexpressa, en, 390 px: Debt at the start of the term, restated95 082 509,86 eurosin October 2013source · Município de ÉvoraWhat this number isRestated means presen.
R2-b: area-reexpressa, en, 1280 px: Debt at the start of the term, restated95 082 509,86 eurosin October 2013source · Município de ÉvoraWhat this number isRestated means presen.
R2-b: area-fator, pt, 390 px: Fator de sustentabilidade das pensões0,8237 multiplicador da pensãoem 2026fonte · Grupo de Trabalho para a Reforma da Segurança SocialO que .
R2-b: area-fator, pt, 1280 px: Fator de sustentabilidade das pensões0,8237 multiplicador da pensãoem 2026fonte · Grupo de Trabalho para a Reforma da Segurança SocialO que .
R2-b: area-fator, en, 390 px: Pension sustainability factor0,8237 pension multiplierin 2026source · Grupo de Trabalho para a Reforma da Segurança SocialWhat this number i.
R2-b: area-fator, en, 1280 px: Pension sustainability factor0,8237 pension multiplierin 2026source · Grupo de Trabalho para a Reforma da Segurança SocialWhat this number i.
R2-b: precos, pt, 390 px: Preços dos combustíveis23,78 % de variação em doze mesesem agosto de 2026fonte · INE A variação é maior do que a do mês anterior.julho de 20.
R2-b: precos, pt, 1280 px: Preços dos combustíveis23,78 % de variação em doze mesesem agosto de 2026fonte · INE A variação é maior do que a do mês anterior.julho de 20.
R2-b: precos, en, 390 px: Fuel prices23,78 % change over twelve monthsin August 2026source · INE The change is larger than the previous month’s.July 2026:16,58What th.
R2-b: precos, en, 1280 px: Fuel prices23,78 % change over twelve monthsin August 2026source · INE The change is larger than the previous month’s.July 2026:16,58What th.
R2-b: evora, pt, 390 px: Dívida total da câmara54 681 562 euros · 2024fonte · Direção-Geral das Autarquias Locais (DGAL)O que é este númeroA dívida da câmara que con.
R2-b: evora, pt, 1280 px: Dívida total da câmara54 681 562 euros · 2024fonte · Direção-Geral das Autarquias Locais (DGAL)O que é este númeroA dívida da câmara que con.
R2-b: evora, en, 390 px: Total municipal debt54 681 562 euros · 2024source · Direção-Geral das Autarquias Locais (DGAL)What this number isThe council’s debt that cou.
R2-b: evora, en, 1280 px: Total municipal debt54 681 562 euros · 2024source · Direção-Geral das Autarquias Locais (DGAL)What this number isThe council’s debt that cou.
R2-b: recibo-salario, pt, 390 px: Este valor é o do território continental. Nos Açores, a lei regional soma-lhe um acréscimo, e o diploma é uma das fontes da pergunta abaixo..
R2-b: recibo-salario, pt, 1280 px: Este valor é o do território continental. Nos Açores, a lei regional soma-lhe um acréscimo, e o diploma é uma das fontes da pergunta abaixo..
R2-b: recibo-salario, en, 390 px: This value is for mainland Portugal. In the Azores, regional law adds an increase to it, and the decree is one of the sources of the questio.
R2-b: recibo-salario, en, 1280 px: This value is for mainland Portugal. In the Azores, regional law adds an increase to it, and the decree is one of the sources of the questio.
R2-b: recibo-disparidade, pt, 390 px: Quanto menos ganham as mulheres do que os homens por hora de trabalho, antes de descontos, em percentagem do ganho dos homens, nas empresas .
R2-b: recibo-disparidade, pt, 1280 px: Quanto menos ganham as mulheres do que os homens por hora de trabalho, antes de descontos, em percentagem do ganho dos homens, nas empresas .
R2-b: recibo-disparidade, en, 390 px: How much less do women earn than men per hour of work, before deductions, as a percentage of men’s earnings, in enterprises with 10 or more .
R2-b: recibo-disparidade, en, 1280 px: How much less do women earn than men per hour of work, before deductions, as a percentage of men’s earnings, in enterprises with 10 or more .
R2-b: 44 capturas, 0 problemas.
