
> o-estado-do-pais@0.1.0 design:feixe
> node scripts/design-bundle.mjs --prova

  mordeu · feixe · tamanho
  mordeu · feixe · dependência SVG
  mordeu · feixe · imagem externa

[1m  O feixe de cartões do sistema de desenho[0m
[90m  design-system/ · de dist/ no commit afc4fb2 · 20 cartões, 11 ficheiros de letra e um README[0m

[90m  ficheiro                          grupo          bytes  ok[0m
  01-cor.html                       Fundamentos   382705  [32m✓[0m
  02-tipo.html                      Fundamentos   378851  [32m✓[0m
  03-selo-e-marcador.html           Componentes   416599  [32m✓[0m
  04-regua.html                     Disposições   386083  [32m✓[0m
  05-mapa.html                      Disposições   447522  [32m✓[0m
  06-estados.html                   Componentes   378339  [32m✓[0m
  07-cartoes.html                   Componentes   291532  [32m✓[0m
  10-pagina-primeira.html           Páginas       441505  [32m✓[0m
  11-pagina-primeira-escuro.html    Páginas       442376  [32m✓[0m
  12-pagina-linha-livro-razao.html  Páginas       229622  [32m✓[0m
  13-pagina-livro-razao.html        Páginas       613487  [31m✗[0m  599.1 KiB acima do tecto de 596.75 KiB
  14-pagina-municipio.html          Páginas       302409  [32m✓[0m
  15-pagina-lugares.html            Páginas       493634  [32m✓[0m
  16-pagina-metodo.html             Páginas       259461  [32m✓[0m
  17-pagina-agenda.html             Páginas       296252  [32m✓[0m
  18-pagina-estudos.html            Páginas       216750  [32m✓[0m
  19-pagina-sobre.html              Páginas       202169  [32m✓[0m
  20-pagina-correcoes.html          Páginas       301132  [32m✓[0m
  21-pagina-404.html                Páginas       200904  [32m✓[0m
  30-regras.html                    Fundamentos   243336  [32m✓[0m

[90m  6762.4 KiB de cartões · maior cartão 599.1 KiB · tecto 596.75 KiB[0m
[90m  11 ficheiros de letra ao lado, 421.0 KiB, resumos conferidos contra TIPOS.md · fora do tecto[0m
[90m  ligações internas absolutas em https://oestadodopaís.pt · 17 ligações para fontes, intactas · 12 endereços escritos no texto das páginas (transcrições, não pedidos)[0m

  [31m✗[0m 1 cartão(ões) reprovado(s).

