depois-recibo-factor-sustentabilidade-2026-pt-390.png: 390 × 2426, 0 valores colados à unidade.
depois-recibo-factor-sustentabilidade-2026-pt-768.png: 768 × 2135, 0 valores colados à unidade.
depois-recibo-factor-sustentabilidade-2026-pt-1024.png: 1024 × 1511, 0 valores colados à unidade.
depois-recibo-factor-sustentabilidade-2026-pt-1280.png: 1280 × 1546, 0 valores colados à unidade.
depois-recibo-factor-sustentabilidade-2026-pt-1600.png: 1600 × 1553, 0 valores colados à unidade.
depois-recibo-factor-sustentabilidade-2026-en-390.png: 390 × 2437, 0 valores colados à unidade.
depois-recibo-factor-sustentabilidade-2026-en-768.png: 768 × 2135, 0 valores colados à unidade.
depois-recibo-factor-sustentabilidade-2026-en-1024.png: 1024 × 1512, 0 valores colados à unidade.
depois-recibo-factor-sustentabilidade-2026-en-1280.png: 1280 × 1546, 0 valores colados à unidade.
depois-recibo-factor-sustentabilidade-2026-en-1600.png: 1600 × 1553, 0 valores colados à unidade.
depois-recibo-penalizacao-antecipacao-um-ano-com-factor-2026-pt-390.png: 390 × 2506, 0 valores colados à unidade.
depois-recibo-penalizacao-antecipacao-um-ano-com-factor-2026-pt-768.png: 768 × 2135, 0 valores colados à unidade.
depois-recibo-penalizacao-antecipacao-um-ano-com-factor-2026-pt-1024.png: 1024 × 1511, 0 valores colados à unidade.
depois-recibo-penalizacao-antecipacao-um-ano-com-factor-2026-pt-1280.png: 1280 × 1546, 0 valores colados à unidade.
depois-recibo-penalizacao-antecipacao-um-ano-com-factor-2026-pt-1600.png: 1600 × 1553, 0 valores colados à unidade.
depois-recibo-penalizacao-antecipacao-um-ano-com-factor-2026-en-390.png: 390 × 2534, 0 valores colados à unidade.
depois-recibo-penalizacao-antecipacao-um-ano-com-factor-2026-en-768.png: 768 × 2135, 0 valores colados à unidade.
depois-recibo-penalizacao-antecipacao-um-ano-com-factor-2026-en-1024.png: 1024 × 1512, 0 valores colados à unidade.
depois-recibo-penalizacao-antecipacao-um-ano-com-factor-2026-en-1280.png: 1280 × 1546, 0 valores colados à unidade.
depois-recibo-penalizacao-antecipacao-um-ano-com-factor-2026-en-1600.png: 1600 × 1553, 0 valores colados à unidade.
depois-recibo-penalizacao-antecipacao-um-ano-neutra-pt-390.png: 390 × 2463, 0 valores colados à unidade.
depois-recibo-penalizacao-antecipacao-um-ano-neutra-pt-768.png: 768 × 2135, 0 valores colados à unidade.
depois-recibo-penalizacao-antecipacao-um-ano-neutra-pt-1024.png: 1024 × 1511, 0 valores colados à unidade.
depois-recibo-penalizacao-antecipacao-um-ano-neutra-pt-1280.png: 1280 × 1546, 0 valores colados à unidade.
depois-recibo-penalizacao-antecipacao-um-ano-neutra-pt-1600.png: 1600 × 1553, 0 valores colados à unidade.
depois-recibo-penalizacao-antecipacao-um-ano-neutra-en-390.png: 390 × 2492, 0 valores colados à unidade.
depois-recibo-penalizacao-antecipacao-um-ano-neutra-en-768.png: 768 × 2135, 0 valores colados à unidade.
depois-recibo-penalizacao-antecipacao-um-ano-neutra-en-1024.png: 1024 × 1512, 0 valores colados à unidade.
depois-recibo-penalizacao-antecipacao-um-ano-neutra-en-1280.png: 1280 × 1546, 0 valores colados à unidade.
depois-recibo-penalizacao-antecipacao-um-ano-neutra-en-1600.png: 1600 × 1553, 0 valores colados à unidade.
depois-recibo-penalizacao-antecipacao-um-ano-sem-factor-2026-pt-390.png: 390 × 2482, 0 valores colados à unidade.
depois-recibo-penalizacao-antecipacao-um-ano-sem-factor-2026-pt-768.png: 768 × 2135, 0 valores colados à unidade.
depois-recibo-penalizacao-antecipacao-um-ano-sem-factor-2026-pt-1024.png: 1024 × 1511, 0 valores colados à unidade.
depois-recibo-penalizacao-antecipacao-um-ano-sem-factor-2026-pt-1280.png: 1280 × 1546, 0 valores colados à unidade.
depois-recibo-penalizacao-antecipacao-um-ano-sem-factor-2026-pt-1600.png: 1600 × 1553, 0 valores colados à unidade.
depois-recibo-penalizacao-antecipacao-um-ano-sem-factor-2026-en-390.png: 390 × 2511, 0 valores colados à unidade.
depois-recibo-penalizacao-antecipacao-um-ano-sem-factor-2026-en-768.png: 768 × 2135, 0 valores colados à unidade.
depois-recibo-penalizacao-antecipacao-um-ano-sem-factor-2026-en-1024.png: 1024 × 1512, 0 valores colados à unidade.
depois-recibo-penalizacao-antecipacao-um-ano-sem-factor-2026-en-1280.png: 1280 × 1546, 0 valores colados à unidade.
depois-recibo-penalizacao-antecipacao-um-ano-sem-factor-2026-en-1600.png: 1600 × 1553, 0 valores colados à unidade.
depois-recibo-pib-real-per-capita-2024-pt-390.png: 390 × 2659, 0 valores colados à unidade.
depois-recibo-pib-real-per-capita-2024-pt-768.png: 768 × 2331, 0 valores colados à unidade.
depois-recibo-pib-real-per-capita-2024-pt-1024.png: 1024 × 1528, 0 valores colados à unidade.
depois-recibo-pib-real-per-capita-2024-pt-1280.png: 1280 × 1579, 0 valores colados à unidade.
depois-recibo-pib-real-per-capita-2024-pt-1600.png: 1600 × 1586, 0 valores colados à unidade.
depois-recibo-pib-real-per-capita-2024-en-390.png: 390 × 2726, 0 valores colados à unidade.
depois-recibo-pib-real-per-capita-2024-en-768.png: 768 × 2331, 0 valores colados à unidade.
depois-recibo-pib-real-per-capita-2024-en-1024.png: 1024 × 1548, 0 valores colados à unidade.
depois-recibo-pib-real-per-capita-2024-en-1280.png: 1280 × 1598, 0 valores colados à unidade.
depois-recibo-pib-real-per-capita-2024-en-1600.png: 1600 × 1604, 0 valores colados à unidade.
depois-recibo-pib-real-per-capita-2025-ue-pt-390.png: 390 × 2370, 0 valores colados à unidade.
depois-recibo-pib-real-per-capita-2025-ue-pt-768.png: 768 × 2114, 0 valores colados à unidade.
depois-recibo-pib-real-per-capita-2025-ue-pt-1024.png: 1024 × 1386, 0 valores colados à unidade.
depois-recibo-pib-real-per-capita-2025-ue-pt-1280.png: 1280 × 1437, 0 valores colados à unidade.
depois-recibo-pib-real-per-capita-2025-ue-pt-1600.png: 1600 × 1443, 0 valores colados à unidade.
depois-recibo-pib-real-per-capita-2025-ue-en-390.png: 390 × 2437, 0 valores colados à unidade.
depois-recibo-pib-real-per-capita-2025-ue-en-768.png: 768 × 2114, 0 valores colados à unidade.
depois-recibo-pib-real-per-capita-2025-ue-en-1024.png: 1024 × 1406, 0 valores colados à unidade.
depois-recibo-pib-real-per-capita-2025-ue-en-1280.png: 1280 × 1456, 0 valores colados à unidade.
depois-recibo-pib-real-per-capita-2025-ue-en-1600.png: 1600 × 1462, 0 valores colados à unidade.
depois-recibo-pib-real-per-capita-2025-pt-390.png: 390 × 2841, 0 valores colados à unidade.
depois-recibo-pib-real-per-capita-2025-pt-768.png: 768 × 2452, 0 valores colados à unidade.
depois-recibo-pib-real-per-capita-2025-pt-1024.png: 1024 × 1659, 0 valores colados à unidade.
depois-recibo-pib-real-per-capita-2025-pt-1280.png: 1280 × 1713, 0 valores colados à unidade.
depois-recibo-pib-real-per-capita-2025-pt-1600.png: 1600 × 1719, 0 valores colados à unidade.
depois-recibo-pib-real-per-capita-2025-en-390.png: 390 × 2908, 0 valores colados à unidade.
depois-recibo-pib-real-per-capita-2025-en-768.png: 768 × 2452, 0 valores colados à unidade.
depois-recibo-pib-real-per-capita-2025-en-1024.png: 1024 × 1678, 0 valores colados à unidade.
depois-recibo-pib-real-per-capita-2025-en-1280.png: 1280 × 1731, 0 valores colados à unidade.
depois-recibo-pib-real-per-capita-2025-en-1600.png: 1600 × 1738, 0 valores colados à unidade.
depois-recibo-evora-indice-de-divida-2024-pt-390.png: 390 × 2004, 0 valores colados à unidade.
depois-recibo-evora-indice-de-divida-2024-pt-768.png: 768 × 1835, 0 valores colados à unidade.
depois-recibo-evora-indice-de-divida-2024-pt-1024.png: 1024 × 1392, 0 valores colados à unidade.
depois-recibo-evora-indice-de-divida-2024-pt-1280.png: 1280 × 1437, 0 valores colados à unidade.
depois-recibo-evora-indice-de-divida-2024-pt-1600.png: 1600 × 1443, 0 valores colados à unidade.
depois-recibo-evora-indice-de-divida-2024-en-390.png: 390 × 2052, 0 valores colados à unidade.
depois-recibo-evora-indice-de-divida-2024-en-768.png: 768 × 1835, 0 valores colados à unidade.
depois-recibo-evora-indice-de-divida-2024-en-1024.png: 1024 × 1374, 0 valores colados à unidade.
depois-recibo-evora-indice-de-divida-2024-en-1280.png: 1280 × 1418, 0 valores colados à unidade.
depois-recibo-evora-indice-de-divida-2024-en-1600.png: 1600 × 1424, 0 valores colados à unidade.
depois-recibo-distancia-portugal-ue27-2024-pt-390.png: 390 × 1910, 0 valores colados à unidade.
depois-recibo-distancia-portugal-ue27-2024-pt-768.png: 768 × 1762, 0 valores colados à unidade.
depois-recibo-distancia-portugal-ue27-2024-pt-1024.png: 1024 × 1298, 0 valores colados à unidade.
depois-recibo-distancia-portugal-ue27-2024-pt-1280.png: 1280 × 1343, 0 valores colados à unidade.
depois-recibo-distancia-portugal-ue27-2024-pt-1600.png: 1600 × 1349, 0 valores colados à unidade.
depois-recibo-distancia-portugal-ue27-2024-en-390.png: 390 × 1958, 0 valores colados à unidade.
depois-recibo-distancia-portugal-ue27-2024-en-768.png: 768 × 1762, 0 valores colados à unidade.
depois-recibo-distancia-portugal-ue27-2024-en-1024.png: 1024 × 1280, 0 valores colados à unidade.
depois-recibo-distancia-portugal-ue27-2024-en-1280.png: 1280 × 1324, 0 valores colados à unidade.
depois-recibo-distancia-portugal-ue27-2024-en-1600.png: 1600 × 1330, 0 valores colados à unidade.
depois-recibo-evora-prr-execucao-2026-pt-390.png: 390 × 2207, 0 valores colados à unidade.
depois-recibo-evora-prr-execucao-2026-pt-768.png: 768 × 1993, 0 valores colados à unidade.
depois-recibo-evora-prr-execucao-2026-pt-1024.png: 1024 × 1554, 0 valores colados à unidade.
depois-recibo-evora-prr-execucao-2026-pt-1280.png: 1280 × 1599, 0 valores colados à unidade.
depois-recibo-evora-prr-execucao-2026-pt-1600.png: 1600 × 1605, 0 valores colados à unidade.
depois-recibo-evora-prr-execucao-2026-en-390.png: 390 × 2255, 0 valores colados à unidade.
depois-recibo-evora-prr-execucao-2026-en-768.png: 768 × 1993, 0 valores colados à unidade.
depois-recibo-evora-prr-execucao-2026-en-1024.png: 1024 × 1536, 0 valores colados à unidade.
depois-recibo-evora-prr-execucao-2026-en-1280.png: 1280 × 1580, 0 valores colados à unidade.
depois-recibo-evora-prr-execucao-2026-en-1600.png: 1600 × 1586, 0 valores colados à unidade.
depois-recibo-divida-das-familias-2025-ue-pt-390.png: 390 × 2916, 0 valores colados à unidade.
depois-recibo-divida-das-familias-2025-ue-pt-768.png: 768 × 2525, 0 valores colados à unidade.
depois-recibo-divida-das-familias-2025-ue-pt-1024.png: 1024 × 1711, 0 valores colados à unidade.
depois-recibo-divida-das-familias-2025-ue-pt-1280.png: 1280 × 1762, 0 valores colados à unidade.
depois-recibo-divida-das-familias-2025-ue-pt-1600.png: 1600 × 1769, 0 valores colados à unidade.
depois-recibo-divida-das-familias-2025-ue-en-390.png: 390 × 2942, 0 valores colados à unidade.
depois-recibo-divida-das-familias-2025-ue-en-768.png: 768 × 2525, 0 valores colados à unidade.
depois-recibo-divida-das-familias-2025-ue-en-1024.png: 1024 × 1712, 0 valores colados à unidade.
depois-recibo-divida-das-familias-2025-ue-en-1280.png: 1280 × 1762, 0 valores colados à unidade.
depois-recibo-divida-das-familias-2025-ue-en-1600.png: 1600 × 1769, 0 valores colados à unidade.
depois-faixa-evora-pt-390.png: 390 × 8601, 0 valores colados à unidade.
depois-faixa-evora-pt-768.png: 768 × 6191, 0 valores colados à unidade.
depois-faixa-evora-pt-1024.png: 1024 × 6033, 0 valores colados à unidade.
depois-faixa-evora-pt-1280.png: 1280 × 6218, 0 valores colados à unidade.
depois-faixa-evora-pt-1600.png: 1600 × 6123, 0 valores colados à unidade.
depois-faixa-evora-en-390.png: 390 × 8676, 0 valores colados à unidade.
depois-faixa-evora-en-768.png: 768 × 6262, 0 valores colados à unidade.
depois-faixa-evora-en-1024.png: 1024 × 6131, 0 valores colados à unidade.
depois-faixa-evora-en-1280.png: 1280 × 6301, 0 valores colados à unidade.
depois-faixa-evora-en-1600.png: 1600 × 6205, 0 valores colados à unidade.
120 capturas de página, 0 recortes e 27 cópias; 0 falhas de aceitação.
