depois-recibo-evora-prr-aprovado-2026-pt-390.png: 390 × 5371, 0 valores colados à unidade.
depois-recibo-evora-prr-aprovado-2026-pt-768.png: 768 × 4228, 0 valores colados à unidade.
depois-recibo-evora-prr-aprovado-2026-pt-1024.png: 1024 × 3459, 0 valores colados à unidade.
depois-recibo-evora-prr-aprovado-2026-pt-1280.png: 1280 × 3507, 0 valores colados à unidade.
depois-recibo-evora-prr-aprovado-2026-pt-1600.png: 1600 × 3513, 0 valores colados à unidade.
depois-recibo-evora-prr-aprovado-2026-en-390.png: 390 × 5379, 0 valores colados à unidade.
depois-recibo-evora-prr-aprovado-2026-en-768.png: 768 × 4232, 0 valores colados à unidade.
depois-recibo-evora-prr-aprovado-2026-en-1024.png: 1024 × 3464, 0 valores colados à unidade.
depois-recibo-evora-prr-aprovado-2026-en-1280.png: 1280 × 3511, 0 valores colados à unidade.
depois-recibo-evora-prr-aprovado-2026-en-1600.png: 1600 × 3517, 0 valores colados à unidade.
depois-recibo-evora-prr-municipio-contratado-pt-390.png: 390 × 5123, 0 valores colados à unidade.
depois-recibo-evora-prr-municipio-contratado-pt-768.png: 768 × 4075, 0 valores colados à unidade.
depois-recibo-evora-prr-municipio-contratado-pt-1024.png: 1024 × 3363, 0 valores colados à unidade.
depois-recibo-evora-prr-municipio-contratado-pt-1280.png: 1280 × 3411, 0 valores colados à unidade.
depois-recibo-evora-prr-municipio-contratado-pt-1600.png: 1600 × 3417, 0 valores colados à unidade.
depois-recibo-evora-prr-municipio-contratado-en-390.png: 390 × 5171, 0 valores colados à unidade.
depois-recibo-evora-prr-municipio-contratado-en-768.png: 768 × 4096, 0 valores colados à unidade.
depois-recibo-evora-prr-municipio-contratado-en-1024.png: 1024 × 3385, 0 valores colados à unidade.
depois-recibo-evora-prr-municipio-contratado-en-1280.png: 1280 × 3432, 0 valores colados à unidade.
depois-recibo-evora-prr-municipio-contratado-en-1600.png: 1600 × 3438, 0 valores colados à unidade.
depois-recibo-evora-prr-pago-2026-pt-390.png: 390 × 5327, 0 valores colados à unidade.
depois-recibo-evora-prr-pago-2026-pt-768.png: 768 × 4228, 0 valores colados à unidade.
depois-recibo-evora-prr-pago-2026-pt-1024.png: 1024 × 3459, 0 valores colados à unidade.
depois-recibo-evora-prr-pago-2026-pt-1280.png: 1280 × 3507, 0 valores colados à unidade.
depois-recibo-evora-prr-pago-2026-pt-1600.png: 1600 × 3513, 0 valores colados à unidade.
depois-recibo-evora-prr-pago-2026-en-390.png: 390 × 5353, 0 valores colados à unidade.
depois-recibo-evora-prr-pago-2026-en-768.png: 768 × 4232, 0 valores colados à unidade.
depois-recibo-evora-prr-pago-2026-en-1024.png: 1024 × 3464, 0 valores colados à unidade.
depois-recibo-evora-prr-pago-2026-en-1280.png: 1280 × 3511, 0 valores colados à unidade.
depois-recibo-evora-prr-pago-2026-en-1600.png: 1600 × 3517, 0 valores colados à unidade.
depois-recibo-evora-prr-universidade-contratado-pt-390.png: 390 × 5167, 0 valores colados à unidade.
depois-recibo-evora-prr-universidade-contratado-pt-768.png: 768 × 4075, 0 valores colados à unidade.
depois-recibo-evora-prr-universidade-contratado-pt-1024.png: 1024 × 3363, 0 valores colados à unidade.
depois-recibo-evora-prr-universidade-contratado-pt-1280.png: 1280 × 3411, 0 valores colados à unidade.
depois-recibo-evora-prr-universidade-contratado-pt-1600.png: 1600 × 3417, 0 valores colados à unidade.
depois-recibo-evora-prr-universidade-contratado-en-390.png: 390 × 5193, 0 valores colados à unidade.
depois-recibo-evora-prr-universidade-contratado-en-768.png: 768 × 4096, 0 valores colados à unidade.
depois-recibo-evora-prr-universidade-contratado-en-1024.png: 1024 × 3385, 0 valores colados à unidade.
depois-recibo-evora-prr-universidade-contratado-en-1280.png: 1280 × 3432, 0 valores colados à unidade.
depois-recibo-evora-prr-universidade-contratado-en-1600.png: 1600 × 3438, 0 valores colados à unidade.
depois-recibo-evora-prr-vencido-aprovado-2026-pt-390.png: 390 × 5666, 0 valores colados à unidade.
depois-recibo-evora-prr-vencido-aprovado-2026-pt-768.png: 768 × 4420, 0 valores colados à unidade.
depois-recibo-evora-prr-vencido-aprovado-2026-pt-1024.png: 1024 × 3697, 0 valores colados à unidade.
depois-recibo-evora-prr-vencido-aprovado-2026-pt-1280.png: 1280 × 3745, 0 valores colados à unidade.
depois-recibo-evora-prr-vencido-aprovado-2026-pt-1600.png: 1600 × 3751, 0 valores colados à unidade.
depois-recibo-evora-prr-vencido-aprovado-2026-en-390.png: 390 × 5689, 0 valores colados à unidade.
depois-recibo-evora-prr-vencido-aprovado-2026-en-768.png: 768 × 4467, 0 valores colados à unidade.
depois-recibo-evora-prr-vencido-aprovado-2026-en-1024.png: 1024 × 3720, 0 valores colados à unidade.
depois-recibo-evora-prr-vencido-aprovado-2026-en-1280.png: 1280 × 3766, 0 valores colados à unidade.
depois-recibo-evora-prr-vencido-aprovado-2026-en-1600.png: 1600 × 3773, 0 valores colados à unidade.
50 capturas de página, 0 recortes e 12 cópias; 0 falhas de aceitação.
