{
  "cabeca_codigo": "ed5093914109ed20a968e0303fbf26a6fd81c5c1",
  "capturas": {
    "ambito": "Cinco recibos do PRR, nas duas edições e nas cinco larguras.",
    "ids": [
      "evora-prr-aprovado-2026",
      "evora-prr-municipio-contratado",
      "evora-prr-pago-2026",
      "evora-prr-universidade-contratado",
      "evora-prr-vencido-aprovado-2026"
    ],
    "quantidade": 50,
    "copias": 12,
    "cabeca": "ed5093914109ed20a968e0303fbf26a6fd81c5c1",
    "aceitacao": {
      "passou": true,
      "falhas": []
    }
  },
  "privacidade_da_passagem": {
    "ficheiros": 128,
    "quantidade": 0,
    "achados": [],
    "conhecidos_positivos": [
      true,
      true,
      true,
      true,
      true,
      true,
      true,
      true
    ]
  },
  "aceitacao_do_mandato_c1h": true,
  "erros_da_medicao": []
}
