edição                                             blocos  refs  sha    bytes  prova / blocos por género / motivos de origem
Portugal Regional Economic Assessment 2026             53   411    0   157267  render-sem-edicao-html | heading=14 list=3 paragraph=25 rule=4 table=9 | api-viva=203 derivado=208 | prefixos=0 | juntas-apertadas=66 espacos-fantasma=0
Avaliação Económica Regional de Portugal 2026 (p       53   411    0   158350  edicao-html | heading=14 list=3 paragraph=25 rule=4 table=9 | api-viva=206 derivado=205 | prefixos=0 | juntas-apertadas=63 espacos-fantasma=0
Évora — Promised, Paid, Audited 2026                   95   324    0   158221  render-sem-graficos | heading=15 list=2 paragraph=65 rule=10 table=13 | api-viva=145 derivado=50 pdf-sem-resumo=25 raw-sem-manifesto=104 | prefixos=0 | juntas-apertadas=29 espacos-fantasma=0
Évora — Prometido, Pago, Auditado 2026 (pt-PT)         95   324    0   160466  render-sem-graficos | heading=15 list=2 paragraph=66 rule=10 table=13 | api-viva=143 derivado=48 pdf-sem-resumo=23 raw-sem-manifesto=110 | prefixos=0 | juntas-apertadas=30 espacos-fantasma=0
Évora — Economy, Investors, Open Doors 2026            49   171    0    62703  edicao-html | heading=12 list=1 paragraph=38 table=2 | api-viva=34 derivado=79 pdf-sem-resumo=7 raw-sem-manifesto=51 | prefixos=0 | juntas-apertadas=7 espacos-fantasma=0
Évora — Economia, Investidores, Portas Abertas 2       49   171    0    64866  edicao-html | heading=12 list=1 paragraph=38 table=2 | api-viva=35 derivado=78 pdf-sem-resumo=7 raw-sem-manifesto=51 | prefixos=0 | juntas-apertadas=9 espacos-fantasma=0
Évora — Budgeted, Paid, Owed 2025                      87   194   12    80961  edicao-html | heading=18 list=3 paragraph=50 rule=14 table=9 | derivado=16 pdf-sem-resumo=160 raw-sem-manifesto=6 | prefixos=12 | juntas-apertadas=19 espacos-fantasma=0
Évora — Orçamentado, Pago, Devido 2025 (pt-PT)         88   194   12    82527  edicao-html | heading=18 list=3 paragraph=51 rule=14 table=9 | derivado=16 pdf-sem-resumo=160 raw-sem-manifesto=6 | prefixos=12 | juntas-apertadas=20 espacos-fantasma=0
Évora — Fifteen Years, Five Mandates                  173   682  278   352904  edicao-html | heading=30 list=7 paragraph=107 rule=9 table=29 | derivado=26 pdf-sem-resumo=101 portal-estatico=171 raw-sem-manifesto=106 | prefixos=278 | juntas-apertadas=34 espacos-fantasma=0
Évora — Quinze Anos, Cinco Mandatos (pt-PT)           173   682  278   354934  edicao-html | heading=30 list=7 paragraph=107 rule=9 table=29 | derivado=26 pdf-sem-resumo=111 portal-estatico=161 raw-sem-manifesto=106 | prefixos=278 | juntas-apertadas=23 espacos-fantasma=0
Évora — The Portfolios, Who Held Them, What They      138   296  205   246165  edicao-html | heading=35 list=3 paragraph=86 rule=9 table=24 | derivado=17 pdf-sem-resumo=7 raw-sem-manifesto=67 | prefixos=205 | juntas-apertadas=86 espacos-fantasma=0
Évora — Os Pelouros, Quem Os Teve, O Que Fizeram      138   296  208   249086  edicao-html | heading=35 list=3 paragraph=86 rule=9 table=24 | derivado=16 pdf-sem-resumo=7 raw-sem-manifesto=65 | prefixos=208 | juntas-apertadas=86 espacos-fantasma=0
Évora 2027 — O Prometido, o Painel, o Dinheiro (      130   190    0   165229  edicao-html | heading=30 paragraph=65 rule=7 table=28 | pdf-sem-resumo=184 raw-sem-manifesto=6 | prefixos=0 | juntas-apertadas=3 espacos-fantasma=0
Évora 2027 — Promised, Panel, Money                   130   190    0   163285  edicao-html | heading=30 paragraph=65 rule=7 table=28 | pdf-sem-resumo=183 raw-sem-manifesto=7 | prefixos=0 | juntas-apertadas=3 espacos-fantasma=0
As contas da Câmara de Évora, 2010 a 2025 (pt-PT      172   486  219   253294  edicao-html | heading=27 list=6 paragraph=103 rule=11 table=25 | derivado=28 pdf-sem-resumo=224 raw-sem-manifesto=15 | prefixos=219 | juntas-apertadas=24 espacos-fantasma=0
The accounts of the Câmara de Évora, 2010 to 202      171   486  219   250442  edicao-html | heading=27 list=6 paragraph=102 rule=11 table=25 | derivado=28 pdf-sem-resumo=224 raw-sem-manifesto=15 | prefixos=219 | juntas-apertadas=23 espacos-fantasma=0
Quem governou a Câmara de Évora, 2009 a 2025 (pt      211   484  221   378506  edicao-html | heading=54 list=8 paragraph=103 rule=10 table=36 | derivado=20 pdf-sem-resumo=32 portal-estatico=165 raw-sem-manifesto=46 | prefixos=221 | juntas-apertadas=12 espacos-fantasma=0
A economia de Évora e o dinheiro público que che      161   530    0   249140  edicao-html | heading=26 list=4 paragraph=106 rule=7 table=18 | api-viva=154 derivado=109 pdf-sem-resumo=30 raw-sem-manifesto=237 | prefixos=0 | juntas-apertadas=34 espacos-fantasma=0
The economy of Évora and the public money that r      161   530    0   245343  edicao-html | heading=26 list=4 paragraph=106 rule=7 table=18 | api-viva=155 derivado=106 pdf-sem-resumo=32 raw-sem-manifesto=237 | prefixos=0 | juntas-apertadas=34 espacos-fantasma=0
Évora 2027, Capital Europeia da Cultura (pt-PT)       134   176    0   167877  edicao-html | heading=31 paragraph=67 rule=7 table=29 | pdf-sem-resumo=170 raw-sem-manifesto=6 | prefixos=0 | juntas-apertadas=6 espacos-fantasma=0
Évora 2027, European Capital of Culture               134   176    0   165932  edicao-html | heading=31 paragraph=67 rule=7 table=29 | pdf-sem-resumo=169 raw-sem-manifesto=7 | prefixos=0 | juntas-apertadas=6 espacos-fantasma=0
REGISTOS: WROTE — 21 records and 11 manifests
