{
  "portoes": {
    "build": {
      "codigo": 1,
      "cabeca": "2d063f9af1e707a4e8657a0e664bdce88eece4b6",
      "inicio": "2026-09-28T20:11:24.602172+00:00",
      "fim": "2026-09-28T20:11:25.392793+00:00"
    },
    "verify": {
      "codigo": 1,
      "cabeca": "2d063f9af1e707a4e8657a0e664bdce88eece4b6",
      "inicio": "2026-09-28T20:11:28.540121+00:00",
      "fim": "2026-09-28T20:11:28.999676+00:00"
    },
    "typecheck": {
      "codigo": 0,
      "cabeca": "2d063f9af1e707a4e8657a0e664bdce88eece4b6",
      "inicio": "2026-09-28T20:11:31.994245+00:00",
      "fim": "2026-09-28T20:11:32.326161+00:00"
    }
  },
  "caminhos": {
    "ficheiros": 2475,
    "quantidade": 0,
    "achados": [],
    "conhecidos_positivos": [
      true,
      true,
      true,
      true,
      true,
      true,
      true,
      true,
      true,
      true
    ],
    "anfitrioes": 1,
    "nomes_lidos_do_git": 2
  },
  "paragem": "16 entradas de proveniência anteriores ao acesso em vigor nas cinco linhas do PRR",
  "erros_da_medicao": []
}
