mapa l.81 src/i18n/strings.mjs:4518 -> 4619
mapa l.99 src/lib/routes.mjs:255 -> 267
mapa l.143 scripts/gate-html.mjs:379 -> 380
mapa l.151 scripts/check-formas.mjs:467 -> 476
mapa l.153 scripts/check-voz.mjs:531 -> 534
mapa l.157 scripts/check-lugar.mjs:1541 -> 1551
mapa l.157 scripts/check-lugar.mjs:1030 -> 1040
mapa l.157 scripts/check-lugar.mjs:1019 -> 1029
mapa l.157 scripts/check-lugar.mjs:1310 -> 1320
mapa l.157 scripts/check-lugar.mjs:1527 -> 1537
mapa l.157 scripts/check-lugar.mjs:1245 -> 1255
mapa l.157 scripts/check-lugar.mjs:1762 -> 1772
mapa l.157 scripts/check-lugar.mjs:1286 -> 1296
mapa l.157 scripts/check-lugar.mjs:1280 -> 1290
mapa l.157 scripts/check-lugar.mjs:1733 -> 1743
mapa l.157 scripts/check-lugar.mjs:1249 -> 1259
mapa l.157 scripts/check-lugar.mjs:1682 -> 1692
mapa l.157 scripts/check-lugar.mjs:1621 -> 1631
mapa l.157 scripts/check-lugar.mjs:1773 -> 1783
mapa l.157 scripts/check-lugar.mjs:1192 -> 1202
mapa l.157 scripts/check-lugar.mjs:1183 -> 1193
mapa l.157 scripts/check-lugar.mjs:1154 -> 1164
mapa l.157 scripts/check-lugar.mjs:1049 -> 1059
mapa l.157 scripts/check-lugar.mjs:974 -> 984
mapa l.157 scripts/check-lugar.mjs:1986 -> 1996
mapa l.157 scripts/check-lugar.mjs:874 -> 884
mapa l.157 scripts/check-lugar.mjs:945 -> 955
mapa l.165 scripts/gate-html.mjs:8150 -> 8215
mapa l.165 scripts/gate-html.mjs:1633 -> 1639
mapa l.165 scripts/gate-html.mjs:152 -> 153
mapa l.165 scripts/gate-html.mjs:150 -> 151
mapa l.165 scripts/gate-html.mjs:123 -> 124
mapa l.167 scripts/gate-html.mjs:8009 -> 8054
mapa l.167 scripts/gate-html.mjs:7962 -> 8007
mapa l.167 scripts/gate-html.mjs:401 -> 402
mapa l.169 scripts/gate-html.mjs:8002 -> 8047
mapa l.169 scripts/gate-html.mjs:7992 -> 8037
mapa l.169 scripts/gate-html.mjs:563 -> 569
mapa l.171 scripts/gate-html.mjs:2322 -> 2328
mapa l.171 scripts/gate-html.mjs:1867 -> 1873
mapa l.171 scripts/gate-html.mjs:1850 -> 1856
mapa l.175 scripts/gate-html.mjs:1735 -> 1741
mapa l.175 scripts/gate-html.mjs:1752 -> 1758
mapa l.176 scripts/gate-html.mjs:1858 -> 1864
mapa l.177 scripts/gate-html.mjs:1907 -> 1913
mapa l.178 scripts/gate-html.mjs:1984 -> 1990
mapa l.179 scripts/gate-html.mjs:2367 -> 2373
mapa l.180 scripts/gate-html.mjs:2468 -> 2474
mapa l.180 scripts/gate-html.mjs:2451 -> 2457
mapa l.180 scripts/gate-html.mjs:1802 -> 1808
mapa l.181 scripts/gate-html.mjs:1846 -> 1852
mapa l.182 scripts/gate-html.mjs:2552 -> 2558
mapa l.182 scripts/gate-html.mjs:2536 -> 2542
mapa l.186 scripts/gate-html.mjs:8020 -> 8065
mapa l.187 scripts/gate-html.mjs:5180 -> 5206
mapa l.187 scripts/gate-html.mjs:283 -> 284
mapa l.187 scripts/gate-html.mjs:342 -> 343
mapa l.187 scripts/gate-html.mjs:5222 -> 5248
mapa l.187 scripts/gate-html.mjs:5154 -> 5180
mapa l.187 scripts/gate-html.mjs:5087 -> 5093
mapa l.187 scripts/gate-html.mjs:5297 -> 5323
mapa l.187 scripts/gate-html.mjs:352 -> 353
mapa l.188 scripts/gate-html.mjs:4811 -> 4817
mapa l.189 scripts/gate-html.mjs:5396 -> 5422
mapa l.189 scripts/gate-html.mjs:5281 -> 5307
mapa l.190 scripts/gate-html.mjs:4937 -> 4943
mapa l.191 scripts/gate-html.mjs:7809 -> 7854
mapa l.192 scripts/gate-html.mjs:4435 -> 4441
mapa l.193 scripts/gate-html.mjs:6969 -> 7001
mapa l.193 scripts/gate-html.mjs:5298 -> 5324
mapa l.194 scripts/gate-html.mjs:7055 -> 7087
mapa l.195 scripts/gate-html.mjs:7732 -> 7777
mapa l.195 scripts/gate-html.mjs:5324 -> 5350
mapa l.196 scripts/gate-html.mjs:4499 -> 4505
mapa l.197 scripts/gate-html.mjs:2463 -> 2469
mapa l.197 scripts/gate-html.mjs:1827 -> 1833
mapa l.201 scripts/gate-html.mjs:8397 -> 8462
mapa l.201 scripts/gate-html.mjs:8335 -> 8400
mapa l.201 scripts/gate-html.mjs:8562 -> 8627
mapa l.201 scripts/gate-html.mjs:9003 -> 9068
mapa l.201 scripts/gate-html.mjs:8234 -> 8299
mapa l.208 scripts/gate-html.mjs:7697 -> 7742
mapa l.209 scripts/gate-html.mjs:3361 -> 3367
mapa l.218 scripts/gate-html.mjs:3609 -> 3615
mapa l.227 tests/acessibilidade/alvos.mjs:1593 -> 1611
mapa l.227 tests/acessibilidade/alvos.mjs:1768 -> 1786
mapa l.227 tests/acessibilidade/alvos.mjs:1795 -> 1813
mapa l.227 tests/acessibilidade/alvos.mjs:1755 -> 1773
mapa l.227 tests/acessibilidade/alvos.mjs:1708 -> 1726
mapa l.227 tests/acessibilidade/alvos.mjs:1654 -> 1672
mapa l.227 tests/acessibilidade/alvos.mjs:1628 -> 1646
mapa l.227 tests/acessibilidade/alvos.mjs:1610 -> 1628
mapa l.227 tests/acessibilidade/alvos.mjs:1596 -> 1614
mapa l.227 tests/acessibilidade/alvos.mjs:1580 -> 1598
mapa l.227 tests/acessibilidade/alvos.mjs:1502 -> 1520
mapa l.227 tests/acessibilidade/alvos.mjs:1484 -> 1502
mapa l.249 scripts/check-lugar.mjs:991 -> 1001
mapa l.249 scripts/check-lugar.mjs:974 -> 984
mapa l.318 src/i18n/strings.mjs:4049 -> 4150
mapa l.333 scripts/gate-html.mjs:7873 -> 7918
mapa l.333 scripts/gate-html.mjs:7913 -> 7958
mapa l.334 scripts/medir-defeitos.mjs:1635 -> 1671
mapa l.336 scripts/check-voz.mjs:531 -> 534
mapa l.339 scripts/check-lugar.mjs:945 -> 955
mapa l.339 scripts/gate-html.mjs:419 -> 425
mapa l.340 scripts/check-lugar.mjs:974 -> 984
mapa l.340 scripts/check-lugar.mjs:958 -> 968
mapa l.340 scripts/check-lugar.mjs:958 -> 968
mapa l.341 scripts/check-lugar.mjs:314 -> 324
mapa l.375 scripts/gate-html.mjs:4508 -> 4514
mapa l.388 src/data/primeira-pagina.mjs:359 -> 369
mapa l.388 src/data/primeira-pagina.mjs:280 -> 290
mapa l.389 src/lib/routes.mjs:256 -> 268
mapa l.391 scripts/sinais-da-primeira-pagina.mjs:103 -> 121
mapa l.393 tests/acessibilidade/alvos.mjs:927 -> 941
mapa l.393 scripts/check-lugar.mjs:562 -> 572
mapa l.393 scripts/check-formas.mjs:200 -> 202
mapa l.393 scripts/check-voz.mjs:734 -> 737
mapa l.393 scripts/check-voz.mjs:560 -> 563
mapa l.393 scripts/medir-defeitos.mjs:684 -> 697
mapa l.393 scripts/medir-defeitos.mjs:651 -> 664
mapa l.393 scripts/medir-defeitos.mjs:636 -> 649
mapa l.393 scripts/gate-html.mjs:5970 -> 5997
mapa l.404 src/lib/caminho.mjs:155 -> 161
mapa l.404 src/lib/routes.mjs:297 -> 309
mapa l.405 scripts/gate-html.mjs:6048 -> 6075
mapa l.407 scripts/check-formas.mjs:684 -> 693
mapa l.409 scripts/check-formas.mjs:1525 -> 1560
mapa l.411 scripts/gate-html.mjs:4794 -> 4800
mapa l.412 scripts/gate-html.mjs:4880 -> 4886
mapa l.414 scripts/gate-html.mjs:176 -> 177
mapa l.414 scripts/gate-html.mjs:4556 -> 4562
mapa l.414 scripts/gate-html.mjs:75 -> 76
mapa l.438 scripts/gate-html.mjs:6215 -> 6242
mapa l.438 scripts/gate-html.mjs:3635 -> 3641
mapa l.449 src/i18n/strings.mjs:4457 -> 4558
mapa l.449 src/i18n/strings.mjs:3150 -> 3203
mapa l.453 scripts/gate-html.mjs:1084 -> 1090
mapa l.455 scripts/gate-html.mjs:104 -> 105
mapa l.464 scripts/check-formas.mjs:705 -> 740
mapa l.465 scripts/gate-html.mjs:6250 -> 6277
mapa l.466 scripts/check-lugar.mjs:1716 -> 1726
mapa l.469 scripts/check-formas.mjs:1516 -> 1551
mapa l.470 src/i18n/strings.mjs:1132 -> 1135
mapa l.478 scripts/gate-html.mjs:5045 -> 5051
mapa l.485 scripts/gate-html.mjs:6519 -> 6546
mapa l.485 scripts/gate-html.mjs:3486 -> 3492
mapa l.485 scripts/gate-html.mjs:6538 -> 6565
mapa l.492 src/lib/caminho.mjs:98 -> 99
mapa l.496 scripts/gate-html.mjs:8021 -> 8066
mapa l.496 scripts/gate-html.mjs:5437 -> 5463
mapa l.496 scripts/gate-html.mjs:8031 -> 8076
mapa l.497 tests/acessibilidade/alvos.mjs:2077 -> 2095
mapa l.497 tests/acessibilidade/alvos.mjs:2054 -> 2072
mapa l.499 scripts/medir-defeitos.mjs:495 -> 501
mapa l.501 scripts/medir-defeitos.mjs:1651 -> 1687
mapa l.509 scripts/gate-html.mjs:6522 -> 6549
mapa l.509 scripts/gate-html.mjs:103 -> 104
mapa l.511 src/i18n/strings.mjs:1246 -> 1249
mapa l.516 scripts/check-lugar.mjs:1136 -> 1146
mapa l.525 scripts/gate-html.mjs:9046 -> 9111
mapa l.525 scripts/gate-html.mjs:118 -> 119
mapa l.528 scripts/gate-html.mjs:6580 -> 6607
mapa l.530 scripts/check-lugar.mjs:1616 -> 1626
mapa l.539 scripts/medir-defeitos.mjs:824 -> 851
mapa l.539 src/lib/caminho.mjs:277 -> 293
mapa l.540 scripts/gate-html.mjs:9108 -> 9173
mapa l.540 scripts/gate-html.mjs:4807 -> 4813
mapa l.540 scripts/gate-html.mjs:410 -> 416
mapa l.541 scripts/check-formas.mjs:277 -> 286
mapa l.541 scripts/check-lugar.mjs:2155 -> 2165
mapa l.541 scripts/check-lugar.mjs:645 -> 655
mapa l.542 scripts/check-lugar.mjs:608 -> 618
mapa l.542 scripts/medir-defeitos.mjs:1347 -> 1383
mapa l.550 src/lib/routes.mjs:359 -> 371
mapa l.550 src/lib/routes.mjs:343 -> 355
mapa l.551 src/lib/indice.mjs:195 -> 200
mapa l.551 src/lib/indice.mjs:107 -> 111
mapa l.551 src/lib/indice.mjs:51 -> 52
mapa l.554 scripts/gate-html.mjs:8058 -> 8103
mapa l.554 scripts/gate-html.mjs:5477 -> 5503
mapa l.555 scripts/medir-defeitos.mjs:555 -> 561
mapa l.555 scripts/gate-html.mjs:5459 -> 5485
mapa l.557 src/views/IndiceView.astro:99 -> 100
mapa l.646 src/i18n/strings.mjs:2294 -> 2347
mapa l.647 scripts/check-formas.mjs:655 -> 664
mapa l.659 scripts/gate-html.mjs:8073 -> 8138
mapa l.659 scripts/gate-html.mjs:5459 -> 5485
mapa l.660 scripts/gate-html.mjs:4635 -> 4641
mapa l.661 scripts/gate-html.mjs:6181 -> 6208
mapa l.674 scripts/check-formas.mjs:472 -> 481
mapa l.674 scripts/check-formas.mjs:398 -> 407
mapa l.674 scripts/check-formas.mjs:418 -> 427
mapa l.675 scripts/gate-html.mjs:1077 -> 1083
mapa l.675 scripts/gate-html.mjs:6090 -> 6117
mapa l.686 scripts/medir-defeitos.mjs:1382 -> 1418
mapa l.686 scripts/gate-html.mjs:717 -> 723
mapa l.688 scripts/medir-defeitos.mjs:1687 -> 1723
mapa l.688 scripts/check-voz.mjs:563 -> 566
mapa l.688 scripts/voz-pais.mjs:65 -> 67
mapa l.688 src/views/HomeView.astro:68 -> 69
mapa l.690 scripts/check-lugar.mjs:1130 -> 1140
202 referência(s) postas em dia
