{
  "medidas": [
    {
      "lang": "pt",
      "largura": 360,
      "forma": "servida",
      "natural": 666.3125,
      "coluna": 324,
      "linhas": 3,
      "gap": 16,
      "letra": "15px",
      "sem_transbordo": true
    },
    {
      "lang": "pt",
      "largura": 390,
      "forma": "servida",
      "natural": 666.3125,
      "coluna": 354,
      "linhas": 2,
      "gap": 16,
      "letra": "15px",
      "sem_transbordo": true
    },
    {
      "lang": "pt",
      "largura": 768,
      "forma": "servida",
      "natural": 699.3365,
      "coluna": 707,
      "linhas": 1,
      "gap": 21.504,
      "letra": "15px",
      "sem_transbordo": true
    },
    {
      "lang": "en",
      "largura": 360,
      "forma": "servida",
      "natural": 659.75,
      "coluna": 324,
      "linhas": 3,
      "gap": 16,
      "letra": "15px",
      "sem_transbordo": true
    },
    {
      "lang": "en",
      "largura": 390,
      "forma": "servida",
      "natural": 659.75,
      "coluna": 354,
      "linhas": 2,
      "gap": 16,
      "letra": "15px",
      "sem_transbordo": true
    },
    {
      "lang": "en",
      "largura": 768,
      "forma": "servida",
      "natural": 692.774,
      "coluna": 707,
      "linhas": 1,
      "gap": 21.504,
      "letra": "15px",
      "sem_transbordo": true
    }
  ],
  "nome_inteiro_cabe": true,
  "politica": {
    "rotas": {
      "pt": "/metodo#politica-de-ia",
      "en": "/en/method#politica-de-ia"
    },
    "rota_do_brief_existe": false
  }
}
