tema e menu · TM1 24 corrida(s), TM2 30, TM3 6, TM4 48 · 14 planta(s), 14 a morder
  mordeu · a paleta escura pela preferência do sistema
  mordeu · a guarda tirada do <head>
  mordeu · um manipulador que aplica o claro a todos os cliques
  mordeu · a guarda no fim do <body>
  mordeu · o comando tirado do cabeçalho
  mordeu · um botão do tema com 30 px
  mordeu · uma oitava porta no menu
  mordeu · o menu apertado a 6 px
  mordeu · o menu sem dobrar a 320 px
  mordeu · uma porta sem 44 px de toque
  mordeu · uma oitava porta no menu
  mordeu · o menu apertado a 6 px
  mordeu · o menu sem dobrar a 320 px
  mordeu · uma porta sem 44 px de toque
TM4 · / a 320 px: o menu tem 3 linhas, e o máximo é duas.
TM4 · / a 360 px: o menu tem 3 linhas, e o máximo é duas.
TM4 · /en/ a 320 px: o menu tem 3 linhas, e o máximo é duas.
TM4 · /en/ a 360 px: o menu tem 3 linhas, e o máximo é duas.
TM4 · /lugares/ a 320 px: o menu tem 3 linhas, e o máximo é duas.
TM4 · /lugares/ a 360 px: o menu tem 3 linhas, e o máximo é duas.
TM4 · /en/places/ a 320 px: o menu tem 3 linhas, e o máximo é duas.
TM4 · /en/places/ a 360 px: o menu tem 3 linhas, e o máximo é duas.
TM4 · /uniao-europeia/ a 320 px: o menu tem 3 linhas, e o máximo é duas.
TM4 · /uniao-europeia/ a 360 px: o menu tem 3 linhas, e o máximo é duas.
TM4 · /en/european-union/ a 320 px: o menu tem 3 linhas, e o máximo é duas.
TM4 · /en/european-union/ a 360 px: o menu tem 3 linhas, e o máximo é duas.
