cabeça: 482546471b44046b9ec4d5b7093b9ac78c2d35f1
estado dos ficheiros seguidos: 0 linha(s)
---
OK ex1-semana-data-trocada: código 1
OK ex1-semana-contagem-trocada: código 1
OK ex1-semana-janela-de-outro-dia: código 1
OK ex1-semana-janela-de-oito-dias: código 1
OK ex1-semana-fora-da-porta: código 1
OK ex1-semana-mudanca-a-mais: código 1
OK ex1-semana-mudanca-em-falta: código 1
OK ex1-unidade-de-outra-linha: código 1
OK ex1-unidade-com-a-marca-de-outra-linha: código 1
OK ex1-explicacao-titulo-com-outro-ano: código 1
OK ex1-explicacao-descricao-mudada: código 1
OK ex1-explicacao-numero-trocado: código 1
OK ex1-f22-barra-fora-de-escala: código 1
OK ex1-f22-valor-trocado: código 1
OK ex1-indice-sem-as-explicacoes: código 1
OK ex1-voz-frase-por-classificar: código 1
OK ex1-voz-ramo-do-sinal-trocado: código 1
OK ex1-voz-porta-da-semana-com-outra-frase: código 1
