citações conferidas na linha citada (±7): 323
citação está no ficheiro, mas longe da linha citada: 57
   mapa l.69 «let paridadeConferida = false» citada em ['src/i18n/strings.mjs:7', 'src/i18n/strings.mjs:4346'] → está em ['src/i18n/strings.mjs:4412']
   mapa l.147 «A PARIDADE DAS CHAVES CONFERE-SE UMA VEZ POR PROCESSO» citada em ['scripts/provar-guardas.mjs:11', 'scripts/provar-guardas.mjs:17', 'scripts/provar-guardas.mjs:874'] → está em ['scripts/provar-guardas.mjs:906']
   mapa l.155 «não existe dist/. Corra o build primeiro» citada em ['scripts/gate-html.mjs:305', 'scripts/gate-html.mjs:7962', 'scripts/gate-html.mjs:8009'] → está em ['scripts/gate-html.mjs:384']
   mapa l.159 «as sete conferências L1 a L7» citada em ['scripts/gate-html.mjs:1739', 'scripts/gate-html.mjs:1682', 'scripts/gate-html.mjs:2290'] → está em ['scripts/gate-html.mjs:1818']
   mapa l.168 «Fontes e verificação» citada em ['scripts/gate-html.mjs:1770', 'scripts/gate-html.mjs:2129', 'scripts/gate-html.mjs:2340'] → está em ['scripts/gate-html.mjs:2419']
   mapa l.170 «Sem esta comparação, a marca seria uma dispensa: seis dos tí» citada em ['scripts/gate-html.mjs:2213', 'scripts/gate-html.mjs:2361'] → está em ['scripts/gate-html.mjs:2503']
   mapa l.174 «algarismos fora do livro-razão» citada em ['scripts/gate-html.mjs:7750'] → está em ['scripts/gate-html.mjs:7922']
   mapa l.175 «uma cadeia mudada de um lado fica diferente do outro» citada em ['scripts/gate-html.mjs:4975', 'scripts/gate-html.mjs:5297', 'scripts/gate-html.mjs:5087', 'scripts/gate-html.mjs:5154'] → está em ['scripts/gate-html.mjs:340']
   mapa l.177 «dentro de um marco» citada em ['scripts/gate-html.mjs:5265', 'scripts/gate-html.mjs:5193'] → está em ['scripts/gate-html.mjs:5381']
   mapa l.179 «uma ausência nunca se desenha» citada em ['scripts/gate-html.mjs:7539'] → está em ['scripts/gate-html.mjs:7711']
   mapa l.189 «se uma faltar, o selo dessa linha aponta para um 404» citada em ['scripts/gate-html.mjs:8224', 'scripts/gate-html.mjs:8666', 'scripts/gate-html.mjs:8552', 'scripts/gate-html.mjs:8325'] → está em ['scripts/gate-html.mjs:8879']
   mapa l.196 «B2: as quatro contagens partilham uma porta visível, validad» citada em ['scripts/pais-camaras.mjs:1', 'scripts/check-pais.mjs:284', 'scripts/gate-html.mjs:7427', 'scripts/pais-camaras.mjs:61'] → está em ['scripts/gate-html.mjs:7599']
   mapa l.206 «A LEITURA DO CARTÃO, pela mesma regra do item da régua» citada em ['scripts/gate-html.mjs:3464'] → está em ['scripts/gate-html.mjs:3560']
   mapa l.322 «UMA SENTINELA APANHA A FRASE DENTRO DE OUTRA FRASE» citada em ['scripts/medir-defeitos.mjs:1556'] → está em ['scripts/medir-defeitos.mjs:1585']
   mapa l.381 «A FRASE DO VEREDICTO SAI DO INVENTÁRIO NA PRIMEIRA PÁGINA» citada em ['scripts/gate-html.mjs:5984', 'scripts/medir-defeitos.mjs:632', 'scripts/medir-defeitos.mjs:647', 'scripts/medir-defeitos.mjs:667'] → está em ['scripts/medir-defeitos.mjs:679']
   mapa l.392 «A PÁGINA DE UMA SÉRIE (bloco UE1, 29.09.2026)» citada em ['src/lib/routes.mjs:297', 'src/views/SerieView.astro:3', 'src/lib/caminho.mjs:144'] → está em ['src/lib/caminho.mjs:155']
   mapa l.393 «AS ORIGENS DAS LINHAS DE SÉRIE (bloco UE1» citada em ['scripts/gate-html.mjs:5857', 'scripts/series-do-portao.mjs:2', 'scripts/medir-defeitos.mjs:223'] → está em ['scripts/gate-html.mjs:6008', 'scripts/medir-defeitos.mjs:224']
   mapa l.395 «F19, UE1 (29.09.2026): a faixa da União» citada em ['tests/cartao/faixa.mjs:2', 'scripts/check-formas.mjs:533', 'tests/cartao/cartao.mjs:23'] → está em ['scripts/check-formas.mjs:554']
   mapa l.397 «F19g · F19h (UE1b, 29.09.2026)» citada em ['src/data/faixa-da-uniao.mjs:48', 'src/lib/faixa-da-uniao.mjs:67', 'scripts/series-do-portao.mjs:105', 'tests/cartao/faixa.mjs:383'] → está em ['scripts/check-formas.mjs:1412']
   mapa l.399 «UE1b (29.09.2026): o que quer dizer cada marca» citada em ['src/views/SerieView.astro:21', 'scripts/gate-html.mjs:4621'] → está em ['scripts/gate-html.mjs:4717']
   mapa l.400 «UE1b (29.09.2026): a porta do recibo da linha portuguesa» citada em ['src/views/LinhaView.astro:132', 'scripts/gate-html.mjs:4687'] → está em ['scripts/gate-html.mjs:4803']
   mapa l.402 «A DEFINIÇÃO DECLARADA DE UMA MEDIDA, COMO TEXTO» citada em ['src/views/SerieView.astro:30', 'scripts/gate-html.mjs:11', 'scripts/gate-html.mjs:4556', 'src/data/medidas-rp1.mjs:254'] → está em ['scripts/gate-html.mjs:67']
   mapa l.402 «O QUE NOMEIA PORTUGAL NA DEFINIÇÃO DE UM RECIBO DE SÉRIE» citada em ['src/views/SerieView.astro:30', 'scripts/gate-html.mjs:11', 'scripts/gate-html.mjs:4556', 'src/data/medidas-rp1.mjs:254'] → está em ['scripts/gate-html.mjs:168']
   mapa l.426 «AS ORIGENS DA FAIXA DO CONCELHO (bloco L2b» citada em ['scripts/gate-html.mjs:5958', 'scripts/concelhos-do-portao.mjs:2', 'scripts/gate-html.mjs:3486'] → está em ['scripts/gate-html.mjs:715']
   mapa l.426 «A FAIXA DO CONCELHO, pela mesma regra da leitura do cartão» citada em ['scripts/gate-html.mjs:5958', 'scripts/concelhos-do-portao.mjs:2', 'scripts/gate-html.mjs:3486'] → está em ['scripts/gate-html.mjs:3582']
   mapa l.437 «What this number is» citada em ['src/i18n/strings.mjs:3072', 'src/i18n/strings.mjs:4287', 'src/components/CartaoDaMedida.astro:356', 'src/styles/cartao-medida.css:178'] → está em ['src/i18n/strings.mjs:4351']
   mapa l.441 «OS MILHARES DE UMA CONTAGEM DA PROVA, na cópia do portão» citada em ['src/lib/formato.mjs:2', 'scripts/gate-html.mjs:955', 'src/lib/livro.mjs:71', 'src/i18n/unidades.mjs:244'] → está em ['scripts/gate-html.mjs:1034']
   mapa l.443 «a unidade da casa de um cartão (passagem K2-c» citada em ['src/components/CartaoDaMedida.astro:132', 'scripts/gate-html.mjs:6258', 'tests/cartao/perguntas.mjs:208'] → está em ['scripts/gate-html.mjs:96']
   mapa l.452 «F20, UE2 (02.10.2026): a secção dos países da página da Uniã» citada em ['tests/uniao/paises.mjs:2', 'scripts/check-formas.mjs:553', 'tests/cartao/faixa.mjs:278'] → está em ['scripts/check-formas.mjs:574']
   mapa l.453 «QUANTOS PAÍSES A TABELA TEM (bloco UE2, 02.10.2026)» citada em ['scripts/gate-html.mjs:5993', 'tests/pais/portoes.mjs:363'] → está em ['scripts/gate-html.mjs:6152']
   mapa l.457 «UE2-b: cada faixa das duas edições diz o que a medida conta» citada em ['src/components/FaixaDosPaises.astro:83', 'src/styles/paises.css:47', 'tests/uniao/paises.mjs:53', 'scripts/check-formas.mjs:1382'] → está em ['scripts/check-formas.mjs:1403']
   mapa l.458 «OS PAÍSES ENTRARAM A 02.10.2026 (a passagem UE2-b» citada em ['src/i18n/strings.mjs:1122'] → está em ['src/i18n/strings.mjs:1132']
   mapa l.469 «A RECONCILIAÇÃO NA NOTA (bloco P4, 02.10.2026, item 4 do bri» citada em ['src/components/NotaDoSucessor.astro:13', 'src/data/rotulos-b1.mjs:36', 'scripts/check-datas.mjs:369', 'tests/pais/portoes.mjs:387'] → está em ['scripts/check-datas.mjs:375']
   mapa l.473 «A UNIDADE DA CASA DE UMA MEDIDA DE CONCELHO (passagem P4-c» citada em ['src/data/concelhos.mjs:202', 'src/components/lugar/CartaoDoLugar.astro:61', 'scripts/gate-html.mjs:6282', 'src/components/lugar/CartaoDoLugar.astro:94'] → está em ['scripts/gate-html.mjs:6439', 'tests/pais/portoes.mjs:405']
   mapa l.473 «O TETO NA LINHA DO ESTADO DO CARTÃO DO ÍNDICE DE DÍVIDA (pas» citada em ['src/data/concelhos.mjs:202', 'src/components/lugar/CartaoDoLugar.astro:61', 'scripts/gate-html.mjs:6282', 'src/components/lugar/CartaoDoLugar.astro:94'] → está em ['scripts/gate-html.mjs:3469', 'tests/cartao/cartao.mjs:800']
   mapa l.484 «A PORTA DAS SUGESTÕES, E AS PÁGINAS DA CAIXA (bloco S1, 02.1» citada em ['scripts/sugestoes-do-portao.mjs:3', 'scripts/sugestoes-do-portao.mjs:487', 'scripts/sugestoes-do-portao.mjs:270', 'scripts/gate-html.mjs:5218'] → está em ['scripts/gate-html.mjs:5420']
   mapa l.484 «A CAIXA DAS SUGESTÕES, DEPOIS DO VARRIMENTO (bloco S1, 02.10» citada em ['scripts/sugestoes-do-portao.mjs:3', 'scripts/sugestoes-do-portao.mjs:487', 'scripts/sugestoes-do-portao.mjs:270', 'scripts/gate-html.mjs:5218'] → está em ['scripts/gate-html.mjs:7932']
   mapa l.484 «TODAS AS MIGRAÇÕES, POR ORDEM DE NOME (S1-b, 03.10.2026» citada em ['scripts/sugestoes-do-portao.mjs:3', 'scripts/sugestoes-do-portao.mjs:487', 'scripts/sugestoes-do-portao.mjs:270', 'scripts/gate-html.mjs:5218'] → está em ['scripts/gate-html.mjs:7937']
   mapa l.484 «S1 (02.10.2026): a caixa das sugestões» citada em ['scripts/sugestoes-do-portao.mjs:3', 'scripts/sugestoes-do-portao.mjs:487', 'scripts/sugestoes-do-portao.mjs:270', 'scripts/gate-html.mjs:5218'] → está em ['scripts/gate-html.mjs:11', 'tests/pais/portoes.mjs:440']
   mapa l.487 «S1-c (03.10.2026, decisão do diretor, §1.154): o campo do co» citada em ['scripts/medir-defeitos.mjs:489', 'src/data/politica-ia.mjs:459', 'tests/pais/portoes.mjs:396'] → está em ['tests/pais/portoes.mjs:481']
   mapa l.489 «UMA RETIRADA DENTRO DE UMA FRASE DECLARADA, E SÓ DESSA (bloc» citada em ['scripts/medir-defeitos.mjs:1591'] → está em ['scripts/medir-defeitos.mjs:1601']
   mapa l.497 «O APOIO DE UMA UNIDADE DA CASA (bloco R2, 03.10.2026), lido » citada em ['scripts/gate-html.mjs:41', 'scripts/gate-html.mjs:6267', 'tests/cartao/perguntas.mjs:208', 'tests/pais/portoes.mjs:326'] → está em ['scripts/gate-html.mjs:95']
   mapa l.497 «R2 (03.10.2026): o cartão de uma linha com unidade declarada» citada em ['scripts/gate-html.mjs:41', 'scripts/gate-html.mjs:6267', 'tests/cartao/perguntas.mjs:208', 'tests/pais/portoes.mjs:326'] → está em ['scripts/gate-html.mjs:6424']
   mapa l.498 «export function plantas(dist)» citada em ['scripts/inventario-rotulos.mjs:4', 'scripts/inventario-rotulos.mjs:91', 'scripts/inventario-rotulos.mjs:663'] → está em ['scripts/inventario-rotulos.mjs:731']
   mapa l.512 «A CONSTRUÇÃO CONTRA O INVENTÁRIO DECLARADO, COM AS CONTAGENS» citada em ['scripts/inventario-rotulos.mjs:584', 'scripts/inventario-rotulos.mjs:853'] → está em ['scripts/inventario-rotulos.mjs:652']
   mapa l.512 «AS PLANTAS DA CONSTRUÇÃO INTEIRA» citada em ['scripts/inventario-rotulos.mjs:584', 'scripts/inventario-rotulos.mjs:853'] → está em ['scripts/inventario-rotulos.mjs:60']
   mapa l.513 «OS NÚMEROS DA UNIDADE PRESOS AO APOIO, E A ORIGEM DO APOIO P» citada em ['scripts/gate-html.mjs:56', 'scripts/gate-html.mjs:8711', 'tests/cartao/perguntas.mjs:226'] → está em ['scripts/gate-html.mjs:110']
   mapa l.513 «dos 21 aos 65 anos» citada em ['scripts/gate-html.mjs:56', 'scripts/gate-html.mjs:8711', 'tests/cartao/perguntas.mjs:226'] → está em ['scripts/gate-html.mjs:112']
   mapa l.513 «R2-b (04.10.2026, achado 6 da leitura a frio): o autoteste» citada em ['scripts/gate-html.mjs:56', 'scripts/gate-html.mjs:8711', 'tests/cartao/perguntas.mjs:226'] → está em ['scripts/gate-html.mjs:8922', 'tests/cartao/perguntas.mjs:224']
   mapa l.516 «R2-b (04.10.2026): a faixa dos 27 da página da União diz a u» citada em ['src/components/FaixaDosPaises.astro:65', 'scripts/gate-html.mjs:6325', 'scripts/inventario-rotulos.mjs:436'] → está em ['scripts/gate-html.mjs:6482']
   mapa l.516 «A FAIXA DOS 27 DA PÁGINA DA UNIÃO (passagem R2-b» citada em ['src/components/FaixaDosPaises.astro:65', 'scripts/gate-html.mjs:6325', 'scripts/inventario-rotulos.mjs:436'] → está em ['scripts/gate-html.mjs:6482', 'scripts/inventario-rotulos.mjs:494']
   mapa l.517 «export function conferirDiplomasRegionais» citada em ['src/data/dominios.mjs:64', 'scripts/inventario-rotulos.mjs:508'] → está em ['scripts/inventario-rotulos.mjs:567']
   mapa l.527 «OS NOMES DO PROJETO DAS SÉRIES NO TEMPO SEM CARTÃO (bloco RP» citada em ['src/pages/livro-razao/series/[...serie].astro:3', 'src/styles/serie-no-tempo.css:1', 'src/views/SerieNoTempoView.astro:3', 'src/data/series-no-tempo.mjs:31'] → está em ['scripts/medir-defeitos.mjs:816']
   mapa l.528 «RP3: o recibo de uma série no tempo tem cada ponto da série » citada em ['scripts/gate-html.mjs:22', 'scripts/gate-html.mjs:389', 'scripts/gate-html.mjs:4698', 'scripts/gate-html.mjs:8913'] → está em ['scripts/gate-html.mjs:4730']
   mapa l.528 «RP3: cada série no tempo com o seu recibo inteiro nas duas e» citada em ['scripts/gate-html.mjs:22', 'scripts/gate-html.mjs:389', 'scripts/gate-html.mjs:4698', 'scripts/gate-html.mjs:8913'] → está em ['scripts/gate-html.mjs:8984']
   mapa l.530 «RP3): a marca diz de que série é, e o texto tem de ser o nom» citada em ['scripts/medir-defeitos.mjs:1310', 'src/lib/series.mjs:929', 'tests/series/series.mjs:272', 'scripts/check-lugar.mjs:588'] → está em ['scripts/medir-defeitos.mjs:1318']
   mapa l.531 «S5 · o cartão preso à série» citada em ['tests/series/series.mjs:3', 'tests/series/series.mjs:236'] → está em ['tests/series/series.mjs:31']
citação não encontrada em nenhum dos ficheiros citados na mesma linha: 0
linha citada para lá do fim do ficheiro: 0
