pt / 390: 1 desenhos, 390 px de página
pt / 768: 1 desenhos, 768 px de página
pt / 1024: 1 desenhos, 1024 px de página
pt / 1280: 1 desenhos, 1280 px de página
pt / 1600: 1 desenhos, 1600 px de página
pt /precos/ 390: 3 desenhos, 390 px de página
pt /precos/ 768: 3 desenhos, 768 px de página
pt /precos/ 1024: 3 desenhos, 1024 px de página
pt /precos/ 1280: 3 desenhos, 1280 px de página
pt /precos/ 1600: 3 desenhos, 1600 px de página
pt /salarios-pensoes-e-apoios/ 390: 4 desenhos, 390 px de página
pt /salarios-pensoes-e-apoios/ 768: 4 desenhos, 768 px de página
pt /salarios-pensoes-e-apoios/ 1024: 4 desenhos, 1024 px de página
pt /salarios-pensoes-e-apoios/ 1280: 4 desenhos, 1280 px de página
pt /salarios-pensoes-e-apoios/ 1600: 4 desenhos, 1600 px de página
pt /areas/trabalho-solidariedade-e-seguranca-social/ 390: 4 desenhos, 390 px de página
pt /areas/trabalho-solidariedade-e-seguranca-social/ 768: 4 desenhos, 768 px de página
pt /areas/trabalho-solidariedade-e-seguranca-social/ 1024: 4 desenhos, 1024 px de página
pt /areas/trabalho-solidariedade-e-seguranca-social/ 1280: 4 desenhos, 1280 px de página
pt /areas/trabalho-solidariedade-e-seguranca-social/ 1600: 4 desenhos, 1600 px de página
pt /livro-razao/series/serie-ipc-indice/ 390: 1 desenhos, 390 px de página
pt /livro-razao/series/serie-ipc-indice/ 768: 1 desenhos, 768 px de página
pt /livro-razao/series/serie-ipc-indice/ 1024: 1 desenhos, 1024 px de página
pt /livro-razao/series/serie-ipc-indice/ 1280: 1 desenhos, 1280 px de página
pt /livro-razao/series/serie-ipc-indice/ 1600: 1 desenhos, 1600 px de página
pt /livro-razao/series/serie-pensao-media-anual/ 390: 1 desenhos, 390 px de página
pt /livro-razao/series/serie-pensao-media-anual/ 768: 1 desenhos, 768 px de página
pt /livro-razao/series/serie-pensao-media-anual/ 1024: 1 desenhos, 1024 px de página
pt /livro-razao/series/serie-pensao-media-anual/ 1280: 1 desenhos, 1280 px de página
pt /livro-razao/series/serie-pensao-media-anual/ 1600: 1 desenhos, 1600 px de página
en /en/ 390: 1 desenhos, 390 px de página
en /en/ 768: 1 desenhos, 768 px de página
en /en/ 1024: 1 desenhos, 1024 px de página
en /en/ 1280: 1 desenhos, 1280 px de página
en /en/ 1600: 1 desenhos, 1600 px de página
en /en/prices/ 390: 3 desenhos, 390 px de página
en /en/prices/ 768: 3 desenhos, 768 px de página
en /en/prices/ 1024: 3 desenhos, 1024 px de página
en /en/prices/ 1280: 3 desenhos, 1280 px de página
en /en/prices/ 1600: 3 desenhos, 1600 px de página
en /en/pay-pensions-and-benefits/ 390: 4 desenhos, 390 px de página
en /en/pay-pensions-and-benefits/ 768: 4 desenhos, 768 px de página
en /en/pay-pensions-and-benefits/ 1024: 4 desenhos, 1024 px de página
en /en/pay-pensions-and-benefits/ 1280: 4 desenhos, 1280 px de página
en /en/pay-pensions-and-benefits/ 1600: 4 desenhos, 1600 px de página
en /en/areas/trabalho-solidariedade-e-seguranca-social/ 390: 4 desenhos, 390 px de página
en /en/areas/trabalho-solidariedade-e-seguranca-social/ 768: 4 desenhos, 768 px de página
en /en/areas/trabalho-solidariedade-e-seguranca-social/ 1024: 4 desenhos, 1024 px de página
en /en/areas/trabalho-solidariedade-e-seguranca-social/ 1280: 4 desenhos, 1280 px de página
en /en/areas/trabalho-solidariedade-e-seguranca-social/ 1600: 4 desenhos, 1600 px de página
en /en/ledger/series/serie-ipc-indice/ 390: 1 desenhos, 390 px de página
en /en/ledger/series/serie-ipc-indice/ 768: 1 desenhos, 768 px de página
en /en/ledger/series/serie-ipc-indice/ 1024: 1 desenhos, 1024 px de página
en /en/ledger/series/serie-ipc-indice/ 1280: 1 desenhos, 1280 px de página
en /en/ledger/series/serie-ipc-indice/ 1600: 1 desenhos, 1600 px de página
en /en/ledger/series/serie-pensao-media-anual/ 390: 1 desenhos, 390 px de página
en /en/ledger/series/serie-pensao-media-anual/ 768: 1 desenhos, 768 px de página
en /en/ledger/series/serie-pensao-media-anual/ 1024: 1 desenhos, 1024 px de página
en /en/ledger/series/serie-pensao-media-anual/ 1280: 1 desenhos, 1280 px de página
en /en/ledger/series/serie-pensao-media-anual/ 1600: 1 desenhos, 1600 px de página
