rp1c-depois-pais-pt-390.png: 390 × 10766; 23 cartões, 23 com leitura
rp1c-depois-pais-pt-768.png: 768 × 7941; 23 cartões, 23 com leitura
rp1c-depois-pais-pt-1024.png: 1024 × 7634; 23 cartões, 23 com leitura
rp1c-depois-pais-pt-1280.png: 1280 × 7077; 23 cartões, 23 com leitura
rp1c-depois-pais-pt-1600.png: 1600 × 7406; 23 cartões, 23 com leitura
rp1c-depois-pais-en-390.png: 390 × 10614; 23 cartões, 23 com leitura
rp1c-depois-pais-en-768.png: 768 × 7896; 23 cartões, 23 com leitura
rp1c-depois-pais-en-1024.png: 1024 × 7506; 23 cartões, 23 com leitura
rp1c-depois-pais-en-1280.png: 1280 × 6903; 23 cartões, 23 com leitura
rp1c-depois-pais-en-1600.png: 1600 × 7338; 23 cartões, 23 com leitura
rp1c-depois-temas-pt-390.png: 390 × 14735; 48 cartões, 48 com leitura
rp1c-depois-temas-pt-768.png: 768 × 9607; 48 cartões, 48 com leitura
rp1c-depois-temas-pt-1024.png: 1024 × 7997; 48 cartões, 48 com leitura
rp1c-depois-temas-pt-1280.png: 1280 × 8026; 48 cartões, 48 com leitura
rp1c-depois-temas-pt-1600.png: 1600 × 7434; 48 cartões, 48 com leitura
rp1c-depois-temas-en-390.png: 390 × 14488; 48 cartões, 48 com leitura
rp1c-depois-temas-en-768.png: 768 × 9407; 48 cartões, 48 com leitura
rp1c-depois-temas-en-1024.png: 1024 × 7876; 48 cartões, 48 com leitura
rp1c-depois-temas-en-1280.png: 1280 × 7741; 48 cartões, 48 com leitura
rp1c-depois-temas-en-1600.png: 1600 × 7313; 48 cartões, 48 com leitura
rp1c-depois-cartao-remuneracao-bruta-mensal-media-pt-390.png: No 2.º trimestre de 2026, quem trabalha por conta de outrem ganhou em média 1 835 euros por mês (dado provisório), antes de descontos e contando os subsídios, nos postos de trabalho declarados à Segurança Social e à Caixa Geral de Aposentações; cada pessoa conta tantas vezes quantos os empregos que tem. Mais do que no mesmo trimestre de há um ano.
rp1c-depois-cartao-remuneracao-bruta-mensal-media-pt-768.png: No 2.º trimestre de 2026, quem trabalha por conta de outrem ganhou em média 1 835 euros por mês (dado provisório), antes de descontos e contando os subsídios, nos postos de trabalho declarados à Segurança Social e à Caixa Geral de Aposentações; cada pessoa conta tantas vezes quantos os empregos que tem. Mais do que no mesmo trimestre de há um ano.
rp1c-depois-cartao-remuneracao-bruta-mensal-media-pt-1024.png: No 2.º trimestre de 2026, quem trabalha por conta de outrem ganhou em média 1 835 euros por mês (dado provisório), antes de descontos e contando os subsídios, nos postos de trabalho declarados à Segurança Social e à Caixa Geral de Aposentações; cada pessoa conta tantas vezes quantos os empregos que tem. Mais do que no mesmo trimestre de há um ano.
rp1c-depois-cartao-remuneracao-bruta-mensal-media-pt-1280.png: No 2.º trimestre de 2026, quem trabalha por conta de outrem ganhou em média 1 835 euros por mês (dado provisório), antes de descontos e contando os subsídios, nos postos de trabalho declarados à Segurança Social e à Caixa Geral de Aposentações; cada pessoa conta tantas vezes quantos os empregos que tem. Mais do que no mesmo trimestre de há um ano.
rp1c-depois-cartao-remuneracao-bruta-mensal-media-pt-1600.png: No 2.º trimestre de 2026, quem trabalha por conta de outrem ganhou em média 1 835 euros por mês (dado provisório), antes de descontos e contando os subsídios, nos postos de trabalho declarados à Segurança Social e à Caixa Geral de Aposentações; cada pessoa conta tantas vezes quantos os empregos que tem. Mais do que no mesmo trimestre de há um ano.
rp1c-depois-cartao-remuneracao-bruta-mensal-media-en-390.png: In the 2nd quarter of 2026, employees earned on average 1 835 euros a month (provisional data), before deductions and including holiday and Christmas pay, in the jobs declared to Social Security and to the civil-service pension fund; each person counts as many times as the jobs they hold. More than in the same quarter a year earlier.
rp1c-depois-cartao-remuneracao-bruta-mensal-media-en-768.png: In the 2nd quarter of 2026, employees earned on average 1 835 euros a month (provisional data), before deductions and including holiday and Christmas pay, in the jobs declared to Social Security and to the civil-service pension fund; each person counts as many times as the jobs they hold. More than in the same quarter a year earlier.
rp1c-depois-cartao-remuneracao-bruta-mensal-media-en-1024.png: In the 2nd quarter of 2026, employees earned on average 1 835 euros a month (provisional data), before deductions and including holiday and Christmas pay, in the jobs declared to Social Security and to the civil-service pension fund; each person counts as many times as the jobs they hold. More than in the same quarter a year earlier.
rp1c-depois-cartao-remuneracao-bruta-mensal-media-en-1280.png: In the 2nd quarter of 2026, employees earned on average 1 835 euros a month (provisional data), before deductions and including holiday and Christmas pay, in the jobs declared to Social Security and to the civil-service pension fund; each person counts as many times as the jobs they hold. More than in the same quarter a year earlier.
rp1c-depois-cartao-remuneracao-bruta-mensal-media-en-1600.png: In the 2nd quarter of 2026, employees earned on average 1 835 euros a month (provisional data), before deductions and including holiday and Christmas pay, in the jobs declared to Social Security and to the civil-service pension fund; each person counts as many times as the jobs they hold. More than in the same quarter a year earlier.
rp1c-depois-cartao-pensao-media-anual-2025-pt-390.png: Em 2025 o valor das pensões pagas pela Segurança Social foi, em média, de 8 066 euros por pensionista no ano inteiro, no total das pensões de velhice, de invalidez e de sobrevivência. Subiu face a 2024.
rp1c-depois-cartao-pensao-media-anual-2025-pt-768.png: Em 2025 o valor das pensões pagas pela Segurança Social foi, em média, de 8 066 euros por pensionista no ano inteiro, no total das pensões de velhice, de invalidez e de sobrevivência. Subiu face a 2024.
rp1c-depois-cartao-pensao-media-anual-2025-pt-1024.png: Em 2025 o valor das pensões pagas pela Segurança Social foi, em média, de 8 066 euros por pensionista no ano inteiro, no total das pensões de velhice, de invalidez e de sobrevivência. Subiu face a 2024.
rp1c-depois-cartao-pensao-media-anual-2025-pt-1280.png: Em 2025 o valor das pensões pagas pela Segurança Social foi, em média, de 8 066 euros por pensionista no ano inteiro, no total das pensões de velhice, de invalidez e de sobrevivência. Subiu face a 2024.
rp1c-depois-cartao-pensao-media-anual-2025-pt-1600.png: Em 2025 o valor das pensões pagas pela Segurança Social foi, em média, de 8 066 euros por pensionista no ano inteiro, no total das pensões de velhice, de invalidez e de sobrevivência. Subiu face a 2024.
rp1c-depois-cartao-pensao-media-anual-2025-en-390.png: In 2025 the amount of pensions paid by Social Security was, on average, 8 066 euros per pensioner over the whole year, in the total of old-age, invalidity and survivors’ pensions. Up from 2024.
rp1c-depois-cartao-pensao-media-anual-2025-en-768.png: In 2025 the amount of pensions paid by Social Security was, on average, 8 066 euros per pensioner over the whole year, in the total of old-age, invalidity and survivors’ pensions. Up from 2024.
rp1c-depois-cartao-pensao-media-anual-2025-en-1024.png: In 2025 the amount of pensions paid by Social Security was, on average, 8 066 euros per pensioner over the whole year, in the total of old-age, invalidity and survivors’ pensions. Up from 2024.
rp1c-depois-cartao-pensao-media-anual-2025-en-1280.png: In 2025 the amount of pensions paid by Social Security was, on average, 8 066 euros per pensioner over the whole year, in the total of old-age, invalidity and survivors’ pensions. Up from 2024.
rp1c-depois-cartao-pensao-media-anual-2025-en-1600.png: In 2025 the amount of pensions paid by Social Security was, on average, 8 066 euros per pensioner over the whole year, in the total of old-age, invalidity and survivors’ pensions. Up from 2024.
rp1c-depois-cartao-beneficiarios-do-rsi-por-mil-2024-pt-390.png: Em 2024 havia 24,22 pessoas a receber o rendimento social de inserção por cada mil pessoas em idade ativa, dos 15 aos 64 anos: é o apoio da Segurança Social a quem vive em pobreza extrema, com um programa de inserção no trabalho e na comunidade. Menos do que em 2023.
rp1c-depois-cartao-beneficiarios-do-rsi-por-mil-2024-pt-768.png: Em 2024 havia 24,22 pessoas a receber o rendimento social de inserção por cada mil pessoas em idade ativa, dos 15 aos 64 anos: é o apoio da Segurança Social a quem vive em pobreza extrema, com um programa de inserção no trabalho e na comunidade. Menos do que em 2023.
rp1c-depois-cartao-beneficiarios-do-rsi-por-mil-2024-pt-1024.png: Em 2024 havia 24,22 pessoas a receber o rendimento social de inserção por cada mil pessoas em idade ativa, dos 15 aos 64 anos: é o apoio da Segurança Social a quem vive em pobreza extrema, com um programa de inserção no trabalho e na comunidade. Menos do que em 2023.
rp1c-depois-cartao-beneficiarios-do-rsi-por-mil-2024-pt-1280.png: Em 2024 havia 24,22 pessoas a receber o rendimento social de inserção por cada mil pessoas em idade ativa, dos 15 aos 64 anos: é o apoio da Segurança Social a quem vive em pobreza extrema, com um programa de inserção no trabalho e na comunidade. Menos do que em 2023.
rp1c-depois-cartao-beneficiarios-do-rsi-por-mil-2024-pt-1600.png: Em 2024 havia 24,22 pessoas a receber o rendimento social de inserção por cada mil pessoas em idade ativa, dos 15 aos 64 anos: é o apoio da Segurança Social a quem vive em pobreza extrema, com um programa de inserção no trabalho e na comunidade. Menos do que em 2023.
rp1c-depois-cartao-beneficiarios-do-rsi-por-mil-2024-en-390.png: In 2024 there were 24,22 people receiving social insertion income for every thousand people of working age, from 15 to 64 years old: it is Social Security’s support for people living in extreme poverty, with a programme of integration into work and the community. Fewer than in 2023.
rp1c-depois-cartao-beneficiarios-do-rsi-por-mil-2024-en-768.png: In 2024 there were 24,22 people receiving social insertion income for every thousand people of working age, from 15 to 64 years old: it is Social Security’s support for people living in extreme poverty, with a programme of integration into work and the community. Fewer than in 2023.
rp1c-depois-cartao-beneficiarios-do-rsi-por-mil-2024-en-1024.png: In 2024 there were 24,22 people receiving social insertion income for every thousand people of working age, from 15 to 64 years old: it is Social Security’s support for people living in extreme poverty, with a programme of integration into work and the community. Fewer than in 2023.
rp1c-depois-cartao-beneficiarios-do-rsi-por-mil-2024-en-1280.png: In 2024 there were 24,22 people receiving social insertion income for every thousand people of working age, from 15 to 64 years old: it is Social Security’s support for people living in extreme poverty, with a programme of integration into work and the community. Fewer than in 2023.
rp1c-depois-cartao-beneficiarios-do-rsi-por-mil-2024-en-1600.png: In 2024 there were 24,22 people receiving social insertion income for every thousand people of working age, from 15 to 64 years old: it is Social Security’s support for people living in extreme poverty, with a programme of integration into work and the community. Fewer than in 2023.
rp1c-depois-cartao-ipc-alimentacao-variacao-homologa-pt-390.png: Em agosto de 2026 os preços dos alimentos e das bebidas não alcoólicas estavam 2,14 % acima dos de há um ano. A variação é menor do que a do mês anterior.
rp1c-depois-cartao-ipc-alimentacao-variacao-homologa-pt-768.png: Em agosto de 2026 os preços dos alimentos e das bebidas não alcoólicas estavam 2,14 % acima dos de há um ano. A variação é menor do que a do mês anterior.
rp1c-depois-cartao-ipc-alimentacao-variacao-homologa-pt-1024.png: Em agosto de 2026 os preços dos alimentos e das bebidas não alcoólicas estavam 2,14 % acima dos de há um ano. A variação é menor do que a do mês anterior.
rp1c-depois-cartao-ipc-alimentacao-variacao-homologa-pt-1280.png: Em agosto de 2026 os preços dos alimentos e das bebidas não alcoólicas estavam 2,14 % acima dos de há um ano. A variação é menor do que a do mês anterior.
rp1c-depois-cartao-ipc-alimentacao-variacao-homologa-pt-1600.png: Em agosto de 2026 os preços dos alimentos e das bebidas não alcoólicas estavam 2,14 % acima dos de há um ano. A variação é menor do que a do mês anterior.
rp1c-depois-cartao-ipc-alimentacao-variacao-homologa-en-390.png: In August 2026 the prices of food and non-alcoholic beverages were 2,14 % above a year earlier. The change is smaller than the previous month’s.
rp1c-depois-cartao-ipc-alimentacao-variacao-homologa-en-768.png: In August 2026 the prices of food and non-alcoholic beverages were 2,14 % above a year earlier. The change is smaller than the previous month’s.
rp1c-depois-cartao-ipc-alimentacao-variacao-homologa-en-1024.png: In August 2026 the prices of food and non-alcoholic beverages were 2,14 % above a year earlier. The change is smaller than the previous month’s.
rp1c-depois-cartao-ipc-alimentacao-variacao-homologa-en-1280.png: In August 2026 the prices of food and non-alcoholic beverages were 2,14 % above a year earlier. The change is smaller than the previous month’s.
rp1c-depois-cartao-ipc-alimentacao-variacao-homologa-en-1600.png: In August 2026 the prices of food and non-alcoholic beverages were 2,14 % above a year earlier. The change is smaller than the previous month’s.
rp1c-depois-cartao-ipc-variacao-homologa-pt-390.png: Em agosto de 2026 os preços no consumidor estavam, em média, 3,30 % acima dos de há um ano. É a subida geral dos preços, que o INE mede num cabaz de bens e serviços que representa o que as famílias compram. A variação é maior do que a do mês anterior.
rp1c-depois-cartao-ipc-variacao-homologa-pt-768.png: Em agosto de 2026 os preços no consumidor estavam, em média, 3,30 % acima dos de há um ano. É a subida geral dos preços, que o INE mede num cabaz de bens e serviços que representa o que as famílias compram. A variação é maior do que a do mês anterior.
rp1c-depois-cartao-ipc-variacao-homologa-pt-1024.png: Em agosto de 2026 os preços no consumidor estavam, em média, 3,30 % acima dos de há um ano. É a subida geral dos preços, que o INE mede num cabaz de bens e serviços que representa o que as famílias compram. A variação é maior do que a do mês anterior.
rp1c-depois-cartao-ipc-variacao-homologa-pt-1280.png: Em agosto de 2026 os preços no consumidor estavam, em média, 3,30 % acima dos de há um ano. É a subida geral dos preços, que o INE mede num cabaz de bens e serviços que representa o que as famílias compram. A variação é maior do que a do mês anterior.
rp1c-depois-cartao-ipc-variacao-homologa-pt-1600.png: Em agosto de 2026 os preços no consumidor estavam, em média, 3,30 % acima dos de há um ano. É a subida geral dos preços, que o INE mede num cabaz de bens e serviços que representa o que as famílias compram. A variação é maior do que a do mês anterior.
rp1c-depois-cartao-ipc-variacao-homologa-en-390.png: In August 2026 consumer prices were, on average, 3,30 % above a year earlier. That is the general rise in prices, which the INE measures on a basket of goods and services that represents what households buy. The change is larger than the previous month’s.
rp1c-depois-cartao-ipc-variacao-homologa-en-768.png: In August 2026 consumer prices were, on average, 3,30 % above a year earlier. That is the general rise in prices, which the INE measures on a basket of goods and services that represents what households buy. The change is larger than the previous month’s.
rp1c-depois-cartao-ipc-variacao-homologa-en-1024.png: In August 2026 consumer prices were, on average, 3,30 % above a year earlier. That is the general rise in prices, which the INE measures on a basket of goods and services that represents what households buy. The change is larger than the previous month’s.
rp1c-depois-cartao-ipc-variacao-homologa-en-1280.png: In August 2026 consumer prices were, on average, 3,30 % above a year earlier. That is the general rise in prices, which the INE measures on a basket of goods and services that represents what households buy. The change is larger than the previous month’s.
rp1c-depois-cartao-ipc-variacao-homologa-en-1600.png: In August 2026 consumer prices were, on average, 3,30 % above a year earlier. That is the general rise in prices, which the INE measures on a basket of goods and services that represents what households buy. The change is larger than the previous month’s.
20 capturas de página, 50 recortes e 6 cópias guardadas; 0 falhas de aceitação, dist de 68215ae9a73910f59eb103c16961be52bd901fae.
