
> o-estado-do-pais@0.1.0 check:navegacao
> node tests/inicio/navegacao.mjs --prova

{
  "erros": [],
  "contas": {
    "paginas": 7452,
    "blocos_na_primeira": 10,
    "blocos_fora": 0,
    "titulos_fora": 0,
    "portas_dos_blocos": 10,
    "ligacoes_antigas": 0,
    "cartoes_fora_dos_assuntos": 0
  },
  "entradas": {
    "edicoes": 2,
    "cartoes_dos_temas": 0,
    "cartoes_nas_entradas": 94,
    "fora": 0,
    "entradas_na_primeira": 16,
    "entradas_no_indice": 16,
    "mapas_do_sitio": 1,
    "enderecos_no_mapa_do_sitio": 7402,
    "entradas_no_mapa_do_sitio": 16,
    "redirecionamentos": 13
  },
  "concelhos": {
    "mapas": 4,
    "tabelas": 4,
    "linhas": 1232,
    "barras": 2,
    "camaras": 2
  },
  "plantas": [
    {
      "nome": "bloco copiado para outra página de assunto",
      "mordeu": true,
      "queixa": "N1B emprego/index.html: 1 bloco(s) fora da primeira página."
    },
    {
      "nome": "título copiado sem as marcas do bloco",
      "mordeu": true,
      "queixa": "N1B emprego/index.html: título de bloco fora da primeira página."
    },
    {
      "nome": "cartão inteiro repetido noutra página de assunto",
      "mordeu": true,
      "queixa": "N1C pt: cartão pensao-media-anual-2025 inteiro em mais de uma página de assunto (salarios-pensoes-e-apoios, emprego)."
    },
    {
      "nome": "cartão nacional omitido",
      "mordeu": true,
      "queixa": "E1 en: cartão licencas-de-construcao-2025 em falta nas páginas de assunto."
    },
    {
      "nome": "cartão inteiro nos temas",
      "mordeu": true,
      "queixa": "N1I pt: o índice dos temas voltou a render cartões inteiros."
    },
    {
      "nome": "porta retirada da primeira página",
      "mordeu": true,
      "queixa": "E4 pt: a ordem das portas da primeira difere da declaração."
    },
    {
      "nome": "secção retirada do índice",
      "mordeu": true,
      "queixa": "E4 pt: as secções de precos não estão no índice pela ordem declarada."
    },
    {
      "nome": "âmbito errado na página de assunto",
      "mordeu": true,
      "queixa": "E3 pt: o título ou o âmbito de emprego difere da declaração."
    },
    {
      "nome": "cartão das câmaras retirado dos lugares",
      "mordeu": true,
      "queixa": "N1L pt: falta o cartão das câmaras nos lugares."
    },
    {
      "nome": "porta omitida do mapa do sítio",
      "mordeu": true,
      "queixa": "E5 en: /en/employment/ não está no mapa do sítio."
    },
    {
      "nome": "mapa nomeado em falta",
      "mordeu": true,
      "queixa": "E5: o índice do mapa do sítio nomeia /sitemap-1.xml, que a construção não tem."
    },
    {
      "nome": "redirecionamento inglês para a página errada",
      "mordeu": true,
      "queixa": "N1R /en/my-work: redirecionamento incorreto."
    },
    {
      "nome": "mapa retirado dos lugares",
      "mordeu": true,
      "queixa": "N1M pt: faltam mapas ou há mapas repetidos."
    },
    {
      "nome": "linha retirada da tabela",
      "mordeu": true,
      "queixa": "N1M pt indice: as linhas da tabela diferem dos concelhos declarados."
    },
    {
      "nome": "valor municipal trocado",
      "mordeu": true,
      "queixa": "N1M pt indice: valor da linha agueda-indice-de-divida-2024 diferente do livro-razão."
    },
    {
      "nome": "geometria municipal retirada",
      "mordeu": true,
      "queixa": "N1M pt indice: a geometria não tem um desenho por concelho."
    },
    {
      "nome": "contagem das câmaras trocada",
      "mordeu": true,
      "queixa": "V2 pt: camaras_acima_do_limite: a contagem não coincide com as linhas do índice de dívida."
    },
    {
      "nome": "selo do limite municipal retirado",
      "mordeu": true,
      "queixa": "V2 pt: falta a marca da fonte da linha do limite."
    }
  ]
}
