
> o-estado-do-pais@0.1.0 check:primeira
> node tests/inicio/primeira-pagina.mjs --prova && node tests/inicio/geometria.mjs --prova && node tests/inicio/pesquisa-da-primeira.mjs --prova

check:primeira · auditoria: 81 folhas, 124 partes (72 diz, 24 conta, 28 liga), 97 apoios, 14 algarismos · 16 páginas, 10 blocos rendidos e recontados · entradas: 0 cartões nos temas, 94 nas entradas, 0 fora por declaração, 16 páginas das entradas no mapa do sítio · 42 de 42 plantas mordidas
check:primeira · todas as conferências a 0.
/ a 390 px (light): 5 blocos, 0 falhas · precos:unica: 5 barras, 10.688 px por unidade, faixa de 354.0 px · casa:unica: 4 barras, 6.337 px por unidade, faixa de 240.4 px · trabalho:painel-0: 2 barras, 1.724 px por unidade, faixa de 240.4 px · trabalho:desemprego: 4 barras, 17.237 px por unidade, faixa de 240.4 px · estado:unica: 3 barras, 1.807 px por unidade, faixa de 170.0 px · estado · referência: a linha a 108.4 px da base, os 60 a 108.4 px · pobreza:painel-0: 2 barras, 6.894 px por unidade, faixa de 240.4 px · pobreza:painel-1: 2 barras, 34.471 px por unidade, faixa de 240.4 px
/ a 1280 px (light): 5 blocos, 0 falhas · precos:unica: 5 barras, 10.129 px por unidade, faixa de 335.5 px · casa:unica: 4 barras, 3.540 px por unidade, faixa de 134.8 px · trabalho:painel-0: 2 barras, 3.114 px por unidade, faixa de 433.5 px · trabalho:desemprego: 4 barras, 31.141 px por unidade, faixa de 433.5 px · estado:unica: 3 barras, 2.342 px por unidade, faixa de 220.0 px · estado · referência: a linha a 140.5 px da base, os 60 a 140.5 px · pobreza:painel-0: 2 barras, 3.852 px por unidade, faixa de 134.8 px · pobreza:painel-1: 2 barras, 19.261 px por unidade, faixa de 134.8 px
/ a 390 px (dark): 5 blocos, 0 falhas · precos:unica: 5 barras, 10.688 px por unidade, faixa de 354.0 px · casa:unica: 4 barras, 6.337 px por unidade, faixa de 240.4 px · trabalho:painel-0: 2 barras, 1.724 px por unidade, faixa de 240.4 px · trabalho:desemprego: 4 barras, 17.237 px por unidade, faixa de 240.4 px · estado:unica: 3 barras, 1.807 px por unidade, faixa de 170.0 px · estado · referência: a linha a 108.4 px da base, os 60 a 108.4 px · pobreza:painel-0: 2 barras, 6.894 px por unidade, faixa de 240.4 px · pobreza:painel-1: 2 barras, 34.471 px por unidade, faixa de 240.4 px
/ a 1280 px (dark): 5 blocos, 0 falhas · precos:unica: 5 barras, 10.129 px por unidade, faixa de 335.5 px · casa:unica: 4 barras, 3.540 px por unidade, faixa de 134.8 px · trabalho:painel-0: 2 barras, 3.114 px por unidade, faixa de 433.5 px · trabalho:desemprego: 4 barras, 31.141 px por unidade, faixa de 433.5 px · estado:unica: 3 barras, 2.342 px por unidade, faixa de 220.0 px · estado · referência: a linha a 140.5 px da base, os 60 a 140.5 px · pobreza:painel-0: 2 barras, 3.852 px por unidade, faixa de 134.8 px · pobreza:painel-1: 2 barras, 19.261 px por unidade, faixa de 134.8 px
/en/ a 390 px (light): 5 blocos, 0 falhas · precos:unica: 5 barras, 10.688 px por unidade, faixa de 354.0 px · casa:unica: 4 barras, 6.337 px por unidade, faixa de 240.4 px · trabalho:painel-0: 2 barras, 1.724 px por unidade, faixa de 240.4 px · trabalho:desemprego: 4 barras, 17.237 px por unidade, faixa de 240.4 px · estado:unica: 3 barras, 1.807 px por unidade, faixa de 170.0 px · estado · referência: a linha a 108.4 px da base, os 60 a 108.4 px · pobreza:painel-0: 2 barras, 6.894 px por unidade, faixa de 240.4 px · pobreza:painel-1: 2 barras, 34.471 px por unidade, faixa de 240.4 px
/en/ a 1280 px (light): 5 blocos, 0 falhas · precos:unica: 5 barras, 10.129 px por unidade, faixa de 335.5 px · casa:unica: 4 barras, 3.540 px por unidade, faixa de 134.8 px · trabalho:painel-0: 2 barras, 3.114 px por unidade, faixa de 433.5 px · trabalho:desemprego: 4 barras, 31.141 px por unidade, faixa de 433.5 px · estado:unica: 3 barras, 2.342 px por unidade, faixa de 220.0 px · estado · referência: a linha a 140.5 px da base, os 60 a 140.5 px · pobreza:painel-0: 2 barras, 3.852 px por unidade, faixa de 134.8 px · pobreza:painel-1: 2 barras, 19.261 px por unidade, faixa de 134.8 px
  apanhada · um número solto → PP1 · / (planta) · precos: o bloco escreve um algarismo sem marca de origem: «Os preços no seu conjunto medem-se num cabaz de bens e se…»
  apanhada · um valor trocado → PP1 · / (planta) · precos: o valor desenhado de ipc-combustiveis-variacao-homologa é «23,87» e a linha diz «23,78»
  apanhada · o identificador de outra linha → PP1 · / (planta) · precos: o valor desenhado de ipc-alimentacao-variacao-homologa é «5,22» e a linha diz «2,14»
  apanhada · uma linha retirada → PP1 · / (planta) · pobreza: o desenho não tem a linha racio-s80-s20-2025-ue
  apanhada · um número das palavras fixas mudado → PP1 · / (planta) · casa: o texto rendido da frase difere do que o resolvedor dá: «Em Portugal, a parte das pessoas que gastam mais de 45 % …» contra «Em Portugal, a parte das pessoas que gastam mais de 40 % …»
  apanhada · a unidade dentro do elemento do valor → PP1 · / (planta) · precos: o valor desenhado de ipc-combustiveis-variacao-homologa é «23,78 %» e a linha diz «23,78»
  apanhada · um travessão → PP1 · / (planta) · estado: da frase tem um travessão: «A dívida pública desceu de 2024 para 2025 — e está acima …»
  apanhada · um painel da habitação com outra escala escrita → [desenho] G1 · na escala «casa:unica», sobrecarga-do-custo-da-habitacao-2025 mede 39.92 px; na escala dos outros mediria 27.73 px
  apanhada · um painel da habitação mais estreito → [desenho] G1 · na escala «casa:unica», sobrecarga-do-custo-da-habitacao-2025 mede 39.92 px; na escala dos outros mediria 14.24 px
  apanhada · uma barra fora da origem → [desenho] G3 · as barras de ipc-combustiveis-variacao-homologa, ipc-rendas-variacao-homologa, ipc-alimentacao-variacao-homologa, ipc-energia-em-casa-variacao-homologa, ipc-variacao-homologa não partem da mesma origem
  apanhada · a linha do limiar nos 50 → [desenho] G4 · a linha de referência está a 90.4 px da base; os 60 da escala estão a 108.4 px
  apanhada · a linha a entrar no painel da União → [desenho] G4 · a linha do valor de referência entra no painel da União, onde a Comissão não aplica o limiar
  apanhada · uma cor numa coluna → [cor] G5 · rgb(31, 78, 140) em span.pp-col-barra
  apanhada · o âmbar no rótulo → [cor] G5 · âmbar fora da linha de referência, em p.pp-ref-rotulo
geometria · 6 corridas sem falhas · 14 de 14 plantas apanhadas.
✓ primeira página · pt@390: vazio 0 · «mour» 2 à vista, Mourão à vista · Enter com vários fica · «xyzq» 0 à vista, frase à vista, Enter fica · «mourao» 1 à vista, Enter abre Mourão
✓ primeira página · pt@1280: vazio 0 · «mour» 2 à vista, Mourão à vista · Enter com vários fica · «xyzq» 0 à vista, frase à vista, Enter fica · «mourao» 1 à vista, Enter abre Mourão
✓ primeira página · en@390: vazio 0 · «mour» 2 à vista, Mourão à vista · Enter com vários fica · «xyzq» 0 à vista, frase à vista, Enter fica · «mourao» 1 à vista, Enter abre Mourão
✓ primeira página · en@1280: vazio 0 · «mour» 2 à vista, Mourão à vista · Enter com vários fica · «xyzq» 0 à vista, frase à vista, Enter fica · «mourao» 1 à vista, Enter abre Mourão
✓ primeira página · pt sem guião: 0 resultado(s) à vista · «mourao» + Enter aterra em /lugares?concelho=mourao (200) · 29 porta(s) de distrito à vista, a de Mourão /distritos/evora · a porta de Mourão à vista nela 2×
✓ primeira página · en sem guião: 0 resultado(s) à vista · «mourao» + Enter aterra em /en/places?concelho=mourao (200) · 29 porta(s) de distrito à vista, a de Mourão /en/districts/evora · a porta de Mourão à vista nela 2×
  mordeu · a ligação do campo partida na primeira página · pt@390: vazio 0 · «mour» 0 à vista, Mourão NÃO · Enter com vários SAI · «xyzq» 0 à vista, frase à vista, Enter SAI · «mourao» 1 à vista, Enter abre Mourão
  mordeu · o formulário da primeira página sem destino · en sem guião: 0 resultado(s) à vista · «mourao» + Enter aterra em /en/places-that-do-not-exist?concelho=mourao (404) · 0 porta(s) de distrito à vista, a de Mourão NENHUMA · a porta de Mourão à vista nela 0×
pesquisa da primeira página · 4 passagens com guião e 2 sem guião, todas a cumprir · 2 de 2 plantas mordidas.
