
> o-estado-do-pais@0.1.0 check:privacidade
> PYTHONDONTWRITEBYTECODE=1 python3 scripts/check-privacidade.py --prova

{
  "ficheiros": 12516,
  "quantidade": 0,
  "achados": [],
  "plantas": [
    {
      "id": "nome-do-git-1",
      "pagina_base": "404.html",
      "mordeu": true,
      "falha": "nome pessoal ou caminho local na página construída"
    },
    {
      "id": "nome-do-git-2",
      "pagina_base": "404.html",
      "mordeu": true,
      "falha": "nome pessoal ou caminho local na página construída"
    },
    {
      "id": "nome-da-casa-real",
      "nome_pessoal": true,
      "esperado": "detetar",
      "mordeu": true
    },
    {
      "id": "nome-pessoal-portavel",
      "mordeu": true
    },
    {
      "id": "ligacao-home-na-conta-generica",
      "mordeu": true
    },
    {
      "id": "pasta-generica-raiz",
      "mordeu": true
    },
    {
      "id": "pasta-generica-root",
      "mordeu": true
    },
    {
      "id": "pasta-generica-runner",
      "mordeu": true
    },
    {
      "id": "pasta-generica-app",
      "mordeu": true
    },
    {
      "id": "pasta-generica-code",
      "mordeu": true
    },
    {
      "id": "caminho-1",
      "mordeu": true
    },
    {
      "id": "caminho-2",
      "mordeu": true
    },
    {
      "id": "caminho-3",
      "mordeu": true
    },
    {
      "id": "caminho-4",
      "mordeu": true
    },
    {
      "id": "caminho-5",
      "mordeu": true
    }
  ],
  "passou": true
}
