
> o-estado-do-pais@0.1.0 gate:html
> node scripts/gate-html.mjs

  o nome de quem responde · 0 ficheiro(s) com o nome em 325 lido(s) de src/ e public/
  B1 leitura evora-orcamentado-pago-devido-2025/en: sem leitura, o registo não começa por In brief.
  B1 leitura evora-prometido-pago-auditado-2026/en: sem leitura, o registo não começa por In brief.
  B1 leitura avaliacao-economica-regional-de-portugal-2026/pt: sem leitura, o registo não começa por Em resumo.
  B1 leitura evora-economia-investidores-portas-abertas-2026/pt: sem leitura, o registo não começa por Em resumo.
  B1 leitura evora-orcamentado-pago-devido-2025/pt: sem leitura, o registo não começa por Em resumo.
  B1 leitura evora-os-pelouros-quem-os-teve-o-que-fizeram/pt: sem leitura, o registo não começa por Em resumo.
  B1 leitura evora-prometido-pago-auditado-2026/pt: sem leitura, o registo não começa por Em resumo.
  B1 leitura evora-quinze-anos-cinco-mandatos/pt: sem leitura, o registo não começa por Em resumo.

  portão de HTML · 7452 páginas · 2661/3009 afirmações citadas fora do livro-razão · 6018 páginas de linha · 6018 títulos de linha com o valor e a unidade separados · 18 documento(s) de estudo, conferidos contra a origem · 10 página(s) de leitura, conferidas contra o seu registo de conteúdo · 0 página(s) com o nome de quem responde · séries: 20 página(s), 680 ponto(s), 664 nome(s) de país, 188 campo(s), 40 recontagem(ns) conferidos · UE1b: 20 porta(s) dos recibos das linhas para as séries, 16 legenda(s) das marcas com 28 marca(s) · UE1d: 20 definição(ões) declarada(s) nos recibos das séries · UE1e: 20 recibo(s) das séries sem Portugal na definição, 2 com a forma do recibo da série (1 declarada(s))
  allowlist · 19 motivo(s) e 3 token(s), com os usos que os provam vivos: data-de-atualizacao 2 · data-da-conferencia 588 · nome-oficial-da-medida 44 · referencia-legal 20 · titulo-de-estudo 208 · escala-de-instrumento 332 · objetivo-institucional 2 · limiar-do-quadro 186 · data-da-linha 26108 · data-do-repositorio 76 · periodo-da-fonte 1112 · data-de-referencia 5158 · numeracao 124 · proveniencia 14845 · data-da-agenda 170 · data-de-leitura-de-uma-definicao 102 · identificador-tecnico 4 · fonte-da-carta 64 · licenca-do-conjunto 2 · UE-27 (scope: any) 21 · EU-27 (scope: any) 21 · sha256 (scope: body) 24
  rótulo de IA · 7434 no topo (de 7434 páginas fora dos documentos alojados) · 0 no rodapé · 2 ficha(s) da primeira página · 2 frase(s) da política e 2 do projeto, comparadas com o texto decidido
  ortografia · Acordo de 1990 como se aplica em Portugal · 254 pares, 50 iguais · restante: 0 ocorrência(s) em 0 rota(s), todas de linhas cruzadas · 8 dispensada(s) por estarem entre «…»
  factos por verificar · 2 campo(s) declarados, com o marcador na página e a porta da edição certa
  as duas edições · 24 peça(s) de página de leitura com os mesmos ids pela mesma ordem

  348 aviso(s):
    · a afirmação "abrantes-limite-divida-dgal-2024" está no livro-razão e tem página própria, mas nenhuma outra página a cita.
    · a afirmação "agua-nao-faturada-portugal-2024" está no livro-razão e tem página própria, mas nenhuma outra página a cita.
    · a afirmação "agueda-limite-divida-dgal-2024" está no livro-razão e tem página própria, mas nenhuma outra página a cita.
    · a afirmação "aguiar-da-beira-limite-divida-dgal-2024" está no livro-razão e tem página própria, mas nenhuma outra página a cita.
    · a afirmação "alandroal-limite-divida-dgal-2024" está no livro-razão e tem página própria, mas nenhuma outra página a cita.
    · a afirmação "albergaria-a-velha-limite-divida-dgal-2024" está no livro-razão e tem página própria, mas nenhuma outra página a cita.
    · a afirmação "albufeira-limite-divida-dgal-2024" está no livro-razão e tem página própria, mas nenhuma outra página a cita.
    · a afirmação "alcacer-do-sal-limite-divida-dgal-2024" está no livro-razão e tem página própria, mas nenhuma outra página a cita.
    · a afirmação "alcanena-limite-divida-dgal-2024" está no livro-razão e tem página própria, mas nenhuma outra página a cita.
    · a afirmação "alcobaca-limite-divida-dgal-2024" está no livro-razão e tem página própria, mas nenhuma outra página a cita.
    · a afirmação "alcochete-limite-divida-dgal-2024" está no livro-razão e tem página própria, mas nenhuma outra página a cita.
    · a afirmação "alcoutim-limite-divida-dgal-2024" está no livro-razão e tem página própria, mas nenhuma outra página a cita.
    · a afirmação "alenquer-limite-divida-dgal-2024" está no livro-razão e tem página própria, mas nenhuma outra página a cita.
    · a afirmação "alfandega-da-fe-limite-divida-dgal-2024" está no livro-razão e tem página própria, mas nenhuma outra página a cita.
    · a afirmação "alijo-limite-divida-dgal-2024" está no livro-razão e tem página própria, mas nenhuma outra página a cita.
    · a afirmação "aljezur-limite-divida-dgal-2024" está no livro-razão e tem página própria, mas nenhuma outra página a cita.
    · a afirmação "aljezur-prazo-medio-de-pagamento-2025-12" está no livro-razão e tem página própria, mas nenhuma outra página a cita.
    · a afirmação "aljustrel-limite-divida-dgal-2024" está no livro-razão e tem página própria, mas nenhuma outra página a cita.
    · a afirmação "aljustrel-prazo-medio-de-pagamento-2025-12" está no livro-razão e tem página própria, mas nenhuma outra página a cita.
    · a afirmação "almada-limite-divida-dgal-2024" está no livro-razão e tem página própria, mas nenhuma outra página a cita.
    · a afirmação "almada-prazo-medio-de-pagamento-2025-12" está no livro-razão e tem página própria, mas nenhuma outra página a cita.
    · a afirmação "almeida-limite-divida-dgal-2024" está no livro-razão e tem página própria, mas nenhuma outra página a cita.
    · a afirmação "almeirim-limite-divida-dgal-2024" está no livro-razão e tem página própria, mas nenhuma outra página a cita.
    · a afirmação "almodovar-limite-divida-dgal-2024" está no livro-razão e tem página própria, mas nenhuma outra página a cita.
    · a afirmação "alpiarca-limite-divida-dgal-2024" está no livro-razão e tem página própria, mas nenhuma outra página a cita.
    · a afirmação "alter-do-chao-limite-divida-dgal-2024" está no livro-razão e tem página própria, mas nenhuma outra página a cita.
    · a afirmação "alvaiazere-limite-divida-dgal-2024" está no livro-razão e tem página própria, mas nenhuma outra página a cita.
    · a afirmação "alvito-limite-divida-dgal-2024" está no livro-razão e tem página própria, mas nenhuma outra página a cita.
    · a afirmação "amadora-limite-divida-dgal-2024" está no livro-razão e tem página própria, mas nenhuma outra página a cita.
    · a afirmação "amarante-limite-divida-dgal-2024" está no livro-razão e tem página própria, mas nenhuma outra página a cita.
    · a afirmação "amares-limite-divida-dgal-2024" está no livro-razão e tem página própria, mas nenhuma outra página a cita.
    · a afirmação "anadia-limite-divida-dgal-2024" está no livro-razão e tem página própria, mas nenhuma outra página a cita.
    · a afirmação "angra-do-heroismo-limite-divida-dgal-2024" está no livro-razão e tem página própria, mas nenhuma outra página a cita.
    · a afirmação "ansiao-limite-divida-dgal-2024" está no livro-razão e tem página própria, mas nenhuma outra página a cita.
    · a afirmação "arcos-de-valdevez-limite-divida-dgal-2024" está no livro-razão e tem página própria, mas nenhuma outra página a cita.
    · a afirmação "arganil-limite-divida-dgal-2024" está no livro-razão e tem página própria, mas nenhuma outra página a cita.
    · a afirmação "armamar-limite-divida-dgal-2024" está no livro-razão e tem página própria, mas nenhuma outra página a cita.
    · a afirmação "arouca-limite-divida-dgal-2024" está no livro-razão e tem página própria, mas nenhuma outra página a cita.
    · a afirmação "arraiolos-limite-divida-dgal-2024" está no livro-razão e tem página própria, mas nenhuma outra página a cita.
    · a afirmação "arronches-limite-divida-dgal-2024" está no livro-razão e tem página própria, mas nenhuma outra página a cita.
    · a afirmação "arruda-dos-vinhos-limite-divida-dgal-2024" está no livro-razão e tem página própria, mas nenhuma outra página a cita.
    · a afirmação "aveiro-limite-divida-dgal-2024" está no livro-razão e tem página própria, mas nenhuma outra página a cita.
    · a afirmação "avis-limite-divida-dgal-2024" está no livro-razão e tem página própria, mas nenhuma outra página a cita.
    · a afirmação "avisos-pt2030-abertos" está no livro-razão e tem página própria, mas nenhuma outra página a cita.
    · a afirmação "avisos-pt2030-pessoas-singulares" está no livro-razão e tem página própria, mas nenhuma outra página a cita.
    · a afirmação "azambuja-limite-divida-dgal-2024" está no livro-razão e tem página própria, mas nenhuma outra página a cita.
    · a afirmação "baiao-limite-divida-dgal-2024" está no livro-razão e tem página própria, mas nenhuma outra página a cita.
    · a afirmação "barcelos-limite-divida-dgal-2024" está no livro-razão e tem página própria, mas nenhuma outra página a cita.
    · a afirmação "barrancos-limite-divida-dgal-2024" está no livro-razão e tem página própria, mas nenhuma outra página a cita.
    · a afirmação "barreiro-limite-divida-dgal-2024" está no livro-razão e tem página própria, mas nenhuma outra página a cita.
    · a afirmação "batalha-limite-divida-dgal-2024" está no livro-razão e tem página própria, mas nenhuma outra página a cita.
    · a afirmação "batalha-prazo-medio-de-pagamento-2025-12" está no livro-razão e tem página própria, mas nenhuma outra página a cita.
    · a afirmação "beja-limite-divida-dgal-2024" está no livro-razão e tem página própria, mas nenhuma outra página a cita.
    · a afirmação "belmonte-limite-divida-dgal-2024" está no livro-razão e tem página própria, mas nenhuma outra página a cita.
    · a afirmação "benavente-limite-divida-dgal-2024" está no livro-razão e tem página própria, mas nenhuma outra página a cita.
    · a afirmação "bombarral-limite-divida-dgal-2024" está no livro-razão e tem página própria, mas nenhuma outra página a cita.
    · a afirmação "borba-limite-divida-dgal-2024" está no livro-razão e tem página própria, mas nenhuma outra página a cita.
    · a afirmação "boticas-limite-divida-dgal-2024" está no livro-razão e tem página própria, mas nenhuma outra página a cita.
    · a afirmação "braga-limite-divida-dgal-2024" está no livro-razão e tem página própria, mas nenhuma outra página a cita.
    · a afirmação "braganca-limite-divida-dgal-2024" está no livro-razão e tem página própria, mas nenhuma outra página a cita.
    · a afirmação "cabeceiras-de-basto-limite-divida-dgal-2024" está no livro-razão e tem página própria, mas nenhuma outra página a cita.
    · a afirmação "cadaval-limite-divida-dgal-2024" está no livro-razão e tem página própria, mas nenhuma outra página a cita.
    · a afirmação "caldas-da-rainha-limite-divida-dgal-2024" está no livro-razão e tem página própria, mas nenhuma outra página a cita.
    · a afirmação "calheta-de-sao-jorge-limite-divida-dgal-2024" está no livro-razão e tem página própria, mas nenhuma outra página a cita.
    · a afirmação "calheta-limite-divida-dgal-2024" está no livro-razão e tem página própria, mas nenhuma outra página a cita.
    · a afirmação "camara-de-lobos-limite-divida-dgal-2024" está no livro-razão e tem página própria, mas nenhuma outra página a cita.
    · a afirmação "caminha-limite-divida-dgal-2024" está no livro-razão e tem página própria, mas nenhuma outra página a cita.
    · a afirmação "campo-maior-limite-divida-dgal-2024" está no livro-razão e tem página própria, mas nenhuma outra página a cita.
    · a afirmação "cantanhede-limite-divida-dgal-2024" está no livro-razão e tem página própria, mas nenhuma outra página a cita.
    · a afirmação "carrazeda-de-ansiaes-limite-divida-dgal-2024" está no livro-razão e tem página própria, mas nenhuma outra página a cita.
    · a afirmação "carregal-do-sal-limite-divida-dgal-2024" está no livro-razão e tem página própria, mas nenhuma outra página a cita.
    · a afirmação "cartaxo-limite-divida-dgal-2024" está no livro-razão e tem página própria, mas nenhuma outra página a cita.
    · a afirmação "cascais-limite-divida-dgal-2024" está no livro-razão e tem página própria, mas nenhuma outra página a cita.
    · a afirmação "castanheira-de-pera-limite-divida-dgal-2024" está no livro-razão e tem página própria, mas nenhuma outra página a cita.
    · a afirmação "castelo-branco-limite-divida-dgal-2024" está no livro-razão e tem página própria, mas nenhuma outra página a cita.
    · a afirmação "castelo-de-paiva-limite-divida-dgal-2024" está no livro-razão e tem página própria, mas nenhuma outra página a cita.
    · a afirmação "castelo-de-vide-limite-divida-dgal-2024" está no livro-razão e tem página própria, mas nenhuma outra página a cita.
    · a afirmação "castro-daire-limite-divida-dgal-2024" está no livro-razão e tem página própria, mas nenhuma outra página a cita.
    · a afirmação "castro-marim-limite-divida-dgal-2024" está no livro-razão e tem página própria, mas nenhuma outra página a cita.
    · a afirmação "castro-verde-limite-divida-dgal-2024" está no livro-razão e tem página própria, mas nenhuma outra página a cita.
    · a afirmação "celorico-da-beira-limite-divida-dgal-2024" está no livro-razão e tem página própria, mas nenhuma outra página a cita.
    · a afirmação "celorico-de-basto-limite-divida-dgal-2024" está no livro-razão e tem página própria, mas nenhuma outra página a cita.
    · a afirmação "chamusca-limite-divida-dgal-2024" está no livro-razão e tem página própria, mas nenhuma outra página a cita.
    · a afirmação "chaves-limite-divida-dgal-2024" está no livro-razão e tem página própria, mas nenhuma outra página a cita.
    · a afirmação "ciclo-substituicao-condutas" está no livro-razão e tem página própria, mas nenhuma outra página a cita.
    · a afirmação "cinfaes-limite-divida-dgal-2024" está no livro-razão e tem página própria, mas nenhuma outra página a cita.
    · a afirmação "coimbra-limite-divida-dgal-2024" está no livro-razão e tem página própria, mas nenhuma outra página a cita.
    · a afirmação "condeixa-a-nova-limite-divida-dgal-2024" está no livro-razão e tem página própria, mas nenhuma outra página a cita.
    · a afirmação "constancia-limite-divida-dgal-2024" está no livro-razão e tem página própria, mas nenhuma outra página a cita.
    · a afirmação "coruche-limite-divida-dgal-2024" está no livro-razão e tem página própria, mas nenhuma outra página a cita.
    · a afirmação "corvo-limite-divida-dgal-2024" está no livro-razão e tem página própria, mas nenhuma outra página a cita.
    · a afirmação "covilha-limite-divida-dgal-2024" está no livro-razão e tem página própria, mas nenhuma outra página a cita.
    · a afirmação "crato-limite-divida-dgal-2024" está no livro-razão e tem página própria, mas nenhuma outra página a cita.
    · a afirmação "cuba-limite-divida-dgal-2024" está no livro-razão e tem página própria, mas nenhuma outra página a cita.
    · a afirmação "distancia-portugal-ue27-2024" está no livro-razão e tem página própria, mas nenhuma outra página a cita.
    · a afirmação "divida-publica-2024-notificacao-ine-2026-09" está no livro-razão e tem página própria, mas nenhuma outra página a cita.
    · a afirmação "edicoes-publicadas" está no livro-razão e tem página própria, mas nenhuma outra página a cita.
    · a afirmação "elvas-limite-divida-dgal-2024" está no livro-razão e tem página própria, mas nenhuma outra página a cita.
    · a afirmação "entroncamento-limite-divida-dgal-2024" está no livro-razão e tem página própria, mas nenhuma outra página a cita.
    · a afirmação "espinho-limite-divida-dgal-2024" está no livro-razão e tem página própria, mas nenhuma outra página a cita.
    · a afirmação "esposende-limite-divida-dgal-2024" está no livro-razão e tem página própria, mas nenhuma outra página a cita.
    · a afirmação "estarreja-limite-divida-dgal-2024" está no livro-razão e tem página própria, mas nenhuma outra página a cita.
    · a afirmação "estremoz-limite-divida-dgal-2024" está no livro-razão e tem página própria, mas nenhuma outra página a cita.
    · a afirmação "estudos-publicados" está no livro-razão e tem página própria, mas nenhuma outra página a cita.
    · a afirmação "evora-desemprego-registado-2013" está no livro-razão e tem página própria, mas nenhuma outra página a cita.
    · a afirmação "evora-desemprego-registado-2024" está no livro-razão e tem página própria, mas nenhuma outra página a cita.
    · a afirmação "evora-despesa-paga-2025" está no livro-razão e tem página própria, mas nenhuma outra página a cita.
    · a afirmação "evora-divergencia-municipio-dgal-2024" está no livro-razão e tem página própria, mas nenhuma outra página a cita.
    · a afirmação "evora-divida-total-2024" está no livro-razão e tem página própria, mas nenhuma outra página a cita.
    · a afirmação "evora-execucao-da-receita-2021" está no livro-razão e tem página própria, mas nenhuma outra página a cita.
    · a afirmação "evora-execucao-da-receita-2025" está no livro-razão e tem página própria, mas nenhuma outra página a cita.
    · a afirmação "evora-limite-divida-2025" está no livro-razão e tem página própria, mas nenhuma outra página a cita.
    · a afirmação "evora-margem-endividamento-2025" está no livro-razão e tem página própria, mas nenhuma outra página a cita.
    · a afirmação "evora-orcamento-2025" está no livro-razão e tem página própria, mas nenhuma outra página a cita.
    · a afirmação "evora-populacao-2021" está no livro-razão e tem página própria, mas nenhuma outra página a cita.
    · a afirmação "evora-prazo-medio-de-pagamento-2025-12" está no livro-razão e tem página própria, mas nenhuma outra página a cita.
    · a afirmação "evora-receita-cobrada-2025" está no livro-razão e tem página própria, mas nenhuma outra página a cita.
    · a afirmação "evora-vab-empresarial-2024" está no livro-razão e tem página própria, mas nenhuma outra página a cita.
    · a afirmação "factor-sustentabilidade-2026" está no livro-razão e tem página própria, mas nenhuma outra página a cita.
    · a afirmação "fafe-limite-divida-dgal-2024" está no livro-razão e tem página própria, mas nenhuma outra página a cita.
    · a afirmação "faro-limite-divida-dgal-2024" está no livro-razão e tem página própria, mas nenhuma outra página a cita.
    · a afirmação "felgueiras-limite-divida-dgal-2024" está no livro-razão e tem página própria, mas nenhuma outra página a cita.
    · a afirmação "ferreira-do-alentejo-limite-divida-dgal-2024" está no livro-razão e tem página própria, mas nenhuma outra página a cita.
    · a afirmação "ferreira-do-zezere-limite-divida-dgal-2024" está no livro-razão e tem página própria, mas nenhuma outra página a cita.
    · a afirmação "figueira-da-foz-limite-divida-dgal-2024" está no livro-razão e tem página própria, mas nenhuma outra página a cita.
    · a afirmação "figueira-de-castelo-rodrigo-limite-divida-dgal-2024" está no livro-razão e tem página própria, mas nenhuma outra página a cita.
    · a afirmação "figueiro-dos-vinhos-limite-divida-dgal-2024" está no livro-razão e tem página própria, mas nenhuma outra página a cita.
    · a afirmação "fornos-de-algodres-limite-divida-dgal-2024" está no livro-razão e tem página própria, mas nenhuma outra página a cita.
    · a afirmação "freixo-de-espada-a-cinta-limite-divida-dgal-2024" está no livro-razão e tem página própria, mas nenhuma outra página a cita.
    · a afirmação "fronteira-limite-divida-dgal-2024" está no livro-razão e tem página própria, mas nenhuma outra página a cita.
    · a afirmação "funchal-limite-divida-dgal-2024" está no livro-razão e tem página própria, mas nenhuma outra página a cita.
    · a afirmação "fundao-limite-divida-dgal-2024" está no livro-razão e tem página própria, mas nenhuma outra página a cita.
    · a afirmação "gaviao-limite-divida-dgal-2024" está no livro-razão e tem página própria, mas nenhuma outra página a cita.
    · a afirmação "gois-limite-divida-dgal-2024" está no livro-razão e tem página própria, mas nenhuma outra página a cita.
    · a afirmação "golega-limite-divida-dgal-2024" está no livro-razão e tem página própria, mas nenhuma outra página a cita.
    · a afirmação "gondomar-limite-divida-dgal-2024" está no livro-razão e tem página própria, mas nenhuma outra página a cita.
    · a afirmação "gouveia-limite-divida-dgal-2024" está no livro-razão e tem página própria, mas nenhuma outra página a cita.
    · a afirmação "grandola-limite-divida-dgal-2024" está no livro-razão e tem página própria, mas nenhuma outra página a cita.
    · a afirmação "guarda-limite-divida-dgal-2024" está no livro-razão e tem página própria, mas nenhuma outra página a cita.
    · a afirmação "guimaraes-limite-divida-dgal-2024" está no livro-razão e tem página própria, mas nenhuma outra página a cita.
    · a afirmação "horta-limite-divida-dgal-2024" está no livro-razão e tem página própria, mas nenhuma outra página a cita.
    · a afirmação "idanha-a-nova-limite-divida-dgal-2024" está no livro-razão e tem página própria, mas nenhuma outra página a cita.
    · a afirmação "ilhavo-limite-divida-dgal-2024" está no livro-razão e tem página própria, mas nenhuma outra página a cita.
    · a afirmação "indice-de-percepcao-da-corrupcao-2024" está no livro-razão e tem página própria, mas nenhuma outra página a cita.
    · a afirmação "indice-de-percepcao-da-corrupcao-2025-ue" está no livro-razão e tem página própria, mas nenhuma outra página a cita.
    · a afirmação "indice-de-percepcao-da-corrupcao-2025" está no livro-razão e tem página própria, mas nenhuma outra página a cita.
    · a afirmação "lagoa-faro-limite-divida-dgal-2024" está no livro-razão e tem página própria, mas nenhuma outra página a cita.
    · a afirmação "lagoa-ilha-de-sao-miguel-limite-divida-dgal-2024" está no livro-razão e tem página própria, mas nenhuma outra página a cita.
    · a afirmação "lagos-limite-divida-dgal-2024" está no livro-razão e tem página própria, mas nenhuma outra página a cita.
    · a afirmação "lajes-das-flores-limite-divida-dgal-2024" está no livro-razão e tem página própria, mas nenhuma outra página a cita.
    · a afirmação "lajes-do-pico-limite-divida-dgal-2024" está no livro-razão e tem página própria, mas nenhuma outra página a cita.
    · a afirmação "lamego-limite-divida-dgal-2024" está no livro-razão e tem página própria, mas nenhuma outra página a cita.
    · a afirmação "leiria-limite-divida-dgal-2024" está no livro-razão e tem página própria, mas nenhuma outra página a cita.
    · a afirmação "lisboa-limite-divida-dgal-2024" está no livro-razão e tem página própria, mas nenhuma outra página a cita.
    · a afirmação "loule-limite-divida-dgal-2024" está no livro-razão e tem página própria, mas nenhuma outra página a cita.
    · a afirmação "loures-limite-divida-dgal-2024" está no livro-razão e tem página própria, mas nenhuma outra página a cita.
    · a afirmação "lourinha-limite-divida-dgal-2024" está no livro-razão e tem página própria, mas nenhuma outra página a cita.
    · a afirmação "lousa-limite-divida-dgal-2024" está no livro-razão e tem página própria, mas nenhuma outra página a cita.
    · a afirmação "lousada-limite-divida-dgal-2024" está no livro-razão e tem página própria, mas nenhuma outra página a cita.
    · a afirmação "macao-limite-divida-dgal-2024" está no livro-razão e tem página própria, mas nenhuma outra página a cita.
    · a afirmação "macedo-de-cavaleiros-limite-divida-dgal-2024" está no livro-razão e tem página própria, mas nenhuma outra página a cita.
    · a afirmação "machico-limite-divida-dgal-2024" está no livro-razão e tem página própria, mas nenhuma outra página a cita.
    · a afirmação "madalena-limite-divida-dgal-2024" está no livro-razão e tem página própria, mas nenhuma outra página a cita.
    · a afirmação "mafra-limite-divida-dgal-2024" está no livro-razão e tem página própria, mas nenhuma outra página a cita.
    · a afirmação "maia-limite-divida-dgal-2024" está no livro-razão e tem página própria, mas nenhuma outra página a cita.
    · a afirmação "mangualde-limite-divida-dgal-2024" está no livro-razão e tem página própria, mas nenhuma outra página a cita.
    · a afirmação "manteigas-limite-divida-dgal-2024" está no livro-razão e tem página própria, mas nenhuma outra página a cita.
    · a afirmação "marco-de-canaveses-limite-divida-dgal-2024" está no livro-razão e tem página própria, mas nenhuma outra página a cita.
    · a afirmação "marinha-grande-limite-divida-dgal-2024" está no livro-razão e tem página própria, mas nenhuma outra página a cita.
    · a afirmação "marvao-limite-divida-dgal-2024" está no livro-razão e tem página própria, mas nenhuma outra página a cita.
    · a afirmação "matosinhos-limite-divida-dgal-2024" está no livro-razão e tem página própria, mas nenhuma outra página a cita.
    · a afirmação "mealhada-limite-divida-dgal-2024" está no livro-razão e tem página própria, mas nenhuma outra página a cita.
    · a afirmação "meda-limite-divida-dgal-2024" está no livro-razão e tem página própria, mas nenhuma outra página a cita.
    · a afirmação "melgaco-limite-divida-dgal-2024" está no livro-razão e tem página própria, mas nenhuma outra página a cita.
    · a afirmação "mertola-limite-divida-dgal-2024" está no livro-razão e tem página própria, mas nenhuma outra página a cita.
    · a afirmação "mesao-frio-limite-divida-dgal-2024" está no livro-razão e tem página própria, mas nenhuma outra página a cita.
    · a afirmação "mira-limite-divida-dgal-2024" está no livro-razão e tem página própria, mas nenhuma outra página a cita.
    · a afirmação "miranda-do-corvo-limite-divida-dgal-2024" está no livro-razão e tem página própria, mas nenhuma outra página a cita.
    · a afirmação "miranda-do-douro-limite-divida-dgal-2024" está no livro-razão e tem página própria, mas nenhuma outra página a cita.
    · a afirmação "mirandela-limite-divida-dgal-2024" está no livro-razão e tem página própria, mas nenhuma outra página a cita.
    · a afirmação "mogadouro-limite-divida-dgal-2024" está no livro-razão e tem página própria, mas nenhuma outra página a cita.
    · a afirmação "moimenta-da-beira-limite-divida-dgal-2024" está no livro-razão e tem página própria, mas nenhuma outra página a cita.
    · a afirmação "moimenta-da-beira-prazo-medio-de-pagamento-2025-12" está no livro-razão e tem página própria, mas nenhuma outra página a cita.
    · a afirmação "moita-limite-divida-dgal-2024" está no livro-razão e tem página própria, mas nenhuma outra página a cita.
    · a afirmação "moncao-limite-divida-dgal-2024" está no livro-razão e tem página própria, mas nenhuma outra página a cita.
    · a afirmação "monchique-limite-divida-dgal-2024" está no livro-razão e tem página própria, mas nenhuma outra página a cita.
    · a afirmação "mondim-de-basto-limite-divida-dgal-2024" está no livro-razão e tem página própria, mas nenhuma outra página a cita.
    · a afirmação "monforte-limite-divida-dgal-2024" está no livro-razão e tem página própria, mas nenhuma outra página a cita.
    · a afirmação "montalegre-limite-divida-dgal-2024" está no livro-razão e tem página própria, mas nenhuma outra página a cita.
    · a afirmação "montemor-o-novo-limite-divida-dgal-2024" está no livro-razão e tem página própria, mas nenhuma outra página a cita.
    · a afirmação "montemor-o-velho-limite-divida-dgal-2024" está no livro-razão e tem página própria, mas nenhuma outra página a cita.
    · a afirmação "montijo-limite-divida-dgal-2024" está no livro-razão e tem página própria, mas nenhuma outra página a cita.
    · a afirmação "mora-limite-divida-dgal-2024" está no livro-razão e tem página própria, mas nenhuma outra página a cita.
    · a afirmação "mortagua-limite-divida-dgal-2024" está no livro-razão e tem página própria, mas nenhuma outra página a cita.
    · a afirmação "moura-limite-divida-dgal-2024" está no livro-razão e tem página própria, mas nenhuma outra página a cita.
    · a afirmação "mourao-limite-divida-dgal-2024" está no livro-razão e tem página própria, mas nenhuma outra página a cita.
    · a afirmação "municipios-com-estudo-aprofundado" está no livro-razão e tem página própria, mas nenhuma outra página a cita.
    · a afirmação "municipios-sem-estudo-aprofundado" está no livro-razão e tem página própria, mas nenhuma outra página a cita.
    · a afirmação "murca-limite-divida-dgal-2024" está no livro-razão e tem página própria, mas nenhuma outra página a cita.
    · a afirmação "murtosa-limite-divida-dgal-2024" está no livro-razão e tem página própria, mas nenhuma outra página a cita.
    · a afirmação "nazare-limite-divida-dgal-2024" está no livro-razão e tem página própria, mas nenhuma outra página a cita.
    · a afirmação "nelas-limite-divida-dgal-2024" está no livro-razão e tem página própria, mas nenhuma outra página a cita.
    · a afirmação "nisa-limite-divida-dgal-2024" está no livro-razão e tem página própria, mas nenhuma outra página a cita.
    · a afirmação "nordeste-limite-divida-dgal-2024" está no livro-razão e tem página própria, mas nenhuma outra página a cita.
    · a afirmação "obidos-limite-divida-dgal-2024" está no livro-razão e tem página própria, mas nenhuma outra página a cita.
    · a afirmação "odemira-limite-divida-dgal-2024" está no livro-razão e tem página própria, mas nenhuma outra página a cita.
    · a afirmação "odivelas-limite-divida-dgal-2024" está no livro-razão e tem página própria, mas nenhuma outra página a cita.
    · a afirmação "oeiras-limite-divida-dgal-2024" está no livro-razão e tem página própria, mas nenhuma outra página a cita.
    · a afirmação "oleiros-limite-divida-dgal-2024" está no livro-razão e tem página própria, mas nenhuma outra página a cita.
    · a afirmação "olhao-limite-divida-dgal-2024" está no livro-razão e tem página própria, mas nenhuma outra página a cita.
    · a afirmação "oliveira-de-azemeis-limite-divida-dgal-2024" está no livro-razão e tem página própria, mas nenhuma outra página a cita.
    · a afirmação "oliveira-de-frades-limite-divida-dgal-2024" está no livro-razão e tem página própria, mas nenhuma outra página a cita.
    · a afirmação "oliveira-do-bairro-limite-divida-dgal-2024" está no livro-razão e tem página própria, mas nenhuma outra página a cita.
    · a afirmação "oliveira-do-hospital-limite-divida-dgal-2024" está no livro-razão e tem página própria, mas nenhuma outra página a cita.
    · a afirmação "ourem-limite-divida-dgal-2024" está no livro-razão e tem página própria, mas nenhuma outra página a cita.
    · a afirmação "ourique-limite-divida-dgal-2024" está no livro-razão e tem página própria, mas nenhuma outra página a cita.
    · a afirmação "ovar-limite-divida-dgal-2024" está no livro-razão e tem página própria, mas nenhuma outra página a cita.
    · a afirmação "pacos-de-ferreira-limite-divida-dgal-2024" está no livro-razão e tem página própria, mas nenhuma outra página a cita.
    · a afirmação "palmela-limite-divida-dgal-2024" está no livro-razão e tem página própria, mas nenhuma outra página a cita.
    · a afirmação "pampilhosa-da-serra-limite-divida-dgal-2024" está no livro-razão e tem página própria, mas nenhuma outra página a cita.
    · a afirmação "paredes-de-coura-limite-divida-dgal-2024" está no livro-razão e tem página própria, mas nenhuma outra página a cita.
    · a afirmação "paredes-limite-divida-dgal-2024" está no livro-razão e tem página própria, mas nenhuma outra página a cita.
    · a afirmação "pedrogao-grande-limite-divida-dgal-2024" está no livro-razão e tem página própria, mas nenhuma outra página a cita.
    · a afirmação "pedrogao-grande-prazo-medio-de-pagamento-2025-12" está no livro-razão e tem página própria, mas nenhuma outra página a cita.
    · a afirmação "penacova-limite-divida-dgal-2024" está no livro-razão e tem página própria, mas nenhuma outra página a cita.
    · a afirmação "penafiel-limite-divida-dgal-2024" está no livro-razão e tem página própria, mas nenhuma outra página a cita.
    · a afirmação "penalva-do-castelo-limite-divida-dgal-2024" está no livro-razão e tem página própria, mas nenhuma outra página a cita.
    · a afirmação "penamacor-limite-divida-dgal-2024" está no livro-razão e tem página própria, mas nenhuma outra página a cita.
    · a afirmação "penedono-divida-dgal-2024" está no livro-razão e tem página própria, mas nenhuma outra página a cita.
    · a afirmação "penedono-limite-divida-dgal-2024" está no livro-razão e tem página própria, mas nenhuma outra página a cita.
    · a afirmação "penedono-prazo-medio-de-pagamento-2025-12" está no livro-razão e tem página própria, mas nenhuma outra página a cita.
    · a afirmação "penela-limite-divida-dgal-2024" está no livro-razão e tem página própria, mas nenhuma outra página a cita.
    · a afirmação "peniche-limite-divida-dgal-2024" está no livro-razão e tem página própria, mas nenhuma outra página a cita.
    · a afirmação "peso-da-regua-limite-divida-dgal-2024" está no livro-razão e tem página própria, mas nenhuma outra página a cita.
    · a afirmação "pinhel-limite-divida-dgal-2024" está no livro-razão e tem página própria, mas nenhuma outra página a cita.
    · a afirmação "pombal-limite-divida-dgal-2024" está no livro-razão e tem página própria, mas nenhuma outra página a cita.
    · a afirmação "ponta-delgada-limite-divida-dgal-2024" está no livro-razão e tem página própria, mas nenhuma outra página a cita.
    · a afirmação "ponta-do-sol-limite-divida-dgal-2024" está no livro-razão e tem página própria, mas nenhuma outra página a cita.
    · a afirmação "ponte-da-barca-limite-divida-dgal-2024" está no livro-razão e tem página própria, mas nenhuma outra página a cita.
    · a afirmação "ponte-de-lima-limite-divida-dgal-2024" está no livro-razão e tem página própria, mas nenhuma outra página a cita.
    · a afirmação "ponte-de-sor-limite-divida-dgal-2024" está no livro-razão e tem página própria, mas nenhuma outra página a cita.
    · a afirmação "portalegre-limite-divida-dgal-2024" está no livro-razão e tem página própria, mas nenhuma outra página a cita.
    · a afirmação "portel-limite-divida-dgal-2024" está no livro-razão e tem página própria, mas nenhuma outra página a cita.
    · a afirmação "portimao-limite-divida-dgal-2024" está no livro-razão e tem página própria, mas nenhuma outra página a cita.
    · a afirmação "porto-de-mos-limite-divida-dgal-2024" está no livro-razão e tem página própria, mas nenhuma outra página a cita.
    · a afirmação "porto-limite-divida-dgal-2024" está no livro-razão e tem página própria, mas nenhuma outra página a cita.
    · a afirmação "porto-moniz-limite-divida-dgal-2024" está no livro-razão e tem página própria, mas nenhuma outra página a cita.
    · a afirmação "porto-santo-limite-divida-dgal-2024" está no livro-razão e tem página própria, mas nenhuma outra página a cita.
    · a afirmação "povoa-de-lanhoso-limite-divida-dgal-2024" está no livro-razão e tem página própria, mas nenhuma outra página a cita.
    · a afirmação "povoa-de-varzim-limite-divida-dgal-2024" está no livro-razão e tem página própria, mas nenhuma outra página a cita.
    · a afirmação "povoacao-limite-divida-dgal-2024" está no livro-razão e tem página própria, mas nenhuma outra página a cita.
    · a afirmação "praia-da-vitoria-limite-divida-dgal-2024" está no livro-razão e tem página própria, mas nenhuma outra página a cita.
    · a afirmação "proenca-a-nova-limite-divida-dgal-2024" está no livro-razão e tem página própria, mas nenhuma outra página a cita.
    · a afirmação "redondo-limite-divida-dgal-2024" está no livro-razão e tem página própria, mas nenhuma outra página a cita.
    · a afirmação "reguengos-de-monsaraz-limite-divida-dgal-2024" está no livro-razão e tem página própria, mas nenhuma outra página a cita.
    · a afirmação "resende-limite-divida-dgal-2024" está no livro-razão e tem página própria, mas nenhuma outra página a cita.
    · a afirmação "ribeira-brava-limite-divida-dgal-2024" está no livro-razão e tem página própria, mas nenhuma outra página a cita.
    · a afirmação "ribeira-de-pena-limite-divida-dgal-2024" está no livro-razão e tem página própria, mas nenhuma outra página a cita.
    · a afirmação "ribeira-grande-limite-divida-dgal-2024" está no livro-razão e tem página própria, mas nenhuma outra página a cita.
    · a afirmação "rio-maior-limite-divida-dgal-2024" está no livro-razão e tem página própria, mas nenhuma outra página a cita.
    · a afirmação "sabrosa-limite-divida-dgal-2024" está no livro-razão e tem página própria, mas nenhuma outra página a cita.
    · a afirmação "sabugal-limite-divida-dgal-2024" está no livro-razão e tem página própria, mas nenhuma outra página a cita.
    · a afirmação "saldo-das-administracoes-publicas-2025-notificacao-ine-2026-09" está no livro-razão e tem página própria, mas nenhuma outra página a cita.
    · a afirmação "saldo-natural-portugal-2025" está no livro-razão e tem página própria, mas nenhuma outra página a cita.
    · a afirmação "salvaterra-de-magos-limite-divida-dgal-2024" está no livro-razão e tem página própria, mas nenhuma outra página a cita.
    · a afirmação "santa-comba-dao-limite-divida-dgal-2024" está no livro-razão e tem página própria, mas nenhuma outra página a cita.
    · a afirmação "santa-cruz-da-graciosa-limite-divida-dgal-2024" está no livro-razão e tem página própria, mas nenhuma outra página a cita.
    · a afirmação "santa-cruz-das-flores-limite-divida-dgal-2024" está no livro-razão e tem página própria, mas nenhuma outra página a cita.
    · a afirmação "santa-cruz-limite-divida-dgal-2024" está no livro-razão e tem página própria, mas nenhuma outra página a cita.
    · a afirmação "santa-maria-da-feira-limite-divida-dgal-2024" está no livro-razão e tem página própria, mas nenhuma outra página a cita.
    · a afirmação "santa-marta-de-penaguiao-limite-divida-dgal-2024" está no livro-razão e tem página própria, mas nenhuma outra página a cita.
    · a afirmação "santana-limite-divida-dgal-2024" está no livro-razão e tem página própria, mas nenhuma outra página a cita.
    · a afirmação "santarem-limite-divida-dgal-2024" está no livro-razão e tem página própria, mas nenhuma outra página a cita.
    · a afirmação "santiago-do-cacem-limite-divida-dgal-2024" está no livro-razão e tem página própria, mas nenhuma outra página a cita.
    · a afirmação "santo-tirso-limite-divida-dgal-2024" está no livro-razão e tem página própria, mas nenhuma outra página a cita.
    · a afirmação "sao-bras-de-alportel-limite-divida-dgal-2024" está no livro-razão e tem página própria, mas nenhuma outra página a cita.
    · a afirmação "sao-joao-da-madeira-limite-divida-dgal-2024" está no livro-razão e tem página própria, mas nenhuma outra página a cita.
    · a afirmação "sao-joao-da-pesqueira-limite-divida-dgal-2024" está no livro-razão e tem página própria, mas nenhuma outra página a cita.
    · a afirmação "sao-pedro-do-sul-limite-divida-dgal-2024" está no livro-razão e tem página própria, mas nenhuma outra página a cita.
    · a afirmação "sao-roque-do-pico-limite-divida-dgal-2024" está no livro-razão e tem página própria, mas nenhuma outra página a cita.
    · a afirmação "sao-vicente-limite-divida-dgal-2024" está no livro-razão e tem página própria, mas nenhuma outra página a cita.
    · a afirmação "sardoal-limite-divida-dgal-2024" está no livro-razão e tem página própria, mas nenhuma outra página a cita.
    · a afirmação "satao-limite-divida-dgal-2024" está no livro-razão e tem página própria, mas nenhuma outra página a cita.
    · a afirmação "seia-limite-divida-dgal-2024" está no livro-razão e tem página própria, mas nenhuma outra página a cita.
    · a afirmação "seixal-limite-divida-dgal-2024" está no livro-razão e tem página própria, mas nenhuma outra página a cita.
    · a afirmação "sernancelhe-limite-divida-dgal-2024" está no livro-razão e tem página própria, mas nenhuma outra página a cita.
    · a afirmação "serpa-limite-divida-dgal-2024" está no livro-razão e tem página própria, mas nenhuma outra página a cita.
    · a afirmação "serta-limite-divida-dgal-2024" está no livro-razão e tem página própria, mas nenhuma outra página a cita.
    · a afirmação "sesimbra-limite-divida-dgal-2024" está no livro-razão e tem página própria, mas nenhuma outra página a cita.
    · a afirmação "setubal-limite-divida-dgal-2024" está no livro-razão e tem página própria, mas nenhuma outra página a cita.
    · a afirmação "sever-do-vouga-limite-divida-dgal-2024" está no livro-razão e tem página própria, mas nenhuma outra página a cita.
    · a afirmação "silves-limite-divida-dgal-2024" está no livro-razão e tem página própria, mas nenhuma outra página a cita.
    · a afirmação "sines-limite-divida-dgal-2024" está no livro-razão e tem página própria, mas nenhuma outra página a cita.
    · a afirmação "sintra-limite-divida-dgal-2024" está no livro-razão e tem página própria, mas nenhuma outra página a cita.
    · a afirmação "sobral-de-monte-agraco-limite-divida-dgal-2024" está no livro-razão e tem página própria, mas nenhuma outra página a cita.
    · a afirmação "soure-limite-divida-dgal-2024" está no livro-razão e tem página própria, mas nenhuma outra página a cita.
    · a afirmação "sousel-limite-divida-dgal-2024" está no livro-razão e tem página própria, mas nenhuma outra página a cita.
    · a afirmação "tabua-limite-divida-dgal-2024" está no livro-razão e tem página própria, mas nenhuma outra página a cita.
    · a afirmação "tabuaco-limite-divida-dgal-2024" está no livro-razão e tem página própria, mas nenhuma outra página a cita.
    · a afirmação "tarouca-limite-divida-dgal-2024" está no livro-razão e tem página própria, mas nenhuma outra página a cita.
    · a afirmação "tavira-limite-divida-dgal-2024" está no livro-razão e tem página própria, mas nenhuma outra página a cita.
    · a afirmação "taxa-de-desemprego-2024" está no livro-razão e tem página própria, mas nenhuma outra página a cita.
    · a afirmação "taxa-de-desemprego-2025-ue" está no livro-razão e tem página própria, mas nenhuma outra página a cita.
    · a afirmação "terras-de-bouro-limite-divida-dgal-2024" está no livro-razão e tem página própria, mas nenhuma outra página a cita.
    · a afirmação "tomar-limite-divida-dgal-2024" está no livro-razão e tem página própria, mas nenhuma outra página a cita.
    · a afirmação "tondela-limite-divida-dgal-2024" está no livro-razão e tem página própria, mas nenhuma outra página a cita.
    · a afirmação "torre-de-moncorvo-limite-divida-dgal-2024" está no livro-razão e tem página própria, mas nenhuma outra página a cita.
    · a afirmação "torres-novas-limite-divida-dgal-2024" está no livro-razão e tem página própria, mas nenhuma outra página a cita.
    · a afirmação "torres-vedras-limite-divida-dgal-2024" está no livro-razão e tem página própria, mas nenhuma outra página a cita.
    · a afirmação "trancoso-limite-divida-dgal-2024" está no livro-razão e tem página própria, mas nenhuma outra página a cita.
    · a afirmação "trancoso-prazo-medio-de-pagamento-2025-12" está no livro-razão e tem página própria, mas nenhuma outra página a cita.
    · a afirmação "trofa-limite-divida-dgal-2024" está no livro-razão e tem página própria, mas nenhuma outra página a cita.
    · a afirmação "vagos-limite-divida-dgal-2024" está no livro-razão e tem página própria, mas nenhuma outra página a cita.
    · a afirmação "vale-de-cambra-limite-divida-dgal-2024" está no livro-razão e tem página própria, mas nenhuma outra página a cita.
    · a afirmação "valenca-limite-divida-dgal-2024" está no livro-razão e tem página própria, mas nenhuma outra página a cita.
    · a afirmação "valongo-limite-divida-dgal-2024" está no livro-razão e tem página própria, mas nenhuma outra página a cita.
    · a afirmação "valpacos-limite-divida-dgal-2024" está no livro-razão e tem página própria, mas nenhuma outra página a cita.
    · a afirmação "velas-limite-divida-dgal-2024" está no livro-razão e tem página própria, mas nenhuma outra página a cita.
    · a afirmação "vendas-novas-limite-divida-dgal-2024" está no livro-razão e tem página própria, mas nenhuma outra página a cita.
    · a afirmação "viana-do-alentejo-limite-divida-dgal-2024" está no livro-razão e tem página própria, mas nenhuma outra página a cita.
    · a afirmação "viana-do-castelo-limite-divida-dgal-2024" está no livro-razão e tem página própria, mas nenhuma outra página a cita.
    · a afirmação "vidigueira-limite-divida-dgal-2024" está no livro-razão e tem página própria, mas nenhuma outra página a cita.
    · a afirmação "vieira-do-minho-limite-divida-dgal-2024" está no livro-razão e tem página própria, mas nenhuma outra página a cita.
    · a afirmação "vila-de-rei-limite-divida-dgal-2024" está no livro-razão e tem página própria, mas nenhuma outra página a cita.
    · a afirmação "vila-do-bispo-limite-divida-dgal-2024" está no livro-razão e tem página própria, mas nenhuma outra página a cita.
    · a afirmação "vila-do-conde-limite-divida-dgal-2024" está no livro-razão e tem página própria, mas nenhuma outra página a cita.
    · a afirmação "vila-do-porto-limite-divida-dgal-2024" está no livro-razão e tem página própria, mas nenhuma outra página a cita.
    · a afirmação "vila-flor-limite-divida-dgal-2024" está no livro-razão e tem página própria, mas nenhuma outra página a cita.
    · a afirmação "vila-franca-de-xira-limite-divida-dgal-2024" está no livro-razão e tem página própria, mas nenhuma outra página a cita.
    · a afirmação "vila-franca-do-campo-limite-divida-dgal-2024" está no livro-razão e tem página própria, mas nenhuma outra página a cita.
    · a afirmação "vila-nova-da-barquinha-limite-divida-dgal-2024" está no livro-razão e tem página própria, mas nenhuma outra página a cita.
    · a afirmação "vila-nova-de-cerveira-limite-divida-dgal-2024" está no livro-razão e tem página própria, mas nenhuma outra página a cita.
    · a afirmação "vila-nova-de-famalicao-limite-divida-dgal-2024" está no livro-razão e tem página própria, mas nenhuma outra página a cita.
    · a afirmação "vila-nova-de-foz-coa-limite-divida-dgal-2024" está no livro-razão e tem página própria, mas nenhuma outra página a cita.
    · a afirmação "vila-nova-de-gaia-limite-divida-dgal-2024" está no livro-razão e tem página própria, mas nenhuma outra página a cita.
    · a afirmação "vila-nova-de-paiva-limite-divida-dgal-2024" está no livro-razão e tem página própria, mas nenhuma outra página a cita.
    · a afirmação "vila-nova-de-poiares-limite-divida-dgal-2024" está no livro-razão e tem página própria, mas nenhuma outra página a cita.
    · a afirmação "vila-pouca-de-aguiar-limite-divida-dgal-2024" está no livro-razão e tem página própria, mas nenhuma outra página a cita.
    · a afirmação "vila-real-de-santo-antonio-limite-divida-dgal-2024" está no livro-razão e tem página própria, mas nenhuma outra página a cita.
    · a afirmação "vila-real-limite-divida-dgal-2024" está no livro-razão e tem página própria, mas nenhuma outra página a cita.
    · a afirmação "vila-velha-de-rodao-limite-divida-dgal-2024" está no livro-razão e tem página própria, mas nenhuma outra página a cita.
    · a afirmação "vila-verde-limite-divida-dgal-2024" está no livro-razão e tem página própria, mas nenhuma outra página a cita.
    · a afirmação "vila-vicosa-limite-divida-dgal-2024" está no livro-razão e tem página própria, mas nenhuma outra página a cita.
    · a afirmação "vimioso-limite-divida-dgal-2024" está no livro-razão e tem página própria, mas nenhuma outra página a cita.
    · a afirmação "vinhais-limite-divida-dgal-2024" está no livro-razão e tem página própria, mas nenhuma outra página a cita.
    · a afirmação "viseu-limite-divida-dgal-2024" está no livro-razão e tem página própria, mas nenhuma outra página a cita.
    · a afirmação "vizela-limite-divida-dgal-2024" está no livro-razão e tem página própria, mas nenhuma outra página a cita.
    · a afirmação "vouzela-limite-divida-dgal-2024" está no livro-razão e tem página própria, mas nenhuma outra página a cita.

  ✓ nenhum algarismo sem proveniência nas páginas construídas.
    prova · 92 chaves reconferidas pelo portão · 170 números marcados nas páginas · 2 lista(s) de nomes recontada(s) · 226817 ligações internas (0 relativas, 22227 âncoras) · 44 recortes · 6 ficheiros alojados · 10 contas sobre ficheiros não alojados (12 com cópia arquivada) · 894 páginas de série · 976 cartões de partilha (5556 valores recalculados, 976 nomeados por páginas) · 2 manifestos (7 ícones medidos na cabeça do PNG) · escrito em /prova.json
