relatório: design/especime-v3/medicoes/e1-2026-09-30/LEIA-ME.md
pasta das medições: design/especime-v3/medicoes/e1-2026-09-30
ficheiros JSON lidos: 10
conhecido-positivo (o número 987654322, ausente dos ficheiros, apontado pelo mesmo detetor): encontrado
números conferidos: 525
números com ficheiro: 508
números sem ficheiro: 17
   l.18 «2022» em «| 1 | As contas da Câmara de Évora, 2010 a 2025 | No motor (16) e no sítio, nas duas línguas. A série do regulador impressa uma vez; a votação das contas de 202»
   l.18 «2023» em «| 1 | As contas da Câmara de Évora, 2010 a 2025 | No motor (16) e no sítio, nas duas línguas. A série do regulador impressa uma vez; a votação das contas de 202»
   l.22 «200» em «| 5 | Os seis estudos antigos | Alojados como estavam, a responder 200 (no `dist/` local), com a nota do sucessor à cabeça nas duas línguas, fora do índice dos »
   l.65 «3 984 060» em «3. **O Évora 2027 no orçamento de 2026.** O 16 («O que o plano de 2026 diz») tem a tabela dos três valores: €3 984 060, a parte de 2026 das obras do «Évora 2027»
   l.65 «7 470 000» em «3. **O Évora 2027 no orçamento de 2026.** O 16 («O que o plano de 2026 diz») tem a tabela dos três valores: €3 984 060, a parte de 2026 das obras do «Évora 2027»
   l.65 «14 798 219» em «3. **O Évora 2027 no orçamento de 2026.** O 16 («O que o plano de 2026 diz») tem a tabela dos três valores: €3 984 060, a parte de 2026 das obras do «Évora 2027»
   l.66 «2024» em «4. **Os ganhos que «param em 2022».** A frase saiu; a série socioeconómica do «Quinze Anos» veio para o 18, que chega a 2024.»
   l.67 «2013» em «5. **O mandato de 2009 a 2013.** O 17 diz que as fontes dos pelouros não registam o presidente desse mandato nem os outros membros, e que só sobrevive a biograf»
   l.68 «2024» em «6. **A direção da dívida.** O 16 («A direção da dívida, lida de três maneiras») põe as três leituras numa tabela, cada uma com o que mede: o total legal desce c»
   l.68 «2023» em «6. **A direção da dívida.** O 16 («A direção da dívida, lida de três maneiras») põe as três leituras numa tabela, cada uma com o que mede: o total legal desce c»
   l.69 «2022» em «7. **Os 69 e os 64 dias de 2022.** A tabela no 16: 69 dias na série da Prestação de Contas 2025; 64 dias no relatório de gestão de 2022, que cita o regulador; o»
   l.69 «2022» em «7. **Os 69 e os 64 dias de 2022.** A tabela no 16: 69 dias na série da Prestação de Contas 2025; 64 dias no relatório de gestão de 2022, que cita o regulador; o»
   l.72 «2024» em «**As repetições.** A série da dívida do regulador, a votação das contas de 2024, a declaração de impossibilidade do auditor, os 137 dias e os €4 976 172 em atra»
   l.81 «1 141» em «- **O âmbito da prova do olho (`scripts/provar-eyetext.mjs`).** Sobe de 7 para 14 edições, relida sobre as sete novas: 1 141 blocos lidos contra 1 141 no regist»
   l.81 «1 141» em «- **O âmbito da prova do olho (`scripts/provar-eyetext.mjs`).** Sobe de 7 para 14 edições, relida sobre as sete novas: 1 141 blocos lidos contra 1 141 no regist»
   l.81 «5 980» em «- **O âmbito da prova do olho (`scripts/provar-eyetext.mjs`).** Sobe de 7 para 14 edições, relida sobre as sete novas: 1 141 blocos lidos contra 1 141 no regist»
   l.113 «3 984 060» em «2. **O «Orçamentado» dizia que o orçamento de 2026 tinha €3 984 060 para as obras do «Évora 2027».** O valor vem da Prestação de Contas 2025 (a linha `evora2027»
apagado antes de contar: codigo 306, enderecos 0, seccoes 36, datas 40, resumos 2, ordinais 8, identificadores 144, anos 59
