datas-de-publicacao · 25 edição(ões) com data, 0 sem commit de adição
  src/data/datas-de-publicacao.json escrito
  b4f45d3f  2026-08-12  agua-nao-faturada (pt)
  b4f45d3f  2026-08-12  agua-nao-faturada (en)
  b4f45d3f  2026-08-12  alentejo-algarve (en)
  b4f45d3f  2026-08-12  avaliacao-economica-regional-de-portugal-2026 (pt)
  b4f45d3f  2026-08-12  evolucao-de-portugal-desde-1981 (pt)
  779bb7b6  2026-10-01  evora-2027-capital-europeia-da-cultura (pt)
  779bb7b6  2026-10-01  evora-2027-capital-europeia-da-cultura (en)
  7a12f9fe  2026-09-16  evora-2027-prometido-painel-dinheiro (pt)
  7a12f9fe  2026-09-16  evora-2027-prometido-painel-dinheiro (en)
  779bb7b6  2026-10-01  evora-contas-da-camara-2010-2025 (pt)
  779bb7b6  2026-10-01  evora-contas-da-camara-2010-2025 (en)
  779bb7b6  2026-10-01  evora-economia-e-dinheiro-publico-de-fora-da-camara (pt)
  779bb7b6  2026-10-01  evora-economia-e-dinheiro-publico-de-fora-da-camara (en)
  f30cf277  2026-08-12  evora-economia-investidores-portas-abertas-2026 (pt)
  b4f45d3f  2026-08-12  evora-orcamentado-pago-devido-2025 (pt)
  b4f45d3f  2026-08-12  evora-orcamentado-pago-devido-2025 (en)
  b4f45d3f  2026-08-12  evora-os-pelouros-quem-os-teve-o-que-fizeram (pt)
  ec152217  2026-08-15  evora-prometido-pago-auditado-2026 (pt)
  ec152217  2026-08-15  evora-prometido-pago-auditado-2026 (en)
  779bb7b6  2026-10-01  evora-quem-governou-a-camara-2009-2025 (pt)
  b4f45d3f  2026-08-12  evora-quinze-anos-cinco-mandatos (pt)
  b4f45d3f  2026-08-12  onde-esta-a-agua (pt)
  b4f45d3f  2026-08-12  onde-esta-a-agua (en)
  5cb083ed  2026-08-24  penalizacoes-por-reforma-antecipada-2026 (pt)
  b4f45d3f  2026-08-12  which-door-is-yours (en)
