depois-recibo-evora-prr-aprovado-2026-pt-390.png: 390 × 5327, 0 valores colados à unidade.
depois-recibo-evora-prr-aprovado-2026-pt-768.png: 768 × 4184, 0 valores colados à unidade.
depois-recibo-evora-prr-aprovado-2026-pt-1024.png: 1024 × 3416, 0 valores colados à unidade.
depois-recibo-evora-prr-aprovado-2026-pt-1280.png: 1280 × 3463, 0 valores colados à unidade.
depois-recibo-evora-prr-aprovado-2026-pt-1600.png: 1600 × 3470, 0 valores colados à unidade.
depois-recibo-evora-prr-aprovado-2026-en-390.png: 390 × 5379, 0 valores colados à unidade.
depois-recibo-evora-prr-aprovado-2026-en-768.png: 768 × 4210, 0 valores colados à unidade.
depois-recibo-evora-prr-aprovado-2026-en-1024.png: 1024 × 3442, 0 valores colados à unidade.
depois-recibo-evora-prr-aprovado-2026-en-1280.png: 1280 × 3489, 0 valores colados à unidade.
depois-recibo-evora-prr-aprovado-2026-en-1600.png: 1600 × 3495, 0 valores colados à unidade.
depois-recibo-evora-prr-municipio-contratado-pt-390.png: 390 × 5080, 0 valores colados à unidade.
depois-recibo-evora-prr-municipio-contratado-pt-768.png: 768 × 4032, 0 valores colados à unidade.
depois-recibo-evora-prr-municipio-contratado-pt-1024.png: 1024 × 3320, 0 valores colados à unidade.
depois-recibo-evora-prr-municipio-contratado-pt-1280.png: 1280 × 3367, 0 valores colados à unidade.
depois-recibo-evora-prr-municipio-contratado-pt-1600.png: 1600 × 3374, 0 valores colados à unidade.
depois-recibo-evora-prr-municipio-contratado-en-390.png: 390 × 5171, 0 valores colados à unidade.
depois-recibo-evora-prr-municipio-contratado-en-768.png: 768 × 4074, 0 valores colados à unidade.
depois-recibo-evora-prr-municipio-contratado-en-1024.png: 1024 × 3363, 0 valores colados à unidade.
depois-recibo-evora-prr-municipio-contratado-en-1280.png: 1280 × 3410, 0 valores colados à unidade.
depois-recibo-evora-prr-municipio-contratado-en-1600.png: 1600 × 3416, 0 valores colados à unidade.
depois-recibo-evora-prr-pago-2026-pt-390.png: 390 × 5284, 0 valores colados à unidade.
depois-recibo-evora-prr-pago-2026-pt-768.png: 768 × 4184, 0 valores colados à unidade.
depois-recibo-evora-prr-pago-2026-pt-1024.png: 1024 × 3416, 0 valores colados à unidade.
depois-recibo-evora-prr-pago-2026-pt-1280.png: 1280 × 3463, 0 valores colados à unidade.
depois-recibo-evora-prr-pago-2026-pt-1600.png: 1600 × 3470, 0 valores colados à unidade.
depois-recibo-evora-prr-pago-2026-en-390.png: 390 × 5353, 0 valores colados à unidade.
depois-recibo-evora-prr-pago-2026-en-768.png: 768 × 4210, 0 valores colados à unidade.
depois-recibo-evora-prr-pago-2026-en-1024.png: 1024 × 3442, 0 valores colados à unidade.
depois-recibo-evora-prr-pago-2026-en-1280.png: 1280 × 3489, 0 valores colados à unidade.
depois-recibo-evora-prr-pago-2026-en-1600.png: 1600 × 3495, 0 valores colados à unidade.
depois-recibo-evora-prr-universidade-contratado-pt-390.png: 390 × 5124, 0 valores colados à unidade.
depois-recibo-evora-prr-universidade-contratado-pt-768.png: 768 × 4032, 0 valores colados à unidade.
depois-recibo-evora-prr-universidade-contratado-pt-1024.png: 1024 × 3320, 0 valores colados à unidade.
depois-recibo-evora-prr-universidade-contratado-pt-1280.png: 1280 × 3367, 0 valores colados à unidade.
depois-recibo-evora-prr-universidade-contratado-pt-1600.png: 1600 × 3374, 0 valores colados à unidade.
depois-recibo-evora-prr-universidade-contratado-en-390.png: 390 × 5193, 0 valores colados à unidade.
depois-recibo-evora-prr-universidade-contratado-en-768.png: 768 × 4074, 0 valores colados à unidade.
depois-recibo-evora-prr-universidade-contratado-en-1024.png: 1024 × 3363, 0 valores colados à unidade.
depois-recibo-evora-prr-universidade-contratado-en-1280.png: 1280 × 3410, 0 valores colados à unidade.
depois-recibo-evora-prr-universidade-contratado-en-1600.png: 1600 × 3416, 0 valores colados à unidade.
depois-recibo-evora-prr-vencido-aprovado-2026-pt-390.png: 390 × 5623, 0 valores colados à unidade.
depois-recibo-evora-prr-vencido-aprovado-2026-pt-768.png: 768 × 4377, 0 valores colados à unidade.
depois-recibo-evora-prr-vencido-aprovado-2026-pt-1024.png: 1024 × 3654, 0 valores colados à unidade.
depois-recibo-evora-prr-vencido-aprovado-2026-pt-1280.png: 1280 × 3701, 0 valores colados à unidade.
depois-recibo-evora-prr-vencido-aprovado-2026-pt-1600.png: 1600 × 3708, 0 valores colados à unidade.
depois-recibo-evora-prr-vencido-aprovado-2026-en-390.png: 390 × 5689, 0 valores colados à unidade.
depois-recibo-evora-prr-vencido-aprovado-2026-en-768.png: 768 × 4446, 0 valores colados à unidade.
depois-recibo-evora-prr-vencido-aprovado-2026-en-1024.png: 1024 × 3698, 0 valores colados à unidade.
depois-recibo-evora-prr-vencido-aprovado-2026-en-1280.png: 1280 × 3745, 0 valores colados à unidade.
depois-recibo-evora-prr-vencido-aprovado-2026-en-1600.png: 1600 × 3751, 0 valores colados à unidade.
50 capturas de página, 0 recortes e 12 cópias; 0 falhas de aceitação.
