  B1: 28 páginas pela lista fechada; 7 temas conferidos.

[31m  PORTÃO DA VOZ · 18 problema(s)
[0m
[31m    · [0mbloco por classificar em /: «Em as rendas pagas pelos inquilinos estavam, na medida do índice de preços no consumidor, % acima dos de há um ano. A variação é menor do que a do mês anterior.»
[31m    · [0mbloco por classificar em /: «Quanto mudaram as rendas efetivamente pagas pela habitação face ao mesmo mês do ano anterior?»
[31m    · [0mbloco por classificar em /en: «How much have rents actually paid for housing changed since the same month a year earlier?»
[31m    · [0mbloco por classificar em /en: «In the rents paid by tenants were, on the consumer price index measure, % above a year earlier. The change is smaller than the previous month’s.»
[31m    · [0mbloco por classificar em /en/ledger: «3009 claims · 330 of 3009 calculated · 2767 of 3009 municipality rows»
[31m    · [0mbloco por classificar em /en/themes: «How much have consumer prices in Portugal changed since the same month a year earlier, on the harmonised measure used to compare European Union countries?»
[31m    · [0mbloco por classificar em /en/themes: «How much have fuel and lubricant prices for vehicles changed since the same month a year earlier?»
[31m    · [0mbloco por classificar em /en/themes: «How much have rents actually paid for housing changed since the same month a year earlier?»
[31m    · [0mbloco por classificar em /en/themes: «How much have the prices of electricity, gas and other fuels used at home changed since the same month a year earlier?»
[31m    · [0mbloco por classificar em /livro-razao: «3009 afirmações · 330 de 3009 calculadas · 2767 de 3009 linhas de concelhos»
[31m    · [0mbloco por classificar em /temas: «Quanto mudaram as rendas efetivamente pagas pela habitação face ao mesmo mês do ano anterior?»
[31m    · [0mbloco por classificar em /temas: «Quanto mudaram os preços da eletricidade, do gás e dos outros combustíveis usados em casa face ao mesmo mês do ano anterior?»
[31m    · [0mbloco por classificar em /temas: «Quanto mudaram os preços dos combustíveis e dos lubrificantes para os veículos face ao mesmo mês do ano anterior?»
[31m    · [0mbloco por classificar em /temas: «Quanto mudaram os preços no consumidor em Portugal face ao mesmo mês do ano anterior, na medida harmonizada que permite comparar os países da União Europeia?»
[31m    · [0mdesign/especime-v3/INVENTARIO-FRASES.md:3207: linha «viva» que não se rende em rota nenhuma. Ou a frase mudou e a linha ficou para trás, ou a rota saiu: nos dois casos a linha sai do ficheiro, ou passa a «retirada» com a razão escrita.
      «3000 afirmações · 330 de 3000 calculadas · 2767 de 3000 linhas de concelhos»
[31m    · [0mdesign/especime-v3/INVENTARIO-FRASES.md:3208: linha «viva» que não se rende em rota nenhuma. Ou a frase mudou e a linha ficou para trás, ou a rota saiu: nos dois casos a linha sai do ficheiro, ou passa a «retirada» com a razão escrita.
      «3000 claims · 330 of 3000 calculated · 2767 of 3000 municipality rows»
[31m    · [0mdesign/especime-v3/INVENTARIO-FRASES.md:3286: linha «viva» que não se rende em rota nenhuma. Ou a frase mudou e a linha ficou para trás, ou a rota saiu: nos dois casos a linha sai do ficheiro, ou passa a «retirada» com a razão escrita.
      «Na média dos doze meses até , os preços no consumidor sem a habitação variaram % face aos doze meses anteriore»
[31m    · [0mdesign/especime-v3/INVENTARIO-FRASES.md:3294: linha «viva» que não se rende em rota nenhuma. Ou a frase mudou e a linha ficou para trás, ou a rota saiu: nos dois casos a linha sai do ficheiro, ou passa a «retirada» com a razão escrita.
      «On average over the twelve months to , consumer prices excluding housing changed by % compared with the previo»

