P4: inicio, pt, 390 px, claro.
P4: inicio, pt, 768 px, claro.
P4: inicio, pt, 1024 px, claro.
P4: inicio, pt, 1280 px, claro.
P4: inicio, pt, 1600 px, claro.
P4: inicio, en, 390 px, claro.
P4: inicio, en, 768 px, claro.
P4: inicio, en, 1024 px, claro.
P4: inicio, en, 1280 px, claro.
P4: inicio, en, 1600 px, claro.
P4: lugares, pt, 390 px, claro.
P4: lugares, pt, 768 px, claro.
P4: lugares, pt, 1024 px, claro.
P4: lugares, pt, 1280 px, claro.
P4: lugares, pt, 1600 px, claro.
P4: lugares, en, 390 px, claro.
P4: lugares, en, 768 px, claro.
P4: lugares, en, 1024 px, claro.
P4: lugares, en, 1280 px, claro.
P4: lugares, en, 1600 px, claro.
P4: uniao, pt, 390 px, claro.
P4: uniao, pt, 768 px, claro.
P4: uniao, pt, 1024 px, claro.
P4: uniao, pt, 1280 px, claro.
P4: uniao, pt, 1600 px, claro.
P4: uniao, en, 390 px, claro.
P4: uniao, en, 768 px, claro.
P4: uniao, en, 1024 px, claro.
P4: uniao, en, 1280 px, claro.
P4: uniao, en, 1600 px, claro.
P4: inicio, pt, 390 px, escuro.
P4: lugares, pt, 390 px, escuro.
P4: uniao, pt, 390 px, escuro.
P4: cabeçalho, pt, 390 px, publicado: 1 linha(s).
P4: cabeçalho, pt, 390 px, nome-inteiro: 2 linha(s).
P4: cabeçalho, en, 390 px, publicado: 1 linha(s).
P4: cabeçalho, en, 390 px, nome-inteiro: 2 linha(s).
P4: 37 capturas, 0 problemas.
