H3 depois: sugestoes, pt, 390 px.
H3 depois: sugestoes, pt, 768 px.
H3 depois: sugestoes, pt, 1024 px.
H3 depois: sugestoes, pt, 1280 px.
H3 depois: sugestoes, pt, 1600 px.
H3 depois: sugestoes, en, 390 px.
H3 depois: sugestoes, en, 768 px.
H3 depois: sugestoes, en, 1024 px.
H3 depois: sugestoes, en, 1280 px.
H3 depois: sugestoes, en, 1600 px.
H3 depois: privacidade, pt, 390 px.
H3 depois: privacidade, pt, 768 px.
H3 depois: privacidade, pt, 1024 px.
H3 depois: privacidade, pt, 1280 px.
H3 depois: privacidade, pt, 1600 px.
H3 depois: privacidade, en, 390 px.
H3 depois: privacidade, en, 768 px.
H3 depois: privacidade, en, 1024 px.
H3 depois: privacidade, en, 1280 px.
H3 depois: privacidade, en, 1600 px.
H3 depois: inicio, pt, 390 px.
H3 depois: inicio, pt, 768 px.
H3 depois: inicio, pt, 1024 px.
H3 depois: inicio, pt, 1280 px.
H3 depois: inicio, pt, 1600 px.
H3 depois: inicio, en, 390 px.
H3 depois: inicio, en, 768 px.
H3 depois: inicio, en, 1024 px.
H3 depois: inicio, en, 1280 px.
H3 depois: inicio, en, 1600 px.
H3 depois: uniao, pt, 390 px.
H3 depois: uniao, pt, 768 px.
H3 depois: uniao, pt, 1024 px.
H3 depois: uniao, pt, 1280 px.
H3 depois: uniao, pt, 1600 px.
H3 depois: uniao, en, 390 px.
H3 depois: uniao, en, 768 px.
H3 depois: uniao, en, 1024 px.
H3 depois: uniao, en, 1280 px.
H3 depois: uniao, en, 1600 px.
H3 depois: menu publicado, pt: 343.7 px de portas numa coluna de 354, 1 linha(s).
H3 depois: menu nome-inteiro, pt: 401.9 px de portas numa coluna de 354, 2 linha(s).
H3 depois: menu publicado, en: 341.2 px de portas numa coluna de 354, 1 linha(s).
H3 depois: menu nome-inteiro, en: 405.2 px de portas numa coluna de 354, 2 linha(s).
H3 depois: as faixas dos cartões, pt, 390 px: 10 faixa(s).
H3 depois: as faixas dos cartões, pt, 1280 px: 10 faixa(s).
H3 depois: as faixas dos cartões, en, 390 px: 10 faixa(s).
H3 depois: as faixas dos cartões, en, 1280 px: 10 faixa(s).
H3 depois: a etiqueta do grupo, pt, 390 px: Estónia, França (definição diferente), Croácia e Suécia 1,8 (fora da janela: 0 px)
H3 depois: a etiqueta do grupo, en, 390 px: Estonia, France (definition differs), Croatia and Sweden 1,8 (fora da janela: 0 px)
H3 depois: a etiqueta do grupo, pt, 1280 px: Estónia, França (definição diferente), Croácia e Suécia 1,8 (fora da janela: 0 px)
H3 depois: a etiqueta do grupo, en, 1280 px: Estonia, France (definition differs), Croatia and Sweden 1,8 (fora da janela: 0 px)
H3 depois: 48 imagem(ns), 0 problema(s).
