H3 antes: sugestoes, pt, 390 px.
H3 antes: sugestoes, pt, 768 px.
H3 antes: sugestoes, pt, 1024 px.
H3 antes: sugestoes, pt, 1280 px.
H3 antes: sugestoes, pt, 1600 px.
H3 antes: sugestoes, en, 390 px.
H3 antes: sugestoes, en, 768 px.
H3 antes: sugestoes, en, 1024 px.
H3 antes: sugestoes, en, 1280 px.
H3 antes: sugestoes, en, 1600 px.
H3 antes: inicio, pt, 390 px.
H3 antes: inicio, pt, 768 px.
H3 antes: inicio, pt, 1024 px.
H3 antes: inicio, pt, 1280 px.
H3 antes: inicio, pt, 1600 px.
H3 antes: inicio, en, 390 px.
H3 antes: inicio, en, 768 px.
H3 antes: inicio, en, 1024 px.
H3 antes: inicio, en, 1280 px.
H3 antes: inicio, en, 1600 px.
H3 antes: uniao, pt, 390 px.
H3 antes: uniao, pt, 768 px.
H3 antes: uniao, pt, 1024 px.
H3 antes: uniao, pt, 1280 px.
H3 antes: uniao, pt, 1600 px.
H3 antes: uniao, en, 390 px.
H3 antes: uniao, en, 768 px.
H3 antes: uniao, en, 1024 px.
H3 antes: uniao, en, 1280 px.
H3 antes: uniao, en, 1600 px.
H3 antes: menu publicado, pt: 343.7 px de portas numa coluna de 354, 1 linha(s).
H3 antes: menu nome-inteiro, pt: 401.9 px de portas numa coluna de 354, 2 linha(s).
H3 antes: menu publicado, en: 341.2 px de portas numa coluna de 354, 1 linha(s).
H3 antes: menu nome-inteiro, en: 405.2 px de portas numa coluna de 354, 2 linha(s).
H3 antes: as faixas dos cartões, pt, 390 px: 10 faixa(s).
H3 antes: as faixas dos cartões, pt, 1280 px: 10 faixa(s).
H3 antes: as faixas dos cartões, en, 390 px: 10 faixa(s).
H3 antes: as faixas dos cartões, en, 1280 px: 10 faixa(s).
H3 antes: 34 imagem(ns), 0 problema(s).
