
> o-estado-do-pais@0.1.0 check:cadeia
> node scripts/check-cadeia.mjs


[90m  03 pt · 53 blocos · 411 algarismos · 0 completas · 411 do motor · 0 por resolver · 0 com resumo de origem · 411 com motivo[0m
[90m  19 en · 134 blocos · 176 algarismos · 0 completas · 176 do motor · 0 por resolver · 0 com resumo de origem · 176 com motivo[0m
[90m  19 pt · 134 blocos · 176 algarismos · 0 completas · 176 do motor · 0 por resolver · 0 com resumo de origem · 176 com motivo[0m
[90m  14 en · 130 blocos · 190 algarismos · 0 completas · 190 do motor · 0 por resolver · 0 com resumo de origem · 190 com motivo[0m
[90m  14 pt · 130 blocos · 190 algarismos · 0 completas · 190 do motor · 0 por resolver · 0 com resumo de origem · 190 com motivo[0m
[90m  16 en · 171 blocos · 486 algarismos · 82 completas · 404 do motor · 0 por resolver · 219 com resumo de origem · 267 com motivo[0m
[90m  16 pt · 172 blocos · 486 algarismos · 82 completas · 404 do motor · 0 por resolver · 219 com resumo de origem · 267 com motivo[0m
[90m  18 en · 161 blocos · 530 algarismos · 37 completas · 493 do motor · 0 por resolver · 0 com resumo de origem · 530 com motivo[0m
[90m  18 pt · 161 blocos · 530 algarismos · 37 completas · 493 do motor · 0 por resolver · 0 com resumo de origem · 530 com motivo[0m
[90m  06 pt · 49 blocos · 171 algarismos · 10 completas · 161 do motor · 0 por resolver · 0 com resumo de origem · 171 com motivo[0m
[90m  07 en · 87 blocos · 194 algarismos · 52 completas · 142 do motor · 0 por resolver · 12 com resumo de origem · 182 com motivo[0m
[90m  07 pt · 88 blocos · 194 algarismos · 52 completas · 142 do motor · 0 por resolver · 12 com resumo de origem · 182 com motivo[0m
[90m  09 pt · 138 blocos · 296 algarismos · 10 completas · 286 do motor · 0 por resolver · 208 com resumo de origem · 88 com motivo[0m
[90m  04 en · 95 blocos · 324 algarismos · 11 completas · 313 do motor · 0 por resolver · 0 com resumo de origem · 324 com motivo[0m
[90m  04 pt · 95 blocos · 324 algarismos · 12 completas · 312 do motor · 0 por resolver · 0 com resumo de origem · 324 com motivo[0m
[90m  17 pt · 211 blocos · 484 algarismos · 39 completas · 445 do motor · 0 por resolver · 221 com resumo de origem · 263 com motivo[0m
[90m  08 pt · 173 blocos · 682 algarismos · 49 completas · 633 do motor · 0 por resolver · 278 com resumo de origem · 404 com motivo[0m

[90m  as oito chaves da prova, contadas aqui:[0m
[90m    registos_edicoes                   17[0m
[90m    registos_blocos                  2182[0m
[90m    registos_algarismos              5844[0m
[90m    registos_resolvidos              5844[0m
[90m    registos_por_resolver               0[0m
[90m    registos_com_linha_do_sitio       473[0m
[90m    registos_com_resumo_de_origem    1169[0m
[90m    registos_sem_resumo_de_origem    4675[0m

[90m  das 473 figuras com linha do sítio, 175 imprimem o valor que a linha guarda e 298 imprimem outra cadeia. Não é erro: é a medição que decidiu esta página (plano §0.3).[0m

  [32m✓[0m cada algarismo das páginas de leitura chega ao fim da sua cadeia: 473 até ao selo, 5371 conferidos na transcrição, sem recibo do sítio.

