
> o-estado-do-pais@0.1.0 check:cartao
> node tests/cartao/cartao.mjs --prova && node tests/cartao/rp1.mjs && node tests/confianca/c1.mjs

[90m  prova: 16 estragos plantados, 16 vistos; o cartão são a 0; a régua com as duas comparações de uma medida, a série bienal, a ausência da linha da União e uma chave que não se inventa; as duas testemunhas do valor de referência com um par bom e dois maus; a mesma série com um par que bate e um que não bate; K9 nacional com valor, direção e testemunha plantados; K15 palavras e cor, nas duas línguas, nas quatro formas e na igualdade; K6 com as glosas declaradas e com cada uma das duas trocada; K1 com o nome do limite legal declarado, antigo e reposto nas duas línguas; K13 sobre 4 medidas e 12 linhas com grupo etário, com a declaração em vigor a passar e cinco plantas a morder (o limite trocado, dois algarismos soltos fora do intervalo, uma medida sem definição, a etiqueta a contradizer o filtro e duas linhas da mesma medida com grupos diferentes), mais a catraca vazia nas duas metades; K16 com a declaração em vigor a passar e 12 plantas a morder, a primeira o defeito da leitura a frio[0m

  A RÉGUA DO CARTÃO DE UMA MEDIDA · bloco P2

[90m    páginas lidas                    7467[0m
[90m    cartões                          5246 (2623 pt, 2623 en)[0m
[90m    com nome                         5246 de 5246[0m
[90m    com a frase do que medem         5038 de 5246 com frase[0m
[90m    com régua                        780 de 5246 com régua[0m
[90m    linhas sem nome, como linha do livro-razão             48 (42 com a aritmética escrita)[0m
[90m    itens «período anterior», pares conferidos             166[0m
[90m    «Governo Constitucional»         1 pt · 1 en[0m
[90m    legenda da marca                 2 página(s)[0m
[90m    nome na língua da fonte          0 (com a marca «lang»)[0m
[90m    unidade na outra língua          1 (a exceção da I92)[0m
[90m    o marcador em português          4 (a exceção da IDENTIDADE §6)[0m
[90m    valores de régua sem marca própria                    884 (a porta é a do cartão)[0m
[90m    tetos na linha do estado (P4-c)                       614 (a porta é a aritmética do recibo)[0m
[90m    valores de referência, as duas testemunhas comparadas  15[0m
[90m      com a testemunha discordante declarada e inteira     2 (5 de 5 plantas a morder)[0m
[90m    cartões com veredicto conferido (K15)                 74[0m
[90m    a União com a ressalva (K14): cartões e recibos        4 · 4[0m
[90m    cartões com a faixa da União (K1, K18)                 20[0m
[90m    cartões de concelho com a faixa do concelho (K1)       2464[0m
[90m    faixas refeitas dos pontos (K18)                       20 · 20 planta(s) a morder[0m
[90m    ressalvas nas pontas e ordinais (K18, UE1b)            4 · 27 · 8 planta(s) das palavras a morder[0m
[90m    empates num extremo, em memória (K18, UE1c)            6 planta(s) a morder[0m
[90m    a ordem do cartão (K19): cartões, com dobra, da faixa  5248 · 5066 · 42 · 7 de 7 plantas a morder[0m
[90m    medidas com nome oficial no recibo                    11[0m
[90m    perguntas com cada pedaço apoiado (K16)               35 (127 pedaços, 193 apoios, 72 origens seladas no motor)[0m
[90m    leituras dos cartões nacionais (K17)                 96 em 96 cartões (49 declarações auditadas, 1159 partes, 460 apoios, 104 origens, 208 ramos recontados, 18 de 18 plantas a morder)[0m
[90m    medidas com grupo etário fixado na linha (K13)         4[0m
[90m      linhas dessas medidas, todas conferidas               12[0m
[90m      delas, na catraca declarada (I132, vazia)           0[0m
[90m    ficheiros do motor               referencias.json sim · nomes.json sim[0m

[32m  ✓ 5246 cartões, todos com nome; nenhum com um bloco a mais, um rótulo de recibo ou a chave à vista; 5038 de 5246 com frase e 780 de 5246 com régua, e os 166 períodos anteriores da mesma série e da mesma unidade[0m

RP1: PASS · {"reguas":9,"plantas":[{"nome":"régua de outra medida","mordeu":true},{"nome":"unidade diferente","mordeu":true},{"nome":"salto de mês calado","mordeu":true},{"nome":"período anterior ausente","mordeu":true},{"nome":"União de outro mês","mordeu":true},{"nome":"União de outra série","mordeu":true},{"nome":"União de outra unidade","mordeu":true},{"nome":"trimestre imediatamente anterior em vez do homólogo","mordeu":true},{"nome":"data recusada: reference_date=2026-T5","mordeu":true},{"nome":"data recusada: access_date=2026-T2","mordeu":true},{"nome":"data recusada: published_at=2026-03-31","mordeu":true},{"nome":"objeto do INE cortado dentro da cadeia do valor","mordeu":true},{"nome":"There were no: negação inglesa sem literal, composição intacta","mordeu":true},{"nome":"sufixo traduzido não pode trocar a linha","mordeu":true},{"nome":"sufixo da unidade sem literal","mordeu":true},{"nome":"origem portuguesa marcada como inglesa: pt .def-origem-doc","mordeu":true},{"nome":"origem portuguesa marcada como inglesa: pt .def-excerto-texto","mordeu":true},{"nome":"unidade depois do provisório, pt","mordeu":true},{"nome":"I153: bandeira colada à unidade, pt, .cartao-medida-valor","mordeu":true},{"nome":"I153: bandeira colada à unidade, pt, [data-cartao-leitura]","mordeu":true},{"nome":"origem portuguesa marcada como inglesa: en .def-origem-doc","mordeu":true},{"nome":"origem portuguesa marcada como inglesa: en .def-excerto-texto","mordeu":true},{"nome":"unidade depois do provisório, en","mordeu":true},{"nome":"I153: bandeira colada à unidade, en, .cartao-medida-valor","mordeu":true},{"nome":"I153: bandeira colada à unidade, en, [data-cartao-leitura]","mordeu":true}],"nomes":{"pensao-media-anual-2025":{"pt":"Pensão média anual","en":"Average annual pension"},"pensao-media-anual-2024":{"pt":"Pensão média anual","en":"Average annual pension"},"ipc-alimentacao-variacao-homologa":{"pt":"Preços dos alimentos e das bebidas não alcoólicas, variação num ano","en":"Prices of food and non-alcoholic beverages, change over a year"},"ipc-alimentacao-variacao-homologa-periodo-anterior":{"pt":"Preços dos alimentos e das bebidas não alcoólicas, variação num ano","en":"Prices of food and non-alcoholic beverages, change over a year"}},"publicacoes_no_periodo":[{"id":"remuneracao-bruta-mensal-media","data":"2026-04-01","aceite":true},{"id":"ipc-variacao-homologa","data":"2026-08-15","aceite":true}],"datas":8,"paginas":2,"cartoes":24}
{
  "natureza": "Casos sintéticos em memória. Os valores e as frases deste ensaio não são observações publicadas.",
  "contagens": {
    "controlos": 100,
    "controlos_integros": 100,
    "plantas": 130,
    "plantas_mordidas": 130
  },
  "controlos": [
    {
      "grupo": "proveniencia",
      "nome": "data-na-forma-da-casa-pt",
      "passou": true,
      "erros": []
    },
    {
      "grupo": "proveniencia",
      "nome": "endereco-literal-pt",
      "passou": true,
      "erros": []
    },
    {
      "grupo": "proveniencia",
      "nome": "data-na-forma-da-casa-en",
      "passou": true,
      "erros": []
    },
    {
      "grupo": "proveniencia",
      "nome": "endereco-literal-en",
      "passou": true,
      "erros": []
    },
    {
      "grupo": "historico",
      "nome": "grupo-inteiro",
      "passou": true,
      "erros": []
    },
    {
      "grupo": "valor-unidade",
      "nome": "cartao-20 600-normal",
      "passou": true,
      "erros": [],
      "contas": {
        "titulos": 0,
        "cartoes": 1
      }
    },
    {
      "grupo": "valor-unidade",
      "nome": "cartao-20 600-fixo",
      "passou": true,
      "erros": [],
      "contas": {
        "titulos": 0,
        "cartoes": 1
      }
    },
    {
      "grupo": "valor-unidade",
      "nome": "cartao-−50,2-normal",
      "passou": true,
      "erros": [],
      "contas": {
        "titulos": 0,
        "cartoes": 1
      }
    },
    {
      "grupo": "valor-unidade",
      "nome": "cartao-−50,2-fixo",
      "passou": true,
      "erros": [],
      "contas": {
        "titulos": 0,
        "cartoes": 1
      }
    },
    {
      "grupo": "valor-unidade",
      "nome": "titulo-20 600-normal",
      "passou": true,
      "erros": [],
      "contas": {
        "titulos": 1,
        "cartoes": 0
      }
    },
    {
      "grupo": "valor-unidade",
      "nome": "titulo-20 600-fixo",
      "passou": true,
      "erros": [],
      "contas": {
        "titulos": 1,
        "cartoes": 0
      }
    },
    {
      "grupo": "valor-unidade",
      "nome": "titulo-−50,2-normal",
      "passou": true,
      "erros": [],
      "contas": {
        "titulos": 1,
        "cartoes": 0
      }
    },
    {
      "grupo": "valor-unidade",
      "nome": "titulo-−50,2-fixo",
      "passou": true,
      "erros": [],
      "contas": {
        "titulos": 1,
        "cartoes": 0
      }
    },
    {
      "grupo": "valor-unidade",
      "nome": "marca-sem-unidade",
      "passou": true,
      "erros": []
    },
    {
      "grupo": "valor-unidade",
      "nome": "unidade-da-casa-com-espaco",
      "passou": true,
      "erros": []
    },
    {
      "grupo": "valor-unidade",
      "nome": "contagem-com-prova-v2",
      "passou": true,
      "erros": []
    },
    {
      "grupo": "releitura",
      "nome": "49.2",
      "passou": true,
      "erros": []
    },
    {
      "grupo": "releitura",
      "nome": "−1234,50",
      "passou": true,
      "erros": []
    },
    {
      "grupo": "forma-encontrada",
      "nome": "pt",
      "passou": true,
      "erros": []
    },
    {
      "grupo": "forma-encontrada",
      "nome": "en",
      "passou": true,
      "erros": []
    },
    {
      "grupo": "verificacao",
      "nome": "pt-ainda-sem-segunda-leitura",
      "passou": true,
      "erros": []
    },
    {
      "grupo": "verificacao",
      "nome": "pt-calculada-em-cada-construcao",
      "passou": true,
      "erros": []
    },
    {
      "grupo": "verificacao",
      "nome": "pt-derivada-sem-expressao",
      "passou": true,
      "erros": []
    },
    {
      "grupo": "verificacao",
      "nome": "pt-numero-relido",
      "passou": true,
      "erros": []
    },
    {
      "grupo": "verificacao",
      "nome": "pt-ficheiro-relido",
      "passou": true,
      "erros": []
    },
    {
      "grupo": "verificacao",
      "nome": "pt-divergencia-com-atualizacao",
      "passou": true,
      "erros": []
    },
    {
      "grupo": "verificacao",
      "nome": "pt-divergencia-ainda-sem-atualizacao",
      "passou": true,
      "erros": []
    },
    {
      "grupo": "verificacao",
      "nome": "pt-fonte-sem-resposta",
      "passou": true,
      "erros": []
    },
    {
      "grupo": "verificacao",
      "nome": "en-ainda-sem-segunda-leitura",
      "passou": true,
      "erros": []
    },
    {
      "grupo": "verificacao",
      "nome": "en-calculada-em-cada-construcao",
      "passou": true,
      "erros": []
    },
    {
      "grupo": "verificacao",
      "nome": "en-derivada-sem-expressao",
      "passou": true,
      "erros": []
    },
    {
      "grupo": "verificacao",
      "nome": "en-numero-relido",
      "passou": true,
      "erros": []
    },
    {
      "grupo": "verificacao",
      "nome": "en-ficheiro-relido",
      "passou": true,
      "erros": []
    },
    {
      "grupo": "verificacao",
      "nome": "en-divergencia-com-atualizacao",
      "passou": true,
      "erros": []
    },
    {
      "grupo": "verificacao",
      "nome": "en-divergencia-ainda-sem-atualizacao",
      "passou": true,
      "erros": []
    },
    {
      "grupo": "verificacao",
      "nome": "en-fonte-sem-resposta",
      "passou": true,
      "erros": []
    },
    {
      "grupo": "releitura-anterior",
      "nome": "pt",
      "passou": true,
      "erros": []
    },
    {
      "grupo": "releitura-anterior",
      "nome": "en",
      "passou": true,
      "erros": []
    },
    {
      "grupo": "valor-estimado",
      "nome": "pt",
      "passou": true,
      "erros": []
    },
    {
      "grupo": "valor-estimado",
      "nome": "en",
      "passou": true,
      "erros": []
    },
    {
      "grupo": "leituras",
      "nome": "pt-ipc-variacao-homologa-negativo",
      "passou": true,
      "erros": [],
      "valores_sinteticos": {
        "ipc-variacao-homologa": "−0,5",
        "ipc-variacao-homologa-periodo-anterior": "0,2"
      },
      "ramos": [
        {
          "no": "sinal",
          "escolha": "negativo"
        },
        {
          "no": "compara-anterior",
          "escolha": "menor"
        }
      ],
      "texto_sintetico": "Em agosto de 2026 os preços no consumidor estavam, em média, −0,5 % face aos de há um ano, ou seja, abaixo deles. É a descida geral dos preços, que o INE mede num cabaz de bens e serviços que representa o que as famílias compram. A variação é menor do que a do mês anterior. O objetivo de inflação do Banco Central Europeu mede-se noutro índice, o harmonizado, e está no cartão da inflação na comparação europeia."
    },
    {
      "grupo": "leituras",
      "nome": "pt-ipc-variacao-homologa-zero",
      "passou": true,
      "erros": [],
      "valores_sinteticos": {
        "ipc-variacao-homologa": "0",
        "ipc-variacao-homologa-periodo-anterior": "0,2"
      },
      "ramos": [
        {
          "no": "sinal",
          "escolha": "zero"
        },
        {
          "no": "compara-anterior",
          "escolha": "menor"
        }
      ],
      "texto_sintetico": "Em agosto de 2026 os preços no consumidor estavam, em média, ao mesmo nível de há um ano. O INE mede-os num cabaz de bens e serviços que representa o que as famílias compram. A variação é menor do que a do mês anterior. O objetivo de inflação do Banco Central Europeu mede-se noutro índice, o harmonizado, e está no cartão da inflação na comparação europeia."
    },
    {
      "grupo": "leituras",
      "nome": "pt-ipc-variacao-homologa-positivo",
      "passou": true,
      "erros": [],
      "valores_sinteticos": {
        "ipc-variacao-homologa": "0,5",
        "ipc-variacao-homologa-periodo-anterior": "0,2"
      },
      "ramos": [
        {
          "no": "sinal",
          "escolha": "positivo"
        },
        {
          "no": "compara-anterior",
          "escolha": "maior"
        }
      ],
      "texto_sintetico": "Em agosto de 2026 os preços no consumidor estavam, em média, 0,5 % acima dos de há um ano. É a subida geral dos preços, que o INE mede num cabaz de bens e serviços que representa o que as famílias compram. A variação é maior do que a do mês anterior. O objetivo de inflação do Banco Central Europeu mede-se noutro índice, o harmonizado, e está no cartão da inflação na comparação europeia."
    },
    {
      "grupo": "leituras",
      "nome": "pt-ihpc-variacao-homologa-taxas-negativas-maior",
      "passou": true,
      "erros": [],
      "valores_sinteticos": {
        "ihpc-variacao-homologa": "−0,5",
        "ihpc-variacao-homologa-periodo-anterior": "−0,8",
        "ihpc-variacao-homologa-ue": "−1,0"
      },
      "ramos": [
        {
          "no": "sinal",
          "escolha": "negativo"
        },
        {
          "no": "compara-ue",
          "escolha": "maior"
        }
      ],
      "texto_sintetico": "Em agosto de 2026 os preços em Portugal estavam, na medida harmonizada que serve para comparar os países da União Europeia, −0,5 % face aos de há um ano, ou seja, abaixo deles. A variação é maior do que a da média da União Europeia. O Banco Central Europeu procura uma inflação de 2 % a médio prazo no conjunto da zona do euro, medida por este mesmo índice."
    },
    {
      "grupo": "leituras",
      "nome": "pt-ihpc-variacao-homologa-taxas-negativas-menor",
      "passou": true,
      "erros": [],
      "valores_sinteticos": {
        "ihpc-variacao-homologa": "−0,5",
        "ihpc-variacao-homologa-periodo-anterior": "−0,8",
        "ihpc-variacao-homologa-ue": "−0,2"
      },
      "ramos": [
        {
          "no": "sinal",
          "escolha": "negativo"
        },
        {
          "no": "compara-ue",
          "escolha": "menor"
        }
      ],
      "texto_sintetico": "Em agosto de 2026 os preços em Portugal estavam, na medida harmonizada que serve para comparar os países da União Europeia, −0,5 % face aos de há um ano, ou seja, abaixo deles. A variação é menor do que a da média da União Europeia. O Banco Central Europeu procura uma inflação de 2 % a médio prazo no conjunto da zona do euro, medida por este mesmo índice."
    },
    {
      "grupo": "leituras",
      "nome": "pt-ihpc-variacao-homologa-taxas-negativas-igual",
      "passou": true,
      "erros": [],
      "valores_sinteticos": {
        "ihpc-variacao-homologa": "−0,5",
        "ihpc-variacao-homologa-periodo-anterior": "−0,8",
        "ihpc-variacao-homologa-ue": "−0,5"
      },
      "ramos": [
        {
          "no": "sinal",
          "escolha": "negativo"
        },
        {
          "no": "compara-ue",
          "escolha": "igual"
        }
      ],
      "texto_sintetico": "Em agosto de 2026 os preços em Portugal estavam, na medida harmonizada que serve para comparar os países da União Europeia, −0,5 % face aos de há um ano, ou seja, abaixo deles. A variação é igual à da média da União Europeia. O Banco Central Europeu procura uma inflação de 2 % a médio prazo no conjunto da zona do euro, medida por este mesmo índice."
    },
    {
      "grupo": "leituras",
      "nome": "en-ipc-variacao-homologa-negativo",
      "passou": true,
      "erros": [],
      "valores_sinteticos": {
        "ipc-variacao-homologa": "−0,5",
        "ipc-variacao-homologa-periodo-anterior": "0,2"
      },
      "ramos": [
        {
          "no": "sinal",
          "escolha": "negativo"
        },
        {
          "no": "compara-anterior",
          "escolha": "menor"
        }
      ],
      "texto_sintetico": "In August 2026 consumer prices were, on average, −0,5 % compared with a year earlier, that is, below. That is the general fall in prices, which the INE measures on a basket of goods and services that represents what households buy. The change is smaller than the previous month’s. The European Central Bank’s inflation target is measured on another index, the harmonised one, shown on the European comparison card."
    },
    {
      "grupo": "leituras",
      "nome": "en-ipc-variacao-homologa-zero",
      "passou": true,
      "erros": [],
      "valores_sinteticos": {
        "ipc-variacao-homologa": "0",
        "ipc-variacao-homologa-periodo-anterior": "0,2"
      },
      "ramos": [
        {
          "no": "sinal",
          "escolha": "zero"
        },
        {
          "no": "compara-anterior",
          "escolha": "menor"
        }
      ],
      "texto_sintetico": "In August 2026 consumer prices were, on average, at the same level as a year earlier. The INE measures them on a basket of goods and services that represents what households buy. The change is smaller than the previous month’s. The European Central Bank’s inflation target is measured on another index, the harmonised one, shown on the European comparison card."
    },
    {
      "grupo": "leituras",
      "nome": "en-ipc-variacao-homologa-positivo",
      "passou": true,
      "erros": [],
      "valores_sinteticos": {
        "ipc-variacao-homologa": "0,5",
        "ipc-variacao-homologa-periodo-anterior": "0,2"
      },
      "ramos": [
        {
          "no": "sinal",
          "escolha": "positivo"
        },
        {
          "no": "compara-anterior",
          "escolha": "maior"
        }
      ],
      "texto_sintetico": "In August 2026 consumer prices were, on average, 0,5 % above a year earlier. That is the general rise in prices, which the INE measures on a basket of goods and services that represents what households buy. The change is larger than the previous month’s. The European Central Bank’s inflation target is measured on another index, the harmonised one, shown on the European comparison card."
    },
    {
      "grupo": "leituras",
      "nome": "en-ihpc-variacao-homologa-taxas-negativas-maior",
      "passou": true,
      "erros": [],
      "valores_sinteticos": {
        "ihpc-variacao-homologa": "−0,5",
        "ihpc-variacao-homologa-periodo-anterior": "−0,8",
        "ihpc-variacao-homologa-ue": "−1,0"
      },
      "ramos": [
        {
          "no": "sinal",
          "escolha": "negativo"
        },
        {
          "no": "compara-ue",
          "escolha": "maior"
        }
      ],
      "texto_sintetico": "In August 2026 prices in Portugal were, on the harmonised measure used to compare the countries of the European Union, −0,5 % compared with a year earlier, that is, below. The change is larger than the European Union average. The European Central Bank aims for inflation of 2 % over the medium term across the euro area, measured by this same index."
    },
    {
      "grupo": "leituras",
      "nome": "en-ihpc-variacao-homologa-taxas-negativas-menor",
      "passou": true,
      "erros": [],
      "valores_sinteticos": {
        "ihpc-variacao-homologa": "−0,5",
        "ihpc-variacao-homologa-periodo-anterior": "−0,8",
        "ihpc-variacao-homologa-ue": "−0,2"
      },
      "ramos": [
        {
          "no": "sinal",
          "escolha": "negativo"
        },
        {
          "no": "compara-ue",
          "escolha": "menor"
        }
      ],
      "texto_sintetico": "In August 2026 prices in Portugal were, on the harmonised measure used to compare the countries of the European Union, −0,5 % compared with a year earlier, that is, below. The change is smaller than the European Union average. The European Central Bank aims for inflation of 2 % over the medium term across the euro area, measured by this same index."
    },
    {
      "grupo": "leituras",
      "nome": "en-ihpc-variacao-homologa-taxas-negativas-igual",
      "passou": true,
      "erros": [],
      "valores_sinteticos": {
        "ihpc-variacao-homologa": "−0,5",
        "ihpc-variacao-homologa-periodo-anterior": "−0,8",
        "ihpc-variacao-homologa-ue": "−0,5"
      },
      "ramos": [
        {
          "no": "sinal",
          "escolha": "negativo"
        },
        {
          "no": "compara-ue",
          "escolha": "igual"
        }
      ],
      "texto_sintetico": "In August 2026 prices in Portugal were, on the harmonised measure used to compare the countries of the European Union, −0,5 % compared with a year earlier, that is, below. The change is the same as the European Union average. The European Central Bank aims for inflation of 2 % over the medium term across the euro area, measured by this same index."
    },
    {
      "grupo": "sinais-rp1",
      "nome": "ipc-variacao-homologa-pt-negativo",
      "passou": true,
      "erros": []
    },
    {
      "grupo": "sinais-rp1",
      "nome": "ipc-variacao-homologa-en-negativo",
      "passou": true,
      "erros": []
    },
    {
      "grupo": "sinais-rp1",
      "nome": "ipc-variacao-homologa-pt-zero",
      "passou": true,
      "erros": []
    },
    {
      "grupo": "sinais-rp1",
      "nome": "ipc-variacao-homologa-en-zero",
      "passou": true,
      "erros": []
    },
    {
      "grupo": "sinais-rp1",
      "nome": "ipc-variacao-homologa-pt-positivo",
      "passou": true,
      "erros": []
    },
    {
      "grupo": "sinais-rp1",
      "nome": "ipc-variacao-homologa-en-positivo",
      "passou": true,
      "erros": []
    },
    {
      "grupo": "sinais-rp1",
      "nome": "ipc-variacao-media-12-meses-pt-negativo",
      "passou": true,
      "erros": []
    },
    {
      "grupo": "sinais-rp1",
      "nome": "ipc-variacao-media-12-meses-en-negativo",
      "passou": true,
      "erros": []
    },
    {
      "grupo": "sinais-rp1",
      "nome": "ipc-variacao-media-12-meses-pt-zero",
      "passou": true,
      "erros": []
    },
    {
      "grupo": "sinais-rp1",
      "nome": "ipc-variacao-media-12-meses-en-zero",
      "passou": true,
      "erros": []
    },
    {
      "grupo": "sinais-rp1",
      "nome": "ipc-variacao-media-12-meses-pt-positivo",
      "passou": true,
      "erros": []
    },
    {
      "grupo": "sinais-rp1",
      "nome": "ipc-variacao-media-12-meses-en-positivo",
      "passou": true,
      "erros": []
    },
    {
      "grupo": "sinais-rp1",
      "nome": "ipc-alimentacao-variacao-homologa-pt-negativo",
      "passou": true,
      "erros": []
    },
    {
      "grupo": "sinais-rp1",
      "nome": "ipc-alimentacao-variacao-homologa-en-negativo",
      "passou": true,
      "erros": []
    },
    {
      "grupo": "sinais-rp1",
      "nome": "ipc-alimentacao-variacao-homologa-pt-zero",
      "passou": true,
      "erros": []
    },
    {
      "grupo": "sinais-rp1",
      "nome": "ipc-alimentacao-variacao-homologa-en-zero",
      "passou": true,
      "erros": []
    },
    {
      "grupo": "sinais-rp1",
      "nome": "ipc-alimentacao-variacao-homologa-pt-positivo",
      "passou": true,
      "erros": []
    },
    {
      "grupo": "sinais-rp1",
      "nome": "ipc-alimentacao-variacao-homologa-en-positivo",
      "passou": true,
      "erros": []
    },
    {
      "grupo": "sinais-rp1",
      "nome": "ipc-energia-em-casa-variacao-homologa-pt-negativo",
      "passou": true,
      "erros": []
    },
    {
      "grupo": "sinais-rp1",
      "nome": "ipc-energia-em-casa-variacao-homologa-en-negativo",
      "passou": true,
      "erros": []
    },
    {
      "grupo": "sinais-rp1",
      "nome": "ipc-energia-em-casa-variacao-homologa-pt-zero",
      "passou": true,
      "erros": []
    },
    {
      "grupo": "sinais-rp1",
      "nome": "ipc-energia-em-casa-variacao-homologa-en-zero",
      "passou": true,
      "erros": []
    },
    {
      "grupo": "sinais-rp1",
      "nome": "ipc-energia-em-casa-variacao-homologa-pt-positivo",
      "passou": true,
      "erros": []
    },
    {
      "grupo": "sinais-rp1",
      "nome": "ipc-energia-em-casa-variacao-homologa-en-positivo",
      "passou": true,
      "erros": []
    },
    {
      "grupo": "sinais-rp1",
      "nome": "ipc-combustiveis-variacao-homologa-pt-negativo",
      "passou": true,
      "erros": []
    },
    {
      "grupo": "sinais-rp1",
      "nome": "ipc-combustiveis-variacao-homologa-en-negativo",
      "passou": true,
      "erros": []
    },
    {
      "grupo": "sinais-rp1",
      "nome": "ipc-combustiveis-variacao-homologa-pt-zero",
      "passou": true,
      "erros": []
    },
    {
      "grupo": "sinais-rp1",
      "nome": "ipc-combustiveis-variacao-homologa-en-zero",
      "passou": true,
      "erros": []
    },
    {
      "grupo": "sinais-rp1",
      "nome": "ipc-combustiveis-variacao-homologa-pt-positivo",
      "passou": true,
      "erros": []
    },
    {
      "grupo": "sinais-rp1",
      "nome": "ipc-combustiveis-variacao-homologa-en-positivo",
      "passou": true,
      "erros": []
    },
    {
      "grupo": "sinais-rp1",
      "nome": "ihpc-variacao-homologa-pt-negativo",
      "passou": true,
      "erros": []
    },
    {
      "grupo": "sinais-rp1",
      "nome": "ihpc-variacao-homologa-en-negativo",
      "passou": true,
      "erros": []
    },
    {
      "grupo": "sinais-rp1",
      "nome": "ihpc-variacao-homologa-pt-zero",
      "passou": true,
      "erros": []
    },
    {
      "grupo": "sinais-rp1",
      "nome": "ihpc-variacao-homologa-en-zero",
      "passou": true,
      "erros": []
    },
    {
      "grupo": "sinais-rp1",
      "nome": "ihpc-variacao-homologa-pt-positivo",
      "passou": true,
      "erros": []
    },
    {
      "grupo": "sinais-rp1",
      "nome": "ihpc-variacao-homologa-en-positivo",
      "passou": true,
      "erros": []
    },
    {
      "grupo": "sinais-rp1",
      "nome": "ipc-rendas-variacao-homologa-pt-negativo",
      "passou": true,
      "erros": []
    },
    {
      "grupo": "sinais-rp1",
      "nome": "ipc-rendas-variacao-homologa-en-negativo",
      "passou": true,
      "erros": []
    },
    {
      "grupo": "sinais-rp1",
      "nome": "ipc-rendas-variacao-homologa-pt-zero",
      "passou": true,
      "erros": []
    },
    {
      "grupo": "sinais-rp1",
      "nome": "ipc-rendas-variacao-homologa-en-zero",
      "passou": true,
      "erros": []
    },
    {
      "grupo": "sinais-rp1",
      "nome": "ipc-rendas-variacao-homologa-pt-positivo",
      "passou": true,
      "erros": []
    },
    {
      "grupo": "sinais-rp1",
      "nome": "ipc-rendas-variacao-homologa-en-positivo",
      "passou": true,
      "erros": []
    },
    {
      "grupo": "sinais-rp1",
      "nome": "ipc-sem-habitacao-variacao-media-12-meses-pt-negativo",
      "passou": true,
      "erros": []
    },
    {
      "grupo": "sinais-rp1",
      "nome": "ipc-sem-habitacao-variacao-media-12-meses-en-negativo",
      "passou": true,
      "erros": []
    },
    {
      "grupo": "sinais-rp1",
      "nome": "ipc-sem-habitacao-variacao-media-12-meses-pt-zero",
      "passou": true,
      "erros": []
    },
    {
      "grupo": "sinais-rp1",
      "nome": "ipc-sem-habitacao-variacao-media-12-meses-en-zero",
      "passou": true,
      "erros": []
    },
    {
      "grupo": "sinais-rp1",
      "nome": "ipc-sem-habitacao-variacao-media-12-meses-pt-positivo",
      "passou": true,
      "erros": []
    },
    {
      "grupo": "sinais-rp1",
      "nome": "ipc-sem-habitacao-variacao-media-12-meses-en-positivo",
      "passou": true,
      "erros": []
    }
  ],
  "plantas": [
    {
      "grupo": "proveniencia",
      "nome": "dia-errado-pt",
      "codigo": 1,
      "mordida": "valor de proveniência diferente do livro",
      "passou": true,
      "erros": [
        "valor de proveniência diferente do livro"
      ]
    },
    {
      "grupo": "proveniencia",
      "nome": "iso-por-formatar-pt",
      "codigo": 1,
      "mordida": "valor de proveniência diferente do livro",
      "passou": true,
      "erros": [
        "valor de proveniência diferente do livro"
      ]
    },
    {
      "grupo": "proveniencia",
      "nome": "endereco-com-os-mesmos-algarismos-pt",
      "codigo": 1,
      "mordida": "valor de proveniência diferente do livro",
      "passou": true,
      "erros": [
        "valor de proveniência diferente do livro"
      ]
    },
    {
      "grupo": "proveniencia",
      "nome": "dia-errado-en",
      "codigo": 1,
      "mordida": "valor de proveniência diferente do livro",
      "passou": true,
      "erros": [
        "valor de proveniência diferente do livro"
      ]
    },
    {
      "grupo": "proveniencia",
      "nome": "iso-por-formatar-en",
      "codigo": 1,
      "mordida": "valor de proveniência diferente do livro",
      "passou": true,
      "erros": [
        "valor de proveniência diferente do livro"
      ]
    },
    {
      "grupo": "proveniencia",
      "nome": "endereco-com-os-mesmos-algarismos-en",
      "codigo": 1,
      "mordida": "valor de proveniência diferente do livro",
      "passou": true,
      "erros": [
        "valor de proveniência diferente do livro"
      ]
    },
    {
      "grupo": "historico",
      "nome": "entrada-retirada-do-grupo",
      "codigo": 1,
      "mordida": "perdeu ou misturou entradas",
      "passou": true,
      "erros": [
        "C1d: o grupo da história perdeu ou misturou entradas",
        "C1d: a história não mostra cada entrada uma vez"
      ]
    },
    {
      "grupo": "historico",
      "nome": "valor-antigo-retirado",
      "codigo": 1,
      "mordida": "perdeu um campo",
      "passou": true,
      "erros": [
        "C1d: a história perdeu um campo de uma entrada agrupada"
      ]
    },
    {
      "grupo": "historico",
      "nome": "motivo-duplicado",
      "codigo": 1,
      "mordida": "uma só data, natureza e razão",
      "passou": true,
      "erros": [
        "C1d: o grupo não partilha uma só data, natureza e razão"
      ]
    },
    {
      "grupo": "valor-unidade",
      "nome": "cartao-20 600-normal-colado",
      "codigo": 1,
      "mordida": "cola o valor à unidade",
      "passou": true,
      "erros": [
        "I143/I158: o cartão cola o valor à unidade (caso-sintetico)"
      ]
    },
    {
      "grupo": "valor-unidade",
      "nome": "cartao-20 600-fixo-colado",
      "codigo": 1,
      "mordida": "cola o valor à unidade",
      "passou": true,
      "erros": [
        "I143/I158: o cartão cola o valor à unidade (caso-sintetico)"
      ]
    },
    {
      "grupo": "valor-unidade",
      "nome": "cartao-−50,2-normal-colado",
      "codigo": 1,
      "mordida": "cola o valor à unidade",
      "passou": true,
      "erros": [
        "I143/I158: o cartão cola o valor à unidade (caso-sintetico)"
      ]
    },
    {
      "grupo": "valor-unidade",
      "nome": "cartao-−50,2-fixo-colado",
      "codigo": 1,
      "mordida": "cola o valor à unidade",
      "passou": true,
      "erros": [
        "I143/I158: o cartão cola o valor à unidade (caso-sintetico)"
      ]
    },
    {
      "grupo": "valor-unidade",
      "nome": "titulo-20 600-normal-colado",
      "codigo": 1,
      "mordida": "cola o valor à unidade",
      "passou": true,
      "erros": [
        "I143/I158: o título cola o valor à unidade (caso-sintetico)"
      ]
    },
    {
      "grupo": "valor-unidade",
      "nome": "titulo-20 600-fixo-colado",
      "codigo": 1,
      "mordida": "cola o valor à unidade",
      "passou": true,
      "erros": [
        "I143/I158: o título cola o valor à unidade (caso-sintetico)"
      ]
    },
    {
      "grupo": "valor-unidade",
      "nome": "titulo-−50,2-normal-colado",
      "codigo": 1,
      "mordida": "cola o valor à unidade",
      "passou": true,
      "erros": [
        "I143/I158: o título cola o valor à unidade (caso-sintetico)"
      ]
    },
    {
      "grupo": "valor-unidade",
      "nome": "titulo-−50,2-fixo-colado",
      "codigo": 1,
      "mordida": "cola o valor à unidade",
      "passou": true,
      "erros": [
        "I143/I158: o título cola o valor à unidade (caso-sintetico)"
      ]
    },
    {
      "grupo": "valor-unidade",
      "nome": "seletor-deixou-de-casar",
      "codigo": 1,
      "mordida": "seletor não conferiu",
      "passou": true,
      "erros": [
        "I143/I158: o seletor não conferiu todos os cartões declarados"
      ]
    },
    {
      "grupo": "valor-unidade",
      "nome": "marca-com-unidade",
      "codigo": 1,
      "mordida": "marca sem valor publicado",
      "passou": true,
      "erros": [
        "I143/I158: uma marca sem valor publicado traz valor ou unidade"
      ]
    },
    {
      "grupo": "valor-unidade",
      "nome": "quantidade-sem-valor",
      "codigo": 1,
      "mordida": "faltam o valor ou a unidade",
      "passou": true,
      "erros": [
        "I143/I158: faltam o valor ou a unidade na quantidade"
      ]
    },
    {
      "grupo": "valor-unidade",
      "nome": "unidade-da-casa-colada",
      "codigo": 1,
      "mordida": "cola o valor à unidade",
      "passou": true,
      "erros": [
        "I143/I158: o cartão cola o valor à unidade (caso-sintetico)"
      ]
    },
    {
      "grupo": "valor-unidade",
      "nome": "contagem-com-prova-v2-colada",
      "codigo": 1,
      "mordida": "cola o valor à unidade",
      "passou": true,
      "erros": [
        "I143/I158: o cartão cola o valor à unidade (undefined)"
      ]
    },
    {
      "grupo": "forma-encontrada",
      "nome": "pt-ponto",
      "codigo": 1,
      "mordida": "forma do valor encontrado",
      "passou": true,
      "erros": [
        "forma do valor encontrado diferente da casa"
      ]
    },
    {
      "grupo": "forma-encontrada",
      "nome": "pt-sinal",
      "codigo": 1,
      "mordida": "forma do valor encontrado",
      "passou": true,
      "erros": [
        "forma do valor encontrado diferente da casa"
      ]
    },
    {
      "grupo": "forma-encontrada",
      "nome": "pt-precisao",
      "codigo": 1,
      "mordida": "forma do valor encontrado",
      "passou": true,
      "erros": [
        "forma do valor encontrado diferente da casa"
      ]
    },
    {
      "grupo": "forma-encontrada",
      "nome": "pt-separador",
      "codigo": 1,
      "mordida": "forma do valor encontrado",
      "passou": true,
      "erros": [
        "forma do valor encontrado diferente da casa"
      ]
    },
    {
      "grupo": "forma-encontrada",
      "nome": "en-ponto",
      "codigo": 1,
      "mordida": "forma do valor encontrado",
      "passou": true,
      "erros": [
        "forma do valor encontrado diferente da casa"
      ]
    },
    {
      "grupo": "forma-encontrada",
      "nome": "en-sinal",
      "codigo": 1,
      "mordida": "forma do valor encontrado",
      "passou": true,
      "erros": [
        "forma do valor encontrado diferente da casa"
      ]
    },
    {
      "grupo": "forma-encontrada",
      "nome": "en-precisao",
      "codigo": 1,
      "mordida": "forma do valor encontrado",
      "passou": true,
      "erros": [
        "forma do valor encontrado diferente da casa"
      ]
    },
    {
      "grupo": "forma-encontrada",
      "nome": "en-separador",
      "codigo": 1,
      "mordida": "forma do valor encontrado",
      "passou": true,
      "erros": [
        "forma do valor encontrado diferente da casa"
      ]
    },
    {
      "grupo": "verificacao",
      "nome": "pt-rotulo-vazio-em-desacordo",
      "codigo": 1,
      "mordida": "rótulo correspondente",
      "passou": true,
      "erros": [
        "C1d: a ausência de releitura não tem o rótulo correspondente"
      ]
    },
    {
      "grupo": "verificacao",
      "nome": "pt-frase-vazia-em-desacordo",
      "codigo": 1,
      "mordida": "ausência de segunda leitura",
      "passou": true,
      "erros": [
        "C1: a ausência de segunda leitura não corresponde ao registo"
      ]
    },
    {
      "grupo": "verificacao",
      "nome": "pt-promete-recalculo-sem-expressao",
      "codigo": 1,
      "mordida": "ausência de segunda leitura",
      "passou": true,
      "erros": [
        "C1: a ausência de segunda leitura não corresponde ao registo"
      ]
    },
    {
      "grupo": "verificacao",
      "nome": "pt-calculada-diz-ainda-nenhuma",
      "codigo": 1,
      "mordida": "ausência de segunda leitura",
      "passou": true,
      "erros": [
        "C1: a ausência de segunda leitura não corresponde ao registo"
      ]
    },
    {
      "grupo": "verificacao",
      "nome": "pt-omite-valor-em-uso",
      "codigo": 1,
      "mordida": "qual é o valor em uso",
      "passou": true,
      "erros": [
        "C1c: a divergência não diz corretamente qual é o valor em uso"
      ]
    },
    {
      "grupo": "verificacao",
      "nome": "pt-inventa-diferenca-do-valor-em-uso",
      "codigo": 1,
      "mordida": "qual é o valor em uso",
      "passou": true,
      "erros": [
        "C1c: a divergência não diz corretamente qual é o valor em uso"
      ]
    },
    {
      "grupo": "verificacao",
      "nome": "pt-tentativa-exagera-sem resposta a esse pedido",
      "codigo": 1,
      "mordida": "ausência de valor lido",
      "passou": true,
      "erros": [
        "C1e: a tentativa afirma mais do que a ausência de valor lido"
      ]
    },
    {
      "grupo": "verificacao",
      "nome": "pt-tentativa-exagera-não foi possível reler o número nesse dia",
      "codigo": 1,
      "mordida": "ausência de valor lido",
      "passou": true,
      "erros": [
        "C1e: a tentativa afirma mais do que a ausência de valor lido"
      ]
    },
    {
      "grupo": "verificacao",
      "nome": "pt-nega-releitura-registada",
      "codigo": 1,
      "mordida": "ausência de segunda leitura",
      "passou": true,
      "erros": [
        "C1: a ausência de segunda leitura não corresponde ao registo"
      ]
    },
    {
      "grupo": "verificacao",
      "nome": "pt-omite-ainda-sem-segunda-leitura",
      "codigo": 1,
      "mordida": "ausência de segunda leitura",
      "passou": true,
      "erros": [
        "C1: a ausência de segunda leitura não corresponde ao registo"
      ]
    },
    {
      "grupo": "verificacao",
      "nome": "pt-inventa-segunda-leitura",
      "codigo": 1,
      "mordida": "segunda leitura sem entrada",
      "passou": true,
      "erros": [
        "C1: segunda leitura sem entrada no registo"
      ]
    },
    {
      "grupo": "verificacao",
      "nome": "pt-ficheiro-apresentado-como-numero",
      "codigo": 1,
      "mordida": "não distingue a leitura do número",
      "passou": true,
      "erros": [
        "C1: o recibo não distingue a leitura do número da leitura do ficheiro"
      ]
    },
    {
      "grupo": "verificacao",
      "nome": "pt-numero-apresentado-como-ficheiro",
      "codigo": 1,
      "mordida": "não distingue a leitura do número",
      "passou": true,
      "erros": [
        "C1: o recibo não distingue a leitura do número da leitura do ficheiro"
      ]
    },
    {
      "grupo": "verificacao",
      "nome": "pt-falsa-atualizacao",
      "codigo": 1,
      "mordida": "não aponta para a atualização",
      "passou": true,
      "erros": [
        "C1c: a divergência não diz corretamente qual é o valor em uso",
        "C1: a segunda leitura não aponta para a atualização do valor encontrado"
      ]
    },
    {
      "grupo": "verificacao",
      "nome": "pt-atualizacao-sem-porta",
      "codigo": 1,
      "mordida": "não aponta para a atualização",
      "passou": true,
      "erros": [
        "C1: a segunda leitura não aponta para a atualização do valor encontrado"
      ]
    },
    {
      "grupo": "verificacao",
      "nome": "pt-atualizacao-com-porta-errada",
      "codigo": 1,
      "mordida": "não aponta para a atualização",
      "passou": true,
      "erros": [
        "C1: a segunda leitura não aponta para a atualização do valor encontrado"
      ]
    },
    {
      "grupo": "verificacao",
      "nome": "pt-atualizacao-sem-destino",
      "codigo": 1,
      "mordida": "atualização sem destino",
      "passou": true,
      "erros": [
        "C1: atualização sem destino na história"
      ]
    },
    {
      "grupo": "verificacao",
      "nome": "pt-correcao-apresentada-como-atualizacao",
      "codigo": 1,
      "mordida": "não aponta para a atualização",
      "passou": true,
      "erros": [
        "C1: a segunda leitura não aponta para a atualização do valor encontrado"
      ]
    },
    {
      "grupo": "verificacao",
      "nome": "pt-atualizacao-de-outro-valor",
      "codigo": 1,
      "mordida": "não aponta para a atualização",
      "passou": true,
      "erros": [
        "C1: a segunda leitura não aponta para a atualização do valor encontrado"
      ]
    },
    {
      "grupo": "verificacao",
      "nome": "en-rotulo-vazio-em-desacordo",
      "codigo": 1,
      "mordida": "rótulo correspondente",
      "passou": true,
      "erros": [
        "C1d: a ausência de releitura não tem o rótulo correspondente"
      ]
    },
    {
      "grupo": "verificacao",
      "nome": "en-frase-vazia-em-desacordo",
      "codigo": 1,
      "mordida": "ausência de segunda leitura",
      "passou": true,
      "erros": [
        "C1: a ausência de segunda leitura não corresponde ao registo"
      ]
    },
    {
      "grupo": "verificacao",
      "nome": "en-promete-recalculo-sem-expressao",
      "codigo": 1,
      "mordida": "ausência de segunda leitura",
      "passou": true,
      "erros": [
        "C1: a ausência de segunda leitura não corresponde ao registo"
      ]
    },
    {
      "grupo": "verificacao",
      "nome": "en-calculada-diz-ainda-nenhuma",
      "codigo": 1,
      "mordida": "ausência de segunda leitura",
      "passou": true,
      "erros": [
        "C1: a ausência de segunda leitura não corresponde ao registo"
      ]
    },
    {
      "grupo": "verificacao",
      "nome": "en-omite-valor-em-uso",
      "codigo": 1,
      "mordida": "qual é o valor em uso",
      "passou": true,
      "erros": [
        "C1c: a divergência não diz corretamente qual é o valor em uso"
      ]
    },
    {
      "grupo": "verificacao",
      "nome": "en-inventa-diferenca-do-valor-em-uso",
      "codigo": 1,
      "mordida": "qual é o valor em uso",
      "passou": true,
      "erros": [
        "C1c: a divergência não diz corretamente qual é o valor em uso"
      ]
    },
    {
      "grupo": "verificacao",
      "nome": "en-tentativa-exagera-with no answer to that request",
      "codigo": 1,
      "mordida": "ausência de valor lido",
      "passou": true,
      "erros": [
        "C1e: a tentativa afirma mais do que a ausência de valor lido"
      ]
    },
    {
      "grupo": "verificacao",
      "nome": "en-tentativa-exagera-the number could not be re-read that day",
      "codigo": 1,
      "mordida": "ausência de valor lido",
      "passou": true,
      "erros": [
        "C1e: a tentativa afirma mais do que a ausência de valor lido"
      ]
    },
    {
      "grupo": "verificacao",
      "nome": "en-nega-releitura-registada",
      "codigo": 1,
      "mordida": "ausência de segunda leitura",
      "passou": true,
      "erros": [
        "C1: a ausência de segunda leitura não corresponde ao registo"
      ]
    },
    {
      "grupo": "verificacao",
      "nome": "en-omite-ainda-sem-segunda-leitura",
      "codigo": 1,
      "mordida": "ausência de segunda leitura",
      "passou": true,
      "erros": [
        "C1: a ausência de segunda leitura não corresponde ao registo"
      ]
    },
    {
      "grupo": "verificacao",
      "nome": "en-inventa-segunda-leitura",
      "codigo": 1,
      "mordida": "segunda leitura sem entrada",
      "passou": true,
      "erros": [
        "C1: segunda leitura sem entrada no registo"
      ]
    },
    {
      "grupo": "verificacao",
      "nome": "en-ficheiro-apresentado-como-numero",
      "codigo": 1,
      "mordida": "não distingue a leitura do número",
      "passou": true,
      "erros": [
        "C1: o recibo não distingue a leitura do número da leitura do ficheiro"
      ]
    },
    {
      "grupo": "verificacao",
      "nome": "en-numero-apresentado-como-ficheiro",
      "codigo": 1,
      "mordida": "não distingue a leitura do número",
      "passou": true,
      "erros": [
        "C1: o recibo não distingue a leitura do número da leitura do ficheiro"
      ]
    },
    {
      "grupo": "verificacao",
      "nome": "en-falsa-atualizacao",
      "codigo": 1,
      "mordida": "não aponta para a atualização",
      "passou": true,
      "erros": [
        "C1c: a divergência não diz corretamente qual é o valor em uso",
        "C1: a segunda leitura não aponta para a atualização do valor encontrado"
      ]
    },
    {
      "grupo": "verificacao",
      "nome": "en-atualizacao-sem-porta",
      "codigo": 1,
      "mordida": "não aponta para a atualização",
      "passou": true,
      "erros": [
        "C1: a segunda leitura não aponta para a atualização do valor encontrado"
      ]
    },
    {
      "grupo": "verificacao",
      "nome": "en-atualizacao-com-porta-errada",
      "codigo": 1,
      "mordida": "não aponta para a atualização",
      "passou": true,
      "erros": [
        "C1: a segunda leitura não aponta para a atualização do valor encontrado"
      ]
    },
    {
      "grupo": "verificacao",
      "nome": "en-atualizacao-sem-destino",
      "codigo": 1,
      "mordida": "atualização sem destino",
      "passou": true,
      "erros": [
        "C1: atualização sem destino na história"
      ]
    },
    {
      "grupo": "verificacao",
      "nome": "en-correcao-apresentada-como-atualizacao",
      "codigo": 1,
      "mordida": "não aponta para a atualização",
      "passou": true,
      "erros": [
        "C1: a segunda leitura não aponta para a atualização do valor encontrado"
      ]
    },
    {
      "grupo": "verificacao",
      "nome": "en-atualizacao-de-outro-valor",
      "codigo": 1,
      "mordida": "não aponta para a atualização",
      "passou": true,
      "erros": [
        "C1: a segunda leitura não aponta para a atualização do valor encontrado"
      ]
    },
    {
      "grupo": "releitura-anterior",
      "nome": "pt-confirma-o-valor-atual",
      "codigo": 1,
      "mordida": "valor anterior que confirmou",
      "passou": true,
      "erros": [
        "C1d: a releitura não identifica o valor anterior que confirmou"
      ]
    },
    {
      "grupo": "releitura-anterior",
      "nome": "pt-omite-o-valor-anterior",
      "codigo": 1,
      "mordida": "valor anterior que confirmou",
      "passou": true,
      "erros": [
        "C1d: a releitura não identifica o valor anterior que confirmou"
      ]
    },
    {
      "grupo": "releitura-anterior",
      "nome": "en-confirma-o-valor-atual",
      "codigo": 1,
      "mordida": "valor anterior que confirmou",
      "passou": true,
      "erros": [
        "C1d: a releitura não identifica o valor anterior que confirmou"
      ]
    },
    {
      "grupo": "releitura-anterior",
      "nome": "en-omite-o-valor-anterior",
      "codigo": 1,
      "mordida": "valor anterior que confirmou",
      "passou": true,
      "erros": [
        "C1d: a releitura não identifica o valor anterior que confirmou"
      ]
    },
    {
      "grupo": "valor-estimado",
      "nome": "pt-marca-omitida",
      "codigo": 1,
      "mordida": "bandeira",
      "passou": true,
      "erros": [
        "K17 · /ensaio-estimativa · despesa-em-id-2024: as linhas com bandeira e as palavras de ressalva não coincidem"
      ]
    },
    {
      "grupo": "valor-estimado",
      "nome": "en-marca-omitida",
      "codigo": 1,
      "mordida": "bandeira",
      "passou": true,
      "erros": [
        "K17 · /ensaio-estimativa · despesa-em-id-2024: as linhas com bandeira e as palavras de ressalva não coincidem"
      ]
    },
    {
      "grupo": "leituras",
      "nome": "pt-ipc-variacao-homologa-negativo-frase-positiva-fixa",
      "codigo": 1,
      "mordida": "os ramos ou os valores rendidos não são os que a conta desta célula manda",
      "passou": true,
      "erros": [
        "K17 · /ensaio-sintetico · ipc-variacao-homologa: o texto rendido difere do que o resolvedor dá: «Em agosto de 2026 os preços no consumidor estavam, em méd…» contra «Em agosto de 2026 os preços no consumidor estavam, em méd…»",
        "K17 · /ensaio-sintetico · ipc-variacao-homologa: os ramos ou os valores rendidos não são os que a conta desta célula manda: «Em agosto de 2026 os preços no consumidor estavam, em méd…» contra «Em agosto de 2026 os preços no consumidor estavam, em méd…»",
        "K17 · /ensaio-sintetico · ipc-variacao-homologa: a metade à vista não é a comparação que o corte desta célula dá: «A variação é menor do que a do mês anterior. O objetivo d…» contra «A variação é menor do que a do mês anterior. O objetivo d…»"
      ]
    },
    {
      "grupo": "leituras",
      "nome": "pt-ihpc-variacao-homologa-taxas-negativas-maior-frase-positiva-fixa",
      "codigo": 1,
      "mordida": "os ramos ou os valores rendidos não são os que a conta desta célula manda",
      "passou": true,
      "erros": [
        "K17 · /ensaio-sintetico · ihpc-variacao-homologa: o texto rendido difere do que o resolvedor dá: «Em agosto de 2026 os preços em Portugal estavam, na medid…» contra «Em agosto de 2026 os preços em Portugal estavam, na medid…»",
        "K17 · /ensaio-sintetico · ihpc-variacao-homologa: os ramos ou os valores rendidos não são os que a conta desta célula manda: «Em agosto de 2026 os preços em Portugal estavam, na medid…» contra «Em agosto de 2026 os preços em Portugal estavam, na medid…»",
        "K17 · /ensaio-sintetico · ihpc-variacao-homologa: a metade à vista não é a comparação que o corte desta célula dá: «A variação é maior do que a da média da União Europeia. O…» contra «A variação é maior do que a da média da União Europeia. O…»"
      ]
    },
    {
      "grupo": "leituras",
      "nome": "pt-ihpc-variacao-homologa-taxas-negativas-menor-frase-positiva-fixa",
      "codigo": 1,
      "mordida": "os ramos ou os valores rendidos não são os que a conta desta célula manda",
      "passou": true,
      "erros": [
        "K17 · /ensaio-sintetico · ihpc-variacao-homologa: o texto rendido difere do que o resolvedor dá: «Em agosto de 2026 os preços em Portugal estavam, na medid…» contra «Em agosto de 2026 os preços em Portugal estavam, na medid…»",
        "K17 · /ensaio-sintetico · ihpc-variacao-homologa: os ramos ou os valores rendidos não são os que a conta desta célula manda: «Em agosto de 2026 os preços em Portugal estavam, na medid…» contra «Em agosto de 2026 os preços em Portugal estavam, na medid…»",
        "K17 · /ensaio-sintetico · ihpc-variacao-homologa: a metade à vista não é a comparação que o corte desta célula dá: «A variação é menor do que a da média da União Europeia. O…» contra «A variação é menor do que a da média da União Europeia. O…»"
      ]
    },
    {
      "grupo": "leituras",
      "nome": "pt-ihpc-variacao-homologa-taxas-negativas-igual-frase-positiva-fixa",
      "codigo": 1,
      "mordida": "os ramos ou os valores rendidos não são os que a conta desta célula manda",
      "passou": true,
      "erros": [
        "K17 · /ensaio-sintetico · ihpc-variacao-homologa: o texto rendido difere do que o resolvedor dá: «Em agosto de 2026 os preços em Portugal estavam, na medid…» contra «Em agosto de 2026 os preços em Portugal estavam, na medid…»",
        "K17 · /ensaio-sintetico · ihpc-variacao-homologa: os ramos ou os valores rendidos não são os que a conta desta célula manda: «Em agosto de 2026 os preços em Portugal estavam, na medid…» contra «Em agosto de 2026 os preços em Portugal estavam, na medid…»",
        "K17 · /ensaio-sintetico · ihpc-variacao-homologa: a metade à vista não é a comparação que o corte desta célula dá: «A variação é igual à da média da União Europeia. O Banco …» contra «A variação é igual à da média da União Europeia. O Banco …»"
      ]
    },
    {
      "grupo": "leituras",
      "nome": "en-ipc-variacao-homologa-negativo-frase-positiva-fixa",
      "codigo": 1,
      "mordida": "os ramos ou os valores rendidos não são os que a conta desta célula manda",
      "passou": true,
      "erros": [
        "K17 · /ensaio-sintetico · ipc-variacao-homologa: o texto rendido difere do que o resolvedor dá: «In August 2026 consumer prices were, on average, −0,5 % c…» contra «In August 2026 consumer prices were, on average, −0,5 % c…»",
        "K17 · /ensaio-sintetico · ipc-variacao-homologa: os ramos ou os valores rendidos não são os que a conta desta célula manda: «In August 2026 consumer prices were, on average, −0,5 % c…» contra «In August 2026 consumer prices were, on average, −0,5 % c…»",
        "K17 · /ensaio-sintetico · ipc-variacao-homologa: a metade à vista não é a comparação que o corte desta célula dá: «The change is smaller than the previous month’s. The Euro…» contra «The change is smaller than the previous month’s. The Euro…»"
      ]
    },
    {
      "grupo": "leituras",
      "nome": "en-ihpc-variacao-homologa-taxas-negativas-maior-frase-positiva-fixa",
      "codigo": 1,
      "mordida": "os ramos ou os valores rendidos não são os que a conta desta célula manda",
      "passou": true,
      "erros": [
        "K17 · /ensaio-sintetico · ihpc-variacao-homologa: o texto rendido difere do que o resolvedor dá: «In August 2026 prices in Portugal were, on the harmonised…» contra «In August 2026 prices in Portugal were, on the harmonised…»",
        "K17 · /ensaio-sintetico · ihpc-variacao-homologa: os ramos ou os valores rendidos não são os que a conta desta célula manda: «In August 2026 prices in Portugal were, on the harmonised…» contra «In August 2026 prices in Portugal were, on the harmonised…»",
        "K17 · /ensaio-sintetico · ihpc-variacao-homologa: a metade à vista não é a comparação que o corte desta célula dá: «The change is larger than the European Union average. The…» contra «The change is larger than the European Union average. The…»"
      ]
    },
    {
      "grupo": "leituras",
      "nome": "en-ihpc-variacao-homologa-taxas-negativas-menor-frase-positiva-fixa",
      "codigo": 1,
      "mordida": "os ramos ou os valores rendidos não são os que a conta desta célula manda",
      "passou": true,
      "erros": [
        "K17 · /ensaio-sintetico · ihpc-variacao-homologa: o texto rendido difere do que o resolvedor dá: «In August 2026 prices in Portugal were, on the harmonised…» contra «In August 2026 prices in Portugal were, on the harmonised…»",
        "K17 · /ensaio-sintetico · ihpc-variacao-homologa: os ramos ou os valores rendidos não são os que a conta desta célula manda: «In August 2026 prices in Portugal were, on the harmonised…» contra «In August 2026 prices in Portugal were, on the harmonised…»",
        "K17 · /ensaio-sintetico · ihpc-variacao-homologa: a metade à vista não é a comparação que o corte desta célula dá: «The change is smaller than the European Union average. Th…» contra «The change is smaller than the European Union average. Th…»"
      ]
    },
    {
      "grupo": "leituras",
      "nome": "en-ihpc-variacao-homologa-taxas-negativas-igual-frase-positiva-fixa",
      "codigo": 1,
      "mordida": "os ramos ou os valores rendidos não são os que a conta desta célula manda",
      "passou": true,
      "erros": [
        "K17 · /ensaio-sintetico · ihpc-variacao-homologa: o texto rendido difere do que o resolvedor dá: «In August 2026 prices in Portugal were, on the harmonised…» contra «In August 2026 prices in Portugal were, on the harmonised…»",
        "K17 · /ensaio-sintetico · ihpc-variacao-homologa: os ramos ou os valores rendidos não são os que a conta desta célula manda: «In August 2026 prices in Portugal were, on the harmonised…» contra «In August 2026 prices in Portugal were, on the harmonised…»",
        "K17 · /ensaio-sintetico · ihpc-variacao-homologa: a metade à vista não é a comparação que o corte desta célula dá: «The change is the same as the European Union average. The…» contra «The change is the same as the European Union average. The…»"
      ]
    },
    {
      "grupo": "sinais-rp1",
      "nome": "ipc-variacao-homologa-pt-negativo-troca-coerente",
      "codigo": 1,
      "mordida": "palavra não corresponde ao sinal",
      "passou": true,
      "erros": [
        "a palavra não corresponde ao sinal selado"
      ]
    },
    {
      "grupo": "sinais-rp1",
      "nome": "ipc-variacao-homologa-en-negativo-troca-coerente",
      "codigo": 1,
      "mordida": "palavra não corresponde ao sinal",
      "passou": true,
      "erros": [
        "a palavra não corresponde ao sinal selado"
      ]
    },
    {
      "grupo": "sinais-rp1",
      "nome": "ipc-variacao-homologa-pt-zero-troca-coerente",
      "codigo": 1,
      "mordida": "palavra não corresponde ao sinal",
      "passou": true,
      "erros": [
        "a palavra não corresponde ao sinal selado"
      ]
    },
    {
      "grupo": "sinais-rp1",
      "nome": "ipc-variacao-homologa-en-zero-troca-coerente",
      "codigo": 1,
      "mordida": "palavra não corresponde ao sinal",
      "passou": true,
      "erros": [
        "a palavra não corresponde ao sinal selado"
      ]
    },
    {
      "grupo": "sinais-rp1",
      "nome": "ipc-variacao-homologa-pt-positivo-troca-coerente",
      "codigo": 1,
      "mordida": "palavra não corresponde ao sinal",
      "passou": true,
      "erros": [
        "a palavra não corresponde ao sinal selado"
      ]
    },
    {
      "grupo": "sinais-rp1",
      "nome": "ipc-variacao-homologa-en-positivo-troca-coerente",
      "codigo": 1,
      "mordida": "palavra não corresponde ao sinal",
      "passou": true,
      "erros": [
        "a palavra não corresponde ao sinal selado"
      ]
    },
    {
      "grupo": "sinais-rp1",
      "nome": "ipc-variacao-media-12-meses-pt-negativo-troca-coerente",
      "codigo": 1,
      "mordida": "palavra não corresponde ao sinal",
      "passou": true,
      "erros": [
        "a palavra não corresponde ao sinal selado"
      ]
    },
    {
      "grupo": "sinais-rp1",
      "nome": "ipc-variacao-media-12-meses-en-negativo-troca-coerente",
      "codigo": 1,
      "mordida": "palavra não corresponde ao sinal",
      "passou": true,
      "erros": [
        "a palavra não corresponde ao sinal selado"
      ]
    },
    {
      "grupo": "sinais-rp1",
      "nome": "ipc-variacao-media-12-meses-pt-zero-troca-coerente",
      "codigo": 1,
      "mordida": "palavra não corresponde ao sinal",
      "passou": true,
      "erros": [
        "a palavra não corresponde ao sinal selado"
      ]
    },
    {
      "grupo": "sinais-rp1",
      "nome": "ipc-variacao-media-12-meses-en-zero-troca-coerente",
      "codigo": 1,
      "mordida": "palavra não corresponde ao sinal",
      "passou": true,
      "erros": [
        "a palavra não corresponde ao sinal selado"
      ]
    },
    {
      "grupo": "sinais-rp1",
      "nome": "ipc-variacao-media-12-meses-pt-positivo-troca-coerente",
      "codigo": 1,
      "mordida": "palavra não corresponde ao sinal",
      "passou": true,
      "erros": [
        "a palavra não corresponde ao sinal selado"
      ]
    },
    {
      "grupo": "sinais-rp1",
      "nome": "ipc-variacao-media-12-meses-en-positivo-troca-coerente",
      "codigo": 1,
      "mordida": "palavra não corresponde ao sinal",
      "passou": true,
      "erros": [
        "a palavra não corresponde ao sinal selado"
      ]
    },
    {
      "grupo": "sinais-rp1",
      "nome": "ipc-alimentacao-variacao-homologa-pt-negativo-troca-coerente",
      "codigo": 1,
      "mordida": "palavra não corresponde ao sinal",
      "passou": true,
      "erros": [
        "a palavra não corresponde ao sinal selado"
      ]
    },
    {
      "grupo": "sinais-rp1",
      "nome": "ipc-alimentacao-variacao-homologa-en-negativo-troca-coerente",
      "codigo": 1,
      "mordida": "palavra não corresponde ao sinal",
      "passou": true,
      "erros": [
        "a palavra não corresponde ao sinal selado"
      ]
    },
    {
      "grupo": "sinais-rp1",
      "nome": "ipc-alimentacao-variacao-homologa-pt-zero-troca-coerente",
      "codigo": 1,
      "mordida": "palavra não corresponde ao sinal",
      "passou": true,
      "erros": [
        "a palavra não corresponde ao sinal selado"
      ]
    },
    {
      "grupo": "sinais-rp1",
      "nome": "ipc-alimentacao-variacao-homologa-en-zero-troca-coerente",
      "codigo": 1,
      "mordida": "palavra não corresponde ao sinal",
      "passou": true,
      "erros": [
        "a palavra não corresponde ao sinal selado"
      ]
    },
    {
      "grupo": "sinais-rp1",
      "nome": "ipc-alimentacao-variacao-homologa-pt-positivo-troca-coerente",
      "codigo": 1,
      "mordida": "palavra não corresponde ao sinal",
      "passou": true,
      "erros": [
        "a palavra não corresponde ao sinal selado"
      ]
    },
    {
      "grupo": "sinais-rp1",
      "nome": "ipc-alimentacao-variacao-homologa-en-positivo-troca-coerente",
      "codigo": 1,
      "mordida": "palavra não corresponde ao sinal",
      "passou": true,
      "erros": [
        "a palavra não corresponde ao sinal selado"
      ]
    },
    {
      "grupo": "sinais-rp1",
      "nome": "ipc-energia-em-casa-variacao-homologa-pt-negativo-troca-coerente",
      "codigo": 1,
      "mordida": "palavra não corresponde ao sinal",
      "passou": true,
      "erros": [
        "a palavra não corresponde ao sinal selado"
      ]
    },
    {
      "grupo": "sinais-rp1",
      "nome": "ipc-energia-em-casa-variacao-homologa-en-negativo-troca-coerente",
      "codigo": 1,
      "mordida": "palavra não corresponde ao sinal",
      "passou": true,
      "erros": [
        "a palavra não corresponde ao sinal selado"
      ]
    },
    {
      "grupo": "sinais-rp1",
      "nome": "ipc-energia-em-casa-variacao-homologa-pt-zero-troca-coerente",
      "codigo": 1,
      "mordida": "palavra não corresponde ao sinal",
      "passou": true,
      "erros": [
        "a palavra não corresponde ao sinal selado"
      ]
    },
    {
      "grupo": "sinais-rp1",
      "nome": "ipc-energia-em-casa-variacao-homologa-en-zero-troca-coerente",
      "codigo": 1,
      "mordida": "palavra não corresponde ao sinal",
      "passou": true,
      "erros": [
        "a palavra não corresponde ao sinal selado"
      ]
    },
    {
      "grupo": "sinais-rp1",
      "nome": "ipc-energia-em-casa-variacao-homologa-pt-positivo-troca-coerente",
      "codigo": 1,
      "mordida": "palavra não corresponde ao sinal",
      "passou": true,
      "erros": [
        "a palavra não corresponde ao sinal selado"
      ]
    },
    {
      "grupo": "sinais-rp1",
      "nome": "ipc-energia-em-casa-variacao-homologa-en-positivo-troca-coerente",
      "codigo": 1,
      "mordida": "palavra não corresponde ao sinal",
      "passou": true,
      "erros": [
        "a palavra não corresponde ao sinal selado"
      ]
    },
    {
      "grupo": "sinais-rp1",
      "nome": "ipc-combustiveis-variacao-homologa-pt-negativo-troca-coerente",
      "codigo": 1,
      "mordida": "palavra não corresponde ao sinal",
      "passou": true,
      "erros": [
        "a palavra não corresponde ao sinal selado"
      ]
    },
    {
      "grupo": "sinais-rp1",
      "nome": "ipc-combustiveis-variacao-homologa-en-negativo-troca-coerente",
      "codigo": 1,
      "mordida": "palavra não corresponde ao sinal",
      "passou": true,
      "erros": [
        "a palavra não corresponde ao sinal selado"
      ]
    },
    {
      "grupo": "sinais-rp1",
      "nome": "ipc-combustiveis-variacao-homologa-pt-zero-troca-coerente",
      "codigo": 1,
      "mordida": "palavra não corresponde ao sinal",
      "passou": true,
      "erros": [
        "a palavra não corresponde ao sinal selado"
      ]
    },
    {
      "grupo": "sinais-rp1",
      "nome": "ipc-combustiveis-variacao-homologa-en-zero-troca-coerente",
      "codigo": 1,
      "mordida": "palavra não corresponde ao sinal",
      "passou": true,
      "erros": [
        "a palavra não corresponde ao sinal selado"
      ]
    },
    {
      "grupo": "sinais-rp1",
      "nome": "ipc-combustiveis-variacao-homologa-pt-positivo-troca-coerente",
      "codigo": 1,
      "mordida": "palavra não corresponde ao sinal",
      "passou": true,
      "erros": [
        "a palavra não corresponde ao sinal selado"
      ]
    },
    {
      "grupo": "sinais-rp1",
      "nome": "ipc-combustiveis-variacao-homologa-en-positivo-troca-coerente",
      "codigo": 1,
      "mordida": "palavra não corresponde ao sinal",
      "passou": true,
      "erros": [
        "a palavra não corresponde ao sinal selado"
      ]
    },
    {
      "grupo": "sinais-rp1",
      "nome": "ihpc-variacao-homologa-pt-negativo-troca-coerente",
      "codigo": 1,
      "mordida": "palavra não corresponde ao sinal",
      "passou": true,
      "erros": [
        "a palavra não corresponde ao sinal selado"
      ]
    },
    {
      "grupo": "sinais-rp1",
      "nome": "ihpc-variacao-homologa-en-negativo-troca-coerente",
      "codigo": 1,
      "mordida": "palavra não corresponde ao sinal",
      "passou": true,
      "erros": [
        "a palavra não corresponde ao sinal selado"
      ]
    },
    {
      "grupo": "sinais-rp1",
      "nome": "ihpc-variacao-homologa-pt-zero-troca-coerente",
      "codigo": 1,
      "mordida": "palavra não corresponde ao sinal",
      "passou": true,
      "erros": [
        "a palavra não corresponde ao sinal selado"
      ]
    },
    {
      "grupo": "sinais-rp1",
      "nome": "ihpc-variacao-homologa-en-zero-troca-coerente",
      "codigo": 1,
      "mordida": "palavra não corresponde ao sinal",
      "passou": true,
      "erros": [
        "a palavra não corresponde ao sinal selado"
      ]
    },
    {
      "grupo": "sinais-rp1",
      "nome": "ihpc-variacao-homologa-pt-positivo-troca-coerente",
      "codigo": 1,
      "mordida": "palavra não corresponde ao sinal",
      "passou": true,
      "erros": [
        "a palavra não corresponde ao sinal selado"
      ]
    },
    {
      "grupo": "sinais-rp1",
      "nome": "ihpc-variacao-homologa-en-positivo-troca-coerente",
      "codigo": 1,
      "mordida": "palavra não corresponde ao sinal",
      "passou": true,
      "erros": [
        "a palavra não corresponde ao sinal selado"
      ]
    },
    {
      "grupo": "sinais-rp1",
      "nome": "ipc-rendas-variacao-homologa-pt-negativo-troca-coerente",
      "codigo": 1,
      "mordida": "palavra não corresponde ao sinal",
      "passou": true,
      "erros": [
        "a palavra não corresponde ao sinal selado"
      ]
    },
    {
      "grupo": "sinais-rp1",
      "nome": "ipc-rendas-variacao-homologa-en-negativo-troca-coerente",
      "codigo": 1,
      "mordida": "palavra não corresponde ao sinal",
      "passou": true,
      "erros": [
        "a palavra não corresponde ao sinal selado"
      ]
    },
    {
      "grupo": "sinais-rp1",
      "nome": "ipc-rendas-variacao-homologa-pt-zero-troca-coerente",
      "codigo": 1,
      "mordida": "palavra não corresponde ao sinal",
      "passou": true,
      "erros": [
        "a palavra não corresponde ao sinal selado"
      ]
    },
    {
      "grupo": "sinais-rp1",
      "nome": "ipc-rendas-variacao-homologa-en-zero-troca-coerente",
      "codigo": 1,
      "mordida": "palavra não corresponde ao sinal",
      "passou": true,
      "erros": [
        "a palavra não corresponde ao sinal selado"
      ]
    },
    {
      "grupo": "sinais-rp1",
      "nome": "ipc-rendas-variacao-homologa-pt-positivo-troca-coerente",
      "codigo": 1,
      "mordida": "palavra não corresponde ao sinal",
      "passou": true,
      "erros": [
        "a palavra não corresponde ao sinal selado"
      ]
    },
    {
      "grupo": "sinais-rp1",
      "nome": "ipc-rendas-variacao-homologa-en-positivo-troca-coerente",
      "codigo": 1,
      "mordida": "palavra não corresponde ao sinal",
      "passou": true,
      "erros": [
        "a palavra não corresponde ao sinal selado"
      ]
    },
    {
      "grupo": "sinais-rp1",
      "nome": "ipc-sem-habitacao-variacao-media-12-meses-pt-negativo-troca-coerente",
      "codigo": 1,
      "mordida": "palavra não corresponde ao sinal",
      "passou": true,
      "erros": [
        "a palavra não corresponde ao sinal selado"
      ]
    },
    {
      "grupo": "sinais-rp1",
      "nome": "ipc-sem-habitacao-variacao-media-12-meses-en-negativo-troca-coerente",
      "codigo": 1,
      "mordida": "palavra não corresponde ao sinal",
      "passou": true,
      "erros": [
        "a palavra não corresponde ao sinal selado"
      ]
    },
    {
      "grupo": "sinais-rp1",
      "nome": "ipc-sem-habitacao-variacao-media-12-meses-pt-zero-troca-coerente",
      "codigo": 1,
      "mordida": "palavra não corresponde ao sinal",
      "passou": true,
      "erros": [
        "a palavra não corresponde ao sinal selado"
      ]
    },
    {
      "grupo": "sinais-rp1",
      "nome": "ipc-sem-habitacao-variacao-media-12-meses-en-zero-troca-coerente",
      "codigo": 1,
      "mordida": "palavra não corresponde ao sinal",
      "passou": true,
      "erros": [
        "a palavra não corresponde ao sinal selado"
      ]
    },
    {
      "grupo": "sinais-rp1",
      "nome": "ipc-sem-habitacao-variacao-media-12-meses-pt-positivo-troca-coerente",
      "codigo": 1,
      "mordida": "palavra não corresponde ao sinal",
      "passou": true,
      "erros": [
        "a palavra não corresponde ao sinal selado"
      ]
    },
    {
      "grupo": "sinais-rp1",
      "nome": "ipc-sem-habitacao-variacao-media-12-meses-en-positivo-troca-coerente",
      "codigo": 1,
      "mordida": "palavra não corresponde ao sinal",
      "passou": true,
      "erros": [
        "a palavra não corresponde ao sinal selado"
      ]
    }
  ]
}
