depois-pais-pt-390.png: 390 × 10766, 0 valores colados à unidade.
depois-pais-pt-768.png: 768 × 7941, 0 valores colados à unidade.
depois-pais-pt-1024.png: 1024 × 7634, 0 valores colados à unidade.
depois-pais-pt-1280.png: 1280 × 7077, 0 valores colados à unidade.
depois-pais-pt-1600.png: 1600 × 7406, 0 valores colados à unidade.
depois-pais-en-390.png: 390 × 10614, 0 valores colados à unidade.
depois-pais-en-768.png: 768 × 7896, 0 valores colados à unidade.
depois-pais-en-1024.png: 1024 × 7506, 0 valores colados à unidade.
depois-pais-en-1280.png: 1280 × 6903, 0 valores colados à unidade.
depois-pais-en-1600.png: 1600 × 7338, 0 valores colados à unidade.
depois-temas-pt-390.png: 390 × 14735, 0 valores colados à unidade.
depois-temas-pt-768.png: 768 × 9607, 0 valores colados à unidade.
depois-temas-pt-1024.png: 1024 × 7997, 0 valores colados à unidade.
depois-temas-pt-1280.png: 1280 × 8026, 0 valores colados à unidade.
depois-temas-pt-1600.png: 1600 × 7434, 0 valores colados à unidade.
depois-temas-en-390.png: 390 × 14488, 0 valores colados à unidade.
depois-temas-en-768.png: 768 × 9407, 0 valores colados à unidade.
depois-temas-en-1024.png: 1024 × 7876, 0 valores colados à unidade.
depois-temas-en-1280.png: 1280 × 7741, 0 valores colados à unidade.
depois-temas-en-1600.png: 1600 × 7313, 0 valores colados à unidade.
depois-lugares-pt-390.png: 390 × 3106, 0 valores colados à unidade.
depois-lugares-pt-768.png: 768 × 1873, 0 valores colados à unidade.
depois-lugares-pt-1024.png: 1024 × 1786, 0 valores colados à unidade.
depois-lugares-pt-1280.png: 1280 × 1839, 0 valores colados à unidade.
depois-lugares-pt-1600.png: 1600 × 1852, 0 valores colados à unidade.
depois-lugares-en-390.png: 390 × 3154, 0 valores colados à unidade.
depois-lugares-en-768.png: 768 × 1873, 0 valores colados à unidade.
depois-lugares-en-1024.png: 1024 × 1787, 0 valores colados à unidade.
depois-lugares-en-1280.png: 1280 × 1839, 0 valores colados à unidade.
depois-lugares-en-1600.png: 1600 × 1852, 0 valores colados à unidade.
depois-evora-pt-390.png: 390 × 8562, 0 valores colados à unidade.
depois-evora-pt-768.png: 768 × 6145, 0 valores colados à unidade.
depois-evora-pt-1024.png: 1024 × 5996, 0 valores colados à unidade.
depois-evora-pt-1280.png: 1280 × 6141, 0 valores colados à unidade.
depois-evora-pt-1600.png: 1600 × 6090, 0 valores colados à unidade.
depois-evora-en-390.png: 390 × 8616, 0 valores colados à unidade.
depois-evora-en-768.png: 768 × 6216, 0 valores colados à unidade.
depois-evora-en-1024.png: 1024 × 6094, 0 valores colados à unidade.
depois-evora-en-1280.png: 1280 × 6224, 0 valores colados à unidade.
depois-evora-en-1600.png: 1600 × 6171, 0 valores colados à unidade.
depois-recibo-inflacao-pt-390.png: 390 × 3108, 0 valores colados à unidade.
depois-recibo-inflacao-pt-768.png: 768 × 2787, 0 valores colados à unidade.
depois-recibo-inflacao-pt-1024.png: 1024 × 1769, 0 valores colados à unidade.
depois-recibo-inflacao-pt-1280.png: 1280 × 1819, 0 valores colados à unidade.
depois-recibo-inflacao-pt-1600.png: 1600 × 1825, 0 valores colados à unidade.
depois-recibo-inflacao-en-390.png: 390 × 3156, 0 valores colados à unidade.
depois-recibo-inflacao-en-768.png: 768 × 2787, 0 valores colados à unidade.
depois-recibo-inflacao-en-1024.png: 1024 × 1770, 0 valores colados à unidade.
depois-recibo-inflacao-en-1280.png: 1280 × 1819, 0 valores colados à unidade.
depois-recibo-inflacao-en-1600.png: 1600 × 1825, 0 valores colados à unidade.
depois-recibo-divida-familias-ue-pt-390.png: 390 × 2462, 0 valores colados à unidade.
depois-recibo-divida-familias-ue-pt-768.png: 768 × 2169, 0 valores colados à unidade.
depois-recibo-divida-familias-ue-pt-1024.png: 1024 × 1456, 0 valores colados à unidade.
depois-recibo-divida-familias-ue-pt-1280.png: 1280 × 1507, 0 valores colados à unidade.
depois-recibo-divida-familias-ue-pt-1600.png: 1600 × 1513, 0 valores colados à unidade.
depois-recibo-divida-familias-ue-en-390.png: 390 × 2529, 0 valores colados à unidade.
depois-recibo-divida-familias-ue-en-768.png: 768 × 2188, 0 valores colados à unidade.
depois-recibo-divida-familias-ue-en-1024.png: 1024 × 1475, 0 valores colados à unidade.
depois-recibo-divida-familias-ue-en-1280.png: 1280 × 1525, 0 valores colados à unidade.
depois-recibo-divida-familias-ue-en-1600.png: 1600 × 1532, 0 valores colados à unidade.
depois-recibo-pib-real-pt-390.png: 390 × 2591, 0 valores colados à unidade.
depois-recibo-pib-real-pt-768.png: 768 × 2233, 0 valores colados à unidade.
depois-recibo-pib-real-pt-1024.png: 1024 × 1554, 0 valores colados à unidade.
depois-recibo-pib-real-pt-1280.png: 1280 × 1608, 0 valores colados à unidade.
depois-recibo-pib-real-pt-1600.png: 1600 × 1614, 0 valores colados à unidade.
depois-recibo-pib-real-en-390.png: 390 × 2639, 0 valores colados à unidade.
depois-recibo-pib-real-en-768.png: 768 × 2252, 0 valores colados à unidade.
depois-recibo-pib-real-en-1024.png: 1024 × 1555, 0 valores colados à unidade.
depois-recibo-pib-real-en-1280.png: 1280 × 1608, 0 valores colados à unidade.
depois-recibo-pib-real-en-1600.png: 1600 × 1614, 0 valores colados à unidade.
70 capturas de página, 60 recortes e 18 cópias; 0 falhas de aceitação.
