antes-pais-pt-390.png: 390 × 10766, 22 valores colados à unidade.
antes-pais-pt-768.png: 768 × 7941, 22 valores colados à unidade.
antes-pais-pt-1024.png: 1024 × 7634, 22 valores colados à unidade.
antes-pais-pt-1280.png: 1280 × 7077, 22 valores colados à unidade.
antes-pais-pt-1600.png: 1600 × 7406, 22 valores colados à unidade.
antes-pais-en-390.png: 390 × 10614, 22 valores colados à unidade.
antes-pais-en-768.png: 768 × 7896, 22 valores colados à unidade.
antes-pais-en-1024.png: 1024 × 7506, 22 valores colados à unidade.
antes-pais-en-1280.png: 1280 × 6903, 22 valores colados à unidade.
antes-pais-en-1600.png: 1600 × 7338, 22 valores colados à unidade.
antes-temas-pt-390.png: 390 × 14735, 47 valores colados à unidade.
antes-temas-pt-768.png: 768 × 9607, 47 valores colados à unidade.
antes-temas-pt-1024.png: 1024 × 7997, 47 valores colados à unidade.
antes-temas-pt-1280.png: 1280 × 8026, 47 valores colados à unidade.
antes-temas-pt-1600.png: 1600 × 7434, 47 valores colados à unidade.
antes-temas-en-390.png: 390 × 14488, 47 valores colados à unidade.
antes-temas-en-768.png: 768 × 9407, 47 valores colados à unidade.
antes-temas-en-1024.png: 1024 × 7876, 47 valores colados à unidade.
antes-temas-en-1280.png: 1280 × 7741, 47 valores colados à unidade.
antes-temas-en-1600.png: 1600 × 7313, 47 valores colados à unidade.
antes-lugares-pt-390.png: 390 × 3074, 0 valores colados à unidade.
antes-lugares-pt-768.png: 768 × 1873, 0 valores colados à unidade.
antes-lugares-pt-1024.png: 1024 × 1786, 0 valores colados à unidade.
antes-lugares-pt-1280.png: 1280 × 1839, 0 valores colados à unidade.
antes-lugares-pt-1600.png: 1600 × 1852, 0 valores colados à unidade.
antes-lugares-en-390.png: 390 × 3122, 0 valores colados à unidade.
antes-lugares-en-768.png: 768 × 1873, 0 valores colados à unidade.
antes-lugares-en-1024.png: 1024 × 1787, 0 valores colados à unidade.
antes-lugares-en-1280.png: 1280 × 1839, 0 valores colados à unidade.
antes-lugares-en-1600.png: 1600 × 1852, 0 valores colados à unidade.
antes-evora-pt-390.png: 390 × 8556, 7 valores colados à unidade.
antes-evora-pt-768.png: 768 × 6134, 7 valores colados à unidade.
antes-evora-pt-1024.png: 1024 × 5981, 7 valores colados à unidade.
antes-evora-pt-1280.png: 1280 × 6124, 7 valores colados à unidade.
antes-evora-pt-1600.png: 1600 × 6073, 7 valores colados à unidade.
antes-evora-en-390.png: 390 × 8611, 7 valores colados à unidade.
antes-evora-en-768.png: 768 × 6205, 7 valores colados à unidade.
antes-evora-en-1024.png: 1024 × 6079, 7 valores colados à unidade.
antes-evora-en-1280.png: 1280 × 6207, 7 valores colados à unidade.
antes-evora-en-1600.png: 1600 × 6154, 7 valores colados à unidade.
antes-recibo-inflacao-pt-390.png: 390 × 3128, 0 valores colados à unidade.
antes-recibo-inflacao-pt-768.png: 768 × 2805, 0 valores colados à unidade.
antes-recibo-inflacao-pt-1024.png: 1024 × 1780, 0 valores colados à unidade.
antes-recibo-inflacao-pt-1280.png: 1280 × 1837, 0 valores colados à unidade.
antes-recibo-inflacao-pt-1600.png: 1600 × 1844, 0 valores colados à unidade.
antes-recibo-inflacao-en-390.png: 390 × 3176, 0 valores colados à unidade.
antes-recibo-inflacao-en-768.png: 768 × 2805, 0 valores colados à unidade.
antes-recibo-inflacao-en-1024.png: 1024 × 1781, 0 valores colados à unidade.
antes-recibo-inflacao-en-1280.png: 1280 × 1837, 0 valores colados à unidade.
antes-recibo-inflacao-en-1600.png: 1600 × 1844, 0 valores colados à unidade.
antes-recibo-divida-familias-ue-pt-390.png: 390 × 2462, 0 valores colados à unidade.
antes-recibo-divida-familias-ue-pt-768.png: 768 × 2169, 0 valores colados à unidade.
antes-recibo-divida-familias-ue-pt-1024.png: 1024 × 1437, 0 valores colados à unidade.
antes-recibo-divida-familias-ue-pt-1280.png: 1280 × 1488, 0 valores colados à unidade.
antes-recibo-divida-familias-ue-pt-1600.png: 1600 × 1494, 0 valores colados à unidade.
antes-recibo-divida-familias-ue-en-390.png: 390 × 2491, 0 valores colados à unidade.
antes-recibo-divida-familias-ue-en-768.png: 768 × 2169, 0 valores colados à unidade.
antes-recibo-divida-familias-ue-en-1024.png: 1024 × 1438, 0 valores colados à unidade.
antes-recibo-divida-familias-ue-en-1280.png: 1280 × 1488, 0 valores colados à unidade.
antes-recibo-divida-familias-ue-en-1600.png: 1600 × 1494, 0 valores colados à unidade.
antes-recibo-pib-real-pt-390.png: 390 × 2547, 0 valores colados à unidade.
antes-recibo-pib-real-pt-768.png: 768 × 2210, 0 valores colados à unidade.
antes-recibo-pib-real-pt-1024.png: 1024 × 1535, 0 valores colados à unidade.
antes-recibo-pib-real-pt-1280.png: 1280 × 1589, 0 valores colados à unidade.
antes-recibo-pib-real-pt-1600.png: 1600 × 1595, 0 valores colados à unidade.
antes-recibo-pib-real-en-390.png: 390 × 2595, 0 valores colados à unidade.
antes-recibo-pib-real-en-768.png: 768 × 2210, 0 valores colados à unidade.
antes-recibo-pib-real-en-1024.png: 1024 × 1536, 0 valores colados à unidade.
antes-recibo-pib-real-en-1280.png: 1280 × 1589, 0 valores colados à unidade.
antes-recibo-pib-real-en-1600.png: 1600 × 1595, 0 valores colados à unidade.
70 capturas de página, 60 recortes e 18 cópias; 0 falhas de aceitação.
