[90m  o nome de quem responde · 0 ficheiro(s) com o nome em 286 lido(s) de src/ e public/[0m
  B1 leitura evora-orcamentado-pago-devido-2025/en: sem leitura, o registo não começa por In brief.
  B1 leitura evora-prometido-pago-auditado-2026/en: sem leitura, o registo não começa por In brief.
  B1 leitura avaliacao-economica-regional-de-portugal-2026/pt: sem leitura, o registo não começa por Em resumo.
  B1 leitura evora-economia-investidores-portas-abertas-2026/pt: sem leitura, o registo não começa por Em resumo.
  B1 leitura evora-orcamentado-pago-devido-2025/pt: sem leitura, o registo não começa por Em resumo.
  B1 leitura evora-os-pelouros-quem-os-teve-o-que-fizeram/pt: sem leitura, o registo não começa por Em resumo.
  B1 leitura evora-prometido-pago-auditado-2026/pt: sem leitura, o registo não começa por Em resumo.
  B1 leitura evora-quinze-anos-cinco-mandatos/pt: sem leitura, o registo não começa por Em resumo.

[90m  portão de HTML · 7422 páginas · 2657/3009 afirmações citadas fora do livro-razão · 6018 páginas de linha · 6018 títulos de linha com o valor e a unidade separados · 18 documento(s) de estudo, conferidos contra a origem · 10 página(s) de leitura, conferidas contra o seu registo de conteúdo · 0 página(s) com o nome de quem responde[0m
[90m  allowlist · 19 motivo(s) e 3 token(s), com os usos que os provam vivos: data-de-atualizacao 2 · data-da-conferencia 588 · nome-oficial-da-medida 44 · referencia-legal 20 · titulo-de-estudo 204 · escala-de-instrumento 320 · limiar-do-quadro 204 · data-da-linha 26092 · data-do-repositorio 70 · ambito-da-medida 4 · periodo-da-fonte 1112 · data-de-referencia 5178 · numeracao 182 · proveniencia 14823 · data-da-agenda 170 · data-de-leitura-de-uma-definicao 102 · identificador-tecnico 4 · fonte-da-carta 64 · licenca-do-conjunto 2 · UE-27 (scope: any) 21 · EU-27 (scope: any) 21 · sha256 (scope: body) 24
  rótulo de IA · 7404 no topo (de 7404 páginas fora dos documentos alojados) · 0 no rodapé · 2 ficha(s) da primeira página · 2 frase(s) da política e 2 do projeto, comparadas com o texto decidido[0m
[90m  ortografia · Acordo de 1990 como se aplica em Portugal · 254 pares, 50 iguais · restante: 0 ocorrência(s) em 0 rota(s), todas de linhas cruzadas · 8 dispensada(s) por estarem entre «…»[0m
[90m  factos por verificar · 2 campo(s) declarados, com o marcador na página e a porta da edição certa[0m
[90m  as duas edições · 24 peça(s) de página de leitura com os mesmos ids pela mesma ordem[0m

[33m  352 aviso(s):[0m
[90m    · a afirmação "abrantes-limite-divida-dgal-2024" está no livro-razão e tem página própria, mas nenhuma outra página a cita.[0m
[90m    · a afirmação "agua-nao-faturada-portugal-2024" está no livro-razão e tem página própria, mas nenhuma outra página a cita.[0m
[90m    · a afirmação "agueda-limite-divida-dgal-2024" está no livro-razão e tem página própria, mas nenhuma outra página a cita.[0m
[90m    · a afirmação "aguiar-da-beira-limite-divida-dgal-2024" está no livro-razão e tem página própria, mas nenhuma outra página a cita.[0m
[90m    · a afirmação "alandroal-limite-divida-dgal-2024" está no livro-razão e tem página própria, mas nenhuma outra página a cita.[0m
[90m    · a afirmação "albergaria-a-velha-limite-divida-dgal-2024" está no livro-razão e tem página própria, mas nenhuma outra página a cita.[0m
[90m    · a afirmação "albufeira-limite-divida-dgal-2024" está no livro-razão e tem página própria, mas nenhuma outra página a cita.[0m
[90m    · a afirmação "alcacer-do-sal-limite-divida-dgal-2024" está no livro-razão e tem página própria, mas nenhuma outra página a cita.[0m
[90m    · a afirmação "alcanena-limite-divida-dgal-2024" está no livro-razão e tem página própria, mas nenhuma outra página a cita.[0m
[90m    · a afirmação "alcobaca-limite-divida-dgal-2024" está no livro-razão e tem página própria, mas nenhuma outra página a cita.[0m
[90m    · a afirmação "alcochete-limite-divida-dgal-2024" está no livro-razão e tem página própria, mas nenhuma outra página a cita.[0m
[90m    · a afirmação "alcoutim-limite-divida-dgal-2024" está no livro-razão e tem página própria, mas nenhuma outra página a cita.[0m
[90m    · a afirmação "alenquer-limite-divida-dgal-2024" está no livro-razão e tem página própria, mas nenhuma outra página a cita.[0m
[90m    · a afirmação "alfandega-da-fe-limite-divida-dgal-2024" está no livro-razão e tem página própria, mas nenhuma outra página a cita.[0m
[90m    · a afirmação "alijo-limite-divida-dgal-2024" está no livro-razão e tem página própria, mas nenhuma outra página a cita.[0m
[90m    · a afirmação "aljezur-limite-divida-dgal-2024" está no livro-razão e tem página própria, mas nenhuma outra página a cita.[0m
[90m    · a afirmação "aljezur-prazo-medio-de-pagamento-2025-12" está no livro-razão e tem página própria, mas nenhuma outra página a cita.[0m
[90m    · a afirmação "aljustrel-limite-divida-dgal-2024" está no livro-razão e tem página própria, mas nenhuma outra página a cita.[0m
[90m    · a afirmação "aljustrel-prazo-medio-de-pagamento-2025-12" está no livro-razão e tem página própria, mas nenhuma outra página a cita.[0m
[90m    · a afirmação "almada-limite-divida-dgal-2024" está no livro-razão e tem página própria, mas nenhuma outra página a cita.[0m
[90m    · a afirmação "almada-prazo-medio-de-pagamento-2025-12" está no livro-razão e tem página própria, mas nenhuma outra página a cita.[0m
[90m    · a afirmação "almeida-limite-divida-dgal-2024" está no livro-razão e tem página própria, mas nenhuma outra página a cita.[0m
[90m    · a afirmação "almeirim-limite-divida-dgal-2024" está no livro-razão e tem página própria, mas nenhuma outra página a cita.[0m
[90m    · a afirmação "almodovar-limite-divida-dgal-2024" está no livro-razão e tem página própria, mas nenhuma outra página a cita.[0m
[90m    · a afirmação "alpiarca-limite-divida-dgal-2024" está no livro-razão e tem página própria, mas nenhuma outra página a cita.[0m
[90m    · a afirmação "alter-do-chao-limite-divida-dgal-2024" está no livro-razão e tem página própria, mas nenhuma outra página a cita.[0m
[90m    · a afirmação "alvaiazere-limite-divida-dgal-2024" está no livro-razão e tem página própria, mas nenhuma outra página a cita.[0m
[90m    · a afirmação "alvito-limite-divida-dgal-2024" está no livro-razão e tem página própria, mas nenhuma outra página a cita.[0m
[90m    · a afirmação "amadora-limite-divida-dgal-2024" está no livro-razão e tem página própria, mas nenhuma outra página a cita.[0m
[90m    · a afirmação "amarante-limite-divida-dgal-2024" está no livro-razão e tem página própria, mas nenhuma outra página a cita.[0m
[90m    · a afirmação "amares-limite-divida-dgal-2024" está no livro-razão e tem página própria, mas nenhuma outra página a cita.[0m
[90m    · a afirmação "anadia-limite-divida-dgal-2024" está no livro-razão e tem página própria, mas nenhuma outra página a cita.[0m
[90m    · a afirmação "angra-do-heroismo-limite-divida-dgal-2024" está no livro-razão e tem página própria, mas nenhuma outra página a cita.[0m
[90m    · a afirmação "ansiao-limite-divida-dgal-2024" está no livro-razão e tem página própria, mas nenhuma outra página a cita.[0m
[90m    · a afirmação "arcos-de-valdevez-limite-divida-dgal-2024" está no livro-razão e tem página própria, mas nenhuma outra página a cita.[0m
[90m    · a afirmação "arganil-limite-divida-dgal-2024" está no livro-razão e tem página própria, mas nenhuma outra página a cita.[0m
[90m    · a afirmação "armamar-limite-divida-dgal-2024" está no livro-razão e tem página própria, mas nenhuma outra página a cita.[0m
[90m    · a afirmação "arouca-limite-divida-dgal-2024" está no livro-razão e tem página própria, mas nenhuma outra página a cita.[0m
[90m    · a afirmação "arraiolos-limite-divida-dgal-2024" está no livro-razão e tem página própria, mas nenhuma outra página a cita.[0m
[90m    · a afirmação "arronches-limite-divida-dgal-2024" está no livro-razão e tem página própria, mas nenhuma outra página a cita.[0m
[90m    · a afirmação "arruda-dos-vinhos-limite-divida-dgal-2024" está no livro-razão e tem página própria, mas nenhuma outra página a cita.[0m
[90m    · a afirmação "aveiro-limite-divida-dgal-2024" está no livro-razão e tem página própria, mas nenhuma outra página a cita.[0m
[90m    · a afirmação "avis-limite-divida-dgal-2024" está no livro-razão e tem página própria, mas nenhuma outra página a cita.[0m
[90m    · a afirmação "avisos-pt2030-abertos" está no livro-razão e tem página própria, mas nenhuma outra página a cita.[0m
[90m    · a afirmação "avisos-pt2030-pessoas-singulares" está no livro-razão e tem página própria, mas nenhuma outra página a cita.[0m
[90m    · a afirmação "azambuja-limite-divida-dgal-2024" está no livro-razão e tem página própria, mas nenhuma outra página a cita.[0m
[90m    · a afirmação "baiao-limite-divida-dgal-2024" está no livro-razão e tem página própria, mas nenhuma outra página a cita.[0m
[90m    · a afirmação "barcelos-limite-divida-dgal-2024" está no livro-razão e tem página própria, mas nenhuma outra página a cita.[0m
[90m    · a afirmação "barrancos-limite-divida-dgal-2024" está no livro-razão e tem página própria, mas nenhuma outra página a cita.[0m
[90m    · a afirmação "barreiro-limite-divida-dgal-2024" está no livro-razão e tem página própria, mas nenhuma outra página a cita.[0m
[90m    · a afirmação "batalha-limite-divida-dgal-2024" está no livro-razão e tem página própria, mas nenhuma outra página a cita.[0m
[90m    · a afirmação "batalha-prazo-medio-de-pagamento-2025-12" está no livro-razão e tem página própria, mas nenhuma outra página a cita.[0m
[90m    · a afirmação "beja-limite-divida-dgal-2024" está no livro-razão e tem página própria, mas nenhuma outra página a cita.[0m
[90m    · a afirmação "belmonte-limite-divida-dgal-2024" está no livro-razão e tem página própria, mas nenhuma outra página a cita.[0m
[90m    · a afirmação "benavente-limite-divida-dgal-2024" está no livro-razão e tem página própria, mas nenhuma outra página a cita.[0m
[90m    · a afirmação "bombarral-limite-divida-dgal-2024" está no livro-razão e tem página própria, mas nenhuma outra página a cita.[0m
[90m    · a afirmação "borba-limite-divida-dgal-2024" está no livro-razão e tem página própria, mas nenhuma outra página a cita.[0m
[90m    · a afirmação "boticas-limite-divida-dgal-2024" está no livro-razão e tem página própria, mas nenhuma outra página a cita.[0m
[90m    · a afirmação "braga-limite-divida-dgal-2024" está no livro-razão e tem página própria, mas nenhuma outra página a cita.[0m
[90m    · a afirmação "braganca-limite-divida-dgal-2024" está no livro-razão e tem página própria, mas nenhuma outra página a cita.[0m
[90m    · a afirmação "cabeceiras-de-basto-limite-divida-dgal-2024" está no livro-razão e tem página própria, mas nenhuma outra página a cita.[0m
[90m    · a afirmação "cadaval-limite-divida-dgal-2024" está no livro-razão e tem página própria, mas nenhuma outra página a cita.[0m
[90m    · a afirmação "caldas-da-rainha-limite-divida-dgal-2024" está no livro-razão e tem página própria, mas nenhuma outra página a cita.[0m
[90m    · a afirmação "calheta-de-sao-jorge-limite-divida-dgal-2024" está no livro-razão e tem página própria, mas nenhuma outra página a cita.[0m
[90m    · a afirmação "calheta-limite-divida-dgal-2024" está no livro-razão e tem página própria, mas nenhuma outra página a cita.[0m
[90m    · a afirmação "camara-de-lobos-limite-divida-dgal-2024" está no livro-razão e tem página própria, mas nenhuma outra página a cita.[0m
[90m    · a afirmação "caminha-limite-divida-dgal-2024" está no livro-razão e tem página própria, mas nenhuma outra página a cita.[0m
[90m    · a afirmação "campo-maior-limite-divida-dgal-2024" está no livro-razão e tem página própria, mas nenhuma outra página a cita.[0m
[90m    · a afirmação "cantanhede-limite-divida-dgal-2024" está no livro-razão e tem página própria, mas nenhuma outra página a cita.[0m
[90m    · a afirmação "carrazeda-de-ansiaes-limite-divida-dgal-2024" está no livro-razão e tem página própria, mas nenhuma outra página a cita.[0m
[90m    · a afirmação "carregal-do-sal-limite-divida-dgal-2024" está no livro-razão e tem página própria, mas nenhuma outra página a cita.[0m
[90m    · a afirmação "cartaxo-limite-divida-dgal-2024" está no livro-razão e tem página própria, mas nenhuma outra página a cita.[0m
[90m    · a afirmação "cascais-limite-divida-dgal-2024" está no livro-razão e tem página própria, mas nenhuma outra página a cita.[0m
[90m    · a afirmação "castanheira-de-pera-limite-divida-dgal-2024" está no livro-razão e tem página própria, mas nenhuma outra página a cita.[0m
[90m    · a afirmação "castelo-branco-limite-divida-dgal-2024" está no livro-razão e tem página própria, mas nenhuma outra página a cita.[0m
[90m    · a afirmação "castelo-de-paiva-limite-divida-dgal-2024" está no livro-razão e tem página própria, mas nenhuma outra página a cita.[0m
[90m    · a afirmação "castelo-de-vide-limite-divida-dgal-2024" está no livro-razão e tem página própria, mas nenhuma outra página a cita.[0m
[90m    · a afirmação "castro-daire-limite-divida-dgal-2024" está no livro-razão e tem página própria, mas nenhuma outra página a cita.[0m
[90m    · a afirmação "castro-marim-limite-divida-dgal-2024" está no livro-razão e tem página própria, mas nenhuma outra página a cita.[0m
[90m    · a afirmação "castro-verde-limite-divida-dgal-2024" está no livro-razão e tem página própria, mas nenhuma outra página a cita.[0m
[90m    · a afirmação "celorico-da-beira-limite-divida-dgal-2024" está no livro-razão e tem página própria, mas nenhuma outra página a cita.[0m
[90m    · a afirmação "celorico-de-basto-limite-divida-dgal-2024" está no livro-razão e tem página própria, mas nenhuma outra página a cita.[0m
[90m    · a afirmação "chamusca-limite-divida-dgal-2024" está no livro-razão e tem página própria, mas nenhuma outra página a cita.[0m
[90m    · a afirmação "chaves-limite-divida-dgal-2024" está no livro-razão e tem página própria, mas nenhuma outra página a cita.[0m
[90m    · a afirmação "ciclo-substituicao-condutas" está no livro-razão e tem página própria, mas nenhuma outra página a cita.[0m
[90m    · a afirmação "cinfaes-limite-divida-dgal-2024" está no livro-razão e tem página própria, mas nenhuma outra página a cita.[0m
[90m    · a afirmação "coimbra-limite-divida-dgal-2024" está no livro-razão e tem página própria, mas nenhuma outra página a cita.[0m
[90m    · a afirmação "condeixa-a-nova-limite-divida-dgal-2024" está no livro-razão e tem página própria, mas nenhuma outra página a cita.[0m
[90m    · a afirmação "constancia-limite-divida-dgal-2024" está no livro-razão e tem página própria, mas nenhuma outra página a cita.[0m
[90m    · a afirmação "coruche-limite-divida-dgal-2024" está no livro-razão e tem página própria, mas nenhuma outra página a cita.[0m
[90m    · a afirmação "corvo-limite-divida-dgal-2024" está no livro-razão e tem página própria, mas nenhuma outra página a cita.[0m
[90m    · a afirmação "covilha-limite-divida-dgal-2024" está no livro-razão e tem página própria, mas nenhuma outra página a cita.[0m
[90m    · a afirmação "crato-limite-divida-dgal-2024" está no livro-razão e tem página própria, mas nenhuma outra página a cita.[0m
[90m    · a afirmação "credito-malparado-2024" está no livro-razão e tem página própria, mas nenhuma outra página a cita.[0m
[90m    · a afirmação "credito-malparado-2025" está no livro-razão e tem página própria, mas nenhuma outra página a cita.[0m
[90m    · a afirmação "cuba-limite-divida-dgal-2024" está no livro-razão e tem página própria, mas nenhuma outra página a cita.[0m
[90m    · a afirmação "distancia-portugal-ue27-2024" está no livro-razão e tem página própria, mas nenhuma outra página a cita.[0m
[90m    · a afirmação "edicoes-publicadas" está no livro-razão e tem página própria, mas nenhuma outra página a cita.[0m
[90m    · a afirmação "elvas-limite-divida-dgal-2024" está no livro-razão e tem página própria, mas nenhuma outra página a cita.[0m
[90m    · a afirmação "entroncamento-limite-divida-dgal-2024" está no livro-razão e tem página própria, mas nenhuma outra página a cita.[0m
[90m    · a afirmação "espinho-limite-divida-dgal-2024" está no livro-razão e tem página própria, mas nenhuma outra página a cita.[0m
[90m    · a afirmação "esposende-limite-divida-dgal-2024" está no livro-razão e tem página própria, mas nenhuma outra página a cita.[0m
[90m    · a afirmação "estarreja-limite-divida-dgal-2024" está no livro-razão e tem página própria, mas nenhuma outra página a cita.[0m
[90m    · a afirmação "estremoz-limite-divida-dgal-2024" está no livro-razão e tem página própria, mas nenhuma outra página a cita.[0m
[90m    · a afirmação "estudos-publicados" está no livro-razão e tem página própria, mas nenhuma outra página a cita.[0m
[90m    · a afirmação "evora-desemprego-registado-2013" está no livro-razão e tem página própria, mas nenhuma outra página a cita.[0m
[90m    · a afirmação "evora-desemprego-registado-2024" está no livro-razão e tem página própria, mas nenhuma outra página a cita.[0m
[90m    · a afirmação "evora-despesa-paga-2025" está no livro-razão e tem página própria, mas nenhuma outra página a cita.[0m
[90m    · a afirmação "evora-divergencia-municipio-dgal-2024" está no livro-razão e tem página própria, mas nenhuma outra página a cita.[0m
[90m    · a afirmação "evora-divida-total-2024" está no livro-razão e tem página própria, mas nenhuma outra página a cita.[0m
[90m    · a afirmação "evora-execucao-da-receita-2021" está no livro-razão e tem página própria, mas nenhuma outra página a cita.[0m
[90m    · a afirmação "evora-execucao-da-receita-2025" está no livro-razão e tem página própria, mas nenhuma outra página a cita.[0m
[90m    · a afirmação "evora-limite-divida-2025" está no livro-razão e tem página própria, mas nenhuma outra página a cita.[0m
[90m    · a afirmação "evora-margem-endividamento-2025" está no livro-razão e tem página própria, mas nenhuma outra página a cita.[0m
[90m    · a afirmação "evora-orcamento-2025" está no livro-razão e tem página própria, mas nenhuma outra página a cita.[0m
[90m    · a afirmação "evora-populacao-2021" está no livro-razão e tem página própria, mas nenhuma outra página a cita.[0m
[90m    · a afirmação "evora-prazo-medio-de-pagamento-2025-12" está no livro-razão e tem página própria, mas nenhuma outra página a cita.[0m
[90m    · a afirmação "evora-receita-cobrada-2025" está no livro-razão e tem página própria, mas nenhuma outra página a cita.[0m
[90m    · a afirmação "evora-vab-empresarial-2024" está no livro-razão e tem página própria, mas nenhuma outra página a cita.[0m
[90m    · a afirmação "factor-sustentabilidade-2026" está no livro-razão e tem página própria, mas nenhuma outra página a cita.[0m
[90m    · a afirmação "fafe-limite-divida-dgal-2024" está no livro-razão e tem página própria, mas nenhuma outra página a cita.[0m
[90m    · a afirmação "faro-limite-divida-dgal-2024" está no livro-razão e tem página própria, mas nenhuma outra página a cita.[0m
[90m    · a afirmação "felgueiras-limite-divida-dgal-2024" está no livro-razão e tem página própria, mas nenhuma outra página a cita.[0m
[90m    · a afirmação "ferreira-do-alentejo-limite-divida-dgal-2024" está no livro-razão e tem página própria, mas nenhuma outra página a cita.[0m
[90m    · a afirmação "ferreira-do-zezere-limite-divida-dgal-2024" está no livro-razão e tem página própria, mas nenhuma outra página a cita.[0m
[90m    · a afirmação "figueira-da-foz-limite-divida-dgal-2024" está no livro-razão e tem página própria, mas nenhuma outra página a cita.[0m
[90m    · a afirmação "figueira-de-castelo-rodrigo-limite-divida-dgal-2024" está no livro-razão e tem página própria, mas nenhuma outra página a cita.[0m
[90m    · a afirmação "figueiro-dos-vinhos-limite-divida-dgal-2024" está no livro-razão e tem página própria, mas nenhuma outra página a cita.[0m
[90m    · a afirmação "fornos-de-algodres-limite-divida-dgal-2024" está no livro-razão e tem página própria, mas nenhuma outra página a cita.[0m
[90m    · a afirmação "freixo-de-espada-a-cinta-limite-divida-dgal-2024" está no livro-razão e tem página própria, mas nenhuma outra página a cita.[0m
[90m    · a afirmação "fronteira-limite-divida-dgal-2024" está no livro-razão e tem página própria, mas nenhuma outra página a cita.[0m
[90m    · a afirmação "funchal-limite-divida-dgal-2024" está no livro-razão e tem página própria, mas nenhuma outra página a cita.[0m
[90m    · a afirmação "fundao-limite-divida-dgal-2024" está no livro-razão e tem página própria, mas nenhuma outra página a cita.[0m
[90m    · a afirmação "gaviao-limite-divida-dgal-2024" está no livro-razão e tem página própria, mas nenhuma outra página a cita.[0m
[90m    · a afirmação "gois-limite-divida-dgal-2024" está no livro-razão e tem página própria, mas nenhuma outra página a cita.[0m
[90m    · a afirmação "golega-limite-divida-dgal-2024" está no livro-razão e tem página própria, mas nenhuma outra página a cita.[0m
[90m    · a afirmação "gondomar-limite-divida-dgal-2024" está no livro-razão e tem página própria, mas nenhuma outra página a cita.[0m
[90m    · a afirmação "gouveia-limite-divida-dgal-2024" está no livro-razão e tem página própria, mas nenhuma outra página a cita.[0m
[90m    · a afirmação "grandola-limite-divida-dgal-2024" está no livro-razão e tem página própria, mas nenhuma outra página a cita.[0m
[90m    · a afirmação "guarda-limite-divida-dgal-2024" está no livro-razão e tem página própria, mas nenhuma outra página a cita.[0m
[90m    · a afirmação "guimaraes-limite-divida-dgal-2024" está no livro-razão e tem página própria, mas nenhuma outra página a cita.[0m
[90m    · a afirmação "horta-limite-divida-dgal-2024" está no livro-razão e tem página própria, mas nenhuma outra página a cita.[0m
[90m    · a afirmação "idanha-a-nova-limite-divida-dgal-2024" está no livro-razão e tem página própria, mas nenhuma outra página a cita.[0m
[90m    · a afirmação "ilhavo-limite-divida-dgal-2024" está no livro-razão e tem página própria, mas nenhuma outra página a cita.[0m
[90m    · a afirmação "indice-de-percepcao-da-corrupcao-2024" está no livro-razão e tem página própria, mas nenhuma outra página a cita.[0m
[90m    · a afirmação "indice-de-percepcao-da-corrupcao-2025-ue" está no livro-razão e tem página própria, mas nenhuma outra página a cita.[0m
[90m    · a afirmação "indice-de-percepcao-da-corrupcao-2025" está no livro-razão e tem página própria, mas nenhuma outra página a cita.[0m
[90m    · a afirmação "lagoa-faro-limite-divida-dgal-2024" está no livro-razão e tem página própria, mas nenhuma outra página a cita.[0m
[90m    · a afirmação "lagoa-ilha-de-sao-miguel-limite-divida-dgal-2024" está no livro-razão e tem página própria, mas nenhuma outra página a cita.[0m
[90m    · a afirmação "lagos-limite-divida-dgal-2024" está no livro-razão e tem página própria, mas nenhuma outra página a cita.[0m
[90m    · a afirmação "lajes-das-flores-limite-divida-dgal-2024" está no livro-razão e tem página própria, mas nenhuma outra página a cita.[0m
[90m    · a afirmação "lajes-do-pico-limite-divida-dgal-2024" está no livro-razão e tem página própria, mas nenhuma outra página a cita.[0m
[90m    · a afirmação "lamego-limite-divida-dgal-2024" está no livro-razão e tem página própria, mas nenhuma outra página a cita.[0m
[90m    · a afirmação "leiria-limite-divida-dgal-2024" está no livro-razão e tem página própria, mas nenhuma outra página a cita.[0m
[90m    · a afirmação "lisboa-limite-divida-dgal-2024" está no livro-razão e tem página própria, mas nenhuma outra página a cita.[0m
[90m    · a afirmação "loule-limite-divida-dgal-2024" está no livro-razão e tem página própria, mas nenhuma outra página a cita.[0m
[90m    · a afirmação "loures-limite-divida-dgal-2024" está no livro-razão e tem página própria, mas nenhuma outra página a cita.[0m
[90m    · a afirmação "lourinha-limite-divida-dgal-2024" está no livro-razão e tem página própria, mas nenhuma outra página a cita.[0m
[90m    · a afirmação "lousa-limite-divida-dgal-2024" está no livro-razão e tem página própria, mas nenhuma outra página a cita.[0m
[90m    · a afirmação "lousada-limite-divida-dgal-2024" está no livro-razão e tem página própria, mas nenhuma outra página a cita.[0m
[90m    · a afirmação "macao-limite-divida-dgal-2024" está no livro-razão e tem página própria, mas nenhuma outra página a cita.[0m
[90m    · a afirmação "macedo-de-cavaleiros-limite-divida-dgal-2024" está no livro-razão e tem página própria, mas nenhuma outra página a cita.[0m
[90m    · a afirmação "machico-limite-divida-dgal-2024" está no livro-razão e tem página própria, mas nenhuma outra página a cita.[0m
[90m    · a afirmação "madalena-limite-divida-dgal-2024" está no livro-razão e tem página própria, mas nenhuma outra página a cita.[0m
[90m    · a afirmação "mafra-limite-divida-dgal-2024" está no livro-razão e tem página própria, mas nenhuma outra página a cita.[0m
[90m    · a afirmação "maia-limite-divida-dgal-2024" está no livro-razão e tem página própria, mas nenhuma outra página a cita.[0m
[90m    · a afirmação "mangualde-limite-divida-dgal-2024" está no livro-razão e tem página própria, mas nenhuma outra página a cita.[0m
[90m    · a afirmação "manteigas-limite-divida-dgal-2024" está no livro-razão e tem página própria, mas nenhuma outra página a cita.[0m
[90m    · a afirmação "marco-de-canaveses-limite-divida-dgal-2024" está no livro-razão e tem página própria, mas nenhuma outra página a cita.[0m
[90m    · a afirmação "marinha-grande-limite-divida-dgal-2024" está no livro-razão e tem página própria, mas nenhuma outra página a cita.[0m
[90m    · a afirmação "marvao-limite-divida-dgal-2024" está no livro-razão e tem página própria, mas nenhuma outra página a cita.[0m
[90m    · a afirmação "matosinhos-limite-divida-dgal-2024" está no livro-razão e tem página própria, mas nenhuma outra página a cita.[0m
[90m    · a afirmação "mealhada-limite-divida-dgal-2024" está no livro-razão e tem página própria, mas nenhuma outra página a cita.[0m
[90m    · a afirmação "meda-limite-divida-dgal-2024" está no livro-razão e tem página própria, mas nenhuma outra página a cita.[0m
[90m    · a afirmação "melgaco-limite-divida-dgal-2024" está no livro-razão e tem página própria, mas nenhuma outra página a cita.[0m
[90m    · a afirmação "mertola-limite-divida-dgal-2024" está no livro-razão e tem página própria, mas nenhuma outra página a cita.[0m
[90m    · a afirmação "mesao-frio-limite-divida-dgal-2024" está no livro-razão e tem página própria, mas nenhuma outra página a cita.[0m
[90m    · a afirmação "mira-limite-divida-dgal-2024" está no livro-razão e tem página própria, mas nenhuma outra página a cita.[0m
[90m    · a afirmação "miranda-do-corvo-limite-divida-dgal-2024" está no livro-razão e tem página própria, mas nenhuma outra página a cita.[0m
[90m    · a afirmação "miranda-do-douro-limite-divida-dgal-2024" está no livro-razão e tem página própria, mas nenhuma outra página a cita.[0m
[90m    · a afirmação "mirandela-limite-divida-dgal-2024" está no livro-razão e tem página própria, mas nenhuma outra página a cita.[0m
[90m    · a afirmação "mogadouro-limite-divida-dgal-2024" está no livro-razão e tem página própria, mas nenhuma outra página a cita.[0m
[90m    · a afirmação "moimenta-da-beira-limite-divida-dgal-2024" está no livro-razão e tem página própria, mas nenhuma outra página a cita.[0m
[90m    · a afirmação "moimenta-da-beira-prazo-medio-de-pagamento-2025-12" está no livro-razão e tem página própria, mas nenhuma outra página a cita.[0m
[90m    · a afirmação "moita-limite-divida-dgal-2024" está no livro-razão e tem página própria, mas nenhuma outra página a cita.[0m
[90m    · a afirmação "moncao-limite-divida-dgal-2024" está no livro-razão e tem página própria, mas nenhuma outra página a cita.[0m
[90m    · a afirmação "monchique-limite-divida-dgal-2024" está no livro-razão e tem página própria, mas nenhuma outra página a cita.[0m
[90m    · a afirmação "mondim-de-basto-limite-divida-dgal-2024" está no livro-razão e tem página própria, mas nenhuma outra página a cita.[0m
[90m    · a afirmação "monforte-limite-divida-dgal-2024" está no livro-razão e tem página própria, mas nenhuma outra página a cita.[0m
[90m    · a afirmação "montalegre-limite-divida-dgal-2024" está no livro-razão e tem página própria, mas nenhuma outra página a cita.[0m
[90m    · a afirmação "montemor-o-novo-limite-divida-dgal-2024" está no livro-razão e tem página própria, mas nenhuma outra página a cita.[0m
[90m    · a afirmação "montemor-o-velho-limite-divida-dgal-2024" está no livro-razão e tem página própria, mas nenhuma outra página a cita.[0m
[90m    · a afirmação "montijo-limite-divida-dgal-2024" está no livro-razão e tem página própria, mas nenhuma outra página a cita.[0m
[90m    · a afirmação "mora-limite-divida-dgal-2024" está no livro-razão e tem página própria, mas nenhuma outra página a cita.[0m
[90m    · a afirmação "mortagua-limite-divida-dgal-2024" está no livro-razão e tem página própria, mas nenhuma outra página a cita.[0m
[90m    · a afirmação "moura-limite-divida-dgal-2024" está no livro-razão e tem página própria, mas nenhuma outra página a cita.[0m
[90m    · a afirmação "mourao-limite-divida-dgal-2024" está no livro-razão e tem página própria, mas nenhuma outra página a cita.[0m
[90m    · a afirmação "municipios-com-estudo-aprofundado" está no livro-razão e tem página própria, mas nenhuma outra página a cita.[0m
[90m    · a afirmação "municipios-sem-estudo-aprofundado" está no livro-razão e tem página própria, mas nenhuma outra página a cita.[0m
[90m    · a afirmação "murca-limite-divida-dgal-2024" está no livro-razão e tem página própria, mas nenhuma outra página a cita.[0m
[90m    · a afirmação "murtosa-limite-divida-dgal-2024" está no livro-razão e tem página própria, mas nenhuma outra página a cita.[0m
[90m    · a afirmação "nazare-limite-divida-dgal-2024" está no livro-razão e tem página própria, mas nenhuma outra página a cita.[0m
[90m    · a afirmação "nelas-limite-divida-dgal-2024" está no livro-razão e tem página própria, mas nenhuma outra página a cita.[0m
[90m    · a afirmação "nisa-limite-divida-dgal-2024" está no livro-razão e tem página própria, mas nenhuma outra página a cita.[0m
[90m    · a afirmação "nordeste-limite-divida-dgal-2024" está no livro-razão e tem página própria, mas nenhuma outra página a cita.[0m
[90m    · a afirmação "obidos-limite-divida-dgal-2024" está no livro-razão e tem página própria, mas nenhuma outra página a cita.[0m
[90m    · a afirmação "odemira-limite-divida-dgal-2024" está no livro-razão e tem página própria, mas nenhuma outra página a cita.[0m
[90m    · a afirmação "odivelas-limite-divida-dgal-2024" está no livro-razão e tem página própria, mas nenhuma outra página a cita.[0m
[90m    · a afirmação "oeiras-limite-divida-dgal-2024" está no livro-razão e tem página própria, mas nenhuma outra página a cita.[0m
[90m    · a afirmação "oleiros-limite-divida-dgal-2024" está no livro-razão e tem página própria, mas nenhuma outra página a cita.[0m
[90m    · a afirmação "olhao-limite-divida-dgal-2024" está no livro-razão e tem página própria, mas nenhuma outra página a cita.[0m
[90m    · a afirmação "oliveira-de-azemeis-limite-divida-dgal-2024" está no livro-razão e tem página própria, mas nenhuma outra página a cita.[0m
[90m    · a afirmação "oliveira-de-frades-limite-divida-dgal-2024" está no livro-razão e tem página própria, mas nenhuma outra página a cita.[0m
[90m    · a afirmação "oliveira-do-bairro-limite-divida-dgal-2024" está no livro-razão e tem página própria, mas nenhuma outra página a cita.[0m
[90m    · a afirmação "oliveira-do-hospital-limite-divida-dgal-2024" está no livro-razão e tem página própria, mas nenhuma outra página a cita.[0m
[90m    · a afirmação "ourem-limite-divida-dgal-2024" está no livro-razão e tem página própria, mas nenhuma outra página a cita.[0m
[90m    · a afirmação "ourique-limite-divida-dgal-2024" está no livro-razão e tem página própria, mas nenhuma outra página a cita.[0m
[90m    · a afirmação "ovar-limite-divida-dgal-2024" está no livro-razão e tem página própria, mas nenhuma outra página a cita.[0m
[90m    · a afirmação "pacos-de-ferreira-limite-divida-dgal-2024" está no livro-razão e tem página própria, mas nenhuma outra página a cita.[0m
[90m    · a afirmação "palmela-limite-divida-dgal-2024" está no livro-razão e tem página própria, mas nenhuma outra página a cita.[0m
[90m    · a afirmação "pampilhosa-da-serra-limite-divida-dgal-2024" está no livro-razão e tem página própria, mas nenhuma outra página a cita.[0m
[90m    · a afirmação "paredes-de-coura-limite-divida-dgal-2024" está no livro-razão e tem página própria, mas nenhuma outra página a cita.[0m
[90m    · a afirmação "paredes-limite-divida-dgal-2024" está no livro-razão e tem página própria, mas nenhuma outra página a cita.[0m
[90m    · a afirmação "pedrogao-grande-limite-divida-dgal-2024" está no livro-razão e tem página própria, mas nenhuma outra página a cita.[0m
[90m    · a afirmação "pedrogao-grande-prazo-medio-de-pagamento-2025-12" está no livro-razão e tem página própria, mas nenhuma outra página a cita.[0m
[90m    · a afirmação "penacova-limite-divida-dgal-2024" está no livro-razão e tem página própria, mas nenhuma outra página a cita.[0m
[90m    · a afirmação "penafiel-limite-divida-dgal-2024" está no livro-razão e tem página própria, mas nenhuma outra página a cita.[0m
[90m    · a afirmação "penalva-do-castelo-limite-divida-dgal-2024" está no livro-razão e tem página própria, mas nenhuma outra página a cita.[0m
[90m    · a afirmação "penamacor-limite-divida-dgal-2024" está no livro-razão e tem página própria, mas nenhuma outra página a cita.[0m
[90m    · a afirmação "penedono-divida-dgal-2024" está no livro-razão e tem página própria, mas nenhuma outra página a cita.[0m
[90m    · a afirmação "penedono-indice-de-divida-2024" está no livro-razão e tem página própria, mas nenhuma outra página a cita.[0m
[90m    · a afirmação "penedono-limite-divida-dgal-2024" está no livro-razão e tem página própria, mas nenhuma outra página a cita.[0m
[90m    · a afirmação "penedono-prazo-medio-de-pagamento-2025-12" está no livro-razão e tem página própria, mas nenhuma outra página a cita.[0m
[90m    · a afirmação "penela-limite-divida-dgal-2024" está no livro-razão e tem página própria, mas nenhuma outra página a cita.[0m
[90m    · a afirmação "peniche-limite-divida-dgal-2024" está no livro-razão e tem página própria, mas nenhuma outra página a cita.[0m
[90m    · a afirmação "peso-da-regua-limite-divida-dgal-2024" está no livro-razão e tem página própria, mas nenhuma outra página a cita.[0m
[90m    · a afirmação "pinhel-limite-divida-dgal-2024" está no livro-razão e tem página própria, mas nenhuma outra página a cita.[0m
[90m    · a afirmação "pombal-limite-divida-dgal-2024" está no livro-razão e tem página própria, mas nenhuma outra página a cita.[0m
[90m    · a afirmação "ponta-delgada-limite-divida-dgal-2024" está no livro-razão e tem página própria, mas nenhuma outra página a cita.[0m
[90m    · a afirmação "ponta-do-sol-limite-divida-dgal-2024" está no livro-razão e tem página própria, mas nenhuma outra página a cita.[0m
[90m    · a afirmação "ponte-da-barca-limite-divida-dgal-2024" está no livro-razão e tem página própria, mas nenhuma outra página a cita.[0m
[90m    · a afirmação "ponte-de-lima-limite-divida-dgal-2024" está no livro-razão e tem página própria, mas nenhuma outra página a cita.[0m
[90m    · a afirmação "ponte-de-sor-limite-divida-dgal-2024" está no livro-razão e tem página própria, mas nenhuma outra página a cita.[0m
[90m    · a afirmação "portalegre-limite-divida-dgal-2024" está no livro-razão e tem página própria, mas nenhuma outra página a cita.[0m
[90m    · a afirmação "portel-limite-divida-dgal-2024" está no livro-razão e tem página própria, mas nenhuma outra página a cita.[0m
[90m    · a afirmação "portimao-limite-divida-dgal-2024" está no livro-razão e tem página própria, mas nenhuma outra página a cita.[0m
[90m    · a afirmação "porto-de-mos-limite-divida-dgal-2024" está no livro-razão e tem página própria, mas nenhuma outra página a cita.[0m
[90m    · a afirmação "porto-limite-divida-dgal-2024" está no livro-razão e tem página própria, mas nenhuma outra página a cita.[0m
[90m    · a afirmação "porto-moniz-limite-divida-dgal-2024" está no livro-razão e tem página própria, mas nenhuma outra página a cita.[0m
[90m    · a afirmação "porto-santo-limite-divida-dgal-2024" está no livro-razão e tem página própria, mas nenhuma outra página a cita.[0m
[90m    · a afirmação "povoa-de-lanhoso-limite-divida-dgal-2024" está no livro-razão e tem página própria, mas nenhuma outra página a cita.[0m
[90m    · a afirmação "povoa-de-varzim-limite-divida-dgal-2024" está no livro-razão e tem página própria, mas nenhuma outra página a cita.[0m
[90m    · a afirmação "povoacao-limite-divida-dgal-2024" está no livro-razão e tem página própria, mas nenhuma outra página a cita.[0m
[90m    · a afirmação "praia-da-vitoria-limite-divida-dgal-2024" está no livro-razão e tem página própria, mas nenhuma outra página a cita.[0m
[90m    · a afirmação "proenca-a-nova-limite-divida-dgal-2024" está no livro-razão e tem página própria, mas nenhuma outra página a cita.[0m
[90m    · a afirmação "redondo-limite-divida-dgal-2024" está no livro-razão e tem página própria, mas nenhuma outra página a cita.[0m
[90m    · a afirmação "reguengos-de-monsaraz-limite-divida-dgal-2024" está no livro-razão e tem página própria, mas nenhuma outra página a cita.[0m
[90m    · a afirmação "resende-limite-divida-dgal-2024" está no livro-razão e tem página própria, mas nenhuma outra página a cita.[0m
[90m    · a afirmação "retribuicao-minima-mensal-doze-meses-2026" está no livro-razão e tem página própria, mas nenhuma outra página a cita.[0m
[90m    · a afirmação "ribeira-brava-limite-divida-dgal-2024" está no livro-razão e tem página própria, mas nenhuma outra página a cita.[0m
[90m    · a afirmação "ribeira-de-pena-limite-divida-dgal-2024" está no livro-razão e tem página própria, mas nenhuma outra página a cita.[0m
[90m    · a afirmação "ribeira-grande-limite-divida-dgal-2024" está no livro-razão e tem página própria, mas nenhuma outra página a cita.[0m
[90m    · a afirmação "rio-maior-limite-divida-dgal-2024" está no livro-razão e tem página própria, mas nenhuma outra página a cita.[0m
[90m    · a afirmação "sabrosa-limite-divida-dgal-2024" está no livro-razão e tem página própria, mas nenhuma outra página a cita.[0m
[90m    · a afirmação "sabugal-limite-divida-dgal-2024" está no livro-razão e tem página própria, mas nenhuma outra página a cita.[0m
[90m    · a afirmação "saldo-das-administracoes-publicas-2025-notificacao-ine-2026-09" está no livro-razão e tem página própria, mas nenhuma outra página a cita.[0m
[90m    · a afirmação "saldo-natural-portugal-2025" está no livro-razão e tem página própria, mas nenhuma outra página a cita.[0m
[90m    · a afirmação "salvaterra-de-magos-limite-divida-dgal-2024" está no livro-razão e tem página própria, mas nenhuma outra página a cita.[0m
[90m    · a afirmação "santa-comba-dao-limite-divida-dgal-2024" está no livro-razão e tem página própria, mas nenhuma outra página a cita.[0m
[90m    · a afirmação "santa-cruz-da-graciosa-limite-divida-dgal-2024" está no livro-razão e tem página própria, mas nenhuma outra página a cita.[0m
[90m    · a afirmação "santa-cruz-das-flores-limite-divida-dgal-2024" está no livro-razão e tem página própria, mas nenhuma outra página a cita.[0m
[90m    · a afirmação "santa-cruz-limite-divida-dgal-2024" está no livro-razão e tem página própria, mas nenhuma outra página a cita.[0m
[90m    · a afirmação "santa-maria-da-feira-limite-divida-dgal-2024" está no livro-razão e tem página própria, mas nenhuma outra página a cita.[0m
[90m    · a afirmação "santa-marta-de-penaguiao-limite-divida-dgal-2024" está no livro-razão e tem página própria, mas nenhuma outra página a cita.[0m
[90m    · a afirmação "santana-limite-divida-dgal-2024" está no livro-razão e tem página própria, mas nenhuma outra página a cita.[0m
[90m    · a afirmação "santarem-limite-divida-dgal-2024" está no livro-razão e tem página própria, mas nenhuma outra página a cita.[0m
[90m    · a afirmação "santiago-do-cacem-limite-divida-dgal-2024" está no livro-razão e tem página própria, mas nenhuma outra página a cita.[0m
[90m    · a afirmação "santo-tirso-limite-divida-dgal-2024" está no livro-razão e tem página própria, mas nenhuma outra página a cita.[0m
[90m    · a afirmação "sao-bras-de-alportel-limite-divida-dgal-2024" está no livro-razão e tem página própria, mas nenhuma outra página a cita.[0m
[90m    · a afirmação "sao-joao-da-madeira-limite-divida-dgal-2024" está no livro-razão e tem página própria, mas nenhuma outra página a cita.[0m
[90m    · a afirmação "sao-joao-da-pesqueira-limite-divida-dgal-2024" está no livro-razão e tem página própria, mas nenhuma outra página a cita.[0m
[90m    · a afirmação "sao-pedro-do-sul-limite-divida-dgal-2024" está no livro-razão e tem página própria, mas nenhuma outra página a cita.[0m
[90m    · a afirmação "sao-roque-do-pico-limite-divida-dgal-2024" está no livro-razão e tem página própria, mas nenhuma outra página a cita.[0m
[90m    · a afirmação "sao-vicente-limite-divida-dgal-2024" está no livro-razão e tem página própria, mas nenhuma outra página a cita.[0m
[90m    · a afirmação "sardoal-limite-divida-dgal-2024" está no livro-razão e tem página própria, mas nenhuma outra página a cita.[0m
[90m    · a afirmação "satao-limite-divida-dgal-2024" está no livro-razão e tem página própria, mas nenhuma outra página a cita.[0m
[90m    · a afirmação "seia-limite-divida-dgal-2024" está no livro-razão e tem página própria, mas nenhuma outra página a cita.[0m
[90m    · a afirmação "seixal-limite-divida-dgal-2024" está no livro-razão e tem página própria, mas nenhuma outra página a cita.[0m
[90m    · a afirmação "sernancelhe-limite-divida-dgal-2024" está no livro-razão e tem página própria, mas nenhuma outra página a cita.[0m
[90m    · a afirmação "serpa-limite-divida-dgal-2024" está no livro-razão e tem página própria, mas nenhuma outra página a cita.[0m
[90m    · a afirmação "serta-limite-divida-dgal-2024" está no livro-razão e tem página própria, mas nenhuma outra página a cita.[0m
[90m    · a afirmação "sesimbra-limite-divida-dgal-2024" está no livro-razão e tem página própria, mas nenhuma outra página a cita.[0m
[90m    · a afirmação "setubal-limite-divida-dgal-2024" está no livro-razão e tem página própria, mas nenhuma outra página a cita.[0m
[90m    · a afirmação "sever-do-vouga-limite-divida-dgal-2024" está no livro-razão e tem página própria, mas nenhuma outra página a cita.[0m
[90m    · a afirmação "silves-limite-divida-dgal-2024" está no livro-razão e tem página própria, mas nenhuma outra página a cita.[0m
[90m    · a afirmação "sines-limite-divida-dgal-2024" está no livro-razão e tem página própria, mas nenhuma outra página a cita.[0m
[90m    · a afirmação "sintra-limite-divida-dgal-2024" está no livro-razão e tem página própria, mas nenhuma outra página a cita.[0m
[90m    · a afirmação "sobral-de-monte-agraco-limite-divida-dgal-2024" está no livro-razão e tem página própria, mas nenhuma outra página a cita.[0m
[90m    · a afirmação "sobrecarga-do-custo-da-habitacao-2025-ue" está no livro-razão e tem página própria, mas nenhuma outra página a cita.[0m
[90m    · a afirmação "soure-limite-divida-dgal-2024" está no livro-razão e tem página própria, mas nenhuma outra página a cita.[0m
[90m    · a afirmação "sousel-limite-divida-dgal-2024" está no livro-razão e tem página própria, mas nenhuma outra página a cita.[0m
[90m    · a afirmação "tabua-limite-divida-dgal-2024" está no livro-razão e tem página própria, mas nenhuma outra página a cita.[0m
[90m    · a afirmação "tabuaco-limite-divida-dgal-2024" está no livro-razão e tem página própria, mas nenhuma outra página a cita.[0m
[90m    · a afirmação "tarouca-limite-divida-dgal-2024" está no livro-razão e tem página própria, mas nenhuma outra página a cita.[0m
[90m    · a afirmação "tavira-limite-divida-dgal-2024" está no livro-razão e tem página própria, mas nenhuma outra página a cita.[0m
[90m    · a afirmação "taxa-de-desemprego-2024" está no livro-razão e tem página própria, mas nenhuma outra página a cita.[0m
[90m    · a afirmação "taxa-de-desemprego-2025-ue" está no livro-razão e tem página própria, mas nenhuma outra página a cita.[0m
[90m    · a afirmação "terras-de-bouro-limite-divida-dgal-2024" está no livro-razão e tem página própria, mas nenhuma outra página a cita.[0m
[90m    · a afirmação "tomar-limite-divida-dgal-2024" está no livro-razão e tem página própria, mas nenhuma outra página a cita.[0m
[90m    · a afirmação "tondela-limite-divida-dgal-2024" está no livro-razão e tem página própria, mas nenhuma outra página a cita.[0m
[90m    · a afirmação "torre-de-moncorvo-limite-divida-dgal-2024" está no livro-razão e tem página própria, mas nenhuma outra página a cita.[0m
[90m    · a afirmação "torres-novas-limite-divida-dgal-2024" está no livro-razão e tem página própria, mas nenhuma outra página a cita.[0m
[90m    · a afirmação "torres-vedras-limite-divida-dgal-2024" está no livro-razão e tem página própria, mas nenhuma outra página a cita.[0m
[90m    · a afirmação "trancoso-limite-divida-dgal-2024" está no livro-razão e tem página própria, mas nenhuma outra página a cita.[0m
[90m    · a afirmação "trancoso-prazo-medio-de-pagamento-2025-12" está no livro-razão e tem página própria, mas nenhuma outra página a cita.[0m
[90m    · a afirmação "trofa-limite-divida-dgal-2024" está no livro-razão e tem página própria, mas nenhuma outra página a cita.[0m
[90m    · a afirmação "vagos-limite-divida-dgal-2024" está no livro-razão e tem página própria, mas nenhuma outra página a cita.[0m
[90m    · a afirmação "vale-de-cambra-limite-divida-dgal-2024" está no livro-razão e tem página própria, mas nenhuma outra página a cita.[0m
[90m    · a afirmação "valenca-limite-divida-dgal-2024" está no livro-razão e tem página própria, mas nenhuma outra página a cita.[0m
[90m    · a afirmação "valongo-limite-divida-dgal-2024" está no livro-razão e tem página própria, mas nenhuma outra página a cita.[0m
[90m    · a afirmação "valpacos-limite-divida-dgal-2024" está no livro-razão e tem página própria, mas nenhuma outra página a cita.[0m
[90m    · a afirmação "velas-limite-divida-dgal-2024" está no livro-razão e tem página própria, mas nenhuma outra página a cita.[0m
[90m    · a afirmação "vendas-novas-limite-divida-dgal-2024" está no livro-razão e tem página própria, mas nenhuma outra página a cita.[0m
[90m    · a afirmação "viana-do-alentejo-limite-divida-dgal-2024" está no livro-razão e tem página própria, mas nenhuma outra página a cita.[0m
[90m    · a afirmação "viana-do-castelo-limite-divida-dgal-2024" está no livro-razão e tem página própria, mas nenhuma outra página a cita.[0m
[90m    · a afirmação "vidigueira-limite-divida-dgal-2024" está no livro-razão e tem página própria, mas nenhuma outra página a cita.[0m
[90m    · a afirmação "vieira-do-minho-limite-divida-dgal-2024" está no livro-razão e tem página própria, mas nenhuma outra página a cita.[0m
[90m    · a afirmação "vila-de-rei-limite-divida-dgal-2024" está no livro-razão e tem página própria, mas nenhuma outra página a cita.[0m
[90m    · a afirmação "vila-do-bispo-limite-divida-dgal-2024" está no livro-razão e tem página própria, mas nenhuma outra página a cita.[0m
[90m    · a afirmação "vila-do-conde-limite-divida-dgal-2024" está no livro-razão e tem página própria, mas nenhuma outra página a cita.[0m
[90m    · a afirmação "vila-do-porto-limite-divida-dgal-2024" está no livro-razão e tem página própria, mas nenhuma outra página a cita.[0m
[90m    · a afirmação "vila-flor-limite-divida-dgal-2024" está no livro-razão e tem página própria, mas nenhuma outra página a cita.[0m
[90m    · a afirmação "vila-franca-de-xira-limite-divida-dgal-2024" está no livro-razão e tem página própria, mas nenhuma outra página a cita.[0m
[90m    · a afirmação "vila-franca-do-campo-limite-divida-dgal-2024" está no livro-razão e tem página própria, mas nenhuma outra página a cita.[0m
[90m    · a afirmação "vila-nova-da-barquinha-limite-divida-dgal-2024" está no livro-razão e tem página própria, mas nenhuma outra página a cita.[0m
[90m    · a afirmação "vila-nova-de-cerveira-limite-divida-dgal-2024" está no livro-razão e tem página própria, mas nenhuma outra página a cita.[0m
[90m    · a afirmação "vila-nova-de-famalicao-limite-divida-dgal-2024" está no livro-razão e tem página própria, mas nenhuma outra página a cita.[0m
[90m    · a afirmação "vila-nova-de-foz-coa-limite-divida-dgal-2024" está no livro-razão e tem página própria, mas nenhuma outra página a cita.[0m
[90m    · a afirmação "vila-nova-de-gaia-limite-divida-dgal-2024" está no livro-razão e tem página própria, mas nenhuma outra página a cita.[0m
[90m    · a afirmação "vila-nova-de-paiva-limite-divida-dgal-2024" está no livro-razão e tem página própria, mas nenhuma outra página a cita.[0m
[90m    · a afirmação "vila-nova-de-poiares-limite-divida-dgal-2024" está no livro-razão e tem página própria, mas nenhuma outra página a cita.[0m
[90m    · a afirmação "vila-pouca-de-aguiar-limite-divida-dgal-2024" está no livro-razão e tem página própria, mas nenhuma outra página a cita.[0m
[90m    · a afirmação "vila-real-de-santo-antonio-limite-divida-dgal-2024" está no livro-razão e tem página própria, mas nenhuma outra página a cita.[0m
[90m    · a afirmação "vila-real-limite-divida-dgal-2024" está no livro-razão e tem página própria, mas nenhuma outra página a cita.[0m
[90m    · a afirmação "vila-velha-de-rodao-limite-divida-dgal-2024" está no livro-razão e tem página própria, mas nenhuma outra página a cita.[0m
[90m    · a afirmação "vila-verde-limite-divida-dgal-2024" está no livro-razão e tem página própria, mas nenhuma outra página a cita.[0m
[90m    · a afirmação "vila-vicosa-limite-divida-dgal-2024" está no livro-razão e tem página própria, mas nenhuma outra página a cita.[0m
[90m    · a afirmação "vimioso-limite-divida-dgal-2024" está no livro-razão e tem página própria, mas nenhuma outra página a cita.[0m
[90m    · a afirmação "vinhais-limite-divida-dgal-2024" está no livro-razão e tem página própria, mas nenhuma outra página a cita.[0m
[90m    · a afirmação "viseu-limite-divida-dgal-2024" está no livro-razão e tem página própria, mas nenhuma outra página a cita.[0m
[90m    · a afirmação "vizela-limite-divida-dgal-2024" está no livro-razão e tem página própria, mas nenhuma outra página a cita.[0m
[90m    · a afirmação "vouzela-limite-divida-dgal-2024" está no livro-razão e tem página própria, mas nenhuma outra página a cita.[0m

[31m  O PORTÃO DE HTML FECHOU — 4906 erro(s):[0m

  [31men/municipalities/abrantes/index.html[0m
    [31m✗[0m I143/I158: o cartão cola o valor à unidade (abrantes-empresas-2024)
    [31m✗[0m I143/I158: o cartão cola o valor à unidade (abrantes-divida-dgal-2024)
    [31m✗[0m I143/I158: o cartão cola o valor à unidade (abrantes-prazo-medio-de-pagamento-2025-12)
    [31m✗[0m I143/I158: o cartão cola o valor à unidade (abrantes-poder-de-compra-2023)
    [31m✗[0m I143/I158: o cartão cola o valor à unidade (abrantes-indice-de-divida-2024)
    [31m✗[0m I143/I158: o cartão cola o valor à unidade (abrantes-desemprego-registado-2025-12)
    [31m✗[0m I143/I158: o cartão cola o valor à unidade (abrantes-ganho-medio-mensal-2024)
    [31m✗[0m I143/I158: o cartão cola o valor à unidade (abrantes-populacao-2025)

  [31men/municipalities/agueda/index.html[0m
    [31m✗[0m I143/I158: o cartão cola o valor à unidade (agueda-empresas-2024)
    [31m✗[0m I143/I158: o cartão cola o valor à unidade (agueda-divida-dgal-2024)
    [31m✗[0m I143/I158: o cartão cola o valor à unidade (agueda-prazo-medio-de-pagamento-2025-12)
    [31m✗[0m I143/I158: o cartão cola o valor à unidade (agueda-poder-de-compra-2023)
    [31m✗[0m I143/I158: o cartão cola o valor à unidade (agueda-indice-de-divida-2024)
    [31m✗[0m I143/I158: o cartão cola o valor à unidade (agueda-desemprego-registado-2025-12)
    [31m✗[0m I143/I158: o cartão cola o valor à unidade (agueda-ganho-medio-mensal-2024)
    [31m✗[0m I143/I158: o cartão cola o valor à unidade (agueda-populacao-2025)

  [31men/municipalities/aguiar-da-beira/index.html[0m
    [31m✗[0m I143/I158: o cartão cola o valor à unidade (aguiar-da-beira-empresas-2024)
    [31m✗[0m I143/I158: o cartão cola o valor à unidade (aguiar-da-beira-divida-dgal-2024)
    [31m✗[0m I143/I158: o cartão cola o valor à unidade (aguiar-da-beira-prazo-medio-de-pagamento-2025-12)
    [31m✗[0m I143/I158: o cartão cola o valor à unidade (aguiar-da-beira-poder-de-compra-2023)
    [31m✗[0m I143/I158: o cartão cola o valor à unidade (aguiar-da-beira-indice-de-divida-2024)
    [31m✗[0m I143/I158: o cartão cola o valor à unidade (aguiar-da-beira-desemprego-registado-2025-12)
    [31m✗[0m I143/I158: o cartão cola o valor à unidade (aguiar-da-beira-ganho-medio-mensal-2024)
    [31m✗[0m I143/I158: o cartão cola o valor à unidade (aguiar-da-beira-populacao-2025)

  [31men/municipalities/alandroal/index.html[0m
    [31m✗[0m I143/I158: o cartão cola o valor à unidade (alandroal-empresas-2024)
    [31m✗[0m I143/I158: o cartão cola o valor à unidade (alandroal-divida-dgal-2024)
    [31m✗[0m I143/I158: o cartão cola o valor à unidade (alandroal-prazo-medio-de-pagamento-2025-12)
    [31m✗[0m I143/I158: o cartão cola o valor à unidade (alandroal-poder-de-compra-2023)
    [31m✗[0m I143/I158: o cartão cola o valor à unidade (alandroal-indice-de-divida-2024)
    [31m✗[0m I143/I158: o cartão cola o valor à unidade (alandroal-desemprego-registado-2025-12)
    [31m✗[0m I143/I158: o cartão cola o valor à unidade (alandroal-ganho-medio-mensal-2024)
    [31m✗[0m I143/I158: o cartão cola o valor à unidade (alandroal-populacao-2025)

  [31men/municipalities/albergaria-a-velha/index.html[0m
    [31m✗[0m I143/I158: o cartão cola o valor à unidade (albergaria-a-velha-empresas-2024)
    [31m✗[0m I143/I158: o cartão cola o valor à unidade (albergaria-a-velha-divida-dgal-2024)
    [31m✗[0m I143/I158: o cartão cola o valor à unidade (albergaria-a-velha-prazo-medio-de-pagamento-2025-12)
    [31m✗[0m I143/I158: o cartão cola o valor à unidade (albergaria-a-velha-poder-de-compra-2023)
    [31m✗[0m I143/I158: o cartão cola o valor à unidade (albergaria-a-velha-indice-de-divida-2024)
    [31m✗[0m I143/I158: o cartão cola o valor à unidade (albergaria-a-velha-desemprego-registado-2025-12)
    [31m✗[0m I143/I158: o cartão cola o valor à unidade (albergaria-a-velha-ganho-medio-mensal-2024)
    [31m✗[0m I143/I158: o cartão cola o valor à unidade (albergaria-a-velha-populacao-2025)

  [31men/municipalities/albufeira/index.html[0m
    [31m✗[0m I143/I158: o cartão cola o valor à unidade (albufeira-empresas-2024)
    [31m✗[0m I143/I158: o cartão cola o valor à unidade (albufeira-divida-dgal-2024)
    [31m✗[0m I143/I158: o cartão cola o valor à unidade (albufeira-prazo-medio-de-pagamento-2025-12)
    [31m✗[0m I143/I158: o cartão cola o valor à unidade (albufeira-poder-de-compra-2023)
    [31m✗[0m I143/I158: o cartão cola o valor à unidade (albufeira-indice-de-divida-2024)
    [31m✗[0m I143/I158: o cartão cola o valor à unidade (albufeira-desemprego-registado-2025-12)
    [31m✗[0m I143/I158: o cartão cola o valor à unidade (albufeira-ganho-medio-mensal-2024)
    [31m✗[0m I143/I158: o cartão cola o valor à unidade (albufeira-populacao-2025)

  [31men/municipalities/alcacer-do-sal/index.html[0m
    [31m✗[0m I143/I158: o cartão cola o valor à unidade (alcacer-do-sal-empresas-2024)
    [31m✗[0m I143/I158: o cartão cola o valor à unidade (alcacer-do-sal-divida-dgal-2024)
    [31m✗[0m I143/I158: o cartão cola o valor à unidade (alcacer-do-sal-prazo-medio-de-pagamento-2025-12)
    [31m✗[0m I143/I158: o cartão cola o valor à unidade (alcacer-do-sal-poder-de-compra-2023)
    [31m✗[0m I143/I158: o cartão cola o valor à unidade (alcacer-do-sal-indice-de-divida-2024)
    [31m✗[0m I143/I158: o cartão cola o valor à unidade (alcacer-do-sal-desemprego-registado-2025-12)
    [31m✗[0m I143/I158: o cartão cola o valor à unidade (alcacer-do-sal-ganho-medio-mensal-2024)
    [31m✗[0m I143/I158: o cartão cola o valor à unidade (alcacer-do-sal-populacao-2025)

  [31men/municipalities/alcanena/index.html[0m
    [31m✗[0m I143/I158: o cartão cola o valor à unidade (alcanena-empresas-2024)
    [31m✗[0m I143/I158: o cartão cola o valor à unidade (alcanena-divida-dgal-2024)
    [31m✗[0m I143/I158: o cartão cola o valor à unidade (alcanena-prazo-medio-de-pagamento-2025-12)
    [31m✗[0m I143/I158: o cartão cola o valor à unidade (alcanena-poder-de-compra-2023)
    [31m✗[0m I143/I158: o cartão cola o valor à unidade (alcanena-indice-de-divida-2024)
    [31m✗[0m I143/I158: o cartão cola o valor à unidade (alcanena-desemprego-registado-2025-12)
    [31m✗[0m I143/I158: o cartão cola o valor à unidade (alcanena-ganho-medio-mensal-2024)
    [31m✗[0m I143/I158: o cartão cola o valor à unidade (alcanena-populacao-2025)

  [31men/municipalities/alcobaca/index.html[0m
    [31m✗[0m I143/I158: o cartão cola o valor à unidade (alcobaca-empresas-2024)
    [31m✗[0m I143/I158: o cartão cola o valor à unidade (alcobaca-divida-dgal-2024)
    [31m✗[0m I143/I158: o cartão cola o valor à unidade (alcobaca-prazo-medio-de-pagamento-2025-12)
    [31m✗[0m I143/I158: o cartão cola o valor à unidade (alcobaca-poder-de-compra-2023)
    [31m✗[0m I143/I158: o cartão cola o valor à unidade (alcobaca-indice-de-divida-2024)
    [31m✗[0m I143/I158: o cartão cola o valor à unidade (alcobaca-desemprego-registado-2025-12)
    [31m✗[0m I143/I158: o cartão cola o valor à unidade (alcobaca-ganho-medio-mensal-2024)
    [31m✗[0m I143/I158: o cartão cola o valor à unidade (alcobaca-populacao-2025)

  [31men/municipalities/alcochete/index.html[0m
    [31m✗[0m I143/I158: o cartão cola o valor à unidade (alcochete-empresas-2024)
    [31m✗[0m I143/I158: o cartão cola o valor à unidade (alcochete-divida-dgal-2024)
    [31m✗[0m I143/I158: o cartão cola o valor à unidade (alcochete-prazo-medio-de-pagamento-2025-12)
    [31m✗[0m I143/I158: o cartão cola o valor à unidade (alcochete-poder-de-compra-2023)
    [31m✗[0m I143/I158: o cartão cola o valor à unidade (alcochete-indice-de-divida-2024)
    [31m✗[0m I143/I158: o cartão cola o valor à unidade (alcochete-desemprego-registado-2025-12)
    [31m✗[0m I143/I158: o cartão cola o valor à unidade (alcochete-ganho-medio-mensal-2024)
    [31m✗[0m I143/I158: o cartão cola o valor à unidade (alcochete-populacao-2025)

  [31men/municipalities/alcoutim/index.html[0m
    [31m✗[0m I143/I158: o cartão cola o valor à unidade (alcoutim-empresas-2024)
    [31m✗[0m I143/I158: o cartão cola o valor à unidade (alcoutim-divida-dgal-2024)
    [31m✗[0m I143/I158: o cartão cola o valor à unidade (alcoutim-prazo-medio-de-pagamento-2025-12)
    [31m✗[0m I143/I158: o cartão cola o valor à unidade (alcoutim-poder-de-compra-2023)
    [31m✗[0m I143/I158: o cartão cola o valor à unidade (alcoutim-indice-de-divida-2024)
    [31m✗[0m I143/I158: o cartão cola o valor à unidade (alcoutim-desemprego-registado-2025-12)
    [31m✗[0m I143/I158: o cartão cola o valor à unidade (alcoutim-ganho-medio-mensal-2024)
    [31m✗[0m I143/I158: o cartão cola o valor à unidade (alcoutim-populacao-2025)

  [31men/municipalities/alenquer/index.html[0m
    [31m✗[0m I143/I158: o cartão cola o valor à unidade (alenquer-empresas-2024)
    [31m✗[0m I143/I158: o cartão cola o valor à unidade (alenquer-divida-dgal-2024)
    [31m✗[0m I143/I158: o cartão cola o valor à unidade (alenquer-prazo-medio-de-pagamento-2025-12)
    [31m✗[0m I143/I158: o cartão cola o valor à unidade (alenquer-poder-de-compra-2023)
    [31m✗[0m I143/I158: o cartão cola o valor à unidade (alenquer-indice-de-divida-2024)
    [31m✗[0m I143/I158: o cartão cola o valor à unidade (alenquer-desemprego-registado-2025-12)
    [31m✗[0m I143/I158: o cartão cola o valor à unidade (alenquer-ganho-medio-mensal-2024)
    [31m✗[0m I143/I158: o cartão cola o valor à unidade (alenquer-populacao-2025)

  [31men/municipalities/alfandega-da-fe/index.html[0m
    [31m✗[0m I143/I158: o cartão cola o valor à unidade (alfandega-da-fe-empresas-2024)
    [31m✗[0m I143/I158: o cartão cola o valor à unidade (alfandega-da-fe-divida-dgal-2024)
    [31m✗[0m I143/I158: o cartão cola o valor à unidade (alfandega-da-fe-prazo-medio-de-pagamento-2025-12)
    [31m✗[0m I143/I158: o cartão cola o valor à unidade (alfandega-da-fe-poder-de-compra-2023)
    [31m✗[0m I143/I158: o cartão cola o valor à unidade (alfandega-da-fe-indice-de-divida-2024)
    [31m✗[0m I143/I158: o cartão cola o valor à unidade (alfandega-da-fe-desemprego-registado-2025-12)
    [31m✗[0m I143/I158: o cartão cola o valor à unidade (alfandega-da-fe-ganho-medio-mensal-2024)
    [31m✗[0m I143/I158: o cartão cola o valor à unidade (alfandega-da-fe-populacao-2025)

  [31men/municipalities/alijo/index.html[0m
    [31m✗[0m I143/I158: o cartão cola o valor à unidade (alijo-empresas-2024)
    [31m✗[0m I143/I158: o cartão cola o valor à unidade (alijo-divida-dgal-2024)
    [31m✗[0m I143/I158: o cartão cola o valor à unidade (alijo-prazo-medio-de-pagamento-2025-12)
    [31m✗[0m I143/I158: o cartão cola o valor à unidade (alijo-poder-de-compra-2023)
    [31m✗[0m I143/I158: o cartão cola o valor à unidade (alijo-indice-de-divida-2024)
    [31m✗[0m I143/I158: o cartão cola o valor à unidade (alijo-desemprego-registado-2025-12)
    [31m✗[0m I143/I158: o cartão cola o valor à unidade (alijo-ganho-medio-mensal-2024)
    [31m✗[0m I143/I158: o cartão cola o valor à unidade (alijo-populacao-2025)

  [31men/municipalities/aljezur/index.html[0m
    [31m✗[0m I143/I158: o cartão cola o valor à unidade (aljezur-empresas-2024)
    [31m✗[0m I143/I158: o cartão cola o valor à unidade (aljezur-divida-dgal-2024)
    [31m✗[0m I143/I158: o cartão cola o valor à unidade (aljezur-poder-de-compra-2023)
    [31m✗[0m I143/I158: o cartão cola o valor à unidade (aljezur-indice-de-divida-2024)
    [31m✗[0m I143/I158: o cartão cola o valor à unidade (aljezur-desemprego-registado-2025-12)
    [31m✗[0m I143/I158: o cartão cola o valor à unidade (aljezur-ganho-medio-mensal-2024)
    [31m✗[0m I143/I158: o cartão cola o valor à unidade (aljezur-populacao-2025)

  [31men/municipalities/aljustrel/index.html[0m
    [31m✗[0m I143/I158: o cartão cola o valor à unidade (aljustrel-empresas-2024)
    [31m✗[0m I143/I158: o cartão cola o valor à unidade (aljustrel-divida-dgal-2024)
    [31m✗[0m I143/I158: o cartão cola o valor à unidade (aljustrel-poder-de-compra-2023)
    [31m✗[0m I143/I158: o cartão cola o valor à unidade (aljustrel-indice-de-divida-2024)
    [31m✗[0m I143/I158: o cartão cola o valor à unidade (aljustrel-desemprego-registado-2025-12)
    [31m✗[0m I143/I158: o cartão cola o valor à unidade (aljustrel-ganho-medio-mensal-2024)
    [31m✗[0m I143/I158: o cartão cola o valor à unidade (aljustrel-populacao-2025)

  [31men/municipalities/almada/index.html[0m
    [31m✗[0m I143/I158: o cartão cola o valor à unidade (almada-empresas-2024)
    [31m✗[0m I143/I158: o cartão cola o valor à unidade (almada-divida-dgal-2024)
    [31m✗[0m I143/I158: o cartão cola o valor à unidade (almada-poder-de-compra-2023)
    [31m✗[0m I143/I158: o cartão cola o valor à unidade (almada-indice-de-divida-2024)
    [31m✗[0m I143/I158: o cartão cola o valor à unidade (almada-desemprego-registado-2025-12)
    [31m✗[0m I143/I158: o cartão cola o valor à unidade (almada-ganho-medio-mensal-2024)
    [31m✗[0m I143/I158: o cartão cola o valor à unidade (almada-populacao-2025)

  [31men/municipalities/almeida/index.html[0m
    [31m✗[0m I143/I158: o cartão cola o valor à unidade (almeida-empresas-2024)
    [31m✗[0m I143/I158: o cartão cola o valor à unidade (almeida-divida-dgal-2024)
    [31m✗[0m I143/I158: o cartão cola o valor à unidade (almeida-prazo-medio-de-pagamento-2025-12)
    [31m✗[0m I143/I158: o cartão cola o valor à unidade (almeida-poder-de-compra-2023)
    [31m✗[0m I143/I158: o cartão cola o valor à unidade (almeida-indice-de-divida-2024)
    [31m✗[0m I143/I158: o cartão cola o valor à unidade (almeida-desemprego-registado-2025-12)
    [31m✗[0m I143/I158: o cartão cola o valor à unidade (almeida-ganho-medio-mensal-2024)
    [31m✗[0m I143/I158: o cartão cola o valor à unidade (almeida-populacao-2025)

  [31men/municipalities/almeirim/index.html[0m
    [31m✗[0m I143/I158: o cartão cola o valor à unidade (almeirim-empresas-2024)
    [31m✗[0m I143/I158: o cartão cola o valor à unidade (almeirim-divida-dgal-2024)
    [31m✗[0m I143/I158: o cartão cola o valor à unidade (almeirim-prazo-medio-de-pagamento-2025-12)
    [31m✗[0m I143/I158: o cartão cola o valor à unidade (almeirim-poder-de-compra-2023)
    [31m✗[0m I143/I158: o cartão cola o valor à unidade (almeirim-indice-de-divida-2024)
    [31m✗[0m I143/I158: o cartão cola o valor à unidade (almeirim-desemprego-registado-2025-12)
    [31m✗[0m I143/I158: o cartão cola o valor à unidade (almeirim-ganho-medio-mensal-2024)
    [31m✗[0m I143/I158: o cartão cola o valor à unidade (almeirim-populacao-2025)

  [31men/municipalities/almodovar/index.html[0m
    [31m✗[0m I143/I158: o cartão cola o valor à unidade (almodovar-empresas-2024)
    [31m✗[0m I143/I158: o cartão cola o valor à unidade (almodovar-divida-dgal-2024)
    [31m✗[0m I143/I158: o cartão cola o valor à unidade (almodovar-prazo-medio-de-pagamento-2025-12)
    [31m✗[0m I143/I158: o cartão cola o valor à unidade (almodovar-poder-de-compra-2023)
    [31m✗[0m I143/I158: o cartão cola o valor à unidade (almodovar-indice-de-divida-2024)
    [31m✗[0m I143/I158: o cartão cola o valor à unidade (almodovar-desemprego-registado-2025-12)
    [31m✗[0m I143/I158: o cartão cola o valor à unidade (almodovar-ganho-medio-mensal-2024)
    [31m✗[0m I143/I158: o cartão cola o valor à unidade (almodovar-populacao-2025)

  [31men/municipalities/alpiarca/index.html[0m
    [31m✗[0m I143/I158: o cartão cola o valor à unidade (alpiarca-empresas-2024)
    [31m✗[0m I143/I158: o cartão cola o valor à unidade (alpiarca-divida-dgal-2024)
    [31m✗[0m I143/I158: o cartão cola o valor à unidade (alpiarca-prazo-medio-de-pagamento-2025-12)
    [31m✗[0m I143/I158: o cartão cola o valor à unidade (alpiarca-poder-de-compra-2023)
    [31m✗[0m I143/I158: o cartão cola o valor à unidade (alpiarca-indice-de-divida-2024)
    [31m✗[0m I143/I158: o cartão cola o valor à unidade (alpiarca-desemprego-registado-2025-12)
    [31m✗[0m I143/I158: o cartão cola o valor à unidade (alpiarca-ganho-medio-mensal-2024)
    [31m✗[0m I143/I158: o cartão cola o valor à unidade (alpiarca-populacao-2025)

  [31men/municipalities/alter-do-chao/index.html[0m
    [31m✗[0m I143/I158: o cartão cola o valor à unidade (alter-do-chao-empresas-2024)
    [31m✗[0m I143/I158: o cartão cola o valor à unidade (alter-do-chao-divida-dgal-2024)
    [31m✗[0m I143/I158: o cartão cola o valor à unidade (alter-do-chao-prazo-medio-de-pagamento-2025-12)
    [31m✗[0m I143/I158: o cartão cola o valor à unidade (alter-do-chao-poder-de-compra-2023)
    [31m✗[0m I143/I158: o cartão cola o valor à unidade (alter-do-chao-indice-de-divida-2024)
    [31m✗[0m I143/I158: o cartão cola o valor à unidade (alter-do-chao-desemprego-registado-2025-12)
    [31m✗[0m I143/I158: o cartão cola o valor à unidade (alter-do-chao-ganho-medio-mensal-2024)
    [31m✗[0m I143/I158: o cartão cola o valor à unidade (alter-do-chao-populacao-2025)

  [31men/municipalities/alvaiazere/index.html[0m
    [31m✗[0m I143/I158: o cartão cola o valor à unidade (alvaiazere-empresas-2024)
    [31m✗[0m I143/I158: o cartão cola o valor à unidade (alvaiazere-divida-dgal-2024)
    [31m✗[0m I143/I158: o cartão cola o valor à unidade (alvaiazere-prazo-medio-de-pagamento-2025-12)
    [31m✗[0m I143/I158: o cartão cola o valor à unidade (alvaiazere-poder-de-compra-2023)
    [31m✗[0m I143/I158: o cartão cola o valor à unidade (alvaiazere-indice-de-divida-2024)
    [31m✗[0m I143/I158: o cartão cola o valor à unidade (alvaiazere-desemprego-registado-2025-12)
    [31m✗[0m I143/I158: o cartão cola o valor à unidade (alvaiazere-ganho-medio-mensal-2024)
    [31m✗[0m I143/I158: o cartão cola o valor à unidade (alvaiazere-populacao-2025)

  [31men/municipalities/alvito/index.html[0m
    [31m✗[0m I143/I158: o cartão cola o valor à unidade (alvito-empresas-2024)
    [31m✗[0m I143/I158: o cartão cola o valor à unidade (alvito-divida-dgal-2024)
    [31m✗[0m I143/I158: o cartão cola o valor à unidade (alvito-prazo-medio-de-pagamento-2025-12)
    [31m✗[0m I143/I158: o cartão cola o valor à unidade (alvito-poder-de-compra-2023)
    [31m✗[0m I143/I158: o cartão cola o valor à unidade (alvito-indice-de-divida-2024)
    [31m✗[0m I143/I158: o cartão cola o valor à unidade (alvito-desemprego-registado-2025-12)
    [31m✗[0m I143/I158: o cartão cola o valor à unidade (alvito-ganho-medio-mensal-2024)
    [31m✗[0m I143/I158: o cartão cola o valor à unidade (alvito-populacao-2025)

  [31men/municipalities/amadora/index.html[0m
    [31m✗[0m I143/I158: o cartão cola o valor à unidade (amadora-empresas-2024)
    [31m✗[0m I143/I158: o cartão cola o valor à unidade (amadora-divida-dgal-2024)
    [31m✗[0m I143/I158: o cartão cola o valor à unidade (amadora-prazo-medio-de-pagamento-2025-12)
    [31m✗[0m I143/I158: o cartão cola o valor à unidade (amadora-poder-de-compra-2023)
    [31m✗[0m I143/I158: o cartão cola o valor à unidade (amadora-indice-de-divida-2024)
    [31m✗[0m I143/I158: o cartão cola o valor à unidade (amadora-desemprego-registado-2025-12)
    [31m✗[0m I143/I158: o cartão cola o valor à unidade (amadora-ganho-medio-mensal-2024)
    [31m✗[0m I143/I158: o cartão cola o valor à unidade (amadora-populacao-2025)

  [31men/municipalities/amarante/index.html[0m
    [31m✗[0m I143/I158: o cartão cola o valor à unidade (amarante-empresas-2024)
    [31m✗[0m I143/I158: o cartão cola o valor à unidade (amarante-divida-dgal-2024)
    [31m✗[0m I143/I158: o cartão cola o valor à unidade (amarante-prazo-medio-de-pagamento-2025-12)
    [31m✗[0m I143/I158: o cartão cola o valor à unidade (amarante-poder-de-compra-2023)
    [31m✗[0m I143/I158: o cartão cola o valor à unidade (amarante-indice-de-divida-2024)
    [31m✗[0m I143/I158: o cartão cola o valor à unidade (amarante-desemprego-registado-2025-12)
    [31m✗[0m I143/I158: o cartão cola o valor à unidade (amarante-ganho-medio-mensal-2024)
    [31m✗[0m I143/I158: o cartão cola o valor à unidade (amarante-populacao-2025)

  [31men/municipalities/amares/index.html[0m
    [31m✗[0m I143/I158: o cartão cola o valor à unidade (amares-empresas-2024)
    [31m✗[0m I143/I158: o cartão cola o valor à unidade (amares-divida-dgal-2024)
    [31m✗[0m I143/I158: o cartão cola o valor à unidade (amares-prazo-medio-de-pagamento-2025-12)
    [31m✗[0m I143/I158: o cartão cola o valor à unidade (amares-poder-de-compra-2023)
    [31m✗[0m I143/I158: o cartão cola o valor à unidade (amares-indice-de-divida-2024)
    [31m✗[0m I143/I158: o cartão cola o valor à unidade (amares-desemprego-registado-2025-12)
    [31m✗[0m I143/I158: o cartão cola o valor à unidade (amares-ganho-medio-mensal-2024)
    [31m✗[0m I143/I158: o cartão cola o valor à unidade (amares-populacao-2025)

  [31men/municipalities/anadia/index.html[0m
    [31m✗[0m I143/I158: o cartão cola o valor à unidade (anadia-empresas-2024)
    [31m✗[0m I143/I158: o cartão cola o valor à unidade (anadia-divida-dgal-2024)
    [31m✗[0m I143/I158: o cartão cola o valor à unidade (anadia-prazo-medio-de-pagamento-2025-12)
    [31m✗[0m I143/I158: o cartão cola o valor à unidade (anadia-poder-de-compra-2023)
    [31m✗[0m I143/I158: o cartão cola o valor à unidade (anadia-indice-de-divida-2024)
    [31m✗[0m I143/I158: o cartão cola o valor à unidade (anadia-desemprego-registado-2025-12)
    [31m✗[0m I143/I158: o cartão cola o valor à unidade (anadia-ganho-medio-mensal-2024)
    [31m✗[0m I143/I158: o cartão cola o valor à unidade (anadia-populacao-2025)

  [31men/municipalities/angra-do-heroismo/index.html[0m
    [31m✗[0m I143/I158: o cartão cola o valor à unidade (angra-do-heroismo-empresas-2024)
    [31m✗[0m I143/I158: o cartão cola o valor à unidade (angra-do-heroismo-divida-dgal-2024)
    [31m✗[0m I143/I158: o cartão cola o valor à unidade (angra-do-heroismo-prazo-medio-de-pagamento-2025-12)
    [31m✗[0m I143/I158: o cartão cola o valor à unidade (angra-do-heroismo-poder-de-compra-2023)
    [31m✗[0m I143/I158: o cartão cola o valor à unidade (angra-do-heroismo-indice-de-divida-2024)
    [31m✗[0m I143/I158: o cartão cola o valor à unidade (angra-do-heroismo-desemprego-registado-2025-12)
    [31m✗[0m I143/I158: o cartão cola o valor à unidade (angra-do-heroismo-ganho-medio-mensal-2024)
    [31m✗[0m I143/I158: o cartão cola o valor à unidade (angra-do-heroismo-populacao-2025)

  [31men/municipalities/ansiao/index.html[0m
    [31m✗[0m I143/I158: o cartão cola o valor à unidade (ansiao-empresas-2024)
    [31m✗[0m I143/I158: o cartão cola o valor à unidade (ansiao-divida-dgal-2024)
    [31m✗[0m I143/I158: o cartão cola o valor à unidade (ansiao-prazo-medio-de-pagamento-2025-12)
    [31m✗[0m I143/I158: o cartão cola o valor à unidade (ansiao-poder-de-compra-2023)
    [31m✗[0m I143/I158: o cartão cola o valor à unidade (ansiao-indice-de-divida-2024)
    [31m✗[0m I143/I158: o cartão cola o valor à unidade (ansiao-desemprego-registado-2025-12)
    [31m✗[0m I143/I158: o cartão cola o valor à unidade (ansiao-ganho-medio-mensal-2024)
    [31m✗[0m I143/I158: o cartão cola o valor à unidade (ansiao-populacao-2025)

  [31men/municipalities/arcos-de-valdevez/index.html[0m
    [31m✗[0m I143/I158: o cartão cola o valor à unidade (arcos-de-valdevez-empresas-2024)
    [31m✗[0m I143/I158: o cartão cola o valor à unidade (arcos-de-valdevez-divida-dgal-2024)
    [31m✗[0m I143/I158: o cartão cola o valor à unidade (arcos-de-valdevez-prazo-medio-de-pagamento-2025-12)
    [31m✗[0m I143/I158: o cartão cola o valor à unidade (arcos-de-valdevez-poder-de-compra-2023)
    [31m✗[0m I143/I158: o cartão cola o valor à unidade (arcos-de-valdevez-indice-de-divida-2024)
    [31m✗[0m I143/I158: o cartão cola o valor à unidade (arcos-de-valdevez-desemprego-registado-2025-12)
    [31m✗[0m I143/I158: o cartão cola o valor à unidade (arcos-de-valdevez-ganho-medio-mensal-2024)
    [31m✗[0m I143/I158: o cartão cola o valor à unidade (arcos-de-valdevez-populacao-2025)

  [31men/municipalities/arganil/index.html[0m
    [31m✗[0m I143/I158: o cartão cola o valor à unidade (arganil-empresas-2024)
    [31m✗[0m I143/I158: o cartão cola o valor à unidade (arganil-divida-dgal-2024)
    [31m✗[0m I143/I158: o cartão cola o valor à unidade (arganil-prazo-medio-de-pagamento-2025-12)
    [31m✗[0m I143/I158: o cartão cola o valor à unidade (arganil-poder-de-compra-2023)
    [31m✗[0m I143/I158: o cartão cola o valor à unidade (arganil-indice-de-divida-2024)
    [31m✗[0m I143/I158: o cartão cola o valor à unidade (arganil-desemprego-registado-2025-12)
    [31m✗[0m I143/I158: o cartão cola o valor à unidade (arganil-ganho-medio-mensal-2024)
    [31m✗[0m I143/I158: o cartão cola o valor à unidade (arganil-populacao-2025)

  [31men/municipalities/armamar/index.html[0m
    [31m✗[0m I143/I158: o cartão cola o valor à unidade (armamar-empresas-2024)
    [31m✗[0m I143/I158: o cartão cola o valor à unidade (armamar-divida-dgal-2024)
    [31m✗[0m I143/I158: o cartão cola o valor à unidade (armamar-prazo-medio-de-pagamento-2025-12)
    [31m✗[0m I143/I158: o cartão cola o valor à unidade (armamar-poder-de-compra-2023)
    [31m✗[0m I143/I158: o cartão cola o valor à unidade (armamar-indice-de-divida-2024)
    [31m✗[0m I143/I158: o cartão cola o valor à unidade (armamar-desemprego-registado-2025-12)
    [31m✗[0m I143/I158: o cartão cola o valor à unidade (armamar-ganho-medio-mensal-2024)
    [31m✗[0m I143/I158: o cartão cola o valor à unidade (armamar-populacao-2025)

  [31men/municipalities/arouca/index.html[0m
    [31m✗[0m I143/I158: o cartão cola o valor à unidade (arouca-empresas-2024)
    [31m✗[0m I143/I158: o cartão cola o valor à unidade (arouca-divida-dgal-2024)
    [31m✗[0m I143/I158: o cartão cola o valor à unidade (arouca-prazo-medio-de-pagamento-2025-12)
    [31m✗[0m I143/I158: o cartão cola o valor à unidade (arouca-poder-de-compra-2023)
    [31m✗[0m I143/I158: o cartão cola o valor à unidade (arouca-indice-de-divida-2024)
    [31m✗[0m I143/I158: o cartão cola o valor à unidade (arouca-desemprego-registado-2025-12)
    [31m✗[0m I143/I158: o cartão cola o valor à unidade (arouca-ganho-medio-mensal-2024)
    [31m✗[0m I143/I158: o cartão cola o valor à unidade (arouca-populacao-2025)

  [31men/municipalities/arraiolos/index.html[0m
    [31m✗[0m I143/I158: o cartão cola o valor à unidade (arraiolos-empresas-2024)
    [31m✗[0m I143/I158: o cartão cola o valor à unidade (arraiolos-divida-dgal-2024)
    [31m✗[0m I143/I158: o cartão cola o valor à unidade (arraiolos-prazo-medio-de-pagamento-2025-12)
    [31m✗[0m I143/I158: o cartão cola o valor à unidade (arraiolos-poder-de-compra-2023)
    [31m✗[0m I143/I158: o cartão cola o valor à unidade (arraiolos-indice-de-divida-2024)
    [31m✗[0m I143/I158: o cartão cola o valor à unidade (arraiolos-desemprego-registado-2025-12)
    [31m✗[0m I143/I158: o cartão cola o valor à unidade (arraiolos-ganho-medio-mensal-2024)
    [31m✗[0m I143/I158: o cartão cola o valor à unidade (arraiolos-populacao-2025)

  [31men/municipalities/arronches/index.html[0m
    [31m✗[0m I143/I158: o cartão cola o valor à unidade (arronches-empresas-2024)
    [31m✗[0m I143/I158: o cartão cola o valor à unidade (arronches-divida-dgal-2024)
    [31m✗[0m I143/I158: o cartão cola o valor à unidade (arronches-prazo-medio-de-pagamento-2025-12)
    [31m✗[0m I143/I158: o cartão cola o valor à unidade (arronches-poder-de-compra-2023)
    [31m✗[0m I143/I158: o cartão cola o valor à unidade (arronches-indice-de-divida-2024)
    [31m✗[0m I143/I158: o cartão cola o valor à unidade (arronches-desemprego-registado-2025-12)
    [31m✗[0m I143/I158: o cartão cola o valor à unidade (arronches-ganho-medio-mensal-2024)
    [31m✗[0m I143/I158: o cartão cola o valor à unidade (arronches-populacao-2025)

  [31men/municipalities/arruda-dos-vinhos/index.html[0m
    [31m✗[0m I143/I158: o cartão cola o valor à unidade (arruda-dos-vinhos-empresas-2024)
    [31m✗[0m I143/I158: o cartão cola o valor à unidade (arruda-dos-vinhos-divida-dgal-2024)
    [31m✗[0m I143/I158: o cartão cola o valor à unidade (arruda-dos-vinhos-prazo-medio-de-pagamento-2025-12)
    [31m✗[0m I143/I158: o cartão cola o valor à unidade (arruda-dos-vinhos-poder-de-compra-2023)
    [31m✗[0m I143/I158: o cartão cola o valor à unidade (arruda-dos-vinhos-indice-de-divida-2024)
    [31m✗[0m I143/I158: o cartão cola o valor à unidade (arruda-dos-vinhos-desemprego-registado-2025-12)
    [31m✗[0m I143/I158: o cartão cola o valor à unidade (arruda-dos-vinhos-ganho-medio-mensal-2024)
    [31m✗[0m I143/I158: o cartão cola o valor à unidade (arruda-dos-vinhos-populacao-2025)

  [31men/municipalities/aveiro/index.html[0m
    [31m✗[0m I143/I158: o cartão cola o valor à unidade (aveiro-empresas-2024)
    [31m✗[0m I143/I158: o cartão cola o valor à unidade (aveiro-divida-dgal-2024)
    [31m✗[0m I143/I158: o cartão cola o valor à unidade (aveiro-prazo-medio-de-pagamento-2025-12)
    [31m✗[0m I143/I158: o cartão cola o valor à unidade (aveiro-poder-de-compra-2023)
    [31m✗[0m I143/I158: o cartão cola o valor à unidade (aveiro-indice-de-divida-2024)
    [31m✗[0m I143/I158: o cartão cola o valor à unidade (aveiro-desemprego-registado-2025-12)
    [31m✗[0m I143/I158: o cartão cola o valor à unidade (aveiro-ganho-medio-mensal-2024)
    [31m✗[0m I143/I158: o cartão cola o valor à unidade (aveiro-populacao-2025)

  [31men/municipalities/avis/index.html[0m
    [31m✗[0m I143/I158: o cartão cola o valor à unidade (avis-empresas-2024)
    [31m✗[0m I143/I158: o cartão cola o valor à unidade (avis-divida-dgal-2024)
    [31m✗[0m I143/I158: o cartão cola o valor à unidade (avis-prazo-medio-de-pagamento-2025-12)
    [31m✗[0m I143/I158: o cartão cola o valor à unidade (avis-poder-de-compra-2023)
    [31m✗[0m I143/I158: o cartão cola o valor à unidade (avis-indice-de-divida-2024)
    [31m✗[0m I143/I158: o cartão cola o valor à unidade (avis-desemprego-registado-2025-12)
    [31m✗[0m I143/I158: o cartão cola o valor à unidade (avis-ganho-medio-mensal-2024)
    [31m✗[0m I143/I158: o cartão cola o valor à unidade (avis-populacao-2025)

  [31men/municipalities/azambuja/index.html[0m
    [31m✗[0m I143/I158: o cartão cola o valor à unidade (azambuja-empresas-2024)
    [31m✗[0m I143/I158: o cartão cola o valor à unidade (azambuja-divida-dgal-2024)
    [31m✗[0m I143/I158: o cartão cola o valor à unidade (azambuja-prazo-medio-de-pagamento-2025-12)
    [31m✗[0m I143/I158: o cartão cola o valor à unidade (azambuja-poder-de-compra-2023)
    [31m✗[0m I143/I158: o cartão cola o valor à unidade (azambuja-indice-de-divida-2024)
    [31m✗[0m I143/I158: o cartão cola o valor à unidade (azambuja-desemprego-registado-2025-12)
    [31m✗[0m I143/I158: o cartão cola o valor à unidade (azambuja-ganho-medio-mensal-2024)
    [31m✗[0m I143/I158: o cartão cola o valor à unidade (azambuja-populacao-2025)

  [31men/municipalities/baiao/index.html[0m
    [31m✗[0m I143/I158: o cartão cola o valor à unidade (baiao-empresas-2024)
    [31m✗[0m I143/I158: o cartão cola o valor à unidade (baiao-divida-dgal-2024)
    [31m✗[0m I143/I158: o cartão cola o valor à unidade (baiao-prazo-medio-de-pagamento-2025-12)
    [31m✗[0m I143/I158: o cartão cola o valor à unidade (baiao-poder-de-compra-2023)
    [31m✗[0m I143/I158: o cartão cola o valor à unidade (baiao-indice-de-divida-2024)
    [31m✗[0m I143/I158: o cartão cola o valor à unidade (baiao-desemprego-registado-2025-12)
    [31m✗[0m I143/I158: o cartão cola o valor à unidade (baiao-ganho-medio-mensal-2024)
    [31m✗[0m I143/I158: o cartão cola o valor à unidade (baiao-populacao-2025)

  [31men/municipalities/barcelos/index.html[0m
    [31m✗[0m I143/I158: o cartão cola o valor à unidade (barcelos-empresas-2024)
    [31m✗[0m I143/I158: o cartão cola o valor à unidade (barcelos-divida-dgal-2024)
    [31m✗[0m I143/I158: o cartão cola o valor à unidade (barcelos-prazo-medio-de-pagamento-2025-12)
    [31m✗[0m I143/I158: o cartão cola o valor à unidade (barcelos-poder-de-compra-2023)
    [31m✗[0m I143/I158: o cartão cola o valor à unidade (barcelos-indice-de-divida-2024)
    [31m✗[0m I143/I158: o cartão cola o valor à unidade (barcelos-desemprego-registado-2025-12)
    [31m✗[0m I143/I158: o cartão cola o valor à unidade (barcelos-ganho-medio-mensal-2024)
    [31m✗[0m I143/I158: o cartão cola o valor à unidade (barcelos-populacao-2025)

  [31men/municipalities/barrancos/index.html[0m
    [31m✗[0m I143/I158: o cartão cola o valor à unidade (barrancos-empresas-2024)
    [31m✗[0m I143/I158: o cartão cola o valor à unidade (barrancos-divida-dgal-2024)
    [31m✗[0m I143/I158: o cartão cola o valor à unidade (barrancos-prazo-medio-de-pagamento-2025-12)
    [31m✗[0m I143/I158: o cartão cola o valor à unidade (barrancos-poder-de-compra-2023)
    [31m✗[0m I143/I158: o cartão cola o valor à unidade (barrancos-indice-de-divida-2024)
    [31m✗[0m I143/I158: o cartão cola o valor à unidade (barrancos-desemprego-registado-2025-12)
    [31m✗[0m I143/I158: o cartão cola o valor à unidade (barrancos-ganho-medio-mensal-2024)
    [31m✗[0m I143/I158: o cartão cola o valor à unidade (barrancos-populacao-2025)

  [31men/municipalities/barreiro/index.html[0m
    [31m✗[0m I143/I158: o cartão cola o valor à unidade (barreiro-empresas-2024)
    [31m✗[0m I143/I158: o cartão cola o valor à unidade (barreiro-divida-dgal-2024)
    [31m✗[0m I143/I158: o cartão cola o valor à unidade (barreiro-prazo-medio-de-pagamento-2025-12)
    [31m✗[0m I143/I158: o cartão cola o valor à unidade (barreiro-poder-de-compra-2023)
    [31m✗[0m I143/I158: o cartão cola o valor à unidade (barreiro-indice-de-divida-2024)
    [31m✗[0m I143/I158: o cartão cola o valor à unidade (barreiro-desemprego-registado-2025-12)
