
  correções de UX · passo C · itens C2 e C4 · 13 réguas

  passa  C4 · sem guião a pesquisa não procura, e os 308 resultados vêm do servidor numa lista escondida · pt
         bloco presente, formulário para «/lugares/» · lista com hidden: true · 308 resultados, 308 com a porta da sua página · a página cita /js/municipios.js: true
  passa  C4 · a lista por distritos é a gaveta dos 29 distritos e ilhas da Carta · pt
         29 portas na gaveta, 29 para páginas de distrito ou ilha
  passa  C4 · sem guião a pesquisa não procura, e os 308 resultados vêm do servidor numa lista escondida · en
         bloco presente, formulário para «/en/places/» · lista com hidden: true · 308 resultados, 308 com a porta da sua página · a página cita /js/municipios.js: true
  passa  C4 · a lista por distritos é a gaveta dos 29 distritos e ilhas da Carta · en
         29 portas na gaveta, 29 para páginas de distrito ou ilha
  passa  C2 · o índice de metodo cabe no primeiro ecrã, com 44px de alvo e sem sobreposições · 390 pt
         11 de 12 entradas dentro dos 664px (antes do bloco B: 10) · índice 375.3px (antes do bloco B: 349.5px; o tecto é 399.5px) · alvos abaixo de 44px: 0 (o menor mede 62.3×44.0) · pares sobrepostos: 0
  passa  C2 · o índice de metodo cabe no primeiro ecrã, com 44px de alvo e sem sobreposições · 390 en
         10 de 12 entradas dentro dos 664px (antes do bloco B: 10) · índice 397.8px (antes do bloco B: 349.5px; o tecto é 399.5px) · alvos abaixo de 44px: 0 (o menor mede 79.7×44.0) · pares sobrepostos: 0
  passa  C2 · o índice de agenda cabe no primeiro ecrã, com 44px de alvo e sem sobreposições · 390 pt
         5 de 5 entradas dentro dos 664px (antes do bloco B: 5) · índice 199.8px (antes do bloco B: 190px; o tecto é 240.0px) · alvos abaixo de 44px: 0 (o menor mede 62.6×44.0) · pares sobrepostos: 0
  passa  C2 · o índice de agenda cabe no primeiro ecrã, com 44px de alvo e sem sobreposições · 390 en
         5 de 5 entradas dentro dos 664px (antes do bloco B: 5) · índice 199.8px (antes do bloco B: 190px; o tecto é 240.0px) · alvos abaixo de 44px: 0 (o menor mede 71.7×44.0) · pares sobrepostos: 0
  passa  C4 · o campo de pesquisa está dentro do primeiro ecrã · 390 pt
         campo a 356.3px de 664, 234.5×44px, dentro true
  passa  C4 · escrever um nome acende o concelho, e é porta se e só se tem página · 390 pt
         a lista distingue: false · «evora» → 1 resultado(s): Évora [sem etiqueta] → /municipios/evora · «beja» → 1 resultado(s): Beja [sem etiqueta] → /municipios/beja
  passa  C4 · o campo de pesquisa está dentro do primeiro ecrã · 390 en
         campo a 356.3px de 664, 255.8×44px, dentro true
  passa  C4 · escrever um nome acende o concelho, e é porta se e só se tem página · 390 en
         a lista distingue: false · «evora» → 1 resultado(s): Évora [sem etiqueta] → /en/municipalities/evora · «beja» → 1 resultado(s): Beja [sem etiqueta] → /en/municipalities/beja
  passa  C4 · a planta: com a lista mãe escondida pelo guião, «evora» não tem resultados à vista e a C4 cai · 390 pt
         o guião tinha a linha que abre a lista: true · com ela tirada, «evora» → 0 resultado(s) à vista, «beja» → 0

  13 de 13 réguas passam.

