§1.24 · O livro-razão passou a ter páginas, e o selo passou a ser uma porta
    ledger/claims/despesa-por-funcao-2024-gf01-es.yml:44 (perto do diff)
    ledger/claims/despesa-por-funcao-2024-gf01-pt.yml:44 (perto do diff)
    ledger/claims/despesa-por-funcao-2024-gf01-ue.yml:39 (perto do diff)
    ledger/claims/despesa-por-funcao-2024-gf02-es.yml:44 (perto do diff)
    ledger/claims/despesa-por-funcao-2024-gf02-pt.yml:44 (perto do diff)
    ledger/claims/despesa-por-funcao-2024-gf02-ue.yml:39 (perto do diff)
    ledger/claims/despesa-por-funcao-2024-gf03-es.yml:44 (perto do diff)
    ledger/claims/despesa-por-funcao-2024-gf03-pt.yml:44 (perto do diff)
    ledger/claims/despesa-por-funcao-2024-gf03-ue.yml:39 (perto do diff)
    ledger/claims/despesa-por-funcao-2024-gf04-es.yml:44 (perto do diff)
    ledger/claims/despesa-por-funcao-2024-gf04-pt.yml:44 (perto do diff)
    ledger/claims/despesa-por-funcao-2024-gf04-ue.yml:39 (perto do diff)
    ledger/claims/despesa-por-funcao-2024-gf05-es.yml:44 (perto do diff)
    ledger/claims/despesa-por-funcao-2024-gf05-pt.yml:44 (perto do diff)
    ledger/claims/despesa-por-funcao-2024-gf05-ue.yml:39 (perto do diff)
    ledger/claims/despesa-por-funcao-2024-gf06-es.yml:44 (perto do diff)
    ledger/claims/despesa-por-funcao-2024-gf06-pt.yml:44 (perto do diff)
    ledger/claims/despesa-por-funcao-2024-gf06-ue.yml:39 (perto do diff)
    ledger/claims/despesa-por-funcao-2024-gf07-es.yml:44 (perto do diff)
    ledger/claims/despesa-por-funcao-2024-gf07-pt.yml:44 (perto do diff)
    ledger/claims/despesa-por-funcao-2024-gf07-ue.yml:39 (perto do diff)
    ledger/claims/despesa-por-funcao-2024-gf08-es.yml:44 (perto do diff)
    ledger/claims/despesa-por-funcao-2024-gf08-pt.yml:44 (perto do diff)
    ledger/claims/despesa-por-funcao-2024-gf08-ue.yml:39 (perto do diff)
    ledger/claims/despesa-por-funcao-2024-gf09-es.yml:44 (perto do diff)
    ledger/claims/despesa-por-funcao-2024-gf09-pt.yml:44 (perto do diff)
    ledger/claims/despesa-por-funcao-2024-gf09-ue.yml:39 (perto do diff)
    ledger/claims/despesa-por-funcao-2024-gf10-es.yml:44 (perto do diff)
    ledger/claims/despesa-por-funcao-2024-gf10-pt.yml:44 (perto do diff)
    ledger/claims/despesa-por-funcao-2024-gf10-ue.yml:39 (perto do diff)
    ledger/claims/execucao-2026-07-ativos-e-passivos-da-despesa-administracao-central.yml:39 (perto do diff)
    ledger/claims/execucao-2026-07-ativos-e-passivos-da-receita-administracao-central.yml:39 (perto do diff)
    ledger/claims/execucao-2026-07-cem-euros-funcao-01.yml:32 (perto do diff)
    ledger/claims/execucao-2026-07-cem-euros-funcao-02.yml:32 (perto do diff)
    ledger/claims/execucao-2026-07-cem-euros-funcao-03.yml:32 (perto do diff)
    ledger/claims/execucao-2026-07-cem-euros-funcao-04.yml:32 (perto do diff)
    ledger/claims/execucao-2026-07-cem-euros-funcao-05.yml:32 (perto do diff)
    ledger/claims/execucao-2026-07-cem-euros-funcao-06.yml:32 (perto do diff)
    ledger/claims/execucao-2026-07-cem-euros-funcao-07.yml:32 (perto do diff)
    ledger/claims/execucao-2026-07-cem-euros-funcao-08.yml:32 (perto do diff)
    ledger/claims/execucao-2026-07-cem-euros-funcao-09.yml:32 (perto do diff)
    ledger/claims/execucao-2026-07-cem-euros-funcao-10.yml:32 (perto do diff)
    ledger/claims/execucao-2026-07-despesa-efetiva-administracao-central.yml:39 (perto do diff)
    ledger/claims/execucao-2026-07-despesa-funcao-01.yml:39 (perto do diff)
    ledger/claims/execucao-2026-07-despesa-funcao-02.yml:39 (perto do diff)
    ledger/claims/execucao-2026-07-despesa-funcao-03.yml:39 (perto do diff)
    ledger/claims/execucao-2026-07-despesa-funcao-04.yml:39 (perto do diff)
    ledger/claims/execucao-2026-07-despesa-funcao-05.yml:39 (perto do diff)
    ledger/claims/execucao-2026-07-despesa-funcao-06.yml:39 (perto do diff)
    ledger/claims/execucao-2026-07-despesa-funcao-07.yml:39 (perto do diff)
    ledger/claims/execucao-2026-07-despesa-funcao-08.yml:39 (perto do diff)
    ledger/claims/execucao-2026-07-despesa-funcao-09.yml:39 (perto do diff)
    ledger/claims/execucao-2026-07-despesa-funcao-10.yml:39 (perto do diff)
    ledger/claims/execucao-2026-07-despesa-orcamental-administracao-central.yml:39 (perto do diff)
    ledger/claims/execucao-2026-07-despesa-primaria-administracao-central.yml:39 (perto do diff)
    ledger/claims/execucao-2026-07-diferencas-consolidacao-funcional.yml:39 (perto do diff)
    ledger/claims/execucao-2026-07-receita-efetiva-administracao-central.yml:39 (perto do diff)
    ledger/claims/execucao-2026-07-receita-orcamental-administracao-central.yml:39 (perto do diff)
    ledger/claims/execucao-2026-07-saldo-global-administracao-central.yml:39 (perto do diff)
    ledger/claims/execucao-2026-07-saldo-global-administracoes-publicas-contabilidade-publica.yml:39 (perto do diff)
    ledger/claims/execucao-2026-07-saldo-primario-administracao-central.yml:39 (perto do diff)
    ledger/claims/execucao-2026-08-ativos-financeiros-liquidos-administracao-central-seguranca-social.yml:40 (perto do diff)
    ledger/claims/execucao-2026-08-despesa-efetiva-administracao-central-seguranca-social.yml:40 (perto do diff)
    ledger/claims/execucao-2026-08-despesa-efetiva-administracao-central.yml:40 (perto do diff)
    ledger/claims/execucao-2026-08-despesa-programa-001.yml:40 (perto do diff)
    ledger/claims/execucao-2026-08-despesa-programa-002.yml:40 (perto do diff)
    ledger/claims/execucao-2026-08-despesa-programa-003.yml:40 (perto do diff)
    ledger/claims/execucao-2026-08-despesa-programa-004.yml:40 (perto do diff)
    ledger/claims/execucao-2026-08-despesa-programa-005.yml:40 (perto do diff)
    ledger/claims/execucao-2026-08-despesa-programa-006.yml:40 (perto do diff)
    ledger/claims/execucao-2026-08-despesa-programa-007.yml:40 (perto do diff)
    ledger/claims/execucao-2026-08-despesa-programa-008.yml:40 (perto do diff)
    ledger/claims/execucao-2026-08-despesa-programa-009.yml:40 (perto do diff)
    ledger/claims/execucao-2026-08-despesa-programa-010.yml:40 (perto do diff)
    ledger/claims/execucao-2026-08-despesa-programa-011.yml:40 (perto do diff)
    ledger/claims/execucao-2026-08-despesa-programa-012.yml:40 (perto do diff)
    ledger/claims/execucao-2026-08-despesa-programa-013.yml:40 (perto do diff)
    ledger/claims/execucao-2026-08-despesa-programa-014.yml:40 (perto do diff)
    ledger/claims/execucao-2026-08-despesa-programa-015.yml:40 (perto do diff)
    ledger/claims/execucao-2026-08-despesa-programa-016.yml:40 (perto do diff)
    ledger/claims/execucao-2026-08-despesa-programa-017.yml:40 (perto do diff)
    ledger/claims/execucao-2026-08-despesa-programa-018.yml:40 (perto do diff)
    ledger/claims/execucao-2026-08-despesa-programa-019.yml:40 (perto do diff)
    ledger/claims/execucao-2026-08-despesa-programa-020.yml:40 (perto do diff)
    ledger/claims/execucao-2026-08-diferencas-consolidacao-programas.yml:40 (perto do diff)
    ledger/claims/execucao-2026-08-fluxos-entre-programas.yml:40 (perto do diff)
    ledger/claims/execucao-2026-08-passivos-financeiros-liquidos-administracao-central-seguranca-social.yml:40 (perto do diff)
    ledger/claims/execucao-2026-08-receita-efetiva-administracao-central-seguranca-social.yml:40 (perto do diff)
    ledger/claims/execucao-2026-08-receita-efetiva-administracao-central.yml:40 (perto do diff)
    ledger/claims/execucao-2026-08-saldo-global-administracao-central-seguranca-social.yml:40 (perto do diff)
    ledger/claims/execucao-2026-08-saldo-global-administracao-central.yml:40 (perto do diff)
    ledger/claims/execucao-2026-08-subtotal-programas.yml:40 (perto do diff)
    ledger/claims/oe-2026-ativos-e-passivos-da-despesa-administracao-central.yml:39 (perto do diff)
    ledger/claims/oe-2026-ativos-e-passivos-da-receita-administracao-central.yml:39 (perto do diff)
    ledger/claims/oe-2026-ativos-financeiros-liquidos-administracao-central-seguranca-social.yml:40 (perto do diff)
    ledger/claims/oe-2026-cem-euros-funcao-01.yml:32 (perto do diff)
    ledger/claims/oe-2026-cem-euros-funcao-02.yml:32 (perto do diff)
    ledger/claims/oe-2026-cem-euros-funcao-03.yml:32 (perto do diff)
    ledger/claims/oe-2026-cem-euros-funcao-04.yml:32 (perto do diff)
    ledger/claims/oe-2026-cem-euros-funcao-05.yml:32 (perto do diff)
    ledger/claims/oe-2026-cem-euros-funcao-06.yml:32 (perto do diff)
    ledger/claims/oe-2026-cem-euros-funcao-07.yml:32 (perto do diff)
    ledger/claims/oe-2026-cem-euros-funcao-08.yml:32 (perto do diff)
    ledger/claims/oe-2026-cem-euros-funcao-09.yml:32 (perto do diff)
    ledger/claims/oe-2026-cem-euros-funcao-10.yml:32 (perto do diff)
    ledger/claims/oe-2026-cem-euros-ministerio-administracao-interna.yml:32 (perto do diff)
    ledger/claims/oe-2026-cem-euros-ministerio-agricultura-e-mar.yml:32 (perto do diff)
    ledger/claims/oe-2026-cem-euros-ministerio-ambiente-e-energia.yml:32 (perto do diff)
    ledger/claims/oe-2026-cem-euros-ministerio-cultura-juventude-e-desporto.yml:32 (perto do diff)
    ledger/claims/oe-2026-cem-euros-ministerio-defesa-nacional.yml:32 (perto do diff)
    ledger/claims/oe-2026-cem-euros-ministerio-economia-e-coesao-territorial.yml:32 (perto do diff)
    ledger/claims/oe-2026-cem-euros-ministerio-educacao-ciencia-e-inovacao.yml:32 (perto do diff)
    ledger/claims/oe-2026-cem-euros-ministerio-encargos-gerais-do-estado.yml:32 (perto do diff)
    ledger/claims/oe-2026-cem-euros-ministerio-financas.yml:32 (perto do diff)
    ledger/claims/oe-2026-cem-euros-ministerio-infraestruturas-e-habitacao.yml:32 (perto do diff)
    ledger/claims/oe-2026-cem-euros-ministerio-justica.yml:32 (perto do diff)
    ledger/claims/oe-2026-cem-euros-ministerio-negocios-estrangeiros.yml:32 (perto do diff)
    ledger/claims/oe-2026-cem-euros-ministerio-presidencia-do-conselho-de-ministros.yml:32 (perto do diff)
    ledger/claims/oe-2026-cem-euros-ministerio-reforma-do-estado.yml:32 (perto do diff)
    ledger/claims/oe-2026-cem-euros-ministerio-saude.yml:32 (perto do diff)
    ledger/claims/oe-2026-cem-euros-ministerio-trabalho-solidariedade-e-seguranca-social.yml:32 (perto do diff)
    ledger/claims/oe-2026-despesa-bruta-administracao-central.yml:40 (perto do diff)
    ledger/claims/oe-2026-despesa-consolidada-administracao-central.yml:40 (perto do diff)
    ledger/claims/oe-2026-despesa-consolidada-seguranca-social.yml:40 (perto do diff)
    ledger/claims/oe-2026-despesa-efetiva-administracao-central-seguranca-social.yml:40 (perto do diff)
    ledger/claims/oe-2026-despesa-efetiva-administracao-central.yml:39 (perto do diff)
    ledger/claims/oe-2026-despesa-funcao-01.yml:39 (perto do diff)
    ledger/claims/oe-2026-despesa-funcao-02.yml:39 (perto do diff)
    ledger/claims/oe-2026-despesa-funcao-03.yml:39 (perto do diff)
    ledger/claims/oe-2026-despesa-funcao-04.yml:39 (perto do diff)
    ledger/claims/oe-2026-despesa-funcao-05.yml:39 (perto do diff)
    ledger/claims/oe-2026-despesa-funcao-06.yml:39 (perto do diff)
    ledger/claims/oe-2026-despesa-funcao-07.yml:39 (perto do diff)
    ledger/claims/oe-2026-despesa-funcao-08.yml:39 (perto do diff)
    ledger/claims/oe-2026-despesa-funcao-09.yml:39 (perto do diff)
    ledger/claims/oe-2026-despesa-funcao-10.yml:39 (perto do diff)
    ledger/claims/oe-2026-despesa-ministerio-administracao-interna.yml:40 (perto do diff)
    ledger/claims/oe-2026-despesa-ministerio-agricultura-e-mar.yml:40 (perto do diff)
    ledger/claims/oe-2026-despesa-ministerio-ambiente-e-energia.yml:40 (perto do diff)
    ledger/claims/oe-2026-despesa-ministerio-cultura-juventude-e-desporto.yml:40 (perto do diff)
    ledger/claims/oe-2026-despesa-ministerio-defesa-nacional.yml:40 (perto do diff)
    ledger/claims/oe-2026-despesa-ministerio-economia-e-coesao-territorial.yml:40 (perto do diff)
    ledger/claims/oe-2026-despesa-ministerio-educacao-ciencia-e-inovacao.yml:40 (perto do diff)
    ledger/claims/oe-2026-despesa-ministerio-encargos-gerais-do-estado.yml:40 (perto do diff)
    ledger/claims/oe-2026-despesa-ministerio-financas.yml:40 (perto do diff)
    ledger/claims/oe-2026-despesa-ministerio-infraestruturas-e-habitacao.yml:40 (perto do diff)
    ledger/claims/oe-2026-despesa-ministerio-justica.yml:40 (perto do diff)
    ledger/claims/oe-2026-despesa-ministerio-negocios-estrangeiros.yml:40 (perto do diff)
    ledger/claims/oe-2026-despesa-ministerio-presidencia-do-conselho-de-ministros.yml:40 (perto do diff)
    ledger/claims/oe-2026-despesa-ministerio-reforma-do-estado.yml:40 (perto do diff)
    ledger/claims/oe-2026-despesa-ministerio-saude.yml:40 (perto do diff)
    ledger/claims/oe-2026-despesa-ministerio-trabalho-solidariedade-e-seguranca-social.yml:40 (perto do diff)
    ledger/claims/oe-2026-despesa-orcamental-administracao-central.yml:39 (perto do diff)
    ledger/claims/oe-2026-despesa-primaria-administracao-central.yml:39 (perto do diff)
    ledger/claims/oe-2026-despesa-programa-001.yml:39 (perto do diff)
    ledger/claims/oe-2026-despesa-programa-002.yml:39 (perto do diff)
    ledger/claims/oe-2026-despesa-programa-003.yml:39 (perto do diff)
    ledger/claims/oe-2026-despesa-programa-004.yml:39 (perto do diff)
    ledger/claims/oe-2026-despesa-programa-005.yml:39 (perto do diff)
    ledger/claims/oe-2026-despesa-programa-006.yml:39 (perto do diff)
    ledger/claims/oe-2026-despesa-programa-007.yml:39 (perto do diff)
    ledger/claims/oe-2026-despesa-programa-008.yml:39 (perto do diff)
    ledger/claims/oe-2026-despesa-programa-009.yml:39 (perto do diff)
    ledger/claims/oe-2026-despesa-programa-010.yml:39 (perto do diff)
    ledger/claims/oe-2026-despesa-programa-011.yml:39 (perto do diff)
    ledger/claims/oe-2026-despesa-programa-012.yml:39 (perto do diff)
    ledger/claims/oe-2026-despesa-programa-013.yml:39 (perto do diff)
    ledger/claims/oe-2026-despesa-programa-014.yml:39 (perto do diff)
    ledger/claims/oe-2026-despesa-programa-015.yml:39 (perto do diff)
    ledger/claims/oe-2026-despesa-programa-016.yml:39 (perto do diff)
    ledger/claims/oe-2026-despesa-programa-017.yml:39 (perto do diff)
    ledger/claims/oe-2026-despesa-programa-018.yml:39 (perto do diff)
    ledger/claims/oe-2026-despesa-programa-019.yml:39 (perto do diff)
    ledger/claims/oe-2026-despesa-programa-020.yml:39 (perto do diff)
    ledger/claims/oe-2026-despesa-total.yml:40 (perto do diff)
    ledger/claims/oe-2026-diferencas-consolidacao-funcional.yml:39 (perto do diff)
    ledger/claims/oe-2026-passivos-financeiros-liquidos-administracao-central-seguranca-social.yml:40 (perto do diff)
    ledger/claims/oe-2026-receita-bruta-administracao-central.yml:40 (perto do diff)
    ledger/claims/oe-2026-receita-consolidada-administracao-central.yml:40 (perto do diff)
    ledger/claims/oe-2026-receita-consolidada-seguranca-social.yml:40 (perto do diff)
    ledger/claims/oe-2026-receita-efetiva-administracao-central-seguranca-social.yml:40 (perto do diff)
    ledger/claims/oe-2026-receita-efetiva-administracao-central.yml:39 (perto do diff)
    ledger/claims/oe-2026-receita-orcamental-administracao-central.yml:39 (perto do diff)
    ledger/claims/oe-2026-saldo-global-administracao-central-seguranca-social.yml:40 (perto do diff)
    ledger/claims/oe-2026-saldo-global-administracao-central.yml:39 (perto do diff)
    ledger/claims/oe-2026-saldo-primario-administracao-central.yml:39 (perto do diff)
1 decisão(ões) citada(s) em 187 ficheiro(s) de texto
0 ficheiro(s) binário(s) saltado(s)
conhecido-positivo: a §1.98 lida em scripts/check-lugar.mjs, e o nome que não existe (scripts/leituras/este-ficheiro-nao-existe-p4c.mjs) recusado como ilegível
