
> o-estado-do-pais@0.1.0 check:indice
> node tests/livro/indice.mjs --navegador --prova

  mordeu · localizador · Outra dimensão JSON-stat
  mordeu · localizador · Função fora da lista
  mordeu · localizador · Coluna numérica em vez do rótulo XLS
  mordeu · localizador · Folha XLS desconhecida
  mordeu · localizador · Campo numérico em vez do rótulo XML
  mordeu · localizador · Registo XML zero
  mordeu · localizador · Código ministerial zero
  mordeu · localizador · Total sem página
  mordeu · localizador · Página impressa trocada
  mordeu · localizador · Coluna da síntese desconhecida
  mordeu · localizador · Programa da síntese zero
  mordeu · localizador · Localizador livre
  mordeu · localizador · Rótulo de total inventado
  mordeu · localizador · Coluna do valor orçamental disfarçada de rótulo
  mordeu · nome do projeto inventado
{"plantas_localizadores":{"formatos_anteriores":[{"formato":"IndicadorDsg","id":"abrantes-empresas-2024","aceite":true},{"formato":"label","id":"disparidade-salarial-entre-sexos-2023","aceite":true},{"formato":"p.<n>, linha <n>, campo <n>","id":"abrantes-prazo-medio-de-pagamento-2025-12","aceite":true},{"formato":"<folha>, linha <n>, coluna <n>","id":"abrantes-desemprego-registado-2025-12","aceite":true}],"plantas":[{"nome":"Outra dimensão JSON-stat","id":"despesa-por-funcao-2024-gf01-es","localizador":"dimension.geo.category.label.GF01","mordeu":true,"queixa_I1":"ledger/claims/despesa-por-funcao-2024-gf01-es.yml: traz o rótulo \"General public services\" e o localizador \"dimension.geo.category.label.GF01\", que não é nenhuma das 11 formas que esta régua conhece (dimension.cofog99.category.label.GFnn · folha OE1 e célula do rótulo · Mapa1/Registos/Registo[n]/DesignacaoPrograma; Programa=P-nnn · página e código ministerial do Mapa 4 · página, rótulo e última coluna de um total dos mapas · páginas 49 e 50, rótulo e coluna da síntese de agosto · página 72, programa ou total da síntese de agosto · IndicadorDsg · label · p.<n>, linha <n>, campo <n> · <folha>, linha <n>, coluna <n>). Um rótulo é o que a fonte imprime no sítio que o localizador nomeia, e um localizador que ninguém reconhece é uma cadeia a que ninguém pode voltar.","nome_projeto_preservado":true,"queixas_I3":[]},{"nome":"Função fora da lista","id":"despesa-por-funcao-2024-gf01-es","localizador":"dimension.cofog99.category.label.GF11","mordeu":true,"queixa_I1":"ledger/claims/despesa-por-funcao-2024-gf01-es.yml: traz o rótulo \"General public services\" e o localizador \"dimension.cofog99.category.label.GF11\", que não é nenhuma das 11 formas que esta régua conhece (dimension.cofog99.category.label.GFnn · folha OE1 e célula do rótulo · Mapa1/Registos/Registo[n]/DesignacaoPrograma; Programa=P-nnn · página e código ministerial do Mapa 4 · página, rótulo e última coluna de um total dos mapas · páginas 49 e 50, rótulo e coluna da síntese de agosto · página 72, programa ou total da síntese de agosto · IndicadorDsg · label · p.<n>, linha <n>, campo <n> · <folha>, linha <n>, coluna <n>). Um rótulo é o que a fonte imprime no sítio que o localizador nomeia, e um localizador que ninguém reconhece é uma cadeia a que ninguém pode voltar.","nome_projeto_preservado":true,"queixas_I3":[]},{"nome":"Coluna numérica em vez do rótulo XLS","id":"execucao-2026-07-ativos-e-passivos-da-despesa-administracao-central","localizador":"FUNCIONAL!E2","mordeu":true,"queixa_I1":"ledger/claims/execucao-2026-07-ativos-e-passivos-da-despesa-administracao-central.yml: traz o rótulo \"ATIVOS E PASSIVOS DA DESPESA\" e o localizador \"FUNCIONAL!E2\", que não é nenhuma das 11 formas que esta régua conhece (dimension.cofog99.category.label.GFnn · folha OE1 e célula do rótulo · Mapa1/Registos/Registo[n]/DesignacaoPrograma; Programa=P-nnn · página e código ministerial do Mapa 4 · página, rótulo e última coluna de um total dos mapas · páginas 49 e 50, rótulo e coluna da síntese de agosto · página 72, programa ou total da síntese de agosto · IndicadorDsg · label · p.<n>, linha <n>, campo <n> · <folha>, linha <n>, coluna <n>). Um rótulo é o que a fonte imprime no sítio que o localizador nomeia, e um localizador que ninguém reconhece é uma cadeia a que ninguém pode voltar.","nome_projeto_preservado":true,"queixas_I3":[]},{"nome":"Folha XLS desconhecida","id":"execucao-2026-07-ativos-e-passivos-da-despesa-administracao-central","localizador":"DESCONHECIDA!C2","mordeu":true,"queixa_I1":"ledger/claims/execucao-2026-07-ativos-e-passivos-da-despesa-administracao-central.yml: traz o rótulo \"ATIVOS E PASSIVOS DA DESPESA\" e o localizador \"DESCONHECIDA!C2\", que não é nenhuma das 11 formas que esta régua conhece (dimension.cofog99.category.label.GFnn · folha OE1 e célula do rótulo · Mapa1/Registos/Registo[n]/DesignacaoPrograma; Programa=P-nnn · página e código ministerial do Mapa 4 · página, rótulo e última coluna de um total dos mapas · páginas 49 e 50, rótulo e coluna da síntese de agosto · página 72, programa ou total da síntese de agosto · IndicadorDsg · label · p.<n>, linha <n>, campo <n> · <folha>, linha <n>, coluna <n>). Um rótulo é o que a fonte imprime no sítio que o localizador nomeia, e um localizador que ninguém reconhece é uma cadeia a que ninguém pode voltar.","nome_projeto_preservado":true,"queixas_I3":[]},{"nome":"Campo numérico em vez do rótulo XML","id":"oe-2026-despesa-programa-001","localizador":"Mapa1/Registos/Registo[1]/TotalEmEuros; Programa=P-001","mordeu":true,"queixa_I1":"ledger/claims/oe-2026-despesa-programa-001.yml: traz o rótulo \"ÓRGÃOS DE SOBERANIA\" e o localizador \"Mapa1/Registos/Registo[1]/TotalEmEuros; Programa=P-001\", que não é nenhuma das 11 formas que esta régua conhece (dimension.cofog99.category.label.GFnn · folha OE1 e célula do rótulo · Mapa1/Registos/Registo[n]/DesignacaoPrograma; Programa=P-nnn · página e código ministerial do Mapa 4 · página, rótulo e última coluna de um total dos mapas · páginas 49 e 50, rótulo e coluna da síntese de agosto · página 72, programa ou total da síntese de agosto · IndicadorDsg · label · p.<n>, linha <n>, campo <n> · <folha>, linha <n>, coluna <n>). Um rótulo é o que a fonte imprime no sítio que o localizador nomeia, e um localizador que ninguém reconhece é uma cadeia a que ninguém pode voltar.","nome_projeto_preservado":true,"queixas_I3":[]},{"nome":"Registo XML zero","id":"oe-2026-despesa-programa-001","localizador":"Mapa1/Registos/Registo[0]/DesignacaoPrograma; Programa=P-001","mordeu":true,"queixa_I1":"ledger/claims/oe-2026-despesa-programa-001.yml: traz o rótulo \"ÓRGÃOS DE SOBERANIA\" e o localizador \"Mapa1/Registos/Registo[0]/DesignacaoPrograma; Programa=P-001\", que não é nenhuma das 11 formas que esta régua conhece (dimension.cofog99.category.label.GFnn · folha OE1 e célula do rótulo · Mapa1/Registos/Registo[n]/DesignacaoPrograma; Programa=P-nnn · página e código ministerial do Mapa 4 · página, rótulo e última coluna de um total dos mapas · páginas 49 e 50, rótulo e coluna da síntese de agosto · página 72, programa ou total da síntese de agosto · IndicadorDsg · label · p.<n>, linha <n>, campo <n> · <folha>, linha <n>, coluna <n>). Um rótulo é o que a fonte imprime no sítio que o localizador nomeia, e um localizador que ninguém reconhece é uma cadeia a que ninguém pode voltar.","nome_projeto_preservado":true,"queixas_I3":[]},{"nome":"Código ministerial zero","id":"oe-2026-despesa-ministerio-administracao-interna","localizador":"p. 1, POR MINISTÉRIOS, código 00","mordeu":true,"queixa_I1":"ledger/claims/oe-2026-despesa-ministerio-administracao-interna.yml: traz o rótulo \"ADMINISTRAÇÃO INTERNA\" e o localizador \"p. 1, POR MINISTÉRIOS, código 00\", que não é nenhuma das 11 formas que esta régua conhece (dimension.cofog99.category.label.GFnn · folha OE1 e célula do rótulo · Mapa1/Registos/Registo[n]/DesignacaoPrograma; Programa=P-nnn · página e código ministerial do Mapa 4 · página, rótulo e última coluna de um total dos mapas · páginas 49 e 50, rótulo e coluna da síntese de agosto · página 72, programa ou total da síntese de agosto · IndicadorDsg · label · p.<n>, linha <n>, campo <n> · <folha>, linha <n>, coluna <n>). Um rótulo é o que a fonte imprime no sítio que o localizador nomeia, e um localizador que ninguém reconhece é uma cadeia a que ninguém pode voltar.","nome_projeto_preservado":true,"queixas_I3":[]},{"nome":"Total sem página","id":"oe-2026-despesa-bruta-administracao-central","localizador":"p. , DESPESA TOTAL, última coluna","mordeu":true,"queixa_I1":"ledger/claims/oe-2026-despesa-bruta-administracao-central.yml: traz o rótulo \"DESPESA TOTAL\" e o localizador \"p. , DESPESA TOTAL, última coluna\", que não é nenhuma das 11 formas que esta régua conhece (dimension.cofog99.category.label.GFnn · folha OE1 e célula do rótulo · Mapa1/Registos/Registo[n]/DesignacaoPrograma; Programa=P-nnn · página e código ministerial do Mapa 4 · página, rótulo e última coluna de um total dos mapas · páginas 49 e 50, rótulo e coluna da síntese de agosto · página 72, programa ou total da síntese de agosto · IndicadorDsg · label · p.<n>, linha <n>, campo <n> · <folha>, linha <n>, coluna <n>). Um rótulo é o que a fonte imprime no sítio que o localizador nomeia, e um localizador que ninguém reconhece é uma cadeia a que ninguém pode voltar.","nome_projeto_preservado":true,"queixas_I3":[]},{"nome":"Página impressa trocada","id":"execucao-2026-08-ativos-financeiros-liquidos-administracao-central-seguranca-social","localizador":"p. 49 do ficheiro, página impressa 46, Despesa efetiva, Execução Acumulada 2026","mordeu":true,"queixa_I1":"ledger/claims/execucao-2026-08-ativos-financeiros-liquidos-administracao-central-seguranca-social.yml: traz o rótulo \"Ativos financeiros líquidos de reembolso\" e o localizador \"p. 49 do ficheiro, página impressa 46, Despesa efetiva, Execução Acumulada 2026\", que não é nenhuma das 11 formas que esta régua conhece (dimension.cofog99.category.label.GFnn · folha OE1 e célula do rótulo · Mapa1/Registos/Registo[n]/DesignacaoPrograma; Programa=P-nnn · página e código ministerial do Mapa 4 · página, rótulo e última coluna de um total dos mapas · páginas 49 e 50, rótulo e coluna da síntese de agosto · página 72, programa ou total da síntese de agosto · IndicadorDsg · label · p.<n>, linha <n>, campo <n> · <folha>, linha <n>, coluna <n>). Um rótulo é o que a fonte imprime no sítio que o localizador nomeia, e um localizador que ninguém reconhece é uma cadeia a que ninguém pode voltar.","nome_projeto_preservado":true,"queixas_I3":[]},{"nome":"Coluna da síntese desconhecida","id":"execucao-2026-08-ativos-financeiros-liquidos-administracao-central-seguranca-social","localizador":"p. 49 do ficheiro, página impressa 45, Despesa efetiva, Outra coluna 2026","mordeu":true,"queixa_I1":"ledger/claims/execucao-2026-08-ativos-financeiros-liquidos-administracao-central-seguranca-social.yml: traz o rótulo \"Ativos financeiros líquidos de reembolso\" e o localizador \"p. 49 do ficheiro, página impressa 45, Despesa efetiva, Outra coluna 2026\", que não é nenhuma das 11 formas que esta régua conhece (dimension.cofog99.category.label.GFnn · folha OE1 e célula do rótulo · Mapa1/Registos/Registo[n]/DesignacaoPrograma; Programa=P-nnn · página e código ministerial do Mapa 4 · página, rótulo e última coluna de um total dos mapas · páginas 49 e 50, rótulo e coluna da síntese de agosto · página 72, programa ou total da síntese de agosto · IndicadorDsg · label · p.<n>, linha <n>, campo <n> · <folha>, linha <n>, coluna <n>). Um rótulo é o que a fonte imprime no sítio que o localizador nomeia, e um localizador que ninguém reconhece é uma cadeia a que ninguém pode voltar.","nome_projeto_preservado":true,"queixas_I3":[]},{"nome":"Programa da síntese zero","id":"execucao-2026-08-despesa-programa-001","localizador":"p. 72 do ficheiro, página impressa 68, programa 000, Execução Acumulada 2026","mordeu":true,"queixa_I1":"ledger/claims/execucao-2026-08-despesa-programa-001.yml: traz o rótulo \"Órgãos de Soberania\" e o localizador \"p. 72 do ficheiro, página impressa 68, programa 000, Execução Acumulada 2026\", que não é nenhuma das 11 formas que esta régua conhece (dimension.cofog99.category.label.GFnn · folha OE1 e célula do rótulo · Mapa1/Registos/Registo[n]/DesignacaoPrograma; Programa=P-nnn · página e código ministerial do Mapa 4 · página, rótulo e última coluna de um total dos mapas · páginas 49 e 50, rótulo e coluna da síntese de agosto · página 72, programa ou total da síntese de agosto · IndicadorDsg · label · p.<n>, linha <n>, campo <n> · <folha>, linha <n>, coluna <n>). Um rótulo é o que a fonte imprime no sítio que o localizador nomeia, e um localizador que ninguém reconhece é uma cadeia a que ninguém pode voltar.","nome_projeto_preservado":true,"queixas_I3":[]},{"nome":"Localizador livre","id":"despesa-por-funcao-2024-gf01-es","localizador":"uma cadeia sem localizador","mordeu":true,"queixa_I1":"ledger/claims/despesa-por-funcao-2024-gf01-es.yml: traz o rótulo \"General public services\" e o localizador \"uma cadeia sem localizador\", que não é nenhuma das 11 formas que esta régua conhece (dimension.cofog99.category.label.GFnn · folha OE1 e célula do rótulo · Mapa1/Registos/Registo[n]/DesignacaoPrograma; Programa=P-nnn · página e código ministerial do Mapa 4 · página, rótulo e última coluna de um total dos mapas · páginas 49 e 50, rótulo e coluna da síntese de agosto · página 72, programa ou total da síntese de agosto · IndicadorDsg · label · p.<n>, linha <n>, campo <n> · <folha>, linha <n>, coluna <n>). Um rótulo é o que a fonte imprime no sítio que o localizador nomeia, e um localizador que ninguém reconhece é uma cadeia a que ninguém pode voltar.","nome_projeto_preservado":true,"queixas_I3":[]},{"nome":"Rótulo de total inventado","id":"oe-2026-despesa-bruta-administracao-central","localizador":"p. 6, RECEITA INVENTADA, última coluna","mordeu":true,"queixa_I1":"ledger/claims/oe-2026-despesa-bruta-administracao-central.yml: traz o rótulo \"DESPESA TOTAL\" e o localizador \"p. 6, RECEITA INVENTADA, última coluna\", que não é nenhuma das 11 formas que esta régua conhece (dimension.cofog99.category.label.GFnn · folha OE1 e célula do rótulo · Mapa1/Registos/Registo[n]/DesignacaoPrograma; Programa=P-nnn · página e código ministerial do Mapa 4 · página, rótulo e última coluna de um total dos mapas · páginas 49 e 50, rótulo e coluna da síntese de agosto · página 72, programa ou total da síntese de agosto · IndicadorDsg · label · p.<n>, linha <n>, campo <n> · <folha>, linha <n>, coluna <n>). Um rótulo é o que a fonte imprime no sítio que o localizador nomeia, e um localizador que ninguém reconhece é uma cadeia a que ninguém pode voltar.","nome_projeto_preservado":true,"queixas_I3":[]},{"nome":"Coluna do valor orçamental disfarçada de rótulo","id":"oe-2026-despesa-funcao-01","localizador":"FUNCIONAL!D2","mordeu":true,"queixa_I1":"ledger/claims/oe-2026-despesa-funcao-01.yml: traz o rótulo \"SERVIÇOS GERAIS DAS ADMINISTRAÇÕES PÚBLI\" e o localizador \"FUNCIONAL!D2\", que não é nenhuma das 11 formas que esta régua conhece (dimension.cofog99.category.label.GFnn · folha OE1 e célula do rótulo · Mapa1/Registos/Registo[n]/DesignacaoPrograma; Programa=P-nnn · página e código ministerial do Mapa 4 · página, rótulo e última coluna de um total dos mapas · páginas 49 e 50, rótulo e coluna da síntese de agosto · página 72, programa ou total da síntese de agosto · IndicadorDsg · label · p.<n>, linha <n>, campo <n> · <folha>, linha <n>, coluna <n>). Um rótulo é o que a fonte imprime no sítio que o localizador nomeia, e um localizador que ninguém reconhece é uma cadeia a que ninguém pode voltar.","nome_projeto_preservado":true,"queixas_I3":[]}],"planta_nome_projeto":{"nome":"Nome do projeto inventado","id":"despesa-por-funcao-2024-gf01-es","mordeu":true,"queixas_I3":["/dados/livro-indice.en.json: 1 entrada(s) com um nome que não é o da sua linha.","/dados/livro-indice.pt.json: 1 entrada(s) com um nome que não é o da sua linha."]}}}

  A RÉGUA DOS NOMES, DAS DATAS E DO ÍNDICE · 7881 página(s) de <sitio>/dist

  ✓ I1 · o nome de uma medida não é o identificador
        20 página(s) · 856 entrada(s) · 804 com nome · 52 sem nome (as derivadas, que não têm fonte nem documento, e as que só têm o marcador por título de documento) · 856 identificador(es) em metadado
        a escada no índice do livro-razão, por edição (428 linhas): 331 pelo nome do cartão · 3 pelo rótulo da fonte · 68 pelo TÍTULO DO DOCUMENTO, que é o nome do papel e não o da medida · 26 sem nome
        2046 rótulo(s) do livro-razão inteiro com um localizador de uma das 11 formas conhecidas
  ✓ I2 · as datas ISO à vista
        0 data(s) ISO como valor · 0 em prosa por marcar · 1042 dentro de texto transcrito (a casa não edita o que transcreve) · 693 em documentos alojados e páginas de leitura (fora do âmbito do brief §2)
  ✓ I3 · a busca do índice é um formulário, e cobre o livro-razão inteiro
        2 índice(s) com um campo de busca dentro de um <form method="get"> · 6390 entrada(s) nos dois ficheiros do índice da busca, contra 3195 linhas do livro-razão em cada
  ✓ I4 · a palavra retirada não está no rótulo da contagem
        0 ocorrência(s) no rótulo da contagem das áreas · 20 noutras páginas (o Método, o Sobre e os documentos alojados, que são do bloco F1.10)
  ✓ I5 · as contagens do índice com denominador
        as duas parcelas dizem de que total saem, nas duas edições
  ✓ I6 · o marcador com um destino só
        54 ligação(ões) em «pt» e 65 em «en», uma página cada · 98 marcador(es) dentro de um selo (excepção da Emenda 2) · 2 cadeia(s) dentro de documentos alojados, que são o texto do documento
  ✓ I8 · a página de uma unidade da Carta
        58 página(s), cada uma com a frase do índice, sem uma linha que não seja a da Carta e sem um algarismo fora de origem declarada
  ✓ I9 · as datas dos trabalhos, e o marcador que resta
        22 linha(s) de trabalho · 2 marcador(es) ao todo, 2 linha(s) com um e nenhuma com dois · 25 edição(ões) com a data do repositório conferida contra o git, 0 sem história · 25 de 25 linha(s) de src/data/datas-de-publicacao.json refeitas do git
  ✓ I10 · nenhum número novo
        3195 linha(s) citada(s) em 26964 ocorrência(s) · 19 motivo(s) declarado(s)
  ✓ I1p · as plantas dos localizadores recusam a origem desconhecida
        14 plantas dos localizadores com queixa própria de I1 e o degrau conferido por I3; uma planta do nome do projeto com queixas de I3; 4 formatos anteriores conferidos.
  ✓ I3b · a busca filtra o livro-razão inteiro, no navegador
        /livro-razao: 428 entradas no documento · por nome 3 · por concelho 9 · por fonte 50 · sem resultado 0
  ✓ I7 · sem transbordo a 390 nas páginas de linha
        1 página(s) medida (a do endereço mais longo; a amostra de 60 corre com --amostra-larga)
  ✓ I11 · o espaço entre o número e a palavra, a 390
        /lugares/: 1 par(es) medido(s) para 1 contagem(ns), vão mínimo 2.8px · com o defeito plantado, 1 de 1 apanhada(s) · /en/places/: 1 par(es) medido(s) para 1 contagem(ns), vão mínimo 2.8px · com o defeito plantado, 1 de 1 apanhada(s)


> o-estado-do-pais@0.1.0 check:nomes
> node scripts/check-nomes-oficiais.mjs --prova


  nomes oficiais · 7881 página(s) lidas, 49 analisadas · 44 nome(s) em recibo (44 esperados, derivados do ficheiro), 0 em título de cartão · confirmados pela marca por fonte: 7 do INE, 15 da PORDATA · recusados: 19
  ✓ nenhuma página rende um nome oficial que o motor não confirme como a mesma medida, e as 40 plantas foram recusadas ou aceites como deviam.

> o-estado-do-pais@0.1.0 design:feixe
> node scripts/design-bundle.mjs --prova

  mordeu · feixe · tamanho
  mordeu · feixe · dependência SVG
  mordeu · feixe · imagem externa
  mordeu · feixe · recorte retirado
{"recorte_livro":{"ficheiro":"13-pagina-livro-razao.html","entradas_na_pagina":428,"entradas_no_recorte":8,"primeiras_preservadas":true,"nota_e_porta_preservadas":true,"pagina_conservada":true,"pagina_sha256":"e8961e4faad8d6bb73c78c219786c557f7f12e60076be6deb45cbc90d8a251d9","bytes_cartao":235855,"bytes_sem_recorte":1060682,"teto_bytes":673249,"margem":0.1,"planta":{"nome":"recorte retirado","mordeu":true,"queixa":"1035.8 KiB acima do tecto de 657.4697265625 KiB"}}}

  O feixe de cartões do sistema de desenho
  design-system/ · de dist/ no commit e99b047 · 20 cartões, 11 ficheiros de letra e um README

  ficheiro                          grupo          bytes  ok
  01-cor.html                       Fundamentos   380206  ✓
  02-tipo.html                      Fundamentos   376326  ✓
  03-selo-e-marcador.html           Componentes   414100  ✓
  04-regua.html                     Disposições   383852  ✓
  05-mapa.html                      Disposições   444997  ✓
  06-estados.html                   Componentes   375911  ✓
  07-cartoes.html                   Componentes   289331  ✓
  10-pagina-primeira.html           Páginas       439145  ✓
  11-pagina-primeira-escuro.html    Páginas       440016  ✓
  12-pagina-linha-livro-razao.html  Páginas       227235  ✓
  13-pagina-livro-razao.html        Páginas       235855  ✓
  14-pagina-municipio.html          Páginas       300873  ✓
  15-pagina-lugares.html            Páginas       491221  ✓
  16-pagina-metodo.html             Páginas       257122  ✓
  17-pagina-agenda.html             Páginas       293838  ✓
  18-pagina-estudos.html            Páginas       214337  ✓
  19-pagina-sobre.html              Páginas       199754  ✓
  20-pagina-correcoes.html          Páginas       299136  ✓
  21-pagina-404.html                Páginas       198487  ✓
  30-regras.html                    Fundamentos   240811  ✓

  6350.1 KiB de cartões · maior cartão 479.7 KiB · tecto 657.4697265625 KiB
  11 ficheiros de letra ao lado, 421.0 KiB, resumos conferidos contra TIPOS.md · fora do tecto
  ligações internas absolutas em https://oestadodopaís.pt · 17 ligações para fontes, intactas · 12 endereços escritos no texto das páginas (transcrições, não pedidos)
  nenhum <script>, nenhum <link>, nenhuma imagem que não seja data:, nenhum endereço fora de um href · 160 pedidos de tipo, todos resolvidos em ficheiros desta corrida

  7881 página(s) de `dist/` varridas à procura das duas ausências que os cartões afirmam (`.movel-selo`, `.banda`): nenhuma das duas rende.
  ✓ 20 cartões, 11 ficheiros de letra e um README em design-system/.


> o-estado-do-pais@0.1.0 check:rotulos
> node scripts/inventario-rotulos.mjs --prova

R2 · rótulos: 7880 página(s) lidas, 656 com cartões, 5290 cartão(ões) (nacional 318, uniao 42, concelho 4928, camaras 2), 376 chave(s); unidades declaradas 780, da linha 4442, em dívida 2; estados 688; frases da faixa 2464+2464 (2464 cartões com a faixa inteira); contra o declarado: 376 chave(s), 1362 campo(s), 1411 forma(s) com a contagem, 26844 ocorrência(s), 0 diferença(s); dobras 138 perguntas, 4928 notas, 12 referências, 42 na União; OE1: unidades em 186+186 recibos, 186+186 entradas do livro; 30 de 30 plantas a morder; 0 erro(s).
