{
  "motor": {
    "codigo": 0,
    "cabeca": "1f7520e4dcafb394bcb2ee2b61c7579759d2d3a3",
    "origem": "portoes/motor.codigo"
  },
  "ledger": {
    "codigo": 0,
    "cabeca": "914c53e1a76f541c513b576d0a603b4b7de29261",
    "origem": "portoes/ledger.codigo"
  },
  "build": {
    "codigo": 0,
    "cabeca": "914c53e1a76f541c513b576d0a603b4b7de29261",
    "origem": "portoes/build.codigo"
  },
  "verify": {
    "codigo": 0,
    "cabeca": "914c53e1a76f541c513b576d0a603b4b7de29261",
    "origem": "portoes/verify.codigo"
  },
  "typecheck": {
    "codigo": 0,
    "cabeca": "914c53e1a76f541c513b576d0a603b4b7de29261",
    "origem": "portoes/typecheck.codigo"
  }
}

