Created autostash: 2d44c12e
Rebasing (1/22)
Rebasing (2/22)
Rebasing (3/22)
Rebasing (4/22)
Rebasing (5/22)
Rebasing (6/22)
Rebasing (7/22)
Rebasing (8/22)
Rebasing (9/22)
Rebasing (10/22)
Rebasing (11/22)
Rebasing (12/22)
Rebasing (13/22)
Rebasing (14/22)
Rebasing (15/22)
Rebasing (16/22)
Rebasing (17/22)
Rebasing (18/22)
Rebasing (19/22)
Auto-merging design/observatorio/MAPA-DO-REPOSITORIO-para-construtores.md
CONFLICT (content): Merge conflict in design/observatorio/MAPA-DO-REPOSITORIO-para-construtores.md
error: could not apply 914c53e1... OE1-d: provar as bases integradas e conservar as referências do R3
hint: Resolve all conflicts manually, mark them as resolved with
hint: "git add/rm <conflicted_files>", then run "git rebase --continue".
hint: You can instead skip this commit: run "git rebase --skip".
hint: To abort and get back to the state before "git rebase", run "git rebase --abort".
hint: Disable this message with "git config set advice.mergeConflict false"
Could not apply 914c53e1... # OE1-d: provar as bases integradas e conservar as referências do R3
