mapa l.75 src/i18n/strings.mjs:4456 -> 4545
mapa l.93 src/lib/routes.mjs:255 -> 267
mapa l.137 scripts/gate-html.mjs:379 -> 380
mapa l.145 scripts/check-formas.mjs:467 -> 476
mapa l.147 scripts/check-voz.mjs:531 -> 534
mapa l.151 scripts/check-lugar.mjs:1541 -> 1551
mapa l.151 scripts/check-lugar.mjs:1030 -> 1040
mapa l.151 scripts/check-lugar.mjs:1019 -> 1029
mapa l.151 scripts/check-lugar.mjs:1310 -> 1320
mapa l.151 scripts/check-lugar.mjs:1527 -> 1537
mapa l.151 scripts/check-lugar.mjs:1245 -> 1255
mapa l.151 scripts/check-lugar.mjs:1762 -> 1772
mapa l.151 scripts/check-lugar.mjs:1286 -> 1296
mapa l.151 scripts/check-lugar.mjs:1280 -> 1290
mapa l.151 scripts/check-lugar.mjs:1733 -> 1743
mapa l.151 scripts/check-lugar.mjs:1249 -> 1259
mapa l.151 scripts/check-lugar.mjs:1682 -> 1692
mapa l.151 scripts/check-lugar.mjs:1621 -> 1631
mapa l.151 scripts/check-lugar.mjs:1773 -> 1783
mapa l.151 scripts/check-lugar.mjs:1192 -> 1202
mapa l.151 scripts/check-lugar.mjs:1183 -> 1193
mapa l.151 scripts/check-lugar.mjs:1154 -> 1164
mapa l.151 scripts/check-lugar.mjs:1049 -> 1059
mapa l.151 scripts/check-lugar.mjs:974 -> 984
mapa l.151 scripts/check-lugar.mjs:1986 -> 1996
mapa l.151 scripts/check-lugar.mjs:874 -> 884
mapa l.151 scripts/check-lugar.mjs:945 -> 955
mapa l.159 scripts/gate-html.mjs:8150 -> 8214
mapa l.159 scripts/gate-html.mjs:1633 -> 1639
mapa l.159 scripts/gate-html.mjs:152 -> 153
mapa l.159 scripts/gate-html.mjs:150 -> 151
mapa l.159 scripts/gate-html.mjs:123 -> 124
mapa l.161 scripts/gate-html.mjs:8009 -> 8053
mapa l.161 scripts/gate-html.mjs:7962 -> 8006
mapa l.161 scripts/gate-html.mjs:401 -> 402
mapa l.163 scripts/gate-html.mjs:8002 -> 8046
mapa l.163 scripts/gate-html.mjs:7992 -> 8036
mapa l.163 scripts/gate-html.mjs:563 -> 569
mapa l.165 scripts/gate-html.mjs:2322 -> 2328
mapa l.165 scripts/gate-html.mjs:1867 -> 1873
mapa l.165 scripts/gate-html.mjs:1850 -> 1856
mapa l.169 scripts/gate-html.mjs:1735 -> 1741
mapa l.169 scripts/gate-html.mjs:1752 -> 1758
mapa l.170 scripts/gate-html.mjs:1858 -> 1864
mapa l.171 scripts/gate-html.mjs:1907 -> 1913
mapa l.172 scripts/gate-html.mjs:1984 -> 1990
mapa l.173 scripts/gate-html.mjs:2367 -> 2373
mapa l.174 scripts/gate-html.mjs:2468 -> 2474
mapa l.174 scripts/gate-html.mjs:2451 -> 2457
mapa l.174 scripts/gate-html.mjs:1802 -> 1808
mapa l.175 scripts/gate-html.mjs:1846 -> 1852
mapa l.176 scripts/gate-html.mjs:2552 -> 2558
mapa l.176 scripts/gate-html.mjs:2536 -> 2542
mapa l.180 scripts/gate-html.mjs:8004 -> 8048
mapa l.181 scripts/gate-html.mjs:5180 -> 5206
mapa l.181 scripts/gate-html.mjs:283 -> 284
mapa l.181 scripts/gate-html.mjs:342 -> 343
mapa l.181 scripts/gate-html.mjs:5222 -> 5248
mapa l.181 scripts/gate-html.mjs:5154 -> 5180
mapa l.181 scripts/gate-html.mjs:5087 -> 5093
mapa l.181 scripts/gate-html.mjs:5297 -> 5323
mapa l.181 scripts/gate-html.mjs:352 -> 353
mapa l.182 scripts/gate-html.mjs:4811 -> 4817
mapa l.183 scripts/gate-html.mjs:5380 -> 5406
mapa l.183 scripts/gate-html.mjs:5265 -> 5291
mapa l.184 scripts/gate-html.mjs:4937 -> 4943
mapa l.185 scripts/gate-html.mjs:7793 -> 7837
mapa l.186 scripts/gate-html.mjs:4435 -> 4441
mapa l.187 scripts/gate-html.mjs:6969 -> 7000
mapa l.187 scripts/gate-html.mjs:5298 -> 5324
mapa l.188 scripts/gate-html.mjs:7055 -> 7086
mapa l.189 scripts/gate-html.mjs:7732 -> 7776
mapa l.189 scripts/gate-html.mjs:5324 -> 5350
mapa l.190 scripts/gate-html.mjs:4499 -> 4505
mapa l.191 scripts/gate-html.mjs:2463 -> 2469
mapa l.191 scripts/gate-html.mjs:1827 -> 1833
mapa l.195 scripts/gate-html.mjs:8397 -> 8461
mapa l.195 scripts/gate-html.mjs:8319 -> 8383
mapa l.195 scripts/gate-html.mjs:8546 -> 8610
mapa l.195 scripts/gate-html.mjs:8987 -> 9051
mapa l.195 scripts/gate-html.mjs:8218 -> 8282
mapa l.202 scripts/gate-html.mjs:7681 -> 7725
mapa l.203 scripts/gate-html.mjs:3361 -> 3367
mapa l.212 scripts/gate-html.mjs:3609 -> 3615
mapa l.221 tests/acessibilidade/alvos.mjs:1593 -> 1611
mapa l.221 tests/acessibilidade/alvos.mjs:1768 -> 1786
mapa l.221 tests/acessibilidade/alvos.mjs:1795 -> 1813
mapa l.221 tests/acessibilidade/alvos.mjs:1755 -> 1773
mapa l.221 tests/acessibilidade/alvos.mjs:1708 -> 1726
mapa l.221 tests/acessibilidade/alvos.mjs:1654 -> 1672
mapa l.221 tests/acessibilidade/alvos.mjs:1628 -> 1646
mapa l.221 tests/acessibilidade/alvos.mjs:1610 -> 1628
mapa l.221 tests/acessibilidade/alvos.mjs:1596 -> 1614
mapa l.221 tests/acessibilidade/alvos.mjs:1580 -> 1598
mapa l.221 tests/acessibilidade/alvos.mjs:1502 -> 1520
mapa l.221 tests/acessibilidade/alvos.mjs:1484 -> 1502
mapa l.243 scripts/check-lugar.mjs:991 -> 1001
mapa l.243 scripts/check-lugar.mjs:974 -> 984
mapa l.312 src/i18n/strings.mjs:4049 -> 4138
mapa l.327 scripts/gate-html.mjs:7873 -> 7917
mapa l.327 scripts/gate-html.mjs:7913 -> 7957
mapa l.328 scripts/medir-defeitos.mjs:1594 -> 1630
mapa l.330 scripts/check-voz.mjs:531 -> 534
mapa l.333 scripts/check-lugar.mjs:945 -> 955
mapa l.333 scripts/gate-html.mjs:419 -> 425
mapa l.334 scripts/check-lugar.mjs:974 -> 984
mapa l.334 scripts/check-lugar.mjs:958 -> 968
mapa l.334 scripts/check-lugar.mjs:958 -> 968
mapa l.335 scripts/check-lugar.mjs:314 -> 324
mapa l.369 scripts/gate-html.mjs:4508 -> 4514
mapa l.382 src/data/primeira-pagina.mjs:359 -> 369
mapa l.382 src/data/primeira-pagina.mjs:280 -> 290
mapa l.383 src/lib/routes.mjs:256 -> 268
mapa l.385 scripts/sinais-da-primeira-pagina.mjs:103 -> 121
mapa l.387 tests/acessibilidade/alvos.mjs:927 -> 941
mapa l.387 scripts/check-lugar.mjs:562 -> 572
mapa l.387 scripts/check-formas.mjs:200 -> 202
mapa l.387 scripts/check-voz.mjs:711 -> 714
mapa l.387 scripts/check-voz.mjs:560 -> 563
mapa l.387 scripts/medir-defeitos.mjs:683 -> 696
mapa l.387 scripts/medir-defeitos.mjs:650 -> 663
mapa l.387 scripts/medir-defeitos.mjs:635 -> 648
mapa l.387 scripts/gate-html.mjs:5954 -> 5980
mapa l.398 src/lib/caminho.mjs:155 -> 161
mapa l.398 src/lib/routes.mjs:297 -> 309
mapa l.399 scripts/gate-html.mjs:6032 -> 6058
mapa l.401 scripts/check-formas.mjs:684 -> 693
mapa l.403 scripts/check-formas.mjs:1525 -> 1551
mapa l.405 scripts/gate-html.mjs:4778 -> 4784
mapa l.406 scripts/gate-html.mjs:4864 -> 4870
mapa l.408 scripts/gate-html.mjs:176 -> 177
mapa l.408 scripts/gate-html.mjs:4556 -> 4562
mapa l.408 scripts/gate-html.mjs:75 -> 76
mapa l.432 scripts/gate-html.mjs:6199 -> 6225
mapa l.432 scripts/gate-html.mjs:3631 -> 3637
mapa l.443 src/i18n/strings.mjs:4395 -> 4484
mapa l.443 src/i18n/strings.mjs:3115 -> 3162
mapa l.447 scripts/gate-html.mjs:1084 -> 1090
mapa l.449 scripts/gate-html.mjs:104 -> 105
mapa l.458 scripts/check-formas.mjs:705 -> 731
mapa l.459 scripts/gate-html.mjs:6234 -> 6260
mapa l.460 scripts/check-lugar.mjs:1689 -> 1699
mapa l.463 scripts/check-formas.mjs:1516 -> 1542
mapa l.464 src/i18n/strings.mjs:1132 -> 1135
mapa l.472 scripts/gate-html.mjs:5045 -> 5051
mapa l.479 scripts/gate-html.mjs:6519 -> 6545
mapa l.479 scripts/gate-html.mjs:3486 -> 3492
mapa l.479 scripts/gate-html.mjs:3519 -> 3525
mapa l.486 src/lib/caminho.mjs:98 -> 99
mapa l.490 scripts/gate-html.mjs:8021 -> 8065
mapa l.490 scripts/gate-html.mjs:8016 -> 8060
mapa l.490 scripts/gate-html.mjs:5421 -> 5447
mapa l.491 tests/acessibilidade/alvos.mjs:2077 -> 2095
mapa l.491 tests/acessibilidade/alvos.mjs:2054 -> 2072
mapa l.493 scripts/medir-defeitos.mjs:495 -> 501
mapa l.495 scripts/medir-defeitos.mjs:1610 -> 1646
mapa l.503 scripts/gate-html.mjs:6506 -> 6532
mapa l.503 scripts/gate-html.mjs:103 -> 104
mapa l.505 src/i18n/strings.mjs:1246 -> 1249
mapa l.510 scripts/check-lugar.mjs:1106 -> 1116
mapa l.519 scripts/gate-html.mjs:9030 -> 9094
mapa l.519 scripts/gate-html.mjs:118 -> 119
mapa l.522 scripts/gate-html.mjs:6564 -> 6590
mapa l.524 scripts/check-lugar.mjs:1589 -> 1599
mapa l.533 scripts/medir-defeitos.mjs:824 -> 851
mapa l.533 src/lib/caminho.mjs:277 -> 293
mapa l.534 scripts/gate-html.mjs:9092 -> 9156
mapa l.534 scripts/gate-html.mjs:4791 -> 4797
mapa l.534 scripts/gate-html.mjs:410 -> 416
mapa l.535 scripts/check-formas.mjs:277 -> 286
mapa l.535 scripts/check-lugar.mjs:2128 -> 2138
mapa l.535 scripts/check-lugar.mjs:625 -> 635
mapa l.536 scripts/check-lugar.mjs:588 -> 598
mapa l.536 scripts/medir-defeitos.mjs:1327 -> 1363
mapa l.544 src/lib/routes.mjs:359 -> 371
mapa l.544 src/lib/routes.mjs:343 -> 355
mapa l.545 src/lib/indice.mjs:195 -> 200
mapa l.545 src/lib/indice.mjs:107 -> 111
mapa l.545 src/lib/indice.mjs:51 -> 52
mapa l.548 scripts/gate-html.mjs:8042 -> 8086
mapa l.548 scripts/gate-html.mjs:5461 -> 5487
mapa l.549 scripts/medir-defeitos.mjs:555 -> 561
mapa l.549 scripts/gate-html.mjs:5459 -> 5485
mapa l.551 src/views/IndiceView.astro:99 -> 100
mapa l.640 src/i18n/strings.mjs:2279 -> 2326
mapa l.641 scripts/check-formas.mjs:655 -> 664
mapa l.653 scripts/gate-html.mjs:8057 -> 8121
mapa l.653 scripts/gate-html.mjs:5443 -> 5469
mapa l.654 scripts/gate-html.mjs:4635 -> 4641
mapa l.655 scripts/gate-html.mjs:6165 -> 6191
mapa l.668 scripts/check-formas.mjs:472 -> 481
mapa l.668 scripts/check-formas.mjs:398 -> 407
mapa l.668 scripts/check-formas.mjs:418 -> 427
mapa l.669 scripts/gate-html.mjs:1073 -> 1079
mapa l.669 scripts/gate-html.mjs:6074 -> 6100
195 referência(s) postas em dia
