citações conferidas na linha citada (±7): 392
citação está no ficheiro, mas longe da linha citada: 59
   mapa l.75 «let paridadeConferida = false» citada em ['src/i18n/strings.mjs:7', 'src/i18n/strings.mjs:4456'] → está em ['src/i18n/strings.mjs:4548']
   mapa l.147 «E SÓ SAI CONFERIDA NA MESMA CORRIDA» citada em ['scripts/check-voz.mjs:14', 'scripts/check-voz.mjs:9', 'scripts/check-voz.mjs:531', 'scripts/check-voz.mjs:41'] → está em ['scripts/check-voz.mjs:537']
   mapa l.165 «as sete conferências L1 a L7» citada em ['scripts/gate-html.mjs:1850', 'scripts/gate-html.mjs:1867', 'scripts/gate-html.mjs:2322'] → está em ['scripts/gate-html.mjs:1873']
   mapa l.174 «Fontes e verificação» citada em ['scripts/gate-html.mjs:1802', 'scripts/gate-html.mjs:2451', 'scripts/gate-html.mjs:2468'] → está em ['scripts/gate-html.mjs:2474']
   mapa l.176 «Sem esta comparação, a marca seria uma dispensa: seis dos tí» citada em ['scripts/gate-html.mjs:2536', 'scripts/gate-html.mjs:2552'] → está em ['scripts/gate-html.mjs:2558']
   mapa l.180 «algarismos fora do livro-razão» citada em ['scripts/gate-html.mjs:8004'] → está em ['scripts/gate-html.mjs:8048']
   mapa l.183 «dentro de um marco» citada em ['scripts/gate-html.mjs:5265', 'scripts/gate-html.mjs:5380'] → está em ['scripts/gate-html.mjs:5406']
   mapa l.185 «uma ausência nunca se desenha» citada em ['scripts/gate-html.mjs:7793'] → está em ['scripts/gate-html.mjs:7837']
   mapa l.195 «se uma faltar, o selo dessa linha aponta para um 404» citada em ['scripts/gate-html.mjs:8218', 'scripts/gate-html.mjs:8987', 'scripts/gate-html.mjs:8546', 'scripts/gate-html.mjs:8319'] → está em ['scripts/gate-html.mjs:9051']
   mapa l.202 «B2: as quatro contagens partilham uma porta visível, validad» citada em ['scripts/pais-camaras.mjs:1', 'scripts/check-pais.mjs:284', 'scripts/gate-html.mjs:7681', 'scripts/pais-camaras.mjs:61'] → está em ['scripts/gate-html.mjs:7725']
   mapa l.212 «A LEITURA DO CARTÃO, pela mesma regra do item da régua» citada em ['scripts/gate-html.mjs:3609'] → está em ['scripts/gate-html.mjs:3615']
   mapa l.328 «UMA SENTINELA APANHA A FRASE DENTRO DE OUTRA FRASE» citada em ['scripts/medir-defeitos.mjs:1594'] → está em ['scripts/medir-defeitos.mjs:1634']
   mapa l.330 «E SÓ SAI CONFERIDA NA MESMA CORRIDA» citada em ['scripts/check-voz.mjs:531'] → está em ['scripts/check-voz.mjs:537']
   mapa l.387 «A FRASE DO VEREDICTO SAI DO INVENTÁRIO NA PRIMEIRA PÁGINA» citada em ['scripts/gate-html.mjs:5954', 'scripts/medir-defeitos.mjs:635', 'scripts/medir-defeitos.mjs:650', 'scripts/medir-defeitos.mjs:683'] → está em ['scripts/medir-defeitos.mjs:714']
   mapa l.398 «A PÁGINA DE UMA SÉRIE (bloco UE1, 29.09.2026)» citada em ['src/lib/routes.mjs:297', 'src/views/SerieView.astro:3', 'src/lib/caminho.mjs:155'] → está em ['src/lib/caminho.mjs:163']
   mapa l.399 «AS ORIGENS DAS LINHAS DE SÉRIE (bloco UE1» citada em ['scripts/gate-html.mjs:6032', 'scripts/series-do-portao.mjs:2', 'scripts/medir-defeitos.mjs:223'] → está em ['scripts/gate-html.mjs:6058', 'scripts/medir-defeitos.mjs:225']
   mapa l.401 «F19, UE1 (29.09.2026): a faixa da União» citada em ['tests/cartao/faixa.mjs:2', 'scripts/check-formas.mjs:684', 'tests/cartao/cartao.mjs:23'] → está em ['scripts/check-formas.mjs:709']
   mapa l.403 «F19g · F19h (UE1b, 29.09.2026)» citada em ['src/data/faixa-da-uniao.mjs:48', 'src/lib/faixa-da-uniao.mjs:86', 'scripts/series-do-portao.mjs:111', 'tests/cartao/faixa.mjs:420'] → está em ['scripts/check-formas.mjs:1551']
   mapa l.405 «UE1b (29.09.2026): o que quer dizer cada marca» citada em ['src/views/SerieView.astro:21', 'scripts/gate-html.mjs:4778'] → está em ['scripts/gate-html.mjs:4784']
   mapa l.406 «UE1b (29.09.2026): a porta do recibo da linha portuguesa» citada em ['src/views/LinhaView.astro:132', 'scripts/gate-html.mjs:4864'] → está em ['scripts/gate-html.mjs:4870']
   mapa l.432 «AS ORIGENS DA FAIXA DO CONCELHO (bloco L2b» citada em ['scripts/gate-html.mjs:3631', 'scripts/concelhos-do-portao.mjs:2', 'scripts/gate-html.mjs:6199'] → está em ['scripts/gate-html.mjs:738']
   mapa l.432 «A FAIXA DO CONCELHO, pela mesma regra da leitura do cartão» citada em ['scripts/gate-html.mjs:3631', 'scripts/concelhos-do-portao.mjs:2', 'scripts/gate-html.mjs:6199'] → está em ['scripts/gate-html.mjs:3637']
   mapa l.443 «What this number is» citada em ['src/i18n/strings.mjs:3115', 'src/i18n/strings.mjs:4395', 'src/components/CartaoDaMedida.astro:369', 'src/styles/cartao-medida.css:178'] → está em ['src/i18n/strings.mjs:4487']
   mapa l.458 «F20, UE2 (02.10.2026): a secção dos países da página da Uniã» citada em ['tests/uniao/paises.mjs:2', 'scripts/check-formas.mjs:705', 'tests/cartao/faixa.mjs:309'] → está em ['scripts/check-formas.mjs:731']
   mapa l.459 «QUANTOS PAÍSES A TABELA TEM (bloco UE2, 02.10.2026)» citada em ['scripts/gate-html.mjs:6234', 'tests/pais/portoes.mjs:363'] → está em ['scripts/gate-html.mjs:6260']
   mapa l.463 «UE2-b: cada faixa das duas edições diz o que a medida conta» citada em ['src/components/FaixaDosPaises.astro:83', 'src/styles/paises.css:47', 'tests/uniao/paises.mjs:53', 'scripts/check-formas.mjs:1516'] → está em ['scripts/check-formas.mjs:1542']
   mapa l.464 «OS PAÍSES ENTRARAM A 02.10.2026 (a passagem UE2-b» citada em ['src/i18n/strings.mjs:1132'] → está em ['src/i18n/strings.mjs:1138']
   mapa l.479 «A UNIDADE DA CASA DE UMA MEDIDA DE CONCELHO (passagem P4-c» citada em ['src/data/concelhos.mjs:202', 'src/components/lugar/CartaoDoLugar.astro:61', 'scripts/gate-html.mjs:3519', 'src/components/lugar/CartaoDoLugar.astro:94'] → está em ['scripts/gate-html.mjs:6547', 'tests/pais/portoes.mjs:408']
   mapa l.490 «A PORTA DAS SUGESTÕES, E AS PÁGINAS DA CAIXA (bloco S1, 02.1» citada em ['scripts/sugestoes-do-portao.mjs:3', 'scripts/sugestoes-do-portao.mjs:513', 'scripts/sugestoes-do-portao.mjs:270', 'scripts/gate-html.mjs:5421'] → está em ['scripts/gate-html.mjs:5445']
   mapa l.490 «A CAIXA DAS SUGESTÕES, DEPOIS DO VARRIMENTO (bloco S1, 02.10» citada em ['scripts/sugestoes-do-portao.mjs:3', 'scripts/sugestoes-do-portao.mjs:513', 'scripts/sugestoes-do-portao.mjs:270', 'scripts/gate-html.mjs:5421'] → está em ['scripts/gate-html.mjs:8058']
   mapa l.490 «TODAS AS MIGRAÇÕES, POR ORDEM DE NOME (S1-b, 03.10.2026» citada em ['scripts/sugestoes-do-portao.mjs:3', 'scripts/sugestoes-do-portao.mjs:513', 'scripts/sugestoes-do-portao.mjs:270', 'scripts/gate-html.mjs:5421'] → está em ['scripts/gate-html.mjs:8063']
   mapa l.491 «AS MESMAS PÁGINAS, e não o mesmo número» citada em ['tests/acessibilidade/alvos.mjs:2054', 'tests/acessibilidade/alvos.mjs:2077'] → está em ['tests/acessibilidade/alvos.mjs:2099']
   mapa l.493 «A CAIXA DAS SUGESTÕES (bloco S1, 02.10.2026): a página» citada em ['scripts/medir-defeitos.mjs:495', 'src/data/politica-ia.mjs:459', 'tests/pais/portoes.mjs:488'] → está em ['scripts/medir-defeitos.mjs:504']
   mapa l.495 «UMA RETIRADA DENTRO DE UMA FRASE DECLARADA, E SÓ DESSA (bloc» citada em ['scripts/medir-defeitos.mjs:1610'] → está em ['scripts/medir-defeitos.mjs:1650']
   mapa l.503 «R2 (03.10.2026): o cartão de uma linha com unidade declarada» citada em ['scripts/gate-html.mjs:103', 'scripts/gate-html.mjs:6506', 'tests/cartao/perguntas.mjs:208', 'tests/pais/portoes.mjs:326'] → está em ['scripts/gate-html.mjs:6532']
   mapa l.510 «E A PORTA DA ORIGEM DE UMA DEFINIÇÃO QUE É O PRÓPRIO DOCUMEN» citada em ['scripts/check-lugar.mjs:1106', 'tests/pais/portoes.mjs:343'] → está em ['scripts/check-lugar.mjs:1118']
   mapa l.519 «R2-b (04.10.2026, achado 6 da leitura a frio): o autoteste» citada em ['scripts/gate-html.mjs:118', 'scripts/gate-html.mjs:9030', 'tests/cartao/perguntas.mjs:226'] → está em ['scripts/gate-html.mjs:9094', 'tests/cartao/perguntas.mjs:224']
   mapa l.522 «R2-b (04.10.2026): a faixa dos 27 da página da União diz a u» citada em ['src/components/FaixaDosPaises.astro:65', 'scripts/gate-html.mjs:6564', 'scripts/inventario-rotulos.mjs:494'] → está em ['scripts/gate-html.mjs:6590']
   mapa l.533 «UMA SÉRIE NO TEMPO (bloco RP3, 04.10.2026): o nome do projet» citada em ['src/pages/livro-razao/series/[...serie].astro:3', 'src/styles/serie-no-tempo.css:1', 'src/views/SerieNoTempoView.astro:3', 'src/data/series-no-tempo.mjs:31'] → está em ['src/pages/livro-razao/series/[...serie].astro:1', 'src/styles/serie-no-tempo.css:1', 'src/views/SerieNoTempoView.astro:1', 'src/lib/caminho.mjs:291']
   mapa l.533 «OS NOMES DO PROJETO DAS SÉRIES NO TEMPO SEM CARTÃO (bloco RP» citada em ['src/pages/livro-razao/series/[...serie].astro:3', 'src/styles/serie-no-tempo.css:1', 'src/views/SerieNoTempoView.astro:3', 'src/data/series-no-tempo.mjs:31'] → está em ['scripts/medir-defeitos.mjs:851']
   mapa l.534 «AS SÉRIES DE PAÍSES E AS SÉRIES NO TEMPO (bloco RP3, 04.10.2» citada em ['scripts/gate-html.mjs:22', 'scripts/gate-html.mjs:410', 'scripts/gate-html.mjs:4791', 'scripts/gate-html.mjs:9092'] → está em ['scripts/gate-html.mjs:416']
   mapa l.534 «RP3: o recibo de uma série no tempo tem cada ponto da série » citada em ['scripts/gate-html.mjs:22', 'scripts/gate-html.mjs:410', 'scripts/gate-html.mjs:4791', 'scripts/gate-html.mjs:9092'] → está em ['scripts/gate-html.mjs:4797']
   mapa l.534 «RP3: cada série no tempo com o seu recibo inteiro nas duas e» citada em ['scripts/gate-html.mjs:22', 'scripts/gate-html.mjs:410', 'scripts/gate-html.mjs:4791', 'scripts/gate-html.mjs:9092'] → está em ['scripts/gate-html.mjs:9156']
   mapa l.535 «O CAMPO TRANSCRITO DE UMA LINHA DE SÉRIE (bloco RP3, 04.10.2» citada em ['scripts/campos-da-serie.mjs:1', 'scripts/check-lugar.mjs:625', 'scripts/check-lugar.mjs:2128', 'scripts/voz-palavras.mjs:286'] → está em ['scripts/check-lugar.mjs:635']
   mapa l.535 «O AUTOTESTE DA MARCA DAS SÉRIES (bloco RP3, 04.10.2026; pass» citada em ['scripts/campos-da-serie.mjs:1', 'scripts/check-lugar.mjs:625', 'scripts/check-lugar.mjs:2128', 'scripts/voz-palavras.mjs:286'] → está em ['scripts/check-lugar.mjs:2138']
   mapa l.535 «RP3 (04.10.2026): as contagens da faixa e da secção dos país» citada em ['scripts/campos-da-serie.mjs:1', 'scripts/check-lugar.mjs:625', 'scripts/check-lugar.mjs:2128', 'scripts/voz-palavras.mjs:286'] → está em ['scripts/check-formas.mjs:289']
   mapa l.536 «RP3): a marca diz de que série é, e o texto tem de ser o nom» citada em ['scripts/medir-defeitos.mjs:1327', 'src/lib/series.mjs:929', 'tests/series/series.mjs:322', 'scripts/check-lugar.mjs:588'] → está em ['scripts/medir-defeitos.mjs:1367']
   mapa l.544 «O CAMINHO INGLÊS É `/en/index`, E A PRIMEIRA PÁGINA INGLESA » citada em ['src/lib/routes.mjs:343', 'src/lib/routes.mjs:359'] → está em ['src/lib/routes.mjs:371']
   mapa l.548 «AS SETE PORTAS DO RODAPÉ, COM A DO ÍNDICE (bloco R3, 04.10.2» citada em ['scripts/indice-do-portao.mjs:3', 'scripts/gate-html.mjs:5461', 'scripts/gate-html.mjs:8042'] → está em ['scripts/gate-html.mjs:66']
   mapa l.548 «AS SETE PORTAS DO RODAPÉ, COM A DO ÍNDICE (bloco R3, 04.10.2» citada em ['scripts/indice-do-portao.mjs:3', 'scripts/gate-html.mjs:5461', 'scripts/gate-html.mjs:8042'] → está em ['scripts/gate-html.mjs:66']
   mapa l.548 «AS SETE PORTAS DO RODAPÉ, DEPOIS DO VARRIMENTO (bloco R3, 04» citada em ['scripts/indice-do-portao.mjs:3', 'scripts/gate-html.mjs:5461', 'scripts/gate-html.mjs:8042'] → está em ['scripts/gate-html.mjs:8106']
   mapa l.640 «RP4-m (05.10.2026): uma série derivada de mais de uma série» citada em ['src/views/SerieNoTempoView.astro:115', 'src/i18n/strings.mjs:2279'] → está em ['src/i18n/strings.mjs:2327']
   mapa l.641 «A REGRA DA PÁGINA, que mudou de forma no RP4-m (05.10.2026, » citada em ['src/data/series-no-tempo.mjs:105', 'src/views/SerieNoTempoView.astro:107', 'src/styles/serie-no-tempo.css:87', 'tests/formas/serie-do-pais.mjs:389'] → está em ['scripts/check-formas.mjs:663']
   mapa l.653 «A PORTA DA PRIVACIDADE, E A PÁGINA (bloco H3, 05.10.2026)» citada em ['scripts/privacidade-do-portao.mjs:3', 'scripts/gate-html.mjs:5443', 'scripts/gate-html.mjs:8057'] → está em ['scripts/gate-html.mjs:5467']
   mapa l.655 «A ETIQUETA DE UMA MARCA DA FAIXA DA UNIÃO, NO `title`» citada em ['src/lib/faixa-da-uniao.mjs:111', 'src/styles/cartao-medida.css:357', 'scripts/gate-html.mjs:6165', 'scripts/series-do-portao.mjs:147'] → está em ['scripts/gate-html.mjs:6189']
   mapa l.668 «function algarismosDoDesenho(svg, nome, lang)» citada em ['tests/formas/serie-do-pais.mjs:61', 'tests/formas/serie-do-pais.mjs:133', 'tests/formas/serie-do-pais.mjs:102', 'tests/formas/serie-do-pais.mjs:207'] → está em ['scripts/check-formas.mjs:425']
   mapa l.668 «const periodoDaCasaDoPortao = (periodo, lang) =>» citada em ['tests/formas/serie-do-pais.mjs:61', 'tests/formas/serie-do-pais.mjs:133', 'tests/formas/serie-do-pais.mjs:102', 'tests/formas/serie-do-pais.mjs:207'] → está em ['scripts/check-formas.mjs:405']
   mapa l.668 «function plantasDaF2(svg, lang)» citada em ['tests/formas/serie-do-pais.mjs:61', 'tests/formas/serie-do-pais.mjs:133', 'tests/formas/serie-do-pais.mjs:102', 'tests/formas/serie-do-pais.mjs:207'] → está em ['scripts/check-formas.mjs:479']
   mapa l.669 «A LEITURA DE CADA PONTO NO DESENHO DAS SÉRIES (bloco RP4-c» citada em ['scripts/gate-html.mjs:6074', 'scripts/gate-html.mjs:1073', 'scripts/medir-defeitos.mjs:236'] → está em ['scripts/gate-html.mjs:6099']
citação não encontrada em nenhum dos ficheiros citados na mesma linha: 0
linha citada para lá do fim do ficheiro: 0
