depois-pais-pt-390.png: 390 × 10812, 0 valores colados à unidade.
depois-pais-pt-768.png: 768 × 7941, 0 valores colados à unidade.
depois-pais-pt-1024.png: 1024 × 7704, 0 valores colados à unidade.
depois-pais-pt-1280.png: 1280 × 7147, 0 valores colados à unidade.
depois-pais-pt-1600.png: 1600 × 7427, 0 valores colados à unidade.
depois-pais-en-390.png: 390 × 10679, 0 valores colados à unidade.
depois-pais-en-768.png: 768 × 7917, 0 valores colados à unidade.
depois-pais-en-1024.png: 1024 × 7575, 0 valores colados à unidade.
depois-pais-en-1280.png: 1280 × 6973, 0 valores colados à unidade.
depois-pais-en-1600.png: 1600 × 7359, 0 valores colados à unidade.
depois-temas-pt-390.png: 390 × 15033, 0 valores colados à unidade.
depois-temas-pt-768.png: 768 × 9772, 0 valores colados à unidade.
depois-temas-pt-1024.png: 1024 × 8318, 0 valores colados à unidade.
depois-temas-pt-1280.png: 1280 × 8283, 0 valores colados à unidade.
depois-temas-pt-1600.png: 1600 × 7607, 0 valores colados à unidade.
depois-temas-en-390.png: 390 × 14785, 0 valores colados à unidade.
depois-temas-en-768.png: 768 × 9619, 0 valores colados à unidade.
depois-temas-en-1024.png: 1024 × 8160, 0 valores colados à unidade.
depois-temas-en-1280.png: 1280 × 7968, 0 valores colados à unidade.
depois-temas-en-1600.png: 1600 × 7508, 0 valores colados à unidade.
depois-evora-pt-390.png: 390 × 8601, 0 valores colados à unidade.
depois-evora-pt-768.png: 768 × 6191, 0 valores colados à unidade.
depois-evora-pt-1024.png: 1024 × 6033, 0 valores colados à unidade.
depois-evora-pt-1280.png: 1280 × 6218, 0 valores colados à unidade.
depois-evora-pt-1600.png: 1600 × 6123, 0 valores colados à unidade.
depois-evora-en-390.png: 390 × 8676, 0 valores colados à unidade.
depois-evora-en-768.png: 768 × 6262, 0 valores colados à unidade.
depois-evora-en-1024.png: 1024 × 6131, 0 valores colados à unidade.
depois-evora-en-1280.png: 1280 × 6301, 0 valores colados à unidade.
depois-evora-en-1600.png: 1600 × 6205, 0 valores colados à unidade.
depois-recibo-credito-malparado-2024-pt-390.png: 390 × 2737, 0 valores colados à unidade.
depois-recibo-credito-malparado-2024-pt-768.png: 768 × 2391, 0 valores colados à unidade.
depois-recibo-credito-malparado-2024-pt-1024.png: 1024 × 1560, 0 valores colados à unidade.
depois-recibo-credito-malparado-2024-pt-1280.png: 1280 × 1611, 0 valores colados à unidade.
depois-recibo-credito-malparado-2024-pt-1600.png: 1600 × 1618, 0 valores colados à unidade.
depois-recibo-credito-malparado-2024-en-390.png: 390 × 2823, 0 valores colados à unidade.
depois-recibo-credito-malparado-2024-en-768.png: 768 × 2391, 0 valores colados à unidade.
depois-recibo-credito-malparado-2024-en-1024.png: 1024 × 1598, 0 valores colados à unidade.
depois-recibo-credito-malparado-2024-en-1280.png: 1280 × 1648, 0 valores colados à unidade.
depois-recibo-credito-malparado-2024-en-1600.png: 1600 × 1655, 0 valores colados à unidade.
depois-recibo-credito-malparado-2025-pt-390.png: 390 × 2857, 0 valores colados à unidade.
depois-recibo-credito-malparado-2025-pt-768.png: 768 × 2484, 0 valores colados à unidade.
depois-recibo-credito-malparado-2025-pt-1024.png: 1024 × 1662, 0 valores colados à unidade.
depois-recibo-credito-malparado-2025-pt-1280.png: 1280 × 1716, 0 valores colados à unidade.
depois-recibo-credito-malparado-2025-pt-1600.png: 1600 × 1722, 0 valores colados à unidade.
depois-recibo-credito-malparado-2025-en-390.png: 390 × 2944, 0 valores colados à unidade.
depois-recibo-credito-malparado-2025-en-768.png: 768 × 2484, 0 valores colados à unidade.
depois-recibo-credito-malparado-2025-en-1024.png: 1024 × 1700, 0 valores colados à unidade.
depois-recibo-credito-malparado-2025-en-1280.png: 1280 × 1753, 0 valores colados à unidade.
depois-recibo-credito-malparado-2025-en-1600.png: 1600 × 1760, 0 valores colados à unidade.
depois-recibo-custo-unitario-do-trabalho-2024-pt-390.png: 390 × 2642, 0 valores colados à unidade.
depois-recibo-custo-unitario-do-trabalho-2024-pt-768.png: 768 × 2342, 0 valores colados à unidade.
depois-recibo-custo-unitario-do-trabalho-2024-pt-1024.png: 1024 × 1538, 0 valores colados à unidade.
depois-recibo-custo-unitario-do-trabalho-2024-pt-1280.png: 1280 × 1589, 0 valores colados à unidade.
depois-recibo-custo-unitario-do-trabalho-2024-pt-1600.png: 1600 × 1595, 0 valores colados à unidade.
depois-recibo-custo-unitario-do-trabalho-2024-en-390.png: 390 × 2729, 0 valores colados à unidade.
depois-recibo-custo-unitario-do-trabalho-2024-en-768.png: 768 × 2342, 0 valores colados à unidade.
depois-recibo-custo-unitario-do-trabalho-2024-en-1024.png: 1024 × 1576, 0 valores colados à unidade.
depois-recibo-custo-unitario-do-trabalho-2024-en-1280.png: 1280 × 1626, 0 valores colados à unidade.
depois-recibo-custo-unitario-do-trabalho-2024-en-1600.png: 1600 × 1632, 0 valores colados à unidade.
depois-recibo-custo-unitario-do-trabalho-2025-pt-390.png: 390 × 2806, 0 valores colados à unidade.
depois-recibo-custo-unitario-do-trabalho-2025-pt-768.png: 768 × 2464, 0 valores colados à unidade.
depois-recibo-custo-unitario-do-trabalho-2025-pt-1024.png: 1024 × 1668, 0 valores colados à unidade.
depois-recibo-custo-unitario-do-trabalho-2025-pt-1280.png: 1280 × 1722, 0 valores colados à unidade.
depois-recibo-custo-unitario-do-trabalho-2025-pt-1600.png: 1600 × 1729, 0 valores colados à unidade.
depois-recibo-custo-unitario-do-trabalho-2025-en-390.png: 390 × 2893, 0 valores colados à unidade.
depois-recibo-custo-unitario-do-trabalho-2025-en-768.png: 768 × 2464, 0 valores colados à unidade.
depois-recibo-custo-unitario-do-trabalho-2025-en-1024.png: 1024 × 1706, 0 valores colados à unidade.
depois-recibo-custo-unitario-do-trabalho-2025-en-1280.png: 1280 × 1760, 0 valores colados à unidade.
depois-recibo-custo-unitario-do-trabalho-2025-en-1600.png: 1600 × 1766, 0 valores colados à unidade.
depois-recibo-despesa-em-id-2024-ue-pt-390.png: 390 × 2787, 0 valores colados à unidade.
depois-recibo-despesa-em-id-2024-ue-pt-768.png: 768 × 2388, 0 valores colados à unidade.
depois-recibo-despesa-em-id-2024-ue-pt-1024.png: 1024 × 1606, 0 valores colados à unidade.
depois-recibo-despesa-em-id-2024-ue-pt-1280.png: 1280 × 1657, 0 valores colados à unidade.
depois-recibo-despesa-em-id-2024-ue-pt-1600.png: 1600 × 1664, 0 valores colados à unidade.
depois-recibo-despesa-em-id-2024-ue-en-390.png: 390 × 2874, 0 valores colados à unidade.
depois-recibo-despesa-em-id-2024-ue-en-768.png: 768 × 2388, 0 valores colados à unidade.
depois-recibo-despesa-em-id-2024-ue-en-1024.png: 1024 × 1644, 0 valores colados à unidade.
depois-recibo-despesa-em-id-2024-ue-en-1280.png: 1280 × 1694, 0 valores colados à unidade.
depois-recibo-despesa-em-id-2024-ue-en-1600.png: 1600 × 1701, 0 valores colados à unidade.
depois-recibo-divida-das-empresas-2024-pt-390.png: 390 × 2719, 0 valores colados à unidade.
depois-recibo-divida-das-empresas-2024-pt-768.png: 768 × 2366, 0 valores colados à unidade.
depois-recibo-divida-das-empresas-2024-pt-1024.png: 1024 × 1560, 0 valores colados à unidade.
depois-recibo-divida-das-empresas-2024-pt-1280.png: 1280 × 1611, 0 valores colados à unidade.
depois-recibo-divida-das-empresas-2024-pt-1600.png: 1600 × 1618, 0 valores colados à unidade.
depois-recibo-divida-das-empresas-2024-en-390.png: 390 × 2805, 0 valores colados à unidade.
depois-recibo-divida-das-empresas-2024-en-768.png: 768 × 2366, 0 valores colados à unidade.
depois-recibo-divida-das-empresas-2024-en-1024.png: 1024 × 1598, 0 valores colados à unidade.
depois-recibo-divida-das-empresas-2024-en-1280.png: 1280 × 1648, 0 valores colados à unidade.
depois-recibo-divida-das-empresas-2024-en-1600.png: 1600 × 1655, 0 valores colados à unidade.
depois-recibo-divida-das-empresas-2025-pt-390.png: 390 × 2883, 0 valores colados à unidade.
depois-recibo-divida-das-empresas-2025-pt-768.png: 768 × 2488, 0 valores colados à unidade.
depois-recibo-divida-das-empresas-2025-pt-1024.png: 1024 × 1691, 0 valores colados à unidade.
depois-recibo-divida-das-empresas-2025-pt-1280.png: 1280 × 1745, 0 valores colados à unidade.
depois-recibo-divida-das-empresas-2025-pt-1600.png: 1600 × 1751, 0 valores colados à unidade.
depois-recibo-divida-das-empresas-2025-en-390.png: 390 × 2969, 0 valores colados à unidade.
depois-recibo-divida-das-empresas-2025-en-768.png: 768 × 2488, 0 valores colados à unidade.
depois-recibo-divida-das-empresas-2025-en-1024.png: 1024 × 1729, 0 valores colados à unidade.
depois-recibo-divida-das-empresas-2025-en-1280.png: 1280 × 1782, 0 valores colados à unidade.
depois-recibo-divida-das-empresas-2025-en-1600.png: 1600 × 1788, 0 valores colados à unidade.
depois-recibo-divida-das-empresas-2025-ue-pt-390.png: 390 × 2787, 0 valores colados à unidade.
depois-recibo-divida-das-empresas-2025-ue-pt-768.png: 768 × 2388, 0 valores colados à unidade.
depois-recibo-divida-das-empresas-2025-ue-pt-1024.png: 1024 × 1606, 0 valores colados à unidade.
depois-recibo-divida-das-empresas-2025-ue-pt-1280.png: 1280 × 1657, 0 valores colados à unidade.
depois-recibo-divida-das-empresas-2025-ue-pt-1600.png: 1600 × 1664, 0 valores colados à unidade.
depois-recibo-divida-das-empresas-2025-ue-en-390.png: 390 × 2874, 0 valores colados à unidade.
depois-recibo-divida-das-empresas-2025-ue-en-768.png: 768 × 2388, 0 valores colados à unidade.
depois-recibo-divida-das-empresas-2025-ue-en-1024.png: 1024 × 1644, 0 valores colados à unidade.
depois-recibo-divida-das-empresas-2025-ue-en-1280.png: 1280 × 1694, 0 valores colados à unidade.
depois-recibo-divida-das-empresas-2025-ue-en-1600.png: 1600 × 1701, 0 valores colados à unidade.
depois-recibo-divida-das-familias-2024-pt-390.png: 390 × 2782, 0 valores colados à unidade.
depois-recibo-divida-das-familias-2024-pt-768.png: 768 × 2416, 0 valores colados à unidade.
depois-recibo-divida-das-familias-2024-pt-1024.png: 1024 × 1606, 0 valores colados à unidade.
depois-recibo-divida-das-familias-2024-pt-1280.png: 1280 × 1657, 0 valores colados à unidade.
depois-recibo-divida-das-familias-2024-pt-1600.png: 1600 × 1664, 0 valores colados à unidade.
depois-recibo-divida-das-familias-2024-en-390.png: 390 × 2868, 0 valores colados à unidade.
depois-recibo-divida-das-familias-2024-en-768.png: 768 × 2416, 0 valores colados à unidade.
depois-recibo-divida-das-familias-2024-en-1024.png: 1024 × 1644, 0 valores colados à unidade.
depois-recibo-divida-das-familias-2024-en-1280.png: 1280 × 1694, 0 valores colados à unidade.
depois-recibo-divida-das-familias-2024-en-1600.png: 1600 × 1701, 0 valores colados à unidade.
depois-recibo-divida-das-familias-2025-pt-390.png: 390 × 2927, 0 valores colados à unidade.
depois-recibo-divida-das-familias-2025-pt-768.png: 768 × 2538, 0 valores colados à unidade.
depois-recibo-divida-das-familias-2025-pt-1024.png: 1024 × 1737, 0 valores colados à unidade.
depois-recibo-divida-das-familias-2025-pt-1280.png: 1280 × 1791, 0 valores colados à unidade.
depois-recibo-divida-das-familias-2025-pt-1600.png: 1600 × 1797, 0 valores colados à unidade.
depois-recibo-divida-das-familias-2025-en-390.png: 390 × 3014, 0 valores colados à unidade.
depois-recibo-divida-das-familias-2025-en-768.png: 768 × 2538, 0 valores colados à unidade.
depois-recibo-divida-das-familias-2025-en-1024.png: 1024 × 1775, 0 valores colados à unidade.
depois-recibo-divida-das-familias-2025-en-1280.png: 1280 × 1828, 0 valores colados à unidade.
depois-recibo-divida-das-familias-2025-en-1600.png: 1600 × 1834, 0 valores colados à unidade.
depois-recibo-divida-das-familias-2025-ue-pt-390.png: 390 × 2916, 0 valores colados à unidade.
depois-recibo-divida-das-familias-2025-ue-pt-768.png: 768 × 2525, 0 valores colados à unidade.
depois-recibo-divida-das-familias-2025-ue-pt-1024.png: 1024 × 1711, 0 valores colados à unidade.
depois-recibo-divida-das-familias-2025-ue-pt-1280.png: 1280 × 1762, 0 valores colados à unidade.
depois-recibo-divida-das-familias-2025-ue-pt-1600.png: 1600 × 1769, 0 valores colados à unidade.
depois-recibo-divida-das-familias-2025-ue-en-390.png: 390 × 2942, 0 valores colados à unidade.
depois-recibo-divida-das-familias-2025-ue-en-768.png: 768 × 2525, 0 valores colados à unidade.
depois-recibo-divida-das-familias-2025-ue-en-1024.png: 1024 × 1712, 0 valores colados à unidade.
depois-recibo-divida-das-familias-2025-ue-en-1280.png: 1280 × 1762, 0 valores colados à unidade.
depois-recibo-divida-das-familias-2025-ue-en-1600.png: 1600 × 1769, 0 valores colados à unidade.
depois-recibo-evora-indice-de-divida-2024-pt-390.png: 390 × 1985, 0 valores colados à unidade.
depois-recibo-evora-indice-de-divida-2024-pt-768.png: 768 × 1835, 0 valores colados à unidade.
depois-recibo-evora-indice-de-divida-2024-pt-1024.png: 1024 × 1373, 0 valores colados à unidade.
depois-recibo-evora-indice-de-divida-2024-pt-1280.png: 1280 × 1418, 0 valores colados à unidade.
depois-recibo-evora-indice-de-divida-2024-pt-1600.png: 1600 × 1424, 0 valores colados à unidade.
depois-recibo-evora-indice-de-divida-2024-en-390.png: 390 × 2033, 0 valores colados à unidade.
depois-recibo-evora-indice-de-divida-2024-en-768.png: 768 × 1835, 0 valores colados à unidade.
depois-recibo-evora-indice-de-divida-2024-en-1024.png: 1024 × 1374, 0 valores colados à unidade.
depois-recibo-evora-indice-de-divida-2024-en-1280.png: 1280 × 1418, 0 valores colados à unidade.
depois-recibo-evora-indice-de-divida-2024-en-1600.png: 1600 × 1424, 0 valores colados à unidade.
depois-recibo-evora-prazo-medio-de-pagamento-2025-12-pt-390.png: 390 × 2619, 0 valores colados à unidade.
depois-recibo-evora-prazo-medio-de-pagamento-2025-12-pt-768.png: 768 × 2297, 0 valores colados à unidade.
depois-recibo-evora-prazo-medio-de-pagamento-2025-12-pt-1024.png: 1024 × 1656, 0 valores colados à unidade.
depois-recibo-evora-prazo-medio-de-pagamento-2025-12-pt-1280.png: 1280 × 1691, 0 valores colados à unidade.
depois-recibo-evora-prazo-medio-de-pagamento-2025-12-pt-1600.png: 1600 × 1698, 0 valores colados à unidade.
depois-recibo-evora-prazo-medio-de-pagamento-2025-12-en-390.png: 390 × 2610, 0 valores colados à unidade.
depois-recibo-evora-prazo-medio-de-pagamento-2025-12-en-768.png: 768 × 2297, 0 valores colados à unidade.
depois-recibo-evora-prazo-medio-de-pagamento-2025-12-en-1024.png: 1024 × 1657, 0 valores colados à unidade.
depois-recibo-evora-prazo-medio-de-pagamento-2025-12-en-1280.png: 1280 × 1691, 0 valores colados à unidade.
depois-recibo-evora-prazo-medio-de-pagamento-2025-12-en-1600.png: 1600 × 1698, 0 valores colados à unidade.
depois-recibo-evora-prr-aprovado-2026-pt-390.png: 390 × 5001, 0 valores colados à unidade.
depois-recibo-evora-prr-aprovado-2026-pt-768.png: 768 × 3959, 0 valores colados à unidade.
depois-recibo-evora-prr-aprovado-2026-pt-1024.png: 1024 × 3191, 0 valores colados à unidade.
depois-recibo-evora-prr-aprovado-2026-pt-1280.png: 1280 × 3239, 0 valores colados à unidade.
depois-recibo-evora-prr-aprovado-2026-pt-1600.png: 1600 × 3245, 0 valores colados à unidade.
depois-recibo-evora-prr-aprovado-2026-en-390.png: 390 × 5052, 0 valores colados à unidade.
depois-recibo-evora-prr-aprovado-2026-en-768.png: 768 × 3985, 0 valores colados à unidade.
depois-recibo-evora-prr-aprovado-2026-en-1024.png: 1024 × 3217, 0 valores colados à unidade.
depois-recibo-evora-prr-aprovado-2026-en-1280.png: 1280 × 3264, 0 valores colados à unidade.
depois-recibo-evora-prr-aprovado-2026-en-1600.png: 1600 × 3271, 0 valores colados à unidade.
depois-recibo-evora-prr-municipio-contratado-pt-390.png: 390 × 4753, 0 valores colados à unidade.
depois-recibo-evora-prr-municipio-contratado-pt-768.png: 768 × 3807, 0 valores colados à unidade.
depois-recibo-evora-prr-municipio-contratado-pt-1024.png: 1024 × 3095, 0 valores colados à unidade.
depois-recibo-evora-prr-municipio-contratado-pt-1280.png: 1280 × 3143, 0 valores colados à unidade.
depois-recibo-evora-prr-municipio-contratado-pt-1600.png: 1600 × 3149, 0 valores colados à unidade.
depois-recibo-evora-prr-municipio-contratado-en-390.png: 390 × 4844, 0 valores colados à unidade.
depois-recibo-evora-prr-municipio-contratado-en-768.png: 768 × 3849, 0 valores colados à unidade.
depois-recibo-evora-prr-municipio-contratado-en-1024.png: 1024 × 3138, 0 valores colados à unidade.
depois-recibo-evora-prr-municipio-contratado-en-1280.png: 1280 × 3185, 0 valores colados à unidade.
depois-recibo-evora-prr-municipio-contratado-en-1600.png: 1600 × 3192, 0 valores colados à unidade.
depois-recibo-evora-prr-pago-2026-pt-390.png: 390 × 4957, 0 valores colados à unidade.
depois-recibo-evora-prr-pago-2026-pt-768.png: 768 × 3959, 0 valores colados à unidade.
depois-recibo-evora-prr-pago-2026-pt-1024.png: 1024 × 3191, 0 valores colados à unidade.
depois-recibo-evora-prr-pago-2026-pt-1280.png: 1280 × 3239, 0 valores colados à unidade.
depois-recibo-evora-prr-pago-2026-pt-1600.png: 1600 × 3245, 0 valores colados à unidade.
depois-recibo-evora-prr-pago-2026-en-390.png: 390 × 5027, 0 valores colados à unidade.
depois-recibo-evora-prr-pago-2026-en-768.png: 768 × 3985, 0 valores colados à unidade.
depois-recibo-evora-prr-pago-2026-en-1024.png: 1024 × 3217, 0 valores colados à unidade.
depois-recibo-evora-prr-pago-2026-en-1280.png: 1280 × 3264, 0 valores colados à unidade.
depois-recibo-evora-prr-pago-2026-en-1600.png: 1600 × 3271, 0 valores colados à unidade.
depois-recibo-evora-prr-universidade-contratado-pt-390.png: 390 × 4797, 0 valores colados à unidade.
depois-recibo-evora-prr-universidade-contratado-pt-768.png: 768 × 3807, 0 valores colados à unidade.
depois-recibo-evora-prr-universidade-contratado-pt-1024.png: 1024 × 3095, 0 valores colados à unidade.
depois-recibo-evora-prr-universidade-contratado-pt-1280.png: 1280 × 3143, 0 valores colados à unidade.
depois-recibo-evora-prr-universidade-contratado-pt-1600.png: 1600 × 3149, 0 valores colados à unidade.
depois-recibo-evora-prr-universidade-contratado-en-390.png: 390 × 4867, 0 valores colados à unidade.
depois-recibo-evora-prr-universidade-contratado-en-768.png: 768 × 3849, 0 valores colados à unidade.
depois-recibo-evora-prr-universidade-contratado-en-1024.png: 1024 × 3138, 0 valores colados à unidade.
depois-recibo-evora-prr-universidade-contratado-en-1280.png: 1280 × 3185, 0 valores colados à unidade.
depois-recibo-evora-prr-universidade-contratado-en-1600.png: 1600 × 3192, 0 valores colados à unidade.
depois-recibo-evora-prr-vencido-aprovado-2026-pt-390.png: 390 × 5296, 0 valores colados à unidade.
depois-recibo-evora-prr-vencido-aprovado-2026-pt-768.png: 768 × 4152, 0 valores colados à unidade.
depois-recibo-evora-prr-vencido-aprovado-2026-pt-1024.png: 1024 × 3429, 0 valores colados à unidade.
depois-recibo-evora-prr-vencido-aprovado-2026-pt-1280.png: 1280 × 3476, 0 valores colados à unidade.
depois-recibo-evora-prr-vencido-aprovado-2026-pt-1600.png: 1600 × 3483, 0 valores colados à unidade.
depois-recibo-evora-prr-vencido-aprovado-2026-en-390.png: 390 × 5362, 0 valores colados à unidade.
depois-recibo-evora-prr-vencido-aprovado-2026-en-768.png: 768 × 4221, 0 valores colados à unidade.
depois-recibo-evora-prr-vencido-aprovado-2026-en-1024.png: 1024 × 3473, 0 valores colados à unidade.
depois-recibo-evora-prr-vencido-aprovado-2026-en-1280.png: 1280 × 3520, 0 valores colados à unidade.
depois-recibo-evora-prr-vencido-aprovado-2026-en-1600.png: 1600 × 3526, 0 valores colados à unidade.
depois-recibo-fluxo-de-credito-as-familias-2025-ue-pt-390.png: 390 × 2845, 0 valores colados à unidade.
depois-recibo-fluxo-de-credito-as-familias-2025-ue-pt-768.png: 768 × 2465, 0 valores colados à unidade.
depois-recibo-fluxo-de-credito-as-familias-2025-ue-pt-1024.png: 1024 × 1629, 0 valores colados à unidade.
depois-recibo-fluxo-de-credito-as-familias-2025-ue-pt-1280.png: 1280 × 1680, 0 valores colados à unidade.
depois-recibo-fluxo-de-credito-as-familias-2025-ue-pt-1600.png: 1600 × 1686, 0 valores colados à unidade.
depois-recibo-fluxo-de-credito-as-familias-2025-ue-en-390.png: 390 × 2931, 0 valores colados à unidade.
depois-recibo-fluxo-de-credito-as-familias-2025-ue-en-768.png: 768 × 2483, 0 valores colados à unidade.
depois-recibo-fluxo-de-credito-as-familias-2025-ue-en-1024.png: 1024 × 1667, 0 valores colados à unidade.
depois-recibo-fluxo-de-credito-as-familias-2025-ue-en-1280.png: 1280 × 1717, 0 valores colados à unidade.
depois-recibo-fluxo-de-credito-as-familias-2025-ue-en-1600.png: 1600 × 1723, 0 valores colados à unidade.
depois-recibo-formacao-bruta-de-capital-fixo-2024-pt-390.png: 390 × 2688, 0 valores colados à unidade.
depois-recibo-formacao-bruta-de-capital-fixo-2024-pt-768.png: 768 × 2366, 0 valores colados à unidade.
depois-recibo-formacao-bruta-de-capital-fixo-2024-pt-1024.png: 1024 × 1560, 0 valores colados à unidade.
depois-recibo-formacao-bruta-de-capital-fixo-2024-pt-1280.png: 1280 × 1611, 0 valores colados à unidade.
depois-recibo-formacao-bruta-de-capital-fixo-2024-pt-1600.png: 1600 × 1618, 0 valores colados à unidade.
depois-recibo-formacao-bruta-de-capital-fixo-2024-en-390.png: 390 × 2775, 0 valores colados à unidade.
depois-recibo-formacao-bruta-de-capital-fixo-2024-en-768.png: 768 × 2366, 0 valores colados à unidade.
depois-recibo-formacao-bruta-de-capital-fixo-2024-en-1024.png: 1024 × 1598, 0 valores colados à unidade.
depois-recibo-formacao-bruta-de-capital-fixo-2024-en-1280.png: 1280 × 1648, 0 valores colados à unidade.
depois-recibo-formacao-bruta-de-capital-fixo-2024-en-1600.png: 1600 × 1655, 0 valores colados à unidade.
depois-recibo-formacao-bruta-de-capital-fixo-2025-pt-390.png: 390 × 2977, 0 valores colados à unidade.
depois-recibo-formacao-bruta-de-capital-fixo-2025-pt-768.png: 768 × 2575, 0 valores colados à unidade.
depois-recibo-formacao-bruta-de-capital-fixo-2025-pt-1024.png: 1024 × 1691, 0 valores colados à unidade.
depois-recibo-formacao-bruta-de-capital-fixo-2025-pt-1280.png: 1280 × 1745, 0 valores colados à unidade.
depois-recibo-formacao-bruta-de-capital-fixo-2025-pt-1600.png: 1600 × 1751, 0 valores colados à unidade.
depois-recibo-formacao-bruta-de-capital-fixo-2025-en-390.png: 390 × 3063, 0 valores colados à unidade.
depois-recibo-formacao-bruta-de-capital-fixo-2025-en-768.png: 768 × 2575, 0 valores colados à unidade.
depois-recibo-formacao-bruta-de-capital-fixo-2025-en-1024.png: 1024 × 1729, 0 valores colados à unidade.
depois-recibo-formacao-bruta-de-capital-fixo-2025-en-1280.png: 1280 × 1782, 0 valores colados à unidade.
depois-recibo-formacao-bruta-de-capital-fixo-2025-en-1600.png: 1600 × 1788, 0 valores colados à unidade.
depois-recibo-ihpc-variacao-homologa-pt-390.png: 390 × 3260, 0 valores colados à unidade.
depois-recibo-ihpc-variacao-homologa-pt-768.png: 768 × 2865, 0 valores colados à unidade.
depois-recibo-ihpc-variacao-homologa-pt-1024.png: 1024 × 1995, 0 valores colados à unidade.
depois-recibo-ihpc-variacao-homologa-pt-1280.png: 1280 × 2053, 0 valores colados à unidade.
depois-recibo-ihpc-variacao-homologa-pt-1600.png: 1600 × 2059, 0 valores colados à unidade.
depois-recibo-ihpc-variacao-homologa-en-390.png: 390 × 3326, 0 valores colados à unidade.
depois-recibo-ihpc-variacao-homologa-en-768.png: 768 × 2865, 0 valores colados à unidade.
depois-recibo-ihpc-variacao-homologa-en-1024.png: 1024 × 1996, 0 valores colados à unidade.
depois-recibo-ihpc-variacao-homologa-en-1280.png: 1280 × 2053, 0 valores colados à unidade.
depois-recibo-ihpc-variacao-homologa-en-1600.png: 1600 × 2059, 0 valores colados à unidade.
depois-recibo-indice-de-divida-limite-legal-pt-390.png: 390 × 2324, 0 valores colados à unidade.
depois-recibo-indice-de-divida-limite-legal-pt-768.png: 768 × 2080, 0 valores colados à unidade.
depois-recibo-indice-de-divida-limite-legal-pt-1024.png: 1024 × 1550, 0 valores colados à unidade.
depois-recibo-indice-de-divida-limite-legal-pt-1280.png: 1280 × 1585, 0 valores colados à unidade.
depois-recibo-indice-de-divida-limite-legal-pt-1600.png: 1600 × 1591, 0 valores colados à unidade.
depois-recibo-indice-de-divida-limite-legal-en-390.png: 390 × 2325, 0 valores colados à unidade.
depois-recibo-indice-de-divida-limite-legal-en-768.png: 768 × 2080, 0 valores colados à unidade.
depois-recibo-indice-de-divida-limite-legal-en-1024.png: 1024 × 1551, 0 valores colados à unidade.
depois-recibo-indice-de-divida-limite-legal-en-1280.png: 1280 × 1585, 0 valores colados à unidade.
depois-recibo-indice-de-divida-limite-legal-en-1600.png: 1600 × 1591, 0 valores colados à unidade.
depois-recibo-ipc-variacao-homologa-pt-390.png: 390 × 3108, 0 valores colados à unidade.
depois-recibo-ipc-variacao-homologa-pt-768.png: 768 × 2787, 0 valores colados à unidade.
depois-recibo-ipc-variacao-homologa-pt-1024.png: 1024 × 1769, 0 valores colados à unidade.
depois-recibo-ipc-variacao-homologa-pt-1280.png: 1280 × 1819, 0 valores colados à unidade.
depois-recibo-ipc-variacao-homologa-pt-1600.png: 1600 × 1825, 0 valores colados à unidade.
depois-recibo-ipc-variacao-homologa-en-390.png: 390 × 3156, 0 valores colados à unidade.
depois-recibo-ipc-variacao-homologa-en-768.png: 768 × 2787, 0 valores colados à unidade.
depois-recibo-ipc-variacao-homologa-en-1024.png: 1024 × 1770, 0 valores colados à unidade.
depois-recibo-ipc-variacao-homologa-en-1280.png: 1280 × 1819, 0 valores colados à unidade.
depois-recibo-ipc-variacao-homologa-en-1600.png: 1600 × 1825, 0 valores colados à unidade.
depois-recibo-licencas-de-construcao-2024-pt-390.png: 390 × 2683, 0 valores colados à unidade.
depois-recibo-licencas-de-construcao-2024-pt-768.png: 768 × 2364, 0 valores colados à unidade.
depois-recibo-licencas-de-construcao-2024-pt-1024.png: 1024 × 1538, 0 valores colados à unidade.
depois-recibo-licencas-de-construcao-2024-pt-1280.png: 1280 × 1589, 0 valores colados à unidade.
depois-recibo-licencas-de-construcao-2024-pt-1600.png: 1600 × 1595, 0 valores colados à unidade.
depois-recibo-licencas-de-construcao-2024-en-390.png: 390 × 2770, 0 valores colados à unidade.
depois-recibo-licencas-de-construcao-2024-en-768.png: 768 × 2364, 0 valores colados à unidade.
depois-recibo-licencas-de-construcao-2024-en-1024.png: 1024 × 1576, 0 valores colados à unidade.
depois-recibo-licencas-de-construcao-2024-en-1280.png: 1280 × 1626, 0 valores colados à unidade.
depois-recibo-licencas-de-construcao-2024-en-1600.png: 1600 × 1632, 0 valores colados à unidade.
depois-recibo-licencas-de-construcao-2025-pt-390.png: 390 × 2847, 0 valores colados à unidade.
depois-recibo-licencas-de-construcao-2025-pt-768.png: 768 × 2485, 0 valores colados à unidade.
depois-recibo-licencas-de-construcao-2025-pt-1024.png: 1024 × 1668, 0 valores colados à unidade.
depois-recibo-licencas-de-construcao-2025-pt-1280.png: 1280 × 1722, 0 valores colados à unidade.
depois-recibo-licencas-de-construcao-2025-pt-1600.png: 1600 × 1729, 0 valores colados à unidade.
depois-recibo-licencas-de-construcao-2025-en-390.png: 390 × 2933, 0 valores colados à unidade.
depois-recibo-licencas-de-construcao-2025-en-768.png: 768 × 2485, 0 valores colados à unidade.
depois-recibo-licencas-de-construcao-2025-en-1024.png: 1024 × 1706, 0 valores colados à unidade.
depois-recibo-licencas-de-construcao-2025-en-1280.png: 1280 × 1760, 0 valores colados à unidade.
depois-recibo-licencas-de-construcao-2025-en-1600.png: 1600 × 1766, 0 valores colados à unidade.
depois-recibo-pib-real-per-capita-2024-pt-390.png: 390 × 2678, 0 valores colados à unidade.
depois-recibo-pib-real-per-capita-2024-pt-768.png: 768 × 2331, 0 valores colados à unidade.
depois-recibo-pib-real-per-capita-2024-pt-1024.png: 1024 × 1547, 0 valores colados à unidade.
depois-recibo-pib-real-per-capita-2024-pt-1280.png: 1280 × 1598, 0 valores colados à unidade.
depois-recibo-pib-real-per-capita-2024-pt-1600.png: 1600 × 1604, 0 valores colados à unidade.
depois-recibo-pib-real-per-capita-2024-en-390.png: 390 × 2745, 0 valores colados à unidade.
depois-recibo-pib-real-per-capita-2024-en-768.png: 768 × 2331, 0 valores colados à unidade.
depois-recibo-pib-real-per-capita-2024-en-1024.png: 1024 × 1567, 0 valores colados à unidade.
depois-recibo-pib-real-per-capita-2024-en-1280.png: 1280 × 1616, 0 valores colados à unidade.
depois-recibo-pib-real-per-capita-2024-en-1600.png: 1600 × 1623, 0 valores colados à unidade.
depois-recibo-pib-real-per-capita-2025-pt-390.png: 390 × 2860, 0 valores colados à unidade.
depois-recibo-pib-real-per-capita-2025-pt-768.png: 768 × 2452, 0 valores colados à unidade.
depois-recibo-pib-real-per-capita-2025-pt-1024.png: 1024 × 1677, 0 valores colados à unidade.
depois-recibo-pib-real-per-capita-2025-pt-1280.png: 1280 × 1731, 0 valores colados à unidade.
depois-recibo-pib-real-per-capita-2025-pt-1600.png: 1600 × 1738, 0 valores colados à unidade.
depois-recibo-pib-real-per-capita-2025-en-390.png: 390 × 2927, 0 valores colados à unidade.
depois-recibo-pib-real-per-capita-2025-en-768.png: 768 × 2452, 0 valores colados à unidade.
depois-recibo-pib-real-per-capita-2025-en-1024.png: 1024 × 1697, 0 valores colados à unidade.
depois-recibo-pib-real-per-capita-2025-en-1280.png: 1280 × 1750, 0 valores colados à unidade.
depois-recibo-pib-real-per-capita-2025-en-1600.png: 1600 × 1756, 0 valores colados à unidade.
depois-recibo-pib-real-per-capita-2025-ue-pt-390.png: 390 × 2389, 0 valores colados à unidade.
depois-recibo-pib-real-per-capita-2025-ue-pt-768.png: 768 × 2114, 0 valores colados à unidade.
depois-recibo-pib-real-per-capita-2025-ue-pt-1024.png: 1024 × 1405, 0 valores colados à unidade.
depois-recibo-pib-real-per-capita-2025-ue-pt-1280.png: 1280 × 1456, 0 valores colados à unidade.
depois-recibo-pib-real-per-capita-2025-ue-pt-1600.png: 1600 × 1462, 0 valores colados à unidade.
depois-recibo-pib-real-per-capita-2025-ue-en-390.png: 390 × 2456, 0 valores colados à unidade.
depois-recibo-pib-real-per-capita-2025-ue-en-768.png: 768 × 2114, 0 valores colados à unidade.
depois-recibo-pib-real-per-capita-2025-ue-en-1024.png: 1024 × 1424, 0 valores colados à unidade.
depois-recibo-pib-real-per-capita-2025-ue-en-1280.png: 1280 × 1474, 0 valores colados à unidade.
depois-recibo-pib-real-per-capita-2025-ue-en-1600.png: 1600 × 1481, 0 valores colados à unidade.
depois-recibo-taxa-de-cambio-efectiva-real-2025-pt-390.png: 390 × 2565, 0 valores colados à unidade.
depois-recibo-taxa-de-cambio-efectiva-real-2025-pt-768.png: 768 × 2263, 0 valores colados à unidade.
depois-recibo-taxa-de-cambio-efectiva-real-2025-pt-1024.png: 1024 × 1544, 0 valores colados à unidade.
depois-recibo-taxa-de-cambio-efectiva-real-2025-pt-1280.png: 1280 × 1598, 0 valores colados à unidade.
depois-recibo-taxa-de-cambio-efectiva-real-2025-pt-1600.png: 1600 × 1605, 0 valores colados à unidade.
depois-recibo-taxa-de-cambio-efectiva-real-2025-en-390.png: 390 × 2651, 0 valores colados à unidade.
depois-recibo-taxa-de-cambio-efectiva-real-2025-en-768.png: 768 × 2263, 0 valores colados à unidade.
depois-recibo-taxa-de-cambio-efectiva-real-2025-en-1024.png: 1024 × 1582, 0 valores colados à unidade.
depois-recibo-taxa-de-cambio-efectiva-real-2025-en-1280.png: 1280 × 1635, 0 valores colados à unidade.
depois-recibo-taxa-de-cambio-efectiva-real-2025-en-1600.png: 1600 × 1642, 0 valores colados à unidade.
330 capturas de página, 150 recortes e 70 cópias; 0 falhas de aceitação.
