
> o-estado-do-pais@0.1.0 ledger:check
> node scripts/check-ledger.mjs && node tests/linha/historia-da-proveniencia.mjs && node tests/linha/historia-do-valor.mjs


[90m  aritmética · 77 conferência(s): a especificação partilhada com o motor e os estragos plantados num livro-razão de mentira[0m
  [32m✓[0m os quatro empates a meio, a divisão exata e as duas derivações que o float64 aceitava.

[90m  livro-razão · 3009 afirmações[0m

[33m  10 aviso(s):[0m
    [33m·[0m [evora-prr-aprovado-2026.yml] história do endereço: a 2026-08-18, o instantâneo datado conserva o endereço do mesmo conjunto; não é uma mudança de endereço.
    [33m·[0m [evora-prr-aprovado-2026.yml] história do endereço: a 2026-08-20, o instantâneo datado conserva o endereço do mesmo conjunto; não é uma mudança de endereço.
    [33m·[0m [evora-prr-municipio-contratado.yml] história do endereço: a 2026-08-18, o instantâneo datado conserva o endereço do mesmo conjunto; não é uma mudança de endereço.
    [33m·[0m [evora-prr-municipio-contratado.yml] história do endereço: a 2026-08-20, o instantâneo datado conserva o endereço do mesmo conjunto; não é uma mudança de endereço.
    [33m·[0m [evora-prr-pago-2026.yml] história do endereço: a 2026-08-18, o instantâneo datado conserva o endereço do mesmo conjunto; não é uma mudança de endereço.
    [33m·[0m [evora-prr-pago-2026.yml] história do endereço: a 2026-08-20, o instantâneo datado conserva o endereço do mesmo conjunto; não é uma mudança de endereço.
    [33m·[0m [evora-prr-universidade-contratado.yml] história do endereço: a 2026-08-18, o instantâneo datado conserva o endereço do mesmo conjunto; não é uma mudança de endereço.
    [33m·[0m [evora-prr-universidade-contratado.yml] história do endereço: a 2026-08-20, o instantâneo datado conserva o endereço do mesmo conjunto; não é uma mudança de endereço.
    [33m·[0m [evora-prr-vencido-aprovado-2026.yml] história do endereço: a 2026-08-18, o instantâneo datado conserva o endereço do mesmo conjunto; não é uma mudança de endereço.
    [33m·[0m [evora-prr-vencido-aprovado-2026.yml] história do endereço: a 2026-08-20, o instantâneo datado conserva o endereço do mesmo conjunto; não é uma mudança de endereço.

  [32m✓[0m 3009 afirmações válidas · 330 derivadas · 334 com aritmética reavaliada no build · 1896 com o rótulo da fonte
  [32m✓[0m 0 marcador(es) «[a verificar]» em notas não publicadas, todos datados e dentro do prazo · 5 plantas apanhadas pelo detetor

[33m  Dívida de proveniência: 8 afirmação(ões) com campos "[a verificar]"[0m
[90m    agua-nao-faturada-portugal-2024 → source_url, excerpt[0m
[90m    avisos-pt2030-abertos → source, source_url, access_date, excerpt, document.title, document.edition[0m
[90m    avisos-pt2030-pessoas-singulares → source, source_url, access_date, excerpt, document.title, document.edition[0m
[90m    ciclo-substituicao-condutas → source, source_url, access_date, reference_date, excerpt, document.title, document.edition[0m
[90m    evora-prr-aprovado-2026 → excerpt[0m
[90m    evora-prr-pago-2026 → excerpt[0m
[90m    evora-prr-vencido-aprovado-2026 → excerpt[0m
[90m    saldo-natural-portugal-2025 → source_url, access_date, excerpt, document.title, document.edition[0m
[90m    Isto não impede o build. Impede que se diga que o livro-razão está fechado.[0m


[90m  amarra das decisões · 97 entrada(s) a partir da §1.38 · 2 texto(s) governado(s) · 2 citação(ões) da constituição conferida(s), de 43 entre «…»[0m
  [32m✓[0m cada texto no ar tem uma decisão registada que o governa, e cada frase que a constituição lhe cita está lá.

[90m  bytes de controlo · 3 de 3 ficheiro(s) sem nenhum · 3 planta(s) vista(s)[0m
  [32m✓[0m os ficheiros desta régua leem-se como texto, do primeiro byte ao último.

{"controlos":6,"plantas":5,"controlos_integros":6,"plantas_mordidas":5}
História do valor: 2 controlos e 4 plantas.
