GATE  reconcile_test         ok
GATE  attributions_test      ok
GATE  derivations_test       ok
GATE  canaries_test          ok
GATE  verifier_eval_test     ok
GATE  editions_test          ok
GATE  assertions_test        ok
GATE  sweep_test             ok
GATE  prose_test             ok
GATE  describe_test          ok
GATE  prereg_test            ok
GATE  deps_test              ok
GATE  reconferencias_test    ok
GATE  excerpts_test          ok
GATE  http_test              ok
GATE  gate_test              ok
GATE  export_site_rows_test  ok
GATE  export_agenda_test     ok
GATE  eyetext_test           ok
GATE  export_records_test    FAIL
GATE  voz_test               FAIL
GATE  export_records_site_test ok
GATE  concelhos_test         ok
GATE  mapa_distritos_test    ok
GATE  dominios_test          ok
GATE  dominios_rp1_test      ok
GATE  series_paises_test     ok
GATE  provas_test            ok
GATE  refresh_dimensoes_test ok
GATE  enquadramento_coordenadas_test ok
GATE  refresh_c1c_test       ok
GATE  refresh_rede_real_test ok
GATE  rotinas_test           ok
GATE  rotinas_f22c_test      ok
GATE  portao_exportacao_test ok
GATE  http_nome_test         ok
GATE  proveniencia_das_fixtures_test ok
GATE  documento_md_test      ok
GATE  compor_test            FAIL
GATE  deps                   ok
GATE  fixtures               ok
GATE  paridade               ok
GATE  nomes exportados       ok
GATE  livros declarados      ok (17 livro(s) em 574 JSON sob content/, 1 exceção(ões) escrita(s), 0 ilegível(eis))
GATE  dataset agua-2026-07   ok
GATE  dataset regional-2026-08 ok
GATE  derivations Onde Está a Água — Technical Source ok
GATE  derivations 03 Regional Economy ok
GATE  derivations 04 Évora Public Money ok
GATE  derivations 06 Évora Economy ok
GATE  derivations 07 Évora Municipal Accounts ok
GATE  derivations 08 Évora Mandates ok
GATE  derivations 09 Évora Pelouros ok
GATE  derivations 10 Housing  ok
GATE  derivations 11 Seguranca Social ok
GATE  derivations 12 Concelhos ok
GATE  derivations 13 Dominios ok
GATE  derivations 14 Évora 2027 ok
GATE  derivations 16 Évora Contas da Câmara ok
GATE  derivations 17 Évora Quem Governou ok
GATE  derivations 18 Évora Economia e Dinheiro de Fora ok
GATE  derivations 19 Évora 2027 Capital Europeia da Cultura ok
GATE  prereg 10 Housing       ok
GATE  prereg 12 Concelhos     ok
GATE  prereg 13 Dominios      ok
GATE  prereg debt: 13 study(ies) with no registration — 03 Regional Economy, Onde Está a Água — Technical Source, 04 Évora Public Money, 06 Évora Economy, 07 Évora Municipal Accounts, 08 Évora Mandates, 09 Évora Pelouros, 14 Évora 2027, 11 Seguranca Social, 16 Évora Contas da Câmara, 17 Évora Quem Governou, 18 Évora Economia e Dinheiro de Fora, 19 Évora 2027 Capital Europeia da Cultura
GATE  (not back-fillable: a registration written after collection certifies nothing)
GATE  regional-economy-2026  ok — orphans 0/0, misattrib 0/0, undeclared 0/0
GATE  onde-esta-a-agua-pt    ok — orphans 457/457, misattrib 4/4, undeclared 7/7
GATE  regional-economy-2026-pt ok — orphans 0/0, misattrib 0/0, undeclared 0/0
GATE  regional-economy-2026-art ok — orphans 0/0, misattrib 0/0, undeclared 0/0
GATE  evora-money-audit-2026 ok — orphans 0/0, misattrib 0/0, undeclared 0/0
GATE  evora-money-audit-2026-html ok — orphans 0/0, misattrib 0/0, undeclared 0/0
GATE  evora-money-audit-2026-pt ok — orphans 0/0, misattrib 0/0, undeclared 0/0
GATE  evora-money-audit-2026-pt-html ok — orphans 0/0, misattrib 0/0, undeclared 0/0
GATE  evora-economy-2026     ok — orphans 0/0, misattrib 0/0, undeclared 0/0
GATE  evora-economy-2026-html ok — orphans 0/0, misattrib 0/0, undeclared 0/0
GATE  evora-accounts-2025    ok — orphans 0/0, misattrib 0/0, undeclared 0/0
GATE  evora-accounts-2025-html ok — orphans 0/0, misattrib 0/0, undeclared 0/0
GATE  evora-accounts-2025-pt ok — orphans 0/0, misattrib 0/0, undeclared 0/0
GATE  evora-accounts-2025-pt-html ok — orphans 0/0, misattrib 0/0, undeclared 0/0
GATE  evora-economy-2026-pt  ok — orphans 0/0, misattrib 0/0, undeclared 0/0
GATE  evora-economy-2026-pt-html ok — orphans 0/0, misattrib 0/0, undeclared 0/0
GATE  evora-economy-2026-pt-art ok — orphans 0/0, misattrib 0/0, undeclared 0/0
GATE  evora-mandates-15y     ok — orphans 0/0, misattrib 0/0, undeclared 0/0
GATE  evora-mandates-15y-html ok — orphans 0/0, misattrib 0/0, undeclared 0/0
GATE  evora-mandates-15y-pt  ok — orphans 0/0, misattrib 0/0, undeclared 0/0
GATE  evora-mandates-15y-pt-html ok — orphans 0/0, misattrib 0/0, undeclared 0/0
GATE  evora-pelouros         ok — orphans 0/0, misattrib 0/0, undeclared 0/0
GATE  evora-pelouros-html    ok — orphans 0/0, misattrib 0/0, undeclared 0/0
GATE  evora-pelouros-pt      ok — orphans 0/0, misattrib 0/0, undeclared 0/0
GATE  evora-pelouros-pt-html ok — orphans 0/0, misattrib 0/0, undeclared 0/0
GATE  housing-h1-survey      ok — orphans 0/0, misattrib 0/0, undeclared 83/83
GATE  housing-sq3            ok — orphans 0/0, misattrib 0/0, undeclared 3/3
GATE  housing-h3-accounting  ok — orphans 0/0, misattrib 0/0, undeclared 4/4
GATE  housing-sq7            ok — orphans 0/0, misattrib 0/0, undeclared 7/7
GATE  concelhos-p1           ok — orphans 17/17, misattrib 18/18, undeclared 10/10
GATE  concelhos-p3           ok — orphans 29/29, misattrib 8/8, undeclared 0/0
GATE  concelhos-p4           ok — orphans 37/37, misattrib 52/52, undeclared 1/1
GATE  dominios-d1            ok — orphans 0/0, misattrib 0/0, undeclared 0/0
GATE  evora-2027-pt          ok — orphans 0/0, misattrib 0/0, undeclared 0/0
GATE  evora-2027-pt-html     ok — orphans 0/0, misattrib 0/0, undeclared 0/0
GATE  evora-2027-en          ok — orphans 0/0, misattrib 0/0, undeclared 0/0
GATE  evora-2027-en-html     ok — orphans 0/0, misattrib 0/0, undeclared 0/0
GATE  penalizacoes-2026-pt-html ok — orphans 0/0, misattrib 2/2, undeclared 0/0
GATE  seguranca-social-relatorio ok — orphans 17/17, misattrib 88/88, undeclared 0/0
GATE  evora-contas-camara-pt ok — orphans 0/0, misattrib 0/0, undeclared 0/0
GATE  evora-contas-camara-pt-html ok — orphans 0/0, misattrib 0/0, undeclared 0/0
GATE  evora-contas-camara-en ok — orphans 0/0, misattrib 0/0, undeclared 0/0
GATE  evora-contas-camara-en-html ok — orphans 0/0, misattrib 0/0, undeclared 0/0
GATE  evora-quem-governou-pt ok — orphans 0/0, misattrib 15/15, undeclared 0/0
GATE  evora-quem-governou-pt-html ok — orphans 0/0, misattrib 19/19, undeclared 0/0
GATE  evora-economia-dinheiro-de-fora-pt ok — orphans 0/0, misattrib 34/34, undeclared 0/0
GATE  evora-economia-dinheiro-de-fora-pt-html ok — orphans 0/0, misattrib 34/34, undeclared 0/0
GATE  evora-economia-dinheiro-de-fora-en ok — orphans 0/0, misattrib 36/36, undeclared 0/0
GATE  evora-economia-dinheiro-de-fora-en-html ok — orphans 0/0, misattrib 37/37, undeclared 0/0
GATE  evora-2027-capital-europeia-da-cultura-pt ok — orphans 0/0, misattrib 0/0, undeclared 0/0
GATE  evora-2027-capital-europeia-da-cultura-pt-html ok — orphans 0/0, misattrib 0/0, undeclared 0/0
GATE  evora-2027-capital-europeia-da-cultura-en ok — orphans 0/0, misattrib 0/0, undeclared 0/0
GATE  evora-2027-capital-europeia-da-cultura-en-html ok — orphans 0/0, misattrib 0/0, undeclared 0/0
GATE  editions regional-en-pt ok
GATE  editions regional-pt-art ok
GATE  editions evora-en-pt   ok
GATE  editions evora-en-html ok
GATE  editions evora-pt-html ok
GATE  editions evora-economy-en-html ok
GATE  editions evora-accounts-en-pt ok
GATE  editions evora-accounts-en-html ok
GATE  editions evora-accounts-pt-html ok
GATE  editions evora-economy-en-pt ok
GATE  editions evora-economy-pt-html ok
GATE  editions evora-economy-pt-art ok
GATE  editions evora-mandates-md-html ok
GATE  editions evora-mandates-en-pt ok
GATE  editions evora-mandates-pt-html ok
GATE  editions evora-pelouros-md-html ok
GATE  editions evora-pelouros-en-pt ok
GATE  editions evora-pelouros-pt-html ok
GATE  editions evora-2027-pt-md-html ok
GATE  editions evora-2027-en-md-html ok
GATE  editions evora-2027-pt-en ok
GATE  editions evora-contas-camara-pt-en ok
GATE  editions evora-contas-camara-pt-md-html ok
GATE  editions evora-contas-camara-en-md-html ok
GATE  editions evora-quem-governou-pt-md-html ok
GATE  editions evora-economia-dinheiro-de-fora-pt-en ok
GATE  editions evora-economia-dinheiro-de-fora-pt-md-html ok
GATE  editions evora-economia-dinheiro-de-fora-en-md-html ok
GATE  editions evora-2027-capital-europeia-da-cultura-pt-en ok
GATE  editions evora-2027-capital-europeia-da-cultura-pt-md-html ok
GATE  editions evora-2027-capital-europeia-da-cultura-en-md-html ok

GATE: FAIL — 3 problem(s); commit blocked
 - export_records_test FAILED:
 - voz_test FAILED:
 - compor_test FAILED:

  --------------------------------------------------------------------
  export_records_test FAILED:
  EXPORT_RECORDS_TEST: FAIL — 2 problem(s)
   - Évora 2027, Capital Europeia da Cultura (pt-PT): 176 references, the gate's baseline says 191 matched figures, the pass declares 0 dropped and the figure decisions 17 non-figures
   - Évora 2027, European Capital of Culture: 176 references, the gate's baseline says 191 matched figures, the pass declares 0 dropped and the figure decisions 17 non-figures

  --------------------------------------------------------------------
  voz_test FAILED:
  VOZ_TEST: FAIL — 1 problem(s)
   - as contagens da passagem mudaram: {'operacoes': 916, 'cortes': 473, 'substituicoes': 443, 'nenhuma': 26, 'refs_antes': 7412, 'refs_depois': 7404, 'blocos_antes': 2698, 'blocos_depois': 2595, 'figuras_caidas': 8} contra {'operacoes': 916, 'cortes': 473, 'substituicoes': 443, 'nenhuma': 26, 'refs_antes': 7408, 'refs_depois': 7400, 'blocos_antes': 2695, 'blocos_depois': 2592, 'figuras_caidas': 8}

  --------------------------------------------------------------------
  compor_test FAILED:
  COMPOR: FAIL
    - as correções do 19 caem todas: 6 de 9

An unrunnable or red gate is not evidence of a clean commit (rule 14).
